[0.015s] Invoking command in '/home/zylyehuo/ROS2_learning/chapter8/chapt8_ws/build/motion_control_system': CMAKE_PREFIX_PATH=${CMAKE_PREFIX_PATH}:/home/zylyehuo/ROS2_learning/chapter7/chapt7_ws/install/fishbot_application:/opt/ros/humble /usr/bin/cmake /home/zylyehuo/ROS2_learning/chapter8/chapt8_ws/src/motion_control_system -DCMAKE_INSTALL_PREFIX=/home/zylyehuo/ROS2_learning/chapter8/chapt8_ws/install/motion_control_system
[0.448s] -- The C compiler identification is GNU 11.4.0
[1.655s] -- The CXX compiler identification is GNU 11.4.0
[2.525s] -- Detecting C compiler ABI info
[2.805s] -- Detecting C compiler ABI info - done
[2.810s] -- Check for working C compiler: /usr/bin/cc - skipped
[2.810s] -- Detecting C compile features
[2.811s] -- Detecting C compile features - done
[2.814s] -- Detecting CXX compiler ABI info
[3.090s] -- Detecting CXX compiler ABI info - done
[3.095s] -- Check for working CXX compiler: /usr/bin/c++ - skipped
[3.095s] -- Detecting CXX compile features
[3.095s] -- Detecting CXX compile features - done
[3.110s] -- Found ament_cmake: 1.3.12 (/opt/ros/humble/share/ament_cmake/cmake)
[3.227s] -- Found Python3: /usr/bin/python3 (found version "3.10.12") found components: Interpreter 
[3.320s] -- Found pluginlib: 5.1.3 (/opt/ros/humble/share/pluginlib/cmake)
[6.760s] -- Found ament_lint_auto: 0.12.14 (/opt/ros/humble/share/ament_lint_auto/cmake)
[6.825s] -- Added test 'cppcheck' to perform static code analysis on C / C++ code
[6.825s] -- Configured cppcheck include dirs: /home/zylyehuo/ROS2_learning/chapter8/chapt8_ws/src/motion_control_system/include
[6.826s] -- Configured cppcheck exclude dirs and/or files: 
[6.827s] -- Added test 'lint_cmake' to check CMake code style
[6.828s] -- Added test 'uncrustify' to check C / C++ code style
[6.828s] -- Configured uncrustify additional arguments: 
[6.828s] -- Added test 'xmllint' to check XML markup files
[6.830s] -- Configuring done
[6.836s] -- Generating done
[6.838s] -- Build files have been written to: /home/zylyehuo/ROS2_learning/chapter8/chapt8_ws/build/motion_control_system
[6.843s] Invoked command in '/home/zylyehuo/ROS2_learning/chapter8/chapt8_ws/build/motion_control_system' returned '0': CMAKE_PREFIX_PATH=${CMAKE_PREFIX_PATH}:/home/zylyehuo/ROS2_learning/chapter7/chapt7_ws/install/fishbot_application:/opt/ros/humble /usr/bin/cmake /home/zylyehuo/ROS2_learning/chapter8/chapt8_ws/src/motion_control_system -DCMAKE_INSTALL_PREFIX=/home/zylyehuo/ROS2_learning/chapter8/chapt8_ws/install/motion_control_system
[6.845s] Invoking command in '/home/zylyehuo/ROS2_learning/chapter8/chapt8_ws/build/motion_control_system': CMAKE_PREFIX_PATH=${CMAKE_PREFIX_PATH}:/home/zylyehuo/ROS2_learning/chapter7/chapt7_ws/install/fishbot_application:/opt/ros/humble /usr/bin/cmake --build /home/zylyehuo/ROS2_learning/chapter8/chapt8_ws/build/motion_control_system -- -j16 -l16
[6.877s] [ 50%] [32mBuilding CXX object CMakeFiles/spin_motion_controller.dir/src/spin_motion_controller.cpp.o[0m
[7.343s] [100%] [32m[1mLinking CXX shared library libspin_motion_controller.so[0m
[7.613s] [100%] Built target spin_motion_controller
[7.620s] Invoked command in '/home/zylyehuo/ROS2_learning/chapter8/chapt8_ws/build/motion_control_system' returned '0': CMAKE_PREFIX_PATH=${CMAKE_PREFIX_PATH}:/home/zylyehuo/ROS2_learning/chapter7/chapt7_ws/install/fishbot_application:/opt/ros/humble /usr/bin/cmake --build /home/zylyehuo/ROS2_learning/chapter8/chapt8_ws/build/motion_control_system -- -j16 -l16
[7.627s] Invoking command in '/home/zylyehuo/ROS2_learning/chapter8/chapt8_ws/build/motion_control_system': CMAKE_PREFIX_PATH=${CMAKE_PREFIX_PATH}:/home/zylyehuo/ROS2_learning/chapter7/chapt7_ws/install/fishbot_application:/opt/ros/humble /usr/bin/cmake --install /home/zylyehuo/ROS2_learning/chapter8/chapt8_ws/build/motion_control_system
[7.631s] -- Install configuration: ""
[7.631s] -- Installing: /home/zylyehuo/ROS2_learning/chapter8/chapt8_ws/install/motion_control_system/lib/libspin_motion_controller.so
[7.632s] -- Set runtime path of "/home/zylyehuo/ROS2_learning/chapter8/chapt8_ws/install/motion_control_system/lib/libspin_motion_controller.so" to ""
[7.632s] -- Installing: /home/zylyehuo/ROS2_learning/chapter8/chapt8_ws/install/motion_control_system/include/
[7.632s] -- Installing: /home/zylyehuo/ROS2_learning/chapter8/chapt8_ws/install/motion_control_system/include//motion_control_system
[7.632s] -- Installing: /home/zylyehuo/ROS2_learning/chapter8/chapt8_ws/install/motion_control_system/include//motion_control_system/motion_control_interface.hpp
[7.632s] -- Installing: /home/zylyehuo/ROS2_learning/chapter8/chapt8_ws/install/motion_control_system/include//motion_control_system/spin_motion_controller.hpp
[7.633s] -- Installing: /home/zylyehuo/ROS2_learning/chapter8/chapt8_ws/install/motion_control_system/share/motion_control_system/spin_motion_plugins.xml
[7.633s] -- Installing: /home/zylyehuo/ROS2_learning/chapter8/chapt8_ws/install/motion_control_system/share/ament_index/resource_index/package_run_dependencies/motion_control_system
[7.634s] -- Installing: /home/zylyehuo/ROS2_learning/chapter8/chapt8_ws/install/motion_control_system/share/ament_index/resource_index/parent_prefix_path/motion_control_system
[7.634s] -- Installing: /home/zylyehuo/ROS2_learning/chapter8/chapt8_ws/install/motion_control_system/share/motion_control_system/environment/ament_prefix_path.sh
[7.634s] -- Installing: /home/zylyehuo/ROS2_learning/chapter8/chapt8_ws/install/motion_control_system/share/motion_control_system/environment/ament_prefix_path.dsv
[7.634s] -- Installing: /home/zylyehuo/ROS2_learning/chapter8/chapt8_ws/install/motion_control_system/share/motion_control_system/environment/path.sh
[7.634s] -- Installing: /home/zylyehuo/ROS2_learning/chapter8/chapt8_ws/install/motion_control_system/share/motion_control_system/environment/path.dsv
[7.635s] -- Installing: /home/zylyehuo/ROS2_learning/chapter8/chapt8_ws/install/motion_control_system/share/motion_control_system/local_setup.bash
[7.635s] -- Installing: /home/zylyehuo/ROS2_learning/chapter8/chapt8_ws/install/motion_control_system/share/motion_control_system/local_setup.sh
[7.635s] -- Installing: /home/zylyehuo/ROS2_learning/chapter8/chapt8_ws/install/motion_control_system/share/motion_control_system/local_setup.zsh
[7.635s] -- Installing: /home/zylyehuo/ROS2_learning/chapter8/chapt8_ws/install/motion_control_system/share/motion_control_system/local_setup.dsv
[7.635s] -- Installing: /home/zylyehuo/ROS2_learning/chapter8/chapt8_ws/install/motion_control_system/share/motion_control_system/package.dsv
[7.635s] -- Installing: /home/zylyehuo/ROS2_learning/chapter8/chapt8_ws/install/motion_control_system/share/ament_index/resource_index/packages/motion_control_system
[7.636s] -- Installing: /home/zylyehuo/ROS2_learning/chapter8/chapt8_ws/install/motion_control_system/share/ament_index/resource_index/motion_control_system__pluginlib__plugin/motion_control_system
[7.636s] -- Installing: /home/zylyehuo/ROS2_learning/chapter8/chapt8_ws/install/motion_control_system/share/motion_control_system/cmake/motion_control_systemConfig.cmake
[7.636s] -- Installing: /home/zylyehuo/ROS2_learning/chapter8/chapt8_ws/install/motion_control_system/share/motion_control_system/cmake/motion_control_systemConfig-version.cmake
[7.636s] -- Installing: /home/zylyehuo/ROS2_learning/chapter8/chapt8_ws/install/motion_control_system/share/motion_control_system/package.xml
[7.638s] Invoked command in '/home/zylyehuo/ROS2_learning/chapter8/chapt8_ws/build/motion_control_system' returned '0': CMAKE_PREFIX_PATH=${CMAKE_PREFIX_PATH}:/home/zylyehuo/ROS2_learning/chapter7/chapt7_ws/install/fishbot_application:/opt/ros/humble /usr/bin/cmake --install /home/zylyehuo/ROS2_learning/chapter8/chapt8_ws/build/motion_control_system
