[100%] Built target nav2_custom_controller_plugin
[100%] Built target nav2_custom_controller_complete_plugin
-- Install configuration: ""
-- Up-to-date: /home/zylyehuo/ROS2_learning/chapter8/chapt8_ws2/install/nav2_custom_controller/lib/libnav2_custom_controller_plugin.so
-- Up-to-date: /home/zylyehuo/ROS2_learning/chapter8/chapt8_ws2/install/nav2_custom_controller/lib/libnav2_custom_controller_complete_plugin.so
-- Up-to-date: /home/zylyehuo/ROS2_learning/chapter8/chapt8_ws2/install/nav2_custom_controller/include/
-- Up-to-date: /home/zylyehuo/ROS2_learning/chapter8/chapt8_ws2/install/nav2_custom_controller/include//nav2_custom_controller
-- Up-to-date: /home/zylyehuo/ROS2_learning/chapter8/chapt8_ws2/install/nav2_custom_controller/include//nav2_custom_controller/complete_custom_controller.hpp
-- Up-to-date: /home/zylyehuo/ROS2_learning/chapter8/chapt8_ws2/install/nav2_custom_controller/include//nav2_custom_controller/custom_controller.hpp
-- Up-to-date: /home/zylyehuo/ROS2_learning/chapter8/chapt8_ws2/install/nav2_custom_controller/share/nav2_custom_controller/nav2_custom_controller.xml
-- Up-to-date: /home/zylyehuo/ROS2_learning/chapter8/chapt8_ws2/install/nav2_custom_controller/share/ament_index/resource_index/package_run_dependencies/nav2_custom_controller
-- Up-to-date: /home/zylyehuo/ROS2_learning/chapter8/chapt8_ws2/install/nav2_custom_controller/share/ament_index/resource_index/parent_prefix_path/nav2_custom_controller
-- Up-to-date: /home/zylyehuo/ROS2_learning/chapter8/chapt8_ws2/install/nav2_custom_controller/share/nav2_custom_controller/environment/ament_prefix_path.sh
-- Up-to-date: /home/zylyehuo/ROS2_learning/chapter8/chapt8_ws2/install/nav2_custom_controller/share/nav2_custom_controller/environment/ament_prefix_path.dsv
-- Up-to-date: /home/zylyehuo/ROS2_learning/chapter8/chapt8_ws2/install/nav2_custom_controller/share/nav2_custom_controller/environment/path.sh
-- Up-to-date: /home/zylyehuo/ROS2_learning/chapter8/chapt8_ws2/install/nav2_custom_controller/share/nav2_custom_controller/environment/path.dsv
-- Up-to-date: /home/zylyehuo/ROS2_learning/chapter8/chapt8_ws2/install/nav2_custom_controller/share/nav2_custom_controller/local_setup.bash
-- Up-to-date: /home/zylyehuo/ROS2_learning/chapter8/chapt8_ws2/install/nav2_custom_controller/share/nav2_custom_controller/local_setup.sh
-- Up-to-date: /home/zylyehuo/ROS2_learning/chapter8/chapt8_ws2/install/nav2_custom_controller/share/nav2_custom_controller/local_setup.zsh
-- Up-to-date: /home/zylyehuo/ROS2_learning/chapter8/chapt8_ws2/install/nav2_custom_controller/share/nav2_custom_controller/local_setup.dsv
-- Installing: /home/zylyehuo/ROS2_learning/chapter8/chapt8_ws2/install/nav2_custom_controller/share/nav2_custom_controller/package.dsv
-- Up-to-date: /home/zylyehuo/ROS2_learning/chapter8/chapt8_ws2/install/nav2_custom_controller/share/ament_index/resource_index/packages/nav2_custom_controller
-- Up-to-date: /home/zylyehuo/ROS2_learning/chapter8/chapt8_ws2/install/nav2_custom_controller/share/ament_index/resource_index/nav2_core__pluginlib__plugin/nav2_custom_controller
-- Up-to-date: /home/zylyehuo/ROS2_learning/chapter8/chapt8_ws2/install/nav2_custom_controller/share/nav2_custom_controller/cmake/nav2_custom_controllerConfig.cmake
-- Up-to-date: /home/zylyehuo/ROS2_learning/chapter8/chapt8_ws2/install/nav2_custom_controller/share/nav2_custom_controller/cmake/nav2_custom_controllerConfig-version.cmake
-- Up-to-date: /home/zylyehuo/ROS2_learning/chapter8/chapt8_ws2/install/nav2_custom_controller/share/nav2_custom_controller/package.xml
