[0.379s] Invoking command in '/home/zylyehuo/ROS2_learning/chapter8/chapt8_ws2/build/fishbot_navigation2': CMAKE_PREFIX_PATH=${CMAKE_PREFIX_PATH}:/home/zylyehuo/ROS2_learning/chapter7/chapt7_ws/install/autopatrol_robot:/home/zylyehuo/ROS2_learning/chapter7/chapt7_ws/install/fishbot_application:/opt/ros/humble /usr/bin/cmake /home/zylyehuo/ROS2_learning/chapter8/chapt8_ws2/src/fishbot_navigation2 -DCMAKE_INSTALL_PREFIX=/home/zylyehuo/ROS2_learning/chapter8/chapt8_ws2/install/fishbot_navigation2
[0.660s] -- The C compiler identification is GNU 11.4.0
[2.185s] -- The CXX compiler identification is GNU 11.4.0
[3.097s] -- Detecting C compiler ABI info
[3.500s] -- Detecting C compiler ABI info - done
[3.507s] -- Check for working C compiler: /usr/bin/cc - skipped
[3.507s] -- Detecting C compile features
[3.507s] -- Detecting C compile features - done
[3.509s] -- Detecting CXX compiler ABI info
[3.800s] -- Detecting CXX compiler ABI info - done
[3.805s] -- Check for working CXX compiler: /usr/bin/c++ - skipped
[3.805s] -- Detecting CXX compile features
[3.805s] -- Detecting CXX compile features - done
[3.808s] -- Found ament_cmake: 1.3.12 (/opt/ros/humble/share/ament_cmake/cmake)
[3.928s] -- Found Python3: /usr/bin/python3 (found version "3.10.12") found components: Interpreter 
[4.012s] -- Found ament_lint_auto: 0.12.14 (/opt/ros/humble/share/ament_lint_auto/cmake)
[4.094s] -- Added test 'flake8' to check Python code syntax and style conventions
[4.095s] -- Added test 'lint_cmake' to check CMake code style
[4.096s] -- Added test 'pep257' to check Python code against some of the docstring style conventions in PEP 257
[4.098s] -- Added test 'xmllint' to check XML markup files
[4.100s] -- Configuring done
[4.103s] -- Generating done
[4.105s] -- Build files have been written to: /home/zylyehuo/ROS2_learning/chapter8/chapt8_ws2/build/fishbot_navigation2
[4.109s] Invoked command in '/home/zylyehuo/ROS2_learning/chapter8/chapt8_ws2/build/fishbot_navigation2' returned '0': CMAKE_PREFIX_PATH=${CMAKE_PREFIX_PATH}:/home/zylyehuo/ROS2_learning/chapter7/chapt7_ws/install/autopatrol_robot:/home/zylyehuo/ROS2_learning/chapter7/chapt7_ws/install/fishbot_application:/opt/ros/humble /usr/bin/cmake /home/zylyehuo/ROS2_learning/chapter8/chapt8_ws2/src/fishbot_navigation2 -DCMAKE_INSTALL_PREFIX=/home/zylyehuo/ROS2_learning/chapter8/chapt8_ws2/install/fishbot_navigation2
[4.112s] Invoking command in '/home/zylyehuo/ROS2_learning/chapter8/chapt8_ws2/build/fishbot_navigation2': CMAKE_PREFIX_PATH=${CMAKE_PREFIX_PATH}:/home/zylyehuo/ROS2_learning/chapter7/chapt7_ws/install/autopatrol_robot:/home/zylyehuo/ROS2_learning/chapter7/chapt7_ws/install/fishbot_application:/opt/ros/humble /usr/bin/cmake --build /home/zylyehuo/ROS2_learning/chapter8/chapt8_ws2/build/fishbot_navigation2 -- -j16 -l16
[4.145s] Invoked command in '/home/zylyehuo/ROS2_learning/chapter8/chapt8_ws2/build/fishbot_navigation2' returned '0': CMAKE_PREFIX_PATH=${CMAKE_PREFIX_PATH}:/home/zylyehuo/ROS2_learning/chapter7/chapt7_ws/install/autopatrol_robot:/home/zylyehuo/ROS2_learning/chapter7/chapt7_ws/install/fishbot_application:/opt/ros/humble /usr/bin/cmake --build /home/zylyehuo/ROS2_learning/chapter8/chapt8_ws2/build/fishbot_navigation2 -- -j16 -l16
[4.155s] Invoking command in '/home/zylyehuo/ROS2_learning/chapter8/chapt8_ws2/build/fishbot_navigation2': CMAKE_PREFIX_PATH=${CMAKE_PREFIX_PATH}:/home/zylyehuo/ROS2_learning/chapter7/chapt7_ws/install/autopatrol_robot:/home/zylyehuo/ROS2_learning/chapter7/chapt7_ws/install/fishbot_application:/opt/ros/humble /usr/bin/cmake --install /home/zylyehuo/ROS2_learning/chapter8/chapt8_ws2/build/fishbot_navigation2
[4.161s] -- Install configuration: ""
[4.161s] -- Installing: /home/zylyehuo/ROS2_learning/chapter8/chapt8_ws2/install/fishbot_navigation2/share/fishbot_navigation2/launch
[4.162s] -- Installing: /home/zylyehuo/ROS2_learning/chapter8/chapt8_ws2/install/fishbot_navigation2/share/fishbot_navigation2/launch/navigation2.launch.py
[4.162s] -- Installing: /home/zylyehuo/ROS2_learning/chapter8/chapt8_ws2/install/fishbot_navigation2/share/fishbot_navigation2/config
[4.162s] -- Installing: /home/zylyehuo/ROS2_learning/chapter8/chapt8_ws2/install/fishbot_navigation2/share/fishbot_navigation2/config/nav2_params.yaml
[4.163s] -- Installing: /home/zylyehuo/ROS2_learning/chapter8/chapt8_ws2/install/fishbot_navigation2/share/fishbot_navigation2/maps
[4.163s] -- Installing: /home/zylyehuo/ROS2_learning/chapter8/chapt8_ws2/install/fishbot_navigation2/share/fishbot_navigation2/maps/room.yaml
[4.164s] -- Installing: /home/zylyehuo/ROS2_learning/chapter8/chapt8_ws2/install/fishbot_navigation2/share/fishbot_navigation2/maps/nav2_params.yaml
[4.164s] -- Installing: /home/zylyehuo/ROS2_learning/chapter8/chapt8_ws2/install/fishbot_navigation2/share/fishbot_navigation2/maps/room.pgm
[4.165s] -- Installing: /home/zylyehuo/ROS2_learning/chapter8/chapt8_ws2/install/fishbot_navigation2/share/ament_index/resource_index/package_run_dependencies/fishbot_navigation2
[4.166s] -- Installing: /home/zylyehuo/ROS2_learning/chapter8/chapt8_ws2/install/fishbot_navigation2/share/ament_index/resource_index/parent_prefix_path/fishbot_navigation2
[4.166s] -- Installing: /home/zylyehuo/ROS2_learning/chapter8/chapt8_ws2/install/fishbot_navigation2/share/fishbot_navigation2/environment/ament_prefix_path.sh
[4.166s] -- Installing: /home/zylyehuo/ROS2_learning/chapter8/chapt8_ws2/install/fishbot_navigation2/share/fishbot_navigation2/environment/ament_prefix_path.dsv
[4.166s] -- Installing: /home/zylyehuo/ROS2_learning/chapter8/chapt8_ws2/install/fishbot_navigation2/share/fishbot_navigation2/environment/path.sh
[4.166s] -- Installing: /home/zylyehuo/ROS2_learning/chapter8/chapt8_ws2/install/fishbot_navigation2/share/fishbot_navigation2/environment/path.dsv
[4.166s] -- Installing: /home/zylyehuo/ROS2_learning/chapter8/chapt8_ws2/install/fishbot_navigation2/share/fishbot_navigation2/local_setup.bash
[4.166s] -- Installing: /home/zylyehuo/ROS2_learning/chapter8/chapt8_ws2/install/fishbot_navigation2/share/fishbot_navigation2/local_setup.sh
[4.167s] -- Installing: /home/zylyehuo/ROS2_learning/chapter8/chapt8_ws2/install/fishbot_navigation2/share/fishbot_navigation2/local_setup.zsh
[4.167s] -- Installing: /home/zylyehuo/ROS2_learning/chapter8/chapt8_ws2/install/fishbot_navigation2/share/fishbot_navigation2/local_setup.dsv
[4.167s] -- Installing: /home/zylyehuo/ROS2_learning/chapter8/chapt8_ws2/install/fishbot_navigation2/share/fishbot_navigation2/package.dsv
[4.167s] -- Installing: /home/zylyehuo/ROS2_learning/chapter8/chapt8_ws2/install/fishbot_navigation2/share/ament_index/resource_index/packages/fishbot_navigation2
[4.167s] -- Installing: /home/zylyehuo/ROS2_learning/chapter8/chapt8_ws2/install/fishbot_navigation2/share/fishbot_navigation2/cmake/fishbot_navigation2Config.cmake
[4.167s] -- Installing: /home/zylyehuo/ROS2_learning/chapter8/chapt8_ws2/install/fishbot_navigation2/share/fishbot_navigation2/cmake/fishbot_navigation2Config-version.cmake
[4.167s] -- Installing: /home/zylyehuo/ROS2_learning/chapter8/chapt8_ws2/install/fishbot_navigation2/share/fishbot_navigation2/package.xml
[4.169s] Invoked command in '/home/zylyehuo/ROS2_learning/chapter8/chapt8_ws2/build/fishbot_navigation2' returned '0': CMAKE_PREFIX_PATH=${CMAKE_PREFIX_PATH}:/home/zylyehuo/ROS2_learning/chapter7/chapt7_ws/install/autopatrol_robot:/home/zylyehuo/ROS2_learning/chapter7/chapt7_ws/install/fishbot_application:/opt/ros/humble /usr/bin/cmake --install /home/zylyehuo/ROS2_learning/chapter8/chapt8_ws2/build/fishbot_navigation2
