[0.227s] Invoking command in '/home/zylyehuo/ROS2_learning/chapter3/topic_practice_ws/build/status_display': AMENT_PREFIX_PATH=/home/zylyehuo/ROS2_learning/chapter3/topic_practice_ws/install/status_interfaces:${AMENT_PREFIX_PATH} CMAKE_PREFIX_PATH=/home/zylyehuo/ROS2_learning/chapter3/topic_practice_ws/install/status_interfaces:/opt/ros/humble LD_LIBRARY_PATH=/home/zylyehuo/ROS2_learning/chapter3/topic_practice_ws/install/status_interfaces/lib:${LD_LIBRARY_PATH} PYTHONPATH=/home/zylyehuo/ROS2_learning/chapter3/topic_practice_ws/install/status_interfaces/local/lib/python3.10/dist-packages:${PYTHONPATH} /usr/bin/cmake --build /home/zylyehuo/ROS2_learning/chapter3/topic_practice_ws/build/status_display -- -j16 -l16
[0.471s] [ 50%] [32mBuilding CXX object CMakeFiles/hello_qt.dir/src/hello_qt.cpp.o[0m
[1.273s] [01m[K/home/zylyehuo/ROS2_learning/chapter3/topic_practice_ws/src/status_display/src/hello_qt.cpp:[m[K In function ‘[01m[Kint main(int, char**)[m[K’:
[1.273s] [01m[K/home/zylyehuo/ROS2_learning/chapter3/topic_practice_ws/src/status_display/src/hello_qt.cpp:9:46:[m[K [01;31m[Kerror: [m[Kno matching function for call to ‘[01m[KQString::fromStdString()[m[K’
[1.273s]     9 |     QString* message = [01;31m[KQString::fromStdString()[m[K;
[1.273s]       |                        [01;31m[K~~~~~~~~~~~~~~~~~~~~~~^~[m[K
[1.273s] In file included from [01m[K/usr/include/x86_64-linux-gnu/qt5/QtCore/qcoreapplication.h:44[m[K,
[1.274s]                  from [01m[K/usr/include/x86_64-linux-gnu/qt5/QtWidgets/qapplication.h:44[m[K,
[1.274s]                  from [01m[K/usr/include/x86_64-linux-gnu/qt5/QtWidgets/QApplication:1[m[K,
[1.274s]                  from [01m[K/home/zylyehuo/ROS2_learning/chapter3/topic_practice_ws/src/status_display/src/hello_qt.cpp:1[m[K:
[1.274s] [01m[K/usr/include/x86_64-linux-gnu/qt5/QtCore/qstring.h:1555:16:[m[K [01;36m[Knote: [m[Kcandidate: ‘[01m[Kstatic QString QString::fromStdString(const string&)[m[K’
[1.274s]  1555 | inline QString [01;36m[KQString[m[K::fromStdString(const std::string &s)
[1.274s]       |                [01;36m[K^~~~~~~[m[K
[1.274s] [01m[K/usr/include/x86_64-linux-gnu/qt5/QtCore/qstring.h:1555:16:[m[K [01;36m[Knote: [m[K  candidate expects 1 argument, 0 provided
[1.277s] [01m[K/home/zylyehuo/ROS2_learning/chapter3/topic_practice_ws/src/status_display/src/hello_qt.cpp:11:5:[m[K [01;31m[Kerror: [m[K‘[01m[Klabel[m[K’ was not declared in this scope; did you mean ‘[01m[Klable[m[K’?
[1.277s]    11 |     [01;31m[Klabel[m[K->setText(message);
[1.277s]       |     [01;31m[K^~~~~[m[K
[1.277s]       |     [32m[Klable[m[K
[1.278s] [01m[K/home/zylyehuo/ROS2_learning/chapter3/topic_practice_ws/src/status_display/src/hello_qt.cpp:8:13:[m[K [01;35m[Kwarning: [m[Kunused variable ‘[01m[Klable[m[K’ [[01;35m[K]8;;https://gcc.gnu.org/onlinedocs/gcc/Warning-Options.html#index-Wunused-variable-Wunused-variable]8;;[m[K]
[1.278s]     8 |     QLabel* [01;35m[Klable[m[K = new QLabel();
[1.278s]       |             [01;35m[K^~~~~[m[K
[1.426s] gmake[2]: *** [CMakeFiles/hello_qt.dir/build.make:76: CMakeFiles/hello_qt.dir/src/hello_qt.cpp.o] Error 1
[1.426s] gmake[1]: *** [CMakeFiles/Makefile2:137: CMakeFiles/hello_qt.dir/all] Error 2
[1.427s] gmake: *** [Makefile:146: all] Error 2
[1.432s] Invoked command in '/home/zylyehuo/ROS2_learning/chapter3/topic_practice_ws/build/status_display' returned '2': AMENT_PREFIX_PATH=/home/zylyehuo/ROS2_learning/chapter3/topic_practice_ws/install/status_interfaces:${AMENT_PREFIX_PATH} CMAKE_PREFIX_PATH=/home/zylyehuo/ROS2_learning/chapter3/topic_practice_ws/install/status_interfaces:/opt/ros/humble LD_LIBRARY_PATH=/home/zylyehuo/ROS2_learning/chapter3/topic_practice_ws/install/status_interfaces/lib:${LD_LIBRARY_PATH} PYTHONPATH=/home/zylyehuo/ROS2_learning/chapter3/topic_practice_ws/install/status_interfaces/local/lib/python3.10/dist-packages:${PYTHONPATH} /usr/bin/cmake --build /home/zylyehuo/ROS2_learning/chapter3/topic_practice_ws/build/status_display -- -j16 -l16
