[0.032s] Invoking command in '/home/zylyehuo/ROS2_learning/chapter8/chapt8_ws2/build/autopatrol_interfaces': CMAKE_PREFIX_PATH=${CMAKE_PREFIX_PATH}:/home/zylyehuo/ROS2_learning/chapter7/chapt7_ws/install/autopatrol_robot:/home/zylyehuo/ROS2_learning/chapter7/chapt7_ws/install/fishbot_application:/opt/ros/humble /usr/bin/cmake --build /home/zylyehuo/ROS2_learning/chapter8/chapt8_ws2/build/autopatrol_interfaces -- -j16 -l16
[0.420s] [  3%] Built target autopatrol_interfaces__cpp
[0.420s] [ 12%] Built target autopatrol_interfaces__rosidl_generator_c
[0.420s] [ 12%] Built target ament_cmake_python_copy_autopatrol_interfaces
[0.421s] [ 22%] Built target autopatrol_interfaces__rosidl_typesupport_cpp
[0.421s] [ 32%] Built target autopatrol_interfaces__rosidl_typesupport_introspection_cpp
[0.421s] [ 41%] Built target autopatrol_interfaces__rosidl_typesupport_fastrtps_cpp
[0.421s] [ 64%] Built target autopatrol_interfaces__rosidl_typesupport_introspection_c
[0.421s] [ 70%] Built target autopatrol_interfaces__rosidl_typesupport_fastrtps_c
[0.421s] [ 70%] Built target autopatrol_interfaces__rosidl_typesupport_c
[0.421s] [ 70%] Built target autopatrol_interfaces
[0.421s] [ 74%] Built target autopatrol_interfaces__py
[0.421s] [ 80%] Built target autopatrol_interfaces__rosidl_generator_py
[0.422s] [100%] Built target autopatrol_interfaces__rosidl_typesupport_fastrtps_c__pyext
[0.422s] [100%] Built target autopatrol_interfaces__rosidl_typesupport_c__pyext
[0.422s] [100%] Built target autopatrol_interfaces__rosidl_typesupport_introspection_c__pyext
[0.422s] running egg_info
[0.422s] writing autopatrol_interfaces.egg-info/PKG-INFO
[0.422s] writing dependency_links to autopatrol_interfaces.egg-info/dependency_links.txt
[0.422s] writing top-level names to autopatrol_interfaces.egg-info/top_level.txt
[0.422s] reading manifest file 'autopatrol_interfaces.egg-info/SOURCES.txt'
[0.422s] writing manifest file 'autopatrol_interfaces.egg-info/SOURCES.txt'
[0.422s] [100%] Built target ament_cmake_python_build_autopatrol_interfaces_egg
[0.423s] Invoked command in '/home/zylyehuo/ROS2_learning/chapter8/chapt8_ws2/build/autopatrol_interfaces' returned '0': CMAKE_PREFIX_PATH=${CMAKE_PREFIX_PATH}:/home/zylyehuo/ROS2_learning/chapter7/chapt7_ws/install/autopatrol_robot:/home/zylyehuo/ROS2_learning/chapter7/chapt7_ws/install/fishbot_application:/opt/ros/humble /usr/bin/cmake --build /home/zylyehuo/ROS2_learning/chapter8/chapt8_ws2/build/autopatrol_interfaces -- -j16 -l16
[0.430s] Invoking command in '/home/zylyehuo/ROS2_learning/chapter8/chapt8_ws2/build/autopatrol_interfaces': CMAKE_PREFIX_PATH=${CMAKE_PREFIX_PATH}:/home/zylyehuo/ROS2_learning/chapter7/chapt7_ws/install/autopatrol_robot:/home/zylyehuo/ROS2_learning/chapter7/chapt7_ws/install/fishbot_application:/opt/ros/humble /usr/bin/cmake --install /home/zylyehuo/ROS2_learning/chapter8/chapt8_ws2/build/autopatrol_interfaces
[0.436s] -- Install configuration: ""
[0.437s] -- Up-to-date: /home/zylyehuo/ROS2_learning/chapter8/chapt8_ws2/install/autopatrol_interfaces/share/ament_index/resource_index/rosidl_interfaces/autopatrol_interfaces
[0.437s] -- Up-to-date: /home/zylyehuo/ROS2_learning/chapter8/chapt8_ws2/install/autopatrol_interfaces/include/autopatrol_interfaces/autopatrol_interfaces
[0.437s] -- Up-to-date: /home/zylyehuo/ROS2_learning/chapter8/chapt8_ws2/install/autopatrol_interfaces/include/autopatrol_interfaces/autopatrol_interfaces/srv
[0.438s] -- Up-to-date: /home/zylyehuo/ROS2_learning/chapter8/chapt8_ws2/install/autopatrol_interfaces/include/autopatrol_interfaces/autopatrol_interfaces/srv/speech_text.h
[0.438s] -- Up-to-date: /home/zylyehuo/ROS2_learning/chapter8/chapt8_ws2/install/autopatrol_interfaces/include/autopatrol_interfaces/autopatrol_interfaces/srv/detail
[0.438s] -- Up-to-date: /home/zylyehuo/ROS2_learning/chapter8/chapt8_ws2/install/autopatrol_interfaces/include/autopatrol_interfaces/autopatrol_interfaces/srv/detail/speech_text__struct.h
[0.438s] -- Up-to-date: /home/zylyehuo/ROS2_learning/chapter8/chapt8_ws2/install/autopatrol_interfaces/include/autopatrol_interfaces/autopatrol_interfaces/srv/detail/speech_text__functions.h
[0.438s] -- Up-to-date: /home/zylyehuo/ROS2_learning/chapter8/chapt8_ws2/install/autopatrol_interfaces/include/autopatrol_interfaces/autopatrol_interfaces/srv/detail/speech_text__functions.c
[0.438s] -- Up-to-date: /home/zylyehuo/ROS2_learning/chapter8/chapt8_ws2/install/autopatrol_interfaces/include/autopatrol_interfaces/autopatrol_interfaces/srv/detail/speech_text__type_support.h
[0.439s] -- Up-to-date: /home/zylyehuo/ROS2_learning/chapter8/chapt8_ws2/install/autopatrol_interfaces/include/autopatrol_interfaces/autopatrol_interfaces/msg
[0.439s] -- Up-to-date: /home/zylyehuo/ROS2_learning/chapter8/chapt8_ws2/install/autopatrol_interfaces/include/autopatrol_interfaces/autopatrol_interfaces/msg/rosidl_generator_c__visibility_control.h
[0.439s] -- Up-to-date: /home/zylyehuo/ROS2_learning/chapter8/chapt8_ws2/install/autopatrol_interfaces/share/autopatrol_interfaces/environment/library_path.sh
[0.439s] -- Up-to-date: /home/zylyehuo/ROS2_learning/chapter8/chapt8_ws2/install/autopatrol_interfaces/share/autopatrol_interfaces/environment/library_path.dsv
[0.439s] -- Up-to-date: /home/zylyehuo/ROS2_learning/chapter8/chapt8_ws2/install/autopatrol_interfaces/lib/libautopatrol_interfaces__rosidl_generator_c.so
[0.439s] -- Up-to-date: /home/zylyehuo/ROS2_learning/chapter8/chapt8_ws2/install/autopatrol_interfaces/include/autopatrol_interfaces/autopatrol_interfaces
[0.439s] -- Up-to-date: /home/zylyehuo/ROS2_learning/chapter8/chapt8_ws2/install/autopatrol_interfaces/include/autopatrol_interfaces/autopatrol_interfaces/srv
[0.440s] -- Up-to-date: /home/zylyehuo/ROS2_learning/chapter8/chapt8_ws2/install/autopatrol_interfaces/include/autopatrol_interfaces/autopatrol_interfaces/srv/detail
[0.440s] -- Up-to-date: /home/zylyehuo/ROS2_learning/chapter8/chapt8_ws2/install/autopatrol_interfaces/include/autopatrol_interfaces/autopatrol_interfaces/srv/detail/speech_text__rosidl_typesupport_fastrtps_c.h
[0.440s] -- Up-to-date: /home/zylyehuo/ROS2_learning/chapter8/chapt8_ws2/install/autopatrol_interfaces/include/autopatrol_interfaces/autopatrol_interfaces/msg
[0.440s] -- Up-to-date: /home/zylyehuo/ROS2_learning/chapter8/chapt8_ws2/install/autopatrol_interfaces/include/autopatrol_interfaces/autopatrol_interfaces/msg/rosidl_typesupport_fastrtps_c__visibility_control.h
[0.440s] -- Up-to-date: /home/zylyehuo/ROS2_learning/chapter8/chapt8_ws2/install/autopatrol_interfaces/lib/libautopatrol_interfaces__rosidl_typesupport_fastrtps_c.so
[0.441s] -- Up-to-date: /home/zylyehuo/ROS2_learning/chapter8/chapt8_ws2/install/autopatrol_interfaces/include/autopatrol_interfaces/autopatrol_interfaces
[0.441s] -- Up-to-date: /home/zylyehuo/ROS2_learning/chapter8/chapt8_ws2/install/autopatrol_interfaces/include/autopatrol_interfaces/autopatrol_interfaces/srv
[0.441s] -- Up-to-date: /home/zylyehuo/ROS2_learning/chapter8/chapt8_ws2/install/autopatrol_interfaces/include/autopatrol_interfaces/autopatrol_interfaces/srv/detail
[0.441s] -- Up-to-date: /home/zylyehuo/ROS2_learning/chapter8/chapt8_ws2/install/autopatrol_interfaces/include/autopatrol_interfaces/autopatrol_interfaces/srv/detail/speech_text__rosidl_typesupport_introspection_c.h
[0.441s] -- Up-to-date: /home/zylyehuo/ROS2_learning/chapter8/chapt8_ws2/install/autopatrol_interfaces/include/autopatrol_interfaces/autopatrol_interfaces/srv/detail/speech_text__type_support.c
[0.441s] -- Up-to-date: /home/zylyehuo/ROS2_learning/chapter8/chapt8_ws2/install/autopatrol_interfaces/include/autopatrol_interfaces/autopatrol_interfaces/msg
[0.442s] -- Up-to-date: /home/zylyehuo/ROS2_learning/chapter8/chapt8_ws2/install/autopatrol_interfaces/include/autopatrol_interfaces/autopatrol_interfaces/msg/rosidl_typesupport_introspection_c__visibility_control.h
[0.443s] -- Up-to-date: /home/zylyehuo/ROS2_learning/chapter8/chapt8_ws2/install/autopatrol_interfaces/lib/libautopatrol_interfaces__rosidl_typesupport_introspection_c.so
[0.443s] -- Up-to-date: /home/zylyehuo/ROS2_learning/chapter8/chapt8_ws2/install/autopatrol_interfaces/lib/libautopatrol_interfaces__rosidl_typesupport_c.so
[0.443s] -- Up-to-date: /home/zylyehuo/ROS2_learning/chapter8/chapt8_ws2/install/autopatrol_interfaces/include/autopatrol_interfaces/autopatrol_interfaces
[0.444s] -- Up-to-date: /home/zylyehuo/ROS2_learning/chapter8/chapt8_ws2/install/autopatrol_interfaces/include/autopatrol_interfaces/autopatrol_interfaces/srv
[0.444s] -- Up-to-date: /home/zylyehuo/ROS2_learning/chapter8/chapt8_ws2/install/autopatrol_interfaces/include/autopatrol_interfaces/autopatrol_interfaces/srv/speech_text.hpp
[0.444s] -- Up-to-date: /home/zylyehuo/ROS2_learning/chapter8/chapt8_ws2/install/autopatrol_interfaces/include/autopatrol_interfaces/autopatrol_interfaces/srv/detail
[0.445s] -- Up-to-date: /home/zylyehuo/ROS2_learning/chapter8/chapt8_ws2/install/autopatrol_interfaces/include/autopatrol_interfaces/autopatrol_interfaces/srv/detail/speech_text__type_support.hpp
[0.445s] -- Up-to-date: /home/zylyehuo/ROS2_learning/chapter8/chapt8_ws2/install/autopatrol_interfaces/include/autopatrol_interfaces/autopatrol_interfaces/srv/detail/speech_text__struct.hpp
[0.445s] -- Up-to-date: /home/zylyehuo/ROS2_learning/chapter8/chapt8_ws2/install/autopatrol_interfaces/include/autopatrol_interfaces/autopatrol_interfaces/srv/detail/speech_text__builder.hpp
[0.445s] -- Up-to-date: /home/zylyehuo/ROS2_learning/chapter8/chapt8_ws2/install/autopatrol_interfaces/include/autopatrol_interfaces/autopatrol_interfaces/srv/detail/speech_text__traits.hpp
[0.445s] -- Up-to-date: /home/zylyehuo/ROS2_learning/chapter8/chapt8_ws2/install/autopatrol_interfaces/include/autopatrol_interfaces/autopatrol_interfaces/msg
[0.445s] -- Up-to-date: /home/zylyehuo/ROS2_learning/chapter8/chapt8_ws2/install/autopatrol_interfaces/include/autopatrol_interfaces/autopatrol_interfaces/msg/rosidl_generator_cpp__visibility_control.hpp
[0.445s] -- Up-to-date: /home/zylyehuo/ROS2_learning/chapter8/chapt8_ws2/install/autopatrol_interfaces/include/autopatrol_interfaces/autopatrol_interfaces
[0.445s] -- Up-to-date: /home/zylyehuo/ROS2_learning/chapter8/chapt8_ws2/install/autopatrol_interfaces/include/autopatrol_interfaces/autopatrol_interfaces/srv
[0.446s] -- Up-to-date: /home/zylyehuo/ROS2_learning/chapter8/chapt8_ws2/install/autopatrol_interfaces/include/autopatrol_interfaces/autopatrol_interfaces/srv/detail
[0.446s] -- Up-to-date: /home/zylyehuo/ROS2_learning/chapter8/chapt8_ws2/install/autopatrol_interfaces/include/autopatrol_interfaces/autopatrol_interfaces/srv/detail/speech_text__rosidl_typesupport_fastrtps_cpp.hpp
[0.446s] -- Up-to-date: /home/zylyehuo/ROS2_learning/chapter8/chapt8_ws2/install/autopatrol_interfaces/include/autopatrol_interfaces/autopatrol_interfaces/srv/detail/dds_fastrtps
[0.446s] -- Up-to-date: /home/zylyehuo/ROS2_learning/chapter8/chapt8_ws2/install/autopatrol_interfaces/include/autopatrol_interfaces/autopatrol_interfaces/msg
[0.446s] -- Up-to-date: /home/zylyehuo/ROS2_learning/chapter8/chapt8_ws2/install/autopatrol_interfaces/include/autopatrol_interfaces/autopatrol_interfaces/msg/rosidl_typesupport_fastrtps_cpp__visibility_control.h
[0.446s] -- Up-to-date: /home/zylyehuo/ROS2_learning/chapter8/chapt8_ws2/install/autopatrol_interfaces/lib/libautopatrol_interfaces__rosidl_typesupport_fastrtps_cpp.so
[0.446s] -- Up-to-date: /home/zylyehuo/ROS2_learning/chapter8/chapt8_ws2/install/autopatrol_interfaces/include/autopatrol_interfaces/autopatrol_interfaces
[0.446s] -- Up-to-date: /home/zylyehuo/ROS2_learning/chapter8/chapt8_ws2/install/autopatrol_interfaces/include/autopatrol_interfaces/autopatrol_interfaces/srv
[0.447s] -- Up-to-date: /home/zylyehuo/ROS2_learning/chapter8/chapt8_ws2/install/autopatrol_interfaces/include/autopatrol_interfaces/autopatrol_interfaces/srv/detail
[0.447s] -- Up-to-date: /home/zylyehuo/ROS2_learning/chapter8/chapt8_ws2/install/autopatrol_interfaces/include/autopatrol_interfaces/autopatrol_interfaces/srv/detail/speech_text__type_support.cpp
[0.447s] -- Up-to-date: /home/zylyehuo/ROS2_learning/chapter8/chapt8_ws2/install/autopatrol_interfaces/include/autopatrol_interfaces/autopatrol_interfaces/srv/detail/speech_text__rosidl_typesupport_introspection_cpp.hpp
[0.447s] -- Up-to-date: /home/zylyehuo/ROS2_learning/chapter8/chapt8_ws2/install/autopatrol_interfaces/lib/libautopatrol_interfaces__rosidl_typesupport_introspection_cpp.so
[0.447s] -- Up-to-date: /home/zylyehuo/ROS2_learning/chapter8/chapt8_ws2/install/autopatrol_interfaces/lib/libautopatrol_interfaces__rosidl_typesupport_cpp.so
[0.447s] -- Up-to-date: /home/zylyehuo/ROS2_learning/chapter8/chapt8_ws2/install/autopatrol_interfaces/share/autopatrol_interfaces/environment/pythonpath.sh
[0.447s] -- Up-to-date: /home/zylyehuo/ROS2_learning/chapter8/chapt8_ws2/install/autopatrol_interfaces/share/autopatrol_interfaces/environment/pythonpath.dsv
[0.448s] -- Up-to-date: /home/zylyehuo/ROS2_learning/chapter8/chapt8_ws2/install/autopatrol_interfaces/local/lib/python3.10/dist-packages/autopatrol_interfaces-0.0.0-py3.10.egg-info
[0.448s] -- Installing: /home/zylyehuo/ROS2_learning/chapter8/chapt8_ws2/install/autopatrol_interfaces/local/lib/python3.10/dist-packages/autopatrol_interfaces-0.0.0-py3.10.egg-info/top_level.txt
[0.448s] -- Installing: /home/zylyehuo/ROS2_learning/chapter8/chapt8_ws2/install/autopatrol_interfaces/local/lib/python3.10/dist-packages/autopatrol_interfaces-0.0.0-py3.10.egg-info/PKG-INFO
[0.448s] -- Installing: /home/zylyehuo/ROS2_learning/chapter8/chapt8_ws2/install/autopatrol_interfaces/local/lib/python3.10/dist-packages/autopatrol_interfaces-0.0.0-py3.10.egg-info/dependency_links.txt
[0.448s] -- Installing: /home/zylyehuo/ROS2_learning/chapter8/chapt8_ws2/install/autopatrol_interfaces/local/lib/python3.10/dist-packages/autopatrol_interfaces-0.0.0-py3.10.egg-info/SOURCES.txt
[0.448s] -- Up-to-date: /home/zylyehuo/ROS2_learning/chapter8/chapt8_ws2/install/autopatrol_interfaces/local/lib/python3.10/dist-packages/autopatrol_interfaces
[0.448s] -- Up-to-date: /home/zylyehuo/ROS2_learning/chapter8/chapt8_ws2/install/autopatrol_interfaces/local/lib/python3.10/dist-packages/autopatrol_interfaces/autopatrol_interfaces_s__rosidl_typesupport_fastrtps_c.cpython-310-x86_64-linux-gnu.so
[0.448s] -- Up-to-date: /home/zylyehuo/ROS2_learning/chapter8/chapt8_ws2/install/autopatrol_interfaces/local/lib/python3.10/dist-packages/autopatrol_interfaces/srv
[0.448s] -- Up-to-date: /home/zylyehuo/ROS2_learning/chapter8/chapt8_ws2/install/autopatrol_interfaces/local/lib/python3.10/dist-packages/autopatrol_interfaces/srv/_speech_text.py
[0.448s] -- Up-to-date: /home/zylyehuo/ROS2_learning/chapter8/chapt8_ws2/install/autopatrol_interfaces/local/lib/python3.10/dist-packages/autopatrol_interfaces/srv/__init__.py
[0.449s] -- Up-to-date: /home/zylyehuo/ROS2_learning/chapter8/chapt8_ws2/install/autopatrol_interfaces/local/lib/python3.10/dist-packages/autopatrol_interfaces/srv/_speech_text_s.c
[0.449s] -- Up-to-date: /home/zylyehuo/ROS2_learning/chapter8/chapt8_ws2/install/autopatrol_interfaces/local/lib/python3.10/dist-packages/autopatrol_interfaces/autopatrol_interfaces_s__rosidl_typesupport_introspection_c.cpython-310-x86_64-linux-gnu.so
[0.449s] -- Up-to-date: /home/zylyehuo/ROS2_learning/chapter8/chapt8_ws2/install/autopatrol_interfaces/local/lib/python3.10/dist-packages/autopatrol_interfaces/_autopatrol_interfaces_s.ep.rosidl_typesupport_fastrtps_c.c
[0.449s] -- Up-to-date: /home/zylyehuo/ROS2_learning/chapter8/chapt8_ws2/install/autopatrol_interfaces/local/lib/python3.10/dist-packages/autopatrol_interfaces/_autopatrol_interfaces_s.ep.rosidl_typesupport_introspection_c.c
[0.449s] -- Up-to-date: /home/zylyehuo/ROS2_learning/chapter8/chapt8_ws2/install/autopatrol_interfaces/local/lib/python3.10/dist-packages/autopatrol_interfaces/__init__.py
[0.449s] -- Up-to-date: /home/zylyehuo/ROS2_learning/chapter8/chapt8_ws2/install/autopatrol_interfaces/local/lib/python3.10/dist-packages/autopatrol_interfaces/_autopatrol_interfaces_s.ep.rosidl_typesupport_c.c
[0.449s] -- Up-to-date: /home/zylyehuo/ROS2_learning/chapter8/chapt8_ws2/install/autopatrol_interfaces/local/lib/python3.10/dist-packages/autopatrol_interfaces/libautopatrol_interfaces__rosidl_generator_py.so
[0.449s] -- Up-to-date: /home/zylyehuo/ROS2_learning/chapter8/chapt8_ws2/install/autopatrol_interfaces/local/lib/python3.10/dist-packages/autopatrol_interfaces/autopatrol_interfaces_s__rosidl_typesupport_c.cpython-310-x86_64-linux-gnu.so
[0.473s] Listing '/home/zylyehuo/ROS2_learning/chapter8/chapt8_ws2/install/autopatrol_interfaces/local/lib/python3.10/dist-packages/autopatrol_interfaces'...
[0.473s] Listing '/home/zylyehuo/ROS2_learning/chapter8/chapt8_ws2/install/autopatrol_interfaces/local/lib/python3.10/dist-packages/autopatrol_interfaces/srv'...
[0.477s] -- Up-to-date: /home/zylyehuo/ROS2_learning/chapter8/chapt8_ws2/install/autopatrol_interfaces/local/lib/python3.10/dist-packages/autopatrol_interfaces/autopatrol_interfaces_s__rosidl_typesupport_fastrtps_c.cpython-310-x86_64-linux-gnu.so
[0.478s] -- Up-to-date: /home/zylyehuo/ROS2_learning/chapter8/chapt8_ws2/install/autopatrol_interfaces/local/lib/python3.10/dist-packages/autopatrol_interfaces/autopatrol_interfaces_s__rosidl_typesupport_introspection_c.cpython-310-x86_64-linux-gnu.so
[0.478s] -- Up-to-date: /home/zylyehuo/ROS2_learning/chapter8/chapt8_ws2/install/autopatrol_interfaces/local/lib/python3.10/dist-packages/autopatrol_interfaces/autopatrol_interfaces_s__rosidl_typesupport_c.cpython-310-x86_64-linux-gnu.so
[0.479s] -- Up-to-date: /home/zylyehuo/ROS2_learning/chapter8/chapt8_ws2/install/autopatrol_interfaces/lib/libautopatrol_interfaces__rosidl_generator_py.so
[0.479s] -- Up-to-date: /home/zylyehuo/ROS2_learning/chapter8/chapt8_ws2/install/autopatrol_interfaces/share/autopatrol_interfaces/srv/SpeechText.idl
[0.479s] -- Up-to-date: /home/zylyehuo/ROS2_learning/chapter8/chapt8_ws2/install/autopatrol_interfaces/share/autopatrol_interfaces/srv/SpeechText.srv
[0.479s] -- Up-to-date: /home/zylyehuo/ROS2_learning/chapter8/chapt8_ws2/install/autopatrol_interfaces/share/autopatrol_interfaces/srv/SpeechText_Request.msg
[0.479s] -- Up-to-date: /home/zylyehuo/ROS2_learning/chapter8/chapt8_ws2/install/autopatrol_interfaces/share/autopatrol_interfaces/srv/SpeechText_Response.msg
[0.480s] -- Up-to-date: /home/zylyehuo/ROS2_learning/chapter8/chapt8_ws2/install/autopatrol_interfaces/share/ament_index/resource_index/package_run_dependencies/autopatrol_interfaces
[0.480s] -- Up-to-date: /home/zylyehuo/ROS2_learning/chapter8/chapt8_ws2/install/autopatrol_interfaces/share/ament_index/resource_index/parent_prefix_path/autopatrol_interfaces
[0.480s] -- Up-to-date: /home/zylyehuo/ROS2_learning/chapter8/chapt8_ws2/install/autopatrol_interfaces/share/autopatrol_interfaces/environment/ament_prefix_path.sh
[0.480s] -- Up-to-date: /home/zylyehuo/ROS2_learning/chapter8/chapt8_ws2/install/autopatrol_interfaces/share/autopatrol_interfaces/environment/ament_prefix_path.dsv
[0.481s] -- Up-to-date: /home/zylyehuo/ROS2_learning/chapter8/chapt8_ws2/install/autopatrol_interfaces/share/autopatrol_interfaces/environment/path.sh
[0.481s] -- Up-to-date: /home/zylyehuo/ROS2_learning/chapter8/chapt8_ws2/install/autopatrol_interfaces/share/autopatrol_interfaces/environment/path.dsv
[0.481s] -- Up-to-date: /home/zylyehuo/ROS2_learning/chapter8/chapt8_ws2/install/autopatrol_interfaces/share/autopatrol_interfaces/local_setup.bash
[0.481s] -- Up-to-date: /home/zylyehuo/ROS2_learning/chapter8/chapt8_ws2/install/autopatrol_interfaces/share/autopatrol_interfaces/local_setup.sh
[0.481s] -- Up-to-date: /home/zylyehuo/ROS2_learning/chapter8/chapt8_ws2/install/autopatrol_interfaces/share/autopatrol_interfaces/local_setup.zsh
[0.481s] -- Up-to-date: /home/zylyehuo/ROS2_learning/chapter8/chapt8_ws2/install/autopatrol_interfaces/share/autopatrol_interfaces/local_setup.dsv
[0.481s] -- Installing: /home/zylyehuo/ROS2_learning/chapter8/chapt8_ws2/install/autopatrol_interfaces/share/autopatrol_interfaces/package.dsv
[0.482s] -- Up-to-date: /home/zylyehuo/ROS2_learning/chapter8/chapt8_ws2/install/autopatrol_interfaces/share/ament_index/resource_index/packages/autopatrol_interfaces
[0.482s] -- Up-to-date: /home/zylyehuo/ROS2_learning/chapter8/chapt8_ws2/install/autopatrol_interfaces/share/autopatrol_interfaces/cmake/export_autopatrol_interfaces__rosidl_generator_cExport.cmake
[0.482s] -- Up-to-date: /home/zylyehuo/ROS2_learning/chapter8/chapt8_ws2/install/autopatrol_interfaces/share/autopatrol_interfaces/cmake/export_autopatrol_interfaces__rosidl_generator_cExport-noconfig.cmake
[0.482s] -- Up-to-date: /home/zylyehuo/ROS2_learning/chapter8/chapt8_ws2/install/autopatrol_interfaces/share/autopatrol_interfaces/cmake/export_autopatrol_interfaces__rosidl_typesupport_fastrtps_cExport.cmake
[0.482s] -- Up-to-date: /home/zylyehuo/ROS2_learning/chapter8/chapt8_ws2/install/autopatrol_interfaces/share/autopatrol_interfaces/cmake/export_autopatrol_interfaces__rosidl_typesupport_fastrtps_cExport-noconfig.cmake
[0.482s] -- Up-to-date: /home/zylyehuo/ROS2_learning/chapter8/chapt8_ws2/install/autopatrol_interfaces/share/autopatrol_interfaces/cmake/autopatrol_interfaces__rosidl_typesupport_introspection_cExport.cmake
[0.482s] -- Up-to-date: /home/zylyehuo/ROS2_learning/chapter8/chapt8_ws2/install/autopatrol_interfaces/share/autopatrol_interfaces/cmake/autopatrol_interfaces__rosidl_typesupport_introspection_cExport-noconfig.cmake
[0.483s] -- Up-to-date: /home/zylyehuo/ROS2_learning/chapter8/chapt8_ws2/install/autopatrol_interfaces/share/autopatrol_interfaces/cmake/autopatrol_interfaces__rosidl_typesupport_cExport.cmake
[0.483s] -- Up-to-date: /home/zylyehuo/ROS2_learning/chapter8/chapt8_ws2/install/autopatrol_interfaces/share/autopatrol_interfaces/cmake/autopatrol_interfaces__rosidl_typesupport_cExport-noconfig.cmake
[0.483s] -- Up-to-date: /home/zylyehuo/ROS2_learning/chapter8/chapt8_ws2/install/autopatrol_interfaces/share/autopatrol_interfaces/cmake/export_autopatrol_interfaces__rosidl_generator_cppExport.cmake
[0.483s] -- Up-to-date: /home/zylyehuo/ROS2_learning/chapter8/chapt8_ws2/install/autopatrol_interfaces/share/autopatrol_interfaces/cmake/export_autopatrol_interfaces__rosidl_typesupport_fastrtps_cppExport.cmake
[0.483s] -- Up-to-date: /home/zylyehuo/ROS2_learning/chapter8/chapt8_ws2/install/autopatrol_interfaces/share/autopatrol_interfaces/cmake/export_autopatrol_interfaces__rosidl_typesupport_fastrtps_cppExport-noconfig.cmake
[0.484s] -- Up-to-date: /home/zylyehuo/ROS2_learning/chapter8/chapt8_ws2/install/autopatrol_interfaces/share/autopatrol_interfaces/cmake/autopatrol_interfaces__rosidl_typesupport_introspection_cppExport.cmake
[0.484s] -- Up-to-date: /home/zylyehuo/ROS2_learning/chapter8/chapt8_ws2/install/autopatrol_interfaces/share/autopatrol_interfaces/cmake/autopatrol_interfaces__rosidl_typesupport_introspection_cppExport-noconfig.cmake
[0.484s] -- Up-to-date: /home/zylyehuo/ROS2_learning/chapter8/chapt8_ws2/install/autopatrol_interfaces/share/autopatrol_interfaces/cmake/autopatrol_interfaces__rosidl_typesupport_cppExport.cmake
[0.484s] -- Up-to-date: /home/zylyehuo/ROS2_learning/chapter8/chapt8_ws2/install/autopatrol_interfaces/share/autopatrol_interfaces/cmake/autopatrol_interfaces__rosidl_typesupport_cppExport-noconfig.cmake
[0.484s] -- Up-to-date: /home/zylyehuo/ROS2_learning/chapter8/chapt8_ws2/install/autopatrol_interfaces/share/autopatrol_interfaces/cmake/export_autopatrol_interfaces__rosidl_generator_pyExport.cmake
[0.485s] -- Up-to-date: /home/zylyehuo/ROS2_learning/chapter8/chapt8_ws2/install/autopatrol_interfaces/share/autopatrol_interfaces/cmake/export_autopatrol_interfaces__rosidl_generator_pyExport-noconfig.cmake
[0.485s] -- Up-to-date: /home/zylyehuo/ROS2_learning/chapter8/chapt8_ws2/install/autopatrol_interfaces/share/autopatrol_interfaces/cmake/rosidl_cmake-extras.cmake
[0.485s] -- Up-to-date: /home/zylyehuo/ROS2_learning/chapter8/chapt8_ws2/install/autopatrol_interfaces/share/autopatrol_interfaces/cmake/ament_cmake_export_include_directories-extras.cmake
[0.485s] -- Up-to-date: /home/zylyehuo/ROS2_learning/chapter8/chapt8_ws2/install/autopatrol_interfaces/share/autopatrol_interfaces/cmake/ament_cmake_export_libraries-extras.cmake
[0.485s] -- Up-to-date: /home/zylyehuo/ROS2_learning/chapter8/chapt8_ws2/install/autopatrol_interfaces/share/autopatrol_interfaces/cmake/ament_cmake_export_targets-extras.cmake
[0.485s] -- Up-to-date: /home/zylyehuo/ROS2_learning/chapter8/chapt8_ws2/install/autopatrol_interfaces/share/autopatrol_interfaces/cmake/rosidl_cmake_export_typesupport_targets-extras.cmake
[0.485s] -- Up-to-date: /home/zylyehuo/ROS2_learning/chapter8/chapt8_ws2/install/autopatrol_interfaces/share/autopatrol_interfaces/cmake/ament_cmake_export_dependencies-extras.cmake
[0.485s] -- Up-to-date: /home/zylyehuo/ROS2_learning/chapter8/chapt8_ws2/install/autopatrol_interfaces/share/autopatrol_interfaces/cmake/rosidl_cmake_export_typesupport_libraries-extras.cmake
[0.485s] -- Up-to-date: /home/zylyehuo/ROS2_learning/chapter8/chapt8_ws2/install/autopatrol_interfaces/share/autopatrol_interfaces/cmake/autopatrol_interfacesConfig.cmake
[0.485s] -- Up-to-date: /home/zylyehuo/ROS2_learning/chapter8/chapt8_ws2/install/autopatrol_interfaces/share/autopatrol_interfaces/cmake/autopatrol_interfacesConfig-version.cmake
[0.485s] -- Up-to-date: /home/zylyehuo/ROS2_learning/chapter8/chapt8_ws2/install/autopatrol_interfaces/share/autopatrol_interfaces/package.xml
[0.499s] Invoked command in '/home/zylyehuo/ROS2_learning/chapter8/chapt8_ws2/build/autopatrol_interfaces' returned '0': CMAKE_PREFIX_PATH=${CMAKE_PREFIX_PATH}:/home/zylyehuo/ROS2_learning/chapter7/chapt7_ws/install/autopatrol_robot:/home/zylyehuo/ROS2_learning/chapter7/chapt7_ws/install/fishbot_application:/opt/ros/humble /usr/bin/cmake --install /home/zylyehuo/ROS2_learning/chapter8/chapt8_ws2/build/autopatrol_interfaces
