-- Found ament_cmake: 1.3.12 (/opt/ros/humble/share/ament_cmake/cmake)
-- Found pluginlib: 5.1.3 (/opt/ros/humble/share/pluginlib/cmake)
-- Found nav2_core: 1.1.20 (/opt/ros/humble/share/nav2_core/cmake)
-- Found rosidl_generator_c: 3.1.7 (/opt/ros/humble/share/rosidl_generator_c/cmake)
-- Found rosidl_adapter: 3.1.7 (/opt/ros/humble/share/rosidl_adapter/cmake)
-- Found rosidl_generator_cpp: 3.1.7 (/opt/ros/humble/share/rosidl_generator_cpp/cmake)
-- Using all available rosidl_typesupport_c: rosidl_typesupport_fastrtps_c;rosidl_typesupport_introspection_c
-- Using all available rosidl_typesupport_cpp: rosidl_typesupport_fastrtps_cpp;rosidl_typesupport_introspection_cpp
-- Found rmw_implementation_cmake: 6.1.2 (/opt/ros/humble/share/rmw_implementation_cmake/cmake)
-- Found rmw_fastrtps_cpp: 6.2.9 (/opt/ros/humble/share/rmw_fastrtps_cpp/cmake)
-- Found TinyXML2 via Config file: TinyXML2_DIR-NOTFOUND
-- Found TinyXML2 via Config file: TinyXML2_DIR-NOTFOUND
-- Found TinyXML2 via Config file: TinyXML2_DIR-NOTFOUND
-- Found TinyXML2 via Config file: TinyXML2_DIR-NOTFOUND
-- Using RMW implementation 'rmw_fastrtps_cpp' as default
-- Ensuring Eigen3 include directory is part of orocos-kdl CMake target
-- Found ament_lint_auto: 0.12.14 (/opt/ros/humble/share/ament_lint_auto/cmake)
-- Added test 'cppcheck' to perform static code analysis on C / C++ code
-- Configured cppcheck include dirs: /home/zylyehuo/ROS2_learning/chapter8/chapt8_ws2/src/nav2_custom_planner/include
-- Configured cppcheck exclude dirs and/or files: 
-- Added test 'lint_cmake' to check CMake code style
-- Added test 'uncrustify' to check C / C++ code style
-- Configured uncrustify additional arguments: 
-- Added test 'xmllint' to check XML markup files
-- Configuring done
-- Generating done
-- Build files have been written to: /home/zylyehuo/ROS2_learning/chapter8/chapt8_ws2/build/nav2_custom_planner
[ 50%] [32mBuilding CXX object CMakeFiles/nav2_custom_planner_plugin.dir/src/nav2_custom_planner.cpp.o[0m
[100%] [32m[1mLinking CXX shared library libnav2_custom_planner_plugin.so[0m
[100%] Built target nav2_custom_planner_plugin
-- Install configuration: ""
-- Installing: /home/zylyehuo/ROS2_learning/chapter8/chapt8_ws2/install/nav2_custom_planner/lib/libnav2_custom_planner_plugin.so
-- Set runtime path of "/home/zylyehuo/ROS2_learning/chapter8/chapt8_ws2/install/nav2_custom_planner/lib/libnav2_custom_planner_plugin.so" to ""
-- Installing: /home/zylyehuo/ROS2_learning/chapter8/chapt8_ws2/install/nav2_custom_planner/include/
-- Installing: /home/zylyehuo/ROS2_learning/chapter8/chapt8_ws2/install/nav2_custom_planner/include//nav2_custom_planner
-- Installing: /home/zylyehuo/ROS2_learning/chapter8/chapt8_ws2/install/nav2_custom_planner/include//nav2_custom_planner/nav2_custom_planner.hpp
-- Installing: /home/zylyehuo/ROS2_learning/chapter8/chapt8_ws2/install/nav2_custom_planner/share/nav2_custom_planner/custom_planner_plugin.xml
-- Installing: /home/zylyehuo/ROS2_learning/chapter8/chapt8_ws2/install/nav2_custom_planner/share/ament_index/resource_index/package_run_dependencies/nav2_custom_planner
-- Installing: /home/zylyehuo/ROS2_learning/chapter8/chapt8_ws2/install/nav2_custom_planner/share/ament_index/resource_index/parent_prefix_path/nav2_custom_planner
-- Installing: /home/zylyehuo/ROS2_learning/chapter8/chapt8_ws2/install/nav2_custom_planner/share/nav2_custom_planner/environment/ament_prefix_path.sh
-- Installing: /home/zylyehuo/ROS2_learning/chapter8/chapt8_ws2/install/nav2_custom_planner/share/nav2_custom_planner/environment/ament_prefix_path.dsv
-- Installing: /home/zylyehuo/ROS2_learning/chapter8/chapt8_ws2/install/nav2_custom_planner/share/nav2_custom_planner/environment/path.sh
-- Installing: /home/zylyehuo/ROS2_learning/chapter8/chapt8_ws2/install/nav2_custom_planner/share/nav2_custom_planner/environment/path.dsv
-- Installing: /home/zylyehuo/ROS2_learning/chapter8/chapt8_ws2/install/nav2_custom_planner/share/nav2_custom_planner/local_setup.bash
-- Installing: /home/zylyehuo/ROS2_learning/chapter8/chapt8_ws2/install/nav2_custom_planner/share/nav2_custom_planner/local_setup.sh
-- Installing: /home/zylyehuo/ROS2_learning/chapter8/chapt8_ws2/install/nav2_custom_planner/share/nav2_custom_planner/local_setup.zsh
-- Installing: /home/zylyehuo/ROS2_learning/chapter8/chapt8_ws2/install/nav2_custom_planner/share/nav2_custom_planner/local_setup.dsv
-- Installing: /home/zylyehuo/ROS2_learning/chapter8/chapt8_ws2/install/nav2_custom_planner/share/nav2_custom_planner/package.dsv
-- Installing: /home/zylyehuo/ROS2_learning/chapter8/chapt8_ws2/install/nav2_custom_planner/share/ament_index/resource_index/packages/nav2_custom_planner
-- Installing: /home/zylyehuo/ROS2_learning/chapter8/chapt8_ws2/install/nav2_custom_planner/share/ament_index/resource_index/nav2_core__pluginlib__plugin/nav2_custom_planner
-- Installing: /home/zylyehuo/ROS2_learning/chapter8/chapt8_ws2/install/nav2_custom_planner/share/nav2_custom_planner/cmake/nav2_custom_plannerConfig.cmake
-- Installing: /home/zylyehuo/ROS2_learning/chapter8/chapt8_ws2/install/nav2_custom_planner/share/nav2_custom_planner/cmake/nav2_custom_plannerConfig-version.cmake
-- Installing: /home/zylyehuo/ROS2_learning/chapter8/chapt8_ws2/install/nav2_custom_planner/share/nav2_custom_planner/package.xml
