[0.589s] Invoking command in '/home/zylyehuo/ROS2_learning/chapter8/chapt8_ws2/build/nav2_custom_controller': CMAKE_PREFIX_PATH=${CMAKE_PREFIX_PATH}:/home/zylyehuo/ROS2_learning/chapter8/chapt8_ws2/install/fishbot_application:/home/zylyehuo/ROS2_learning/chapter8/chapt8_ws2/install/autopatrol_robot:/home/zylyehuo/ROS2_learning/chapter7/chapt7_ws/install/fishbot_application:/home/zylyehuo/ROS2_learning/chapter7/chapt7_ws/install/autopatrol_robot:/opt/ros/humble /usr/bin/cmake --build /home/zylyehuo/ROS2_learning/chapter8/chapt8_ws2/build/nav2_custom_controller -- -j16 -l16
[0.682s] [100%] Built target nav2_custom_controller_complete_plugin
[0.682s] [100%] Built target nav2_custom_controller_plugin
[0.717s] Invoked command in '/home/zylyehuo/ROS2_learning/chapter8/chapt8_ws2/build/nav2_custom_controller' returned '0': CMAKE_PREFIX_PATH=${CMAKE_PREFIX_PATH}:/home/zylyehuo/ROS2_learning/chapter8/chapt8_ws2/install/fishbot_application:/home/zylyehuo/ROS2_learning/chapter8/chapt8_ws2/install/autopatrol_robot:/home/zylyehuo/ROS2_learning/chapter7/chapt7_ws/install/fishbot_application:/home/zylyehuo/ROS2_learning/chapter7/chapt7_ws/install/autopatrol_robot:/opt/ros/humble /usr/bin/cmake --build /home/zylyehuo/ROS2_learning/chapter8/chapt8_ws2/build/nav2_custom_controller -- -j16 -l16
[0.722s] Invoking command in '/home/zylyehuo/ROS2_learning/chapter8/chapt8_ws2/build/nav2_custom_controller': CMAKE_PREFIX_PATH=${CMAKE_PREFIX_PATH}:/home/zylyehuo/ROS2_learning/chapter8/chapt8_ws2/install/fishbot_application:/home/zylyehuo/ROS2_learning/chapter8/chapt8_ws2/install/autopatrol_robot:/home/zylyehuo/ROS2_learning/chapter7/chapt7_ws/install/fishbot_application:/home/zylyehuo/ROS2_learning/chapter7/chapt7_ws/install/autopatrol_robot:/opt/ros/humble /usr/bin/cmake --install /home/zylyehuo/ROS2_learning/chapter8/chapt8_ws2/build/nav2_custom_controller
[0.763s] -- Install configuration: ""
[0.763s] -- Up-to-date: /home/zylyehuo/ROS2_learning/chapter8/chapt8_ws2/install/nav2_custom_controller/lib/libnav2_custom_controller_plugin.so
[0.763s] -- Up-to-date: /home/zylyehuo/ROS2_learning/chapter8/chapt8_ws2/install/nav2_custom_controller/lib/libnav2_custom_controller_complete_plugin.so
[0.764s] -- Up-to-date: /home/zylyehuo/ROS2_learning/chapter8/chapt8_ws2/install/nav2_custom_controller/include/
[0.764s] -- Up-to-date: /home/zylyehuo/ROS2_learning/chapter8/chapt8_ws2/install/nav2_custom_controller/include//nav2_custom_controller
[0.764s] -- Up-to-date: /home/zylyehuo/ROS2_learning/chapter8/chapt8_ws2/install/nav2_custom_controller/include//nav2_custom_controller/complete_custom_controller.hpp
[0.765s] -- Up-to-date: /home/zylyehuo/ROS2_learning/chapter8/chapt8_ws2/install/nav2_custom_controller/include//nav2_custom_controller/custom_controller.hpp
[0.765s] -- Installing: /home/zylyehuo/ROS2_learning/chapter8/chapt8_ws2/install/nav2_custom_controller/share/nav2_custom_controller/nav2_custom_controller.xml
[0.765s] -- Up-to-date: /home/zylyehuo/ROS2_learning/chapter8/chapt8_ws2/install/nav2_custom_controller/share/ament_index/resource_index/package_run_dependencies/nav2_custom_controller
[0.765s] -- Up-to-date: /home/zylyehuo/ROS2_learning/chapter8/chapt8_ws2/install/nav2_custom_controller/share/ament_index/resource_index/parent_prefix_path/nav2_custom_controller
[0.765s] -- Up-to-date: /home/zylyehuo/ROS2_learning/chapter8/chapt8_ws2/install/nav2_custom_controller/share/nav2_custom_controller/environment/ament_prefix_path.sh
[0.765s] -- Up-to-date: /home/zylyehuo/ROS2_learning/chapter8/chapt8_ws2/install/nav2_custom_controller/share/nav2_custom_controller/environment/ament_prefix_path.dsv
[0.765s] -- Up-to-date: /home/zylyehuo/ROS2_learning/chapter8/chapt8_ws2/install/nav2_custom_controller/share/nav2_custom_controller/environment/path.sh
[0.766s] -- Up-to-date: /home/zylyehuo/ROS2_learning/chapter8/chapt8_ws2/install/nav2_custom_controller/share/nav2_custom_controller/environment/path.dsv
[0.766s] -- Up-to-date: /home/zylyehuo/ROS2_learning/chapter8/chapt8_ws2/install/nav2_custom_controller/share/nav2_custom_controller/local_setup.bash
[0.766s] -- Up-to-date: /home/zylyehuo/ROS2_learning/chapter8/chapt8_ws2/install/nav2_custom_controller/share/nav2_custom_controller/local_setup.sh
[0.766s] -- Up-to-date: /home/zylyehuo/ROS2_learning/chapter8/chapt8_ws2/install/nav2_custom_controller/share/nav2_custom_controller/local_setup.zsh
[0.766s] -- Up-to-date: /home/zylyehuo/ROS2_learning/chapter8/chapt8_ws2/install/nav2_custom_controller/share/nav2_custom_controller/local_setup.dsv
[0.766s] -- Installing: /home/zylyehuo/ROS2_learning/chapter8/chapt8_ws2/install/nav2_custom_controller/share/nav2_custom_controller/package.dsv
[0.766s] -- Up-to-date: /home/zylyehuo/ROS2_learning/chapter8/chapt8_ws2/install/nav2_custom_controller/share/ament_index/resource_index/packages/nav2_custom_controller
[0.767s] -- Up-to-date: /home/zylyehuo/ROS2_learning/chapter8/chapt8_ws2/install/nav2_custom_controller/share/ament_index/resource_index/nav2_core__pluginlib__plugin/nav2_custom_controller
[0.767s] -- Up-to-date: /home/zylyehuo/ROS2_learning/chapter8/chapt8_ws2/install/nav2_custom_controller/share/nav2_custom_controller/cmake/nav2_custom_controllerConfig.cmake
[0.767s] -- Up-to-date: /home/zylyehuo/ROS2_learning/chapter8/chapt8_ws2/install/nav2_custom_controller/share/nav2_custom_controller/cmake/nav2_custom_controllerConfig-version.cmake
[0.767s] -- Up-to-date: /home/zylyehuo/ROS2_learning/chapter8/chapt8_ws2/install/nav2_custom_controller/share/nav2_custom_controller/package.xml
[0.829s] Invoked command in '/home/zylyehuo/ROS2_learning/chapter8/chapt8_ws2/build/nav2_custom_controller' returned '0': CMAKE_PREFIX_PATH=${CMAKE_PREFIX_PATH}:/home/zylyehuo/ROS2_learning/chapter8/chapt8_ws2/install/fishbot_application:/home/zylyehuo/ROS2_learning/chapter8/chapt8_ws2/install/autopatrol_robot:/home/zylyehuo/ROS2_learning/chapter7/chapt7_ws/install/fishbot_application:/home/zylyehuo/ROS2_learning/chapter7/chapt7_ws/install/autopatrol_robot:/opt/ros/humble /usr/bin/cmake --install /home/zylyehuo/ROS2_learning/chapter8/chapt8_ws2/build/nav2_custom_controller
