[0.297s] Invoking command in '/home/zylyehuo/ROS2_learning/chapter7/chapt7_ws/build/robot_description2': CMAKE_PREFIX_PATH=${CMAKE_PREFIX_PATH}:/home/zylyehuo/ROS2_learning/chapter7/chapt7_ws/install/fishbot_application:/opt/ros/humble /usr/bin/cmake --build /home/zylyehuo/ROS2_learning/chapter7/chapt7_ws/build/robot_description2 -- -j16 -l16
[0.350s] Invoked command in '/home/zylyehuo/ROS2_learning/chapter7/chapt7_ws/build/robot_description2' returned '0': CMAKE_PREFIX_PATH=${CMAKE_PREFIX_PATH}:/home/zylyehuo/ROS2_learning/chapter7/chapt7_ws/install/fishbot_application:/opt/ros/humble /usr/bin/cmake --build /home/zylyehuo/ROS2_learning/chapter7/chapt7_ws/build/robot_description2 -- -j16 -l16
[0.353s] Invoking command in '/home/zylyehuo/ROS2_learning/chapter7/chapt7_ws/build/robot_description2': CMAKE_PREFIX_PATH=${CMAKE_PREFIX_PATH}:/home/zylyehuo/ROS2_learning/chapter7/chapt7_ws/install/fishbot_application:/opt/ros/humble /usr/bin/cmake --install /home/zylyehuo/ROS2_learning/chapter7/chapt7_ws/build/robot_description2
[0.361s] -- Install configuration: ""
[0.362s] -- Up-to-date: /home/zylyehuo/ROS2_learning/chapter7/chapt7_ws/install/robot_description2/share/robot_description2/launch
[0.362s] -- Up-to-date: /home/zylyehuo/ROS2_learning/chapter7/chapt7_ws/install/robot_description2/share/robot_description2/launch/gazebo_add_robot_sim.launch.py
[0.362s] -- Up-to-date: /home/zylyehuo/ROS2_learning/chapter7/chapt7_ws/install/robot_description2/share/robot_description2/launch/gazebo_add_robot_add_joint_effort_controller_sim.launch.py:Zone.Identifier
[0.363s] -- Up-to-date: /home/zylyehuo/ROS2_learning/chapter7/chapt7_ws/install/robot_description2/share/robot_description2/launch/gazebo_add_robot_add_joint_diff_controller_sim.launch.py:Zone.Identifier
[0.363s] -- Up-to-date: /home/zylyehuo/ROS2_learning/chapter7/chapt7_ws/install/robot_description2/share/robot_description2/launch/gazebo_add_robot_sim.launch.py:Zone.Identifier
[0.363s] -- Up-to-date: /home/zylyehuo/ROS2_learning/chapter7/chapt7_ws/install/robot_description2/share/robot_description2/launch/gazebo_add_robot_add_joint_effort_controller_sim.launch.py
[0.363s] -- Up-to-date: /home/zylyehuo/ROS2_learning/chapter7/chapt7_ws/install/robot_description2/share/robot_description2/launch/gazebo_sim.launch.py
[0.363s] -- Up-to-date: /home/zylyehuo/ROS2_learning/chapter7/chapt7_ws/install/robot_description2/share/robot_description2/launch/xacro_display_robot.launch.py:Zone.Identifier
[0.364s] -- Up-to-date: /home/zylyehuo/ROS2_learning/chapter7/chapt7_ws/install/robot_description2/share/robot_description2/launch/gazebo_add_robot_add_joint_diff_controller_sim.launch.py
[0.364s] -- Up-to-date: /home/zylyehuo/ROS2_learning/chapter7/chapt7_ws/install/robot_description2/share/robot_description2/launch/gazebo_sim.launch.py:Zone.Identifier
[0.364s] -- Up-to-date: /home/zylyehuo/ROS2_learning/chapter7/chapt7_ws/install/robot_description2/share/robot_description2/launch/xacro_display_robot.launch.py
[0.364s] -- Up-to-date: /home/zylyehuo/ROS2_learning/chapter7/chapt7_ws/install/robot_description2/share/robot_description2/urdf
[0.367s] -- Up-to-date: /home/zylyehuo/ROS2_learning/chapter7/chapt7_ws/install/robot_description2/share/robot_description2/urdf/robot
[0.367s] -- Up-to-date: /home/zylyehuo/ROS2_learning/chapter7/chapt7_ws/install/robot_description2/share/robot_description2/urdf/robot/plugins
[0.367s] -- Up-to-date: /home/zylyehuo/ROS2_learning/chapter7/chapt7_ws/install/robot_description2/share/robot_description2/urdf/robot/plugins/robot.ros2_control.xacro:Zone.Identifier
[0.368s] -- Up-to-date: /home/zylyehuo/ROS2_learning/chapter7/chapt7_ws/install/robot_description2/share/robot_description2/urdf/robot/plugins/robot.ros2_control.xacro
[0.368s] -- Up-to-date: /home/zylyehuo/ROS2_learning/chapter7/chapt7_ws/install/robot_description2/share/robot_description2/urdf/robot/plugins/gazebo_control_plugins.xacro
[0.368s] -- Up-to-date: /home/zylyehuo/ROS2_learning/chapter7/chapt7_ws/install/robot_description2/share/robot_description2/urdf/robot/plugins/gazebo_control_plugins.xacro:Zone.Identifier
[0.368s] -- Up-to-date: /home/zylyehuo/ROS2_learning/chapter7/chapt7_ws/install/robot_description2/share/robot_description2/urdf/robot/plugins/gazebo_sensor_plugins.xacro
[0.368s] -- Up-to-date: /home/zylyehuo/ROS2_learning/chapter7/chapt7_ws/install/robot_description2/share/robot_description2/urdf/robot/plugins/gazebo_sensor_plugins.xacro:Zone.Identifier
[0.369s] -- Up-to-date: /home/zylyehuo/ROS2_learning/chapter7/chapt7_ws/install/robot_description2/share/robot_description2/urdf/robot/sensor
[0.369s] -- Up-to-date: /home/zylyehuo/ROS2_learning/chapter7/chapt7_ws/install/robot_description2/share/robot_description2/urdf/robot/sensor/laser.urdf.xacro
[0.369s] -- Up-to-date: /home/zylyehuo/ROS2_learning/chapter7/chapt7_ws/install/robot_description2/share/robot_description2/urdf/robot/sensor/laser.urdf.xacro:Zone.Identifier
[0.369s] -- Up-to-date: /home/zylyehuo/ROS2_learning/chapter7/chapt7_ws/install/robot_description2/share/robot_description2/urdf/robot/sensor/imu.urdf.xacro
[0.369s] -- Up-to-date: /home/zylyehuo/ROS2_learning/chapter7/chapt7_ws/install/robot_description2/share/robot_description2/urdf/robot/sensor/camera.urdf.xacro:Zone.Identifier
[0.370s] -- Up-to-date: /home/zylyehuo/ROS2_learning/chapter7/chapt7_ws/install/robot_description2/share/robot_description2/urdf/robot/sensor/imu.urdf.xacro:Zone.Identifier
[0.370s] -- Up-to-date: /home/zylyehuo/ROS2_learning/chapter7/chapt7_ws/install/robot_description2/share/robot_description2/urdf/robot/sensor/camera.urdf.xacro
[0.370s] -- Up-to-date: /home/zylyehuo/ROS2_learning/chapter7/chapt7_ws/install/robot_description2/share/robot_description2/urdf/robot/robot.urdf.xacro:Zone.Identifier
[0.370s] -- Up-to-date: /home/zylyehuo/ROS2_learning/chapter7/chapt7_ws/install/robot_description2/share/robot_description2/urdf/robot/robot.urdf.xacro
[0.370s] -- Up-to-date: /home/zylyehuo/ROS2_learning/chapter7/chapt7_ws/install/robot_description2/share/robot_description2/urdf/robot/base.urdf.xacro
[0.371s] -- Up-to-date: /home/zylyehuo/ROS2_learning/chapter7/chapt7_ws/install/robot_description2/share/robot_description2/urdf/robot/actuator
[0.371s] -- Up-to-date: /home/zylyehuo/ROS2_learning/chapter7/chapt7_ws/install/robot_description2/share/robot_description2/urdf/robot/actuator/caster.urdf.xacro:Zone.Identifier
[0.371s] -- Up-to-date: /home/zylyehuo/ROS2_learning/chapter7/chapt7_ws/install/robot_description2/share/robot_description2/urdf/robot/actuator/wheel.urdf.xacro:Zone.Identifier
[0.371s] -- Up-to-date: /home/zylyehuo/ROS2_learning/chapter7/chapt7_ws/install/robot_description2/share/robot_description2/urdf/robot/actuator/wheel.urdf.xacro
[0.371s] -- Up-to-date: /home/zylyehuo/ROS2_learning/chapter7/chapt7_ws/install/robot_description2/share/robot_description2/urdf/robot/actuator/caster.urdf.xacro
[0.371s] -- Up-to-date: /home/zylyehuo/ROS2_learning/chapter7/chapt7_ws/install/robot_description2/share/robot_description2/urdf/robot/common_inertia.xacro:Zone.Identifier
[0.371s] -- Up-to-date: /home/zylyehuo/ROS2_learning/chapter7/chapt7_ws/install/robot_description2/share/robot_description2/urdf/robot/common_inertia.xacro
[0.371s] -- Up-to-date: /home/zylyehuo/ROS2_learning/chapter7/chapt7_ws/install/robot_description2/share/robot_description2/urdf/robot/base.urdf.xacro:Zone.Identifier
[0.372s] -- Up-to-date: /home/zylyehuo/ROS2_learning/chapter7/chapt7_ws/install/robot_description2/share/robot_description2/urdf/robot_learning
[0.372s] -- Up-to-date: /home/zylyehuo/ROS2_learning/chapter7/chapt7_ws/install/robot_description2/share/robot_description2/urdf/robot_learning/common_inertia_learning.xacro:Zone.Identifier
[0.372s] -- Up-to-date: /home/zylyehuo/ROS2_learning/chapter7/chapt7_ws/install/robot_description2/share/robot_description2/urdf/robot_learning/plugins
[0.373s] -- Up-to-date: /home/zylyehuo/ROS2_learning/chapter7/chapt7_ws/install/robot_description2/share/robot_description2/urdf/robot_learning/plugins/gazebo_control_plugins_learning.xacro:Zone.Identifier
[0.373s] -- Up-to-date: /home/zylyehuo/ROS2_learning/chapter7/chapt7_ws/install/robot_description2/share/robot_description2/urdf/robot_learning/plugins/robot.ros2_control_learning.xacro
[0.373s] -- Up-to-date: /home/zylyehuo/ROS2_learning/chapter7/chapt7_ws/install/robot_description2/share/robot_description2/urdf/robot_learning/plugins/gazebo_control_plugins_learning.xacro
[0.374s] -- Up-to-date: /home/zylyehuo/ROS2_learning/chapter7/chapt7_ws/install/robot_description2/share/robot_description2/urdf/robot_learning/plugins/gazebo_sensor_plugins_learning.xacro
[0.374s] -- Up-to-date: /home/zylyehuo/ROS2_learning/chapter7/chapt7_ws/install/robot_description2/share/robot_description2/urdf/robot_learning/plugins/gazebo_sensor_plugins_learning.xacro:Zone.Identifier
[0.374s] -- Up-to-date: /home/zylyehuo/ROS2_learning/chapter7/chapt7_ws/install/robot_description2/share/robot_description2/urdf/robot_learning/plugins/robot.ros2_control_learning.xacro:Zone.Identifier
[0.375s] -- Up-to-date: /home/zylyehuo/ROS2_learning/chapter7/chapt7_ws/install/robot_description2/share/robot_description2/urdf/robot_learning/sensor
[0.375s] -- Up-to-date: /home/zylyehuo/ROS2_learning/chapter7/chapt7_ws/install/robot_description2/share/robot_description2/urdf/robot_learning/sensor/camera.urdf_learning.xacro:Zone.Identifier
[0.375s] -- Up-to-date: /home/zylyehuo/ROS2_learning/chapter7/chapt7_ws/install/robot_description2/share/robot_description2/urdf/robot_learning/sensor/laser.urdf_learning.xacro
[0.376s] -- Up-to-date: /home/zylyehuo/ROS2_learning/chapter7/chapt7_ws/install/robot_description2/share/robot_description2/urdf/robot_learning/sensor/imu.urdf_learning.xacro
[0.376s] -- Up-to-date: /home/zylyehuo/ROS2_learning/chapter7/chapt7_ws/install/robot_description2/share/robot_description2/urdf/robot_learning/sensor/laser.urdf_learning.xacro:Zone.Identifier
[0.376s] -- Up-to-date: /home/zylyehuo/ROS2_learning/chapter7/chapt7_ws/install/robot_description2/share/robot_description2/urdf/robot_learning/sensor/imu.urdf_learning.xacro:Zone.Identifier
[0.376s] -- Up-to-date: /home/zylyehuo/ROS2_learning/chapter7/chapt7_ws/install/robot_description2/share/robot_description2/urdf/robot_learning/sensor/camera.urdf_learning.xacro
[0.377s] -- Up-to-date: /home/zylyehuo/ROS2_learning/chapter7/chapt7_ws/install/robot_description2/share/robot_description2/urdf/robot_learning/robot.urdf_learning.xacro
[0.377s] -- Up-to-date: /home/zylyehuo/ROS2_learning/chapter7/chapt7_ws/install/robot_description2/share/robot_description2/urdf/robot_learning/base.urdf_learning.xacro:Zone.Identifier
[0.377s] -- Up-to-date: /home/zylyehuo/ROS2_learning/chapter7/chapt7_ws/install/robot_description2/share/robot_description2/urdf/robot_learning/actuator
[0.377s] -- Up-to-date: /home/zylyehuo/ROS2_learning/chapter7/chapt7_ws/install/robot_description2/share/robot_description2/urdf/robot_learning/actuator/caster.urdf_learning.xacro
[0.377s] -- Up-to-date: /home/zylyehuo/ROS2_learning/chapter7/chapt7_ws/install/robot_description2/share/robot_description2/urdf/robot_learning/actuator/wheel.urdf_learning.xacro:Zone.Identifier
[0.377s] -- Up-to-date: /home/zylyehuo/ROS2_learning/chapter7/chapt7_ws/install/robot_description2/share/robot_description2/urdf/robot_learning/actuator/wheel.urdf_learning.xacro
[0.378s] -- Up-to-date: /home/zylyehuo/ROS2_learning/chapter7/chapt7_ws/install/robot_description2/share/robot_description2/urdf/robot_learning/actuator/caster.urdf_learning.xacro:Zone.Identifier
[0.378s] -- Up-to-date: /home/zylyehuo/ROS2_learning/chapter7/chapt7_ws/install/robot_description2/share/robot_description2/urdf/robot_learning/base.urdf_learning.xacro
[0.378s] -- Up-to-date: /home/zylyehuo/ROS2_learning/chapter7/chapt7_ws/install/robot_description2/share/robot_description2/urdf/robot_learning/common_inertia_learning.xacro
[0.378s] -- Up-to-date: /home/zylyehuo/ROS2_learning/chapter7/chapt7_ws/install/robot_description2/share/robot_description2/urdf/robot_learning/robot.urdf_learning.xacro:Zone.Identifier
[0.379s] -- Up-to-date: /home/zylyehuo/ROS2_learning/chapter7/chapt7_ws/install/robot_description2/share/robot_description2/urdf/README
[0.379s] -- Up-to-date: /home/zylyehuo/ROS2_learning/chapter7/chapt7_ws/install/robot_description2/share/robot_description2/urdf/README/xacro.md
[0.379s] -- Up-to-date: /home/zylyehuo/ROS2_learning/chapter7/chapt7_ws/install/robot_description2/share/robot_description2/urdf/README/gazebo.md
[0.379s] -- Up-to-date: /home/zylyehuo/ROS2_learning/chapter7/chapt7_ws/install/robot_description2/share/robot_description2/urdf/README/gazebo.md:Zone.Identifier
[0.379s] -- Up-to-date: /home/zylyehuo/ROS2_learning/chapter7/chapt7_ws/install/robot_description2/share/robot_description2/urdf/README/urdf.md:Zone.Identifier
[0.380s] -- Up-to-date: /home/zylyehuo/ROS2_learning/chapter7/chapt7_ws/install/robot_description2/share/robot_description2/urdf/README/ros2_control.md:Zone.Identifier
[0.380s] -- Up-to-date: /home/zylyehuo/ROS2_learning/chapter7/chapt7_ws/install/robot_description2/share/robot_description2/urdf/README/ros2_control.md
[0.380s] -- Up-to-date: /home/zylyehuo/ROS2_learning/chapter7/chapt7_ws/install/robot_description2/share/robot_description2/urdf/README/xacro.md:Zone.Identifier
[0.380s] -- Up-to-date: /home/zylyehuo/ROS2_learning/chapter7/chapt7_ws/install/robot_description2/share/robot_description2/urdf/README/urdf.md
[0.380s] -- Up-to-date: /home/zylyehuo/ROS2_learning/chapter7/chapt7_ws/install/robot_description2/share/robot_description2/config
[0.380s] -- Up-to-date: /home/zylyehuo/ROS2_learning/chapter7/chapt7_ws/install/robot_description2/share/robot_description2/config/robot_ros2_controller.yaml
[0.380s] -- Up-to-date: /home/zylyehuo/ROS2_learning/chapter7/chapt7_ws/install/robot_description2/share/robot_description2/config/display_robot_model.rviz
[0.381s] -- Up-to-date: /home/zylyehuo/ROS2_learning/chapter7/chapt7_ws/install/robot_description2/share/robot_description2/config/display_robot_model.rviz:Zone.Identifier
[0.381s] -- Up-to-date: /home/zylyehuo/ROS2_learning/chapter7/chapt7_ws/install/robot_description2/share/robot_description2/config/robot_ros2_controller.yaml:Zone.Identifier
[0.381s] -- Up-to-date: /home/zylyehuo/ROS2_learning/chapter7/chapt7_ws/install/robot_description2/share/robot_description2/config/robot_ros2_controller_learning.yaml
[0.381s] -- Up-to-date: /home/zylyehuo/ROS2_learning/chapter7/chapt7_ws/install/robot_description2/share/robot_description2/config/robot_ros2_controller_learning.yaml:Zone.Identifier
[0.381s] -- Up-to-date: /home/zylyehuo/ROS2_learning/chapter7/chapt7_ws/install/robot_description2/share/robot_description2/world
[0.382s] -- Up-to-date: /home/zylyehuo/ROS2_learning/chapter7/chapt7_ws/install/robot_description2/share/robot_description2/world/custom_room.world
[0.382s] -- Up-to-date: /home/zylyehuo/ROS2_learning/chapter7/chapt7_ws/install/robot_description2/share/robot_description2/world/room
[0.382s] -- Up-to-date: /home/zylyehuo/ROS2_learning/chapter7/chapt7_ws/install/robot_description2/share/robot_description2/world/room/model.config
[0.382s] -- Up-to-date: /home/zylyehuo/ROS2_learning/chapter7/chapt7_ws/install/robot_description2/share/robot_description2/world/room/model.sdf:Zone.Identifier
[0.382s] -- Up-to-date: /home/zylyehuo/ROS2_learning/chapter7/chapt7_ws/install/robot_description2/share/robot_description2/world/room/model.sdf
[0.383s] -- Up-to-date: /home/zylyehuo/ROS2_learning/chapter7/chapt7_ws/install/robot_description2/share/robot_description2/world/room/model.config:Zone.Identifier
[0.383s] -- Up-to-date: /home/zylyehuo/ROS2_learning/chapter7/chapt7_ws/install/robot_description2/share/robot_description2/world/custom_room.world:Zone.Identifier
[0.383s] -- Up-to-date: /home/zylyehuo/ROS2_learning/chapter7/chapt7_ws/install/robot_description2/share/ament_index/resource_index/package_run_dependencies/robot_description2
[0.383s] -- Up-to-date: /home/zylyehuo/ROS2_learning/chapter7/chapt7_ws/install/robot_description2/share/ament_index/resource_index/parent_prefix_path/robot_description2
[0.383s] -- Up-to-date: /home/zylyehuo/ROS2_learning/chapter7/chapt7_ws/install/robot_description2/share/robot_description2/environment/ament_prefix_path.sh
[0.383s] -- Up-to-date: /home/zylyehuo/ROS2_learning/chapter7/chapt7_ws/install/robot_description2/share/robot_description2/environment/ament_prefix_path.dsv
[0.384s] -- Up-to-date: /home/zylyehuo/ROS2_learning/chapter7/chapt7_ws/install/robot_description2/share/robot_description2/environment/path.sh
[0.384s] -- Up-to-date: /home/zylyehuo/ROS2_learning/chapter7/chapt7_ws/install/robot_description2/share/robot_description2/environment/path.dsv
[0.384s] -- Up-to-date: /home/zylyehuo/ROS2_learning/chapter7/chapt7_ws/install/robot_description2/share/robot_description2/local_setup.bash
[0.384s] -- Up-to-date: /home/zylyehuo/ROS2_learning/chapter7/chapt7_ws/install/robot_description2/share/robot_description2/local_setup.sh
[0.385s] -- Up-to-date: /home/zylyehuo/ROS2_learning/chapter7/chapt7_ws/install/robot_description2/share/robot_description2/local_setup.zsh
[0.385s] -- Up-to-date: /home/zylyehuo/ROS2_learning/chapter7/chapt7_ws/install/robot_description2/share/robot_description2/local_setup.dsv
[0.385s] -- Installing: /home/zylyehuo/ROS2_learning/chapter7/chapt7_ws/install/robot_description2/share/robot_description2/package.dsv
[0.385s] -- Up-to-date: /home/zylyehuo/ROS2_learning/chapter7/chapt7_ws/install/robot_description2/share/ament_index/resource_index/packages/robot_description2
[0.385s] -- Up-to-date: /home/zylyehuo/ROS2_learning/chapter7/chapt7_ws/install/robot_description2/share/robot_description2/cmake/robot_description2Config.cmake
[0.385s] -- Up-to-date: /home/zylyehuo/ROS2_learning/chapter7/chapt7_ws/install/robot_description2/share/robot_description2/cmake/robot_description2Config-version.cmake
[0.385s] -- Up-to-date: /home/zylyehuo/ROS2_learning/chapter7/chapt7_ws/install/robot_description2/share/robot_description2/package.xml
[0.410s] Invoked command in '/home/zylyehuo/ROS2_learning/chapter7/chapt7_ws/build/robot_description2' returned '0': CMAKE_PREFIX_PATH=${CMAKE_PREFIX_PATH}:/home/zylyehuo/ROS2_learning/chapter7/chapt7_ws/install/fishbot_application:/opt/ros/humble /usr/bin/cmake --install /home/zylyehuo/ROS2_learning/chapter7/chapt7_ws/build/robot_description2
