[0.618s] Invoking command in '/home/zylyehuo/ROS2_learning/chapter7/chapt7_ws/src/autopatrol_robot': PYTHONPATH=/home/zylyehuo/ROS2_learning/chapter7/chapt7_ws/build/autopatrol_robot/prefix_override:/usr/lib/python3/dist-packages/colcon_core/task/python/colcon_distutils_commands:/home/zylyehuo/ROS2_learning/chapter7/chapt7_ws/install/autopatrol_robot/lib/python3.10/site-packages:${PYTHONPATH} /usr/bin/python3 -W ignore:setup.py install is deprecated -W ignore:easy_install command is deprecated setup.py egg_info --egg-base ../../build/autopatrol_robot build --build-base /home/zylyehuo/ROS2_learning/chapter7/chapt7_ws/build/autopatrol_robot/build install --record /home/zylyehuo/ROS2_learning/chapter7/chapt7_ws/build/autopatrol_robot/install.log --single-version-externally-managed install_data
[0.777s] running egg_info
[0.777s] creating ../../build/autopatrol_robot/autopatrol_robot.egg-info
[0.778s] writing ../../build/autopatrol_robot/autopatrol_robot.egg-info/PKG-INFO
[0.778s] writing dependency_links to ../../build/autopatrol_robot/autopatrol_robot.egg-info/dependency_links.txt
[0.778s] writing entry points to ../../build/autopatrol_robot/autopatrol_robot.egg-info/entry_points.txt
[0.778s] writing requirements to ../../build/autopatrol_robot/autopatrol_robot.egg-info/requires.txt
[0.778s] writing top-level names to ../../build/autopatrol_robot/autopatrol_robot.egg-info/top_level.txt
[0.778s] writing manifest file '../../build/autopatrol_robot/autopatrol_robot.egg-info/SOURCES.txt'
[0.779s] reading manifest file '../../build/autopatrol_robot/autopatrol_robot.egg-info/SOURCES.txt'
[0.780s] adding license file 'LICENSE'
[0.780s] writing manifest file '../../build/autopatrol_robot/autopatrol_robot.egg-info/SOURCES.txt'
[0.780s] running build
[0.780s] running build_py
[0.780s] creating /home/zylyehuo/ROS2_learning/chapter7/chapt7_ws/build/autopatrol_robot/build
[0.780s] creating /home/zylyehuo/ROS2_learning/chapter7/chapt7_ws/build/autopatrol_robot/build/lib
[0.780s] creating /home/zylyehuo/ROS2_learning/chapter7/chapt7_ws/build/autopatrol_robot/build/lib/autopatrol_robot
[0.781s] copying autopatrol_robot/patrol_node.py -> /home/zylyehuo/ROS2_learning/chapter7/chapt7_ws/build/autopatrol_robot/build/lib/autopatrol_robot
[0.781s] copying autopatrol_robot/__init__.py -> /home/zylyehuo/ROS2_learning/chapter7/chapt7_ws/build/autopatrol_robot/build/lib/autopatrol_robot
[0.781s] running install
[0.781s] running install_lib
[0.782s] creating /home/zylyehuo/ROS2_learning/chapter7/chapt7_ws/install/autopatrol_robot/lib/python3.10/site-packages/autopatrol_robot
[0.782s] copying /home/zylyehuo/ROS2_learning/chapter7/chapt7_ws/build/autopatrol_robot/build/lib/autopatrol_robot/patrol_node.py -> /home/zylyehuo/ROS2_learning/chapter7/chapt7_ws/install/autopatrol_robot/lib/python3.10/site-packages/autopatrol_robot
[0.782s] copying /home/zylyehuo/ROS2_learning/chapter7/chapt7_ws/build/autopatrol_robot/build/lib/autopatrol_robot/__init__.py -> /home/zylyehuo/ROS2_learning/chapter7/chapt7_ws/install/autopatrol_robot/lib/python3.10/site-packages/autopatrol_robot
[0.782s] byte-compiling /home/zylyehuo/ROS2_learning/chapter7/chapt7_ws/install/autopatrol_robot/lib/python3.10/site-packages/autopatrol_robot/patrol_node.py to patrol_node.cpython-310.pyc
[0.783s] byte-compiling /home/zylyehuo/ROS2_learning/chapter7/chapt7_ws/install/autopatrol_robot/lib/python3.10/site-packages/autopatrol_robot/__init__.py to __init__.cpython-310.pyc
[0.784s] running install_data
[0.784s] creating /home/zylyehuo/ROS2_learning/chapter7/chapt7_ws/install/autopatrol_robot/share/ament_index
[0.784s] creating /home/zylyehuo/ROS2_learning/chapter7/chapt7_ws/install/autopatrol_robot/share/ament_index/resource_index
[0.784s] creating /home/zylyehuo/ROS2_learning/chapter7/chapt7_ws/install/autopatrol_robot/share/ament_index/resource_index/packages
[0.784s] copying resource/autopatrol_robot -> /home/zylyehuo/ROS2_learning/chapter7/chapt7_ws/install/autopatrol_robot/share/ament_index/resource_index/packages
[0.784s] copying package.xml -> /home/zylyehuo/ROS2_learning/chapter7/chapt7_ws/install/autopatrol_robot/share/autopatrol_robot
[0.784s] running install_egg_info
[0.786s] Copying ../../build/autopatrol_robot/autopatrol_robot.egg-info to /home/zylyehuo/ROS2_learning/chapter7/chapt7_ws/install/autopatrol_robot/lib/python3.10/site-packages/autopatrol_robot-0.0.0-py3.10.egg-info
[0.787s] running install_scripts
[0.800s] Installing patrol_node script to /home/zylyehuo/ROS2_learning/chapter7/chapt7_ws/install/autopatrol_robot/lib/autopatrol_robot
[0.800s] writing list of installed files to '/home/zylyehuo/ROS2_learning/chapter7/chapt7_ws/build/autopatrol_robot/install.log'
[0.822s] Invoked command in '/home/zylyehuo/ROS2_learning/chapter7/chapt7_ws/src/autopatrol_robot' returned '0': PYTHONPATH=/home/zylyehuo/ROS2_learning/chapter7/chapt7_ws/build/autopatrol_robot/prefix_override:/usr/lib/python3/dist-packages/colcon_core/task/python/colcon_distutils_commands:/home/zylyehuo/ROS2_learning/chapter7/chapt7_ws/install/autopatrol_robot/lib/python3.10/site-packages:${PYTHONPATH} /usr/bin/python3 -W ignore:setup.py install is deprecated -W ignore:easy_install command is deprecated setup.py egg_info --egg-base ../../build/autopatrol_robot build --build-base /home/zylyehuo/ROS2_learning/chapter7/chapt7_ws/build/autopatrol_robot/build install --record /home/zylyehuo/ROS2_learning/chapter7/chapt7_ws/build/autopatrol_robot/install.log --single-version-externally-managed install_data
