[1.147s] Invoking command in '/home/zylyehuo/ROS2_learning/chapter3/topic_practice_ws/src/status_publisher': AMENT_PREFIX_PATH=/home/zylyehuo/ROS2_learning/chapter3/topic_practice_ws/install/status_interfaces:${AMENT_PREFIX_PATH} CMAKE_PREFIX_PATH=/home/zylyehuo/ROS2_learning/chapter3/topic_practice_ws/install/status_interfaces LD_LIBRARY_PATH=/home/zylyehuo/ROS2_learning/chapter3/topic_practice_ws/install/status_interfaces/lib:${LD_LIBRARY_PATH} PYTHONPATH=/home/zylyehuo/ROS2_learning/chapter3/topic_practice_ws/build/status_publisher/prefix_override:/usr/lib/python3/dist-packages/colcon_core/task/python/colcon_distutils_commands:/home/zylyehuo/ROS2_learning/chapter3/topic_practice_ws/install/status_publisher/lib/python3.10/site-packages:/home/zylyehuo/ROS2_learning/chapter3/topic_practice_ws/install/status_interfaces/local/lib/python3.10/dist-packages:${PYTHONPATH} /usr/bin/python3 -W ignore:setup.py install is deprecated -W ignore:easy_install command is deprecated setup.py egg_info --egg-base ../../build/status_publisher build --build-base /home/zylyehuo/ROS2_learning/chapter3/topic_practice_ws/build/status_publisher/build install --record /home/zylyehuo/ROS2_learning/chapter3/topic_practice_ws/build/status_publisher/install.log --single-version-externally-managed install_data
[1.332s] running egg_info
[1.332s] writing ../../build/status_publisher/status_publisher.egg-info/PKG-INFO
[1.332s] writing dependency_links to ../../build/status_publisher/status_publisher.egg-info/dependency_links.txt
[1.333s] writing entry points to ../../build/status_publisher/status_publisher.egg-info/entry_points.txt
[1.333s] writing requirements to ../../build/status_publisher/status_publisher.egg-info/requires.txt
[1.333s] writing top-level names to ../../build/status_publisher/status_publisher.egg-info/top_level.txt
[1.334s] reading manifest file '../../build/status_publisher/status_publisher.egg-info/SOURCES.txt'
[1.334s] adding license file 'LICENSE'
[1.335s] writing manifest file '../../build/status_publisher/status_publisher.egg-info/SOURCES.txt'
[1.335s] running build
[1.335s] running build_py
[1.335s] running install
[1.335s] running install_lib
[1.336s] running install_data
[1.336s] running install_egg_info
[1.338s] removing '/home/zylyehuo/ROS2_learning/chapter3/topic_practice_ws/install/status_publisher/lib/python3.10/site-packages/status_publisher-0.0.0-py3.10.egg-info' (and everything under it)
[1.338s] Copying ../../build/status_publisher/status_publisher.egg-info to /home/zylyehuo/ROS2_learning/chapter3/topic_practice_ws/install/status_publisher/lib/python3.10/site-packages/status_publisher-0.0.0-py3.10.egg-info
[1.340s] running install_scripts
[1.357s] Installing sys_status_pub script to /home/zylyehuo/ROS2_learning/chapter3/topic_practice_ws/install/status_publisher/lib/status_publisher
[1.358s] writing list of installed files to '/home/zylyehuo/ROS2_learning/chapter3/topic_practice_ws/build/status_publisher/install.log'
[1.376s] Invoked command in '/home/zylyehuo/ROS2_learning/chapter3/topic_practice_ws/src/status_publisher' returned '0': AMENT_PREFIX_PATH=/home/zylyehuo/ROS2_learning/chapter3/topic_practice_ws/install/status_interfaces:${AMENT_PREFIX_PATH} CMAKE_PREFIX_PATH=/home/zylyehuo/ROS2_learning/chapter3/topic_practice_ws/install/status_interfaces LD_LIBRARY_PATH=/home/zylyehuo/ROS2_learning/chapter3/topic_practice_ws/install/status_interfaces/lib:${LD_LIBRARY_PATH} PYTHONPATH=/home/zylyehuo/ROS2_learning/chapter3/topic_practice_ws/build/status_publisher/prefix_override:/usr/lib/python3/dist-packages/colcon_core/task/python/colcon_distutils_commands:/home/zylyehuo/ROS2_learning/chapter3/topic_practice_ws/install/status_publisher/lib/python3.10/site-packages:/home/zylyehuo/ROS2_learning/chapter3/topic_practice_ws/install/status_interfaces/local/lib/python3.10/dist-packages:${PYTHONPATH} /usr/bin/python3 -W ignore:setup.py install is deprecated -W ignore:easy_install command is deprecated setup.py egg_info --egg-base ../../build/status_publisher build --build-base /home/zylyehuo/ROS2_learning/chapter3/topic_practice_ws/build/status_publisher/build install --record /home/zylyehuo/ROS2_learning/chapter3/topic_practice_ws/build/status_publisher/install.log --single-version-externally-managed install_data
