[0.210s] Invoking command in '/home/zylyehuo/ROS2_learning/chapter4/chapt4_ws/build/demo_cpp_service': AMENT_PREFIX_PATH=/home/zylyehuo/ROS2_learning/chapter4/chapt4_ws/install/chapt4_interfaces:${AMENT_PREFIX_PATH} CMAKE_PREFIX_PATH=/home/zylyehuo/ROS2_learning/chapter4/chapt4_ws/install/chapt4_interfaces:/opt/ros/humble LD_LIBRARY_PATH=/home/zylyehuo/ROS2_learning/chapter4/chapt4_ws/install/chapt4_interfaces/lib:${LD_LIBRARY_PATH} PYTHONPATH=/home/zylyehuo/ROS2_learning/chapter4/chapt4_ws/install/chapt4_interfaces/local/lib/python3.10/dist-packages:${PYTHONPATH} /usr/bin/cmake --build /home/zylyehuo/ROS2_learning/chapter4/chapt4_ws/build/demo_cpp_service -- -j16 -l16
[0.416s] -- Found ament_cmake: 1.3.12 (/opt/ros/humble/share/ament_cmake/cmake)
[0.416s] -- Found chapt4_interfaces: 0.0.0 (/home/zylyehuo/ROS2_learning/chapter4/chapt4_ws/install/chapt4_interfaces/share/chapt4_interfaces/cmake)
[0.766s] -- Found rosidl_generator_c: 3.1.7 (/opt/ros/humble/share/rosidl_generator_c/cmake)
[0.770s] -- Found rosidl_adapter: 3.1.7 (/opt/ros/humble/share/rosidl_adapter/cmake)
[0.781s] -- Found rosidl_generator_cpp: 3.1.7 (/opt/ros/humble/share/rosidl_generator_cpp/cmake)
[0.796s] -- Using all available rosidl_typesupport_c: rosidl_typesupport_fastrtps_c;rosidl_typesupport_introspection_c
[0.814s] -- Using all available rosidl_typesupport_cpp: rosidl_typesupport_fastrtps_cpp;rosidl_typesupport_introspection_cpp
[0.895s] -- Found rclcpp: 16.0.16 (/opt/ros/humble/share/rclcpp/cmake)
[0.942s] -- Found rmw_implementation_cmake: 6.1.2 (/opt/ros/humble/share/rmw_implementation_cmake/cmake)
[0.945s] -- Found rmw_fastrtps_cpp: 6.2.9 (/opt/ros/humble/share/rmw_fastrtps_cpp/cmake)
[13.332s] -- Using RMW implementation 'rmw_fastrtps_cpp' as default
[13.381s] -- Found turtlesim: 1.4.3 (/opt/ros/humble/share/turtlesim/cmake)
[13.431s] -- Found ament_lint_auto: 0.12.14 (/opt/ros/humble/share/ament_lint_auto/cmake)
[13.492s] -- Added test 'cppcheck' to perform static code analysis on C / C++ code
[13.492s] -- Configured cppcheck include dirs: 
[13.492s] -- Configured cppcheck exclude dirs and/or files: 
[13.493s] -- Added test 'lint_cmake' to check CMake code style
[13.494s] -- Added test 'uncrustify' to check C / C++ code style
[13.494s] -- Configured uncrustify additional arguments: 
[13.495s] -- Added test 'xmllint' to check XML markup files
[13.496s] -- Configuring done
[13.522s] -- Generating done
[13.528s] -- Build files have been written to: /home/zylyehuo/ROS2_learning/chapter4/chapt4_ws/build/demo_cpp_service
[13.553s] [35m[1mConsolidate compiler generated dependencies of target turtle_control[0m
[13.553s] [35m[1mConsolidate compiler generated dependencies of target patrol_client[0m
[13.553s] [35m[1mConsolidate compiler generated dependencies of target turtle_control_param[0m
[13.560s] [ 12%] [32mBuilding CXX object CMakeFiles/turtle_control_param_callback.dir/src/turtle_control_param_callback.cpp.o[0m
[13.567s] [ 37%] Built target turtle_control
[13.567s] [ 62%] Built target patrol_client
[13.567s] [ 87%] Built target turtle_control_param
[20.607s] [100%] [32m[1mLinking CXX executable turtle_control_param_callback[0m
[21.245s] [100%] Built target turtle_control_param_callback
[21.254s] Invoked command in '/home/zylyehuo/ROS2_learning/chapter4/chapt4_ws/build/demo_cpp_service' returned '0': AMENT_PREFIX_PATH=/home/zylyehuo/ROS2_learning/chapter4/chapt4_ws/install/chapt4_interfaces:${AMENT_PREFIX_PATH} CMAKE_PREFIX_PATH=/home/zylyehuo/ROS2_learning/chapter4/chapt4_ws/install/chapt4_interfaces:/opt/ros/humble LD_LIBRARY_PATH=/home/zylyehuo/ROS2_learning/chapter4/chapt4_ws/install/chapt4_interfaces/lib:${LD_LIBRARY_PATH} PYTHONPATH=/home/zylyehuo/ROS2_learning/chapter4/chapt4_ws/install/chapt4_interfaces/local/lib/python3.10/dist-packages:${PYTHONPATH} /usr/bin/cmake --build /home/zylyehuo/ROS2_learning/chapter4/chapt4_ws/build/demo_cpp_service -- -j16 -l16
[21.256s] Invoking command in '/home/zylyehuo/ROS2_learning/chapter4/chapt4_ws/build/demo_cpp_service': AMENT_PREFIX_PATH=/home/zylyehuo/ROS2_learning/chapter4/chapt4_ws/install/chapt4_interfaces:${AMENT_PREFIX_PATH} CMAKE_PREFIX_PATH=/home/zylyehuo/ROS2_learning/chapter4/chapt4_ws/install/chapt4_interfaces:/opt/ros/humble LD_LIBRARY_PATH=/home/zylyehuo/ROS2_learning/chapter4/chapt4_ws/install/chapt4_interfaces/lib:${LD_LIBRARY_PATH} PYTHONPATH=/home/zylyehuo/ROS2_learning/chapter4/chapt4_ws/install/chapt4_interfaces/local/lib/python3.10/dist-packages:${PYTHONPATH} /usr/bin/cmake --install /home/zylyehuo/ROS2_learning/chapter4/chapt4_ws/build/demo_cpp_service
[21.261s] -- Install configuration: ""
[21.261s] -- Up-to-date: /home/zylyehuo/ROS2_learning/chapter4/chapt4_ws/install/demo_cpp_service/lib/demo_cpp_service/turtle_control
[21.261s] -- Up-to-date: /home/zylyehuo/ROS2_learning/chapter4/chapt4_ws/install/demo_cpp_service/lib/demo_cpp_service/patrol_client
[21.263s] -- Up-to-date: /home/zylyehuo/ROS2_learning/chapter4/chapt4_ws/install/demo_cpp_service/lib/demo_cpp_service/turtle_control_param
[21.263s] -- Installing: /home/zylyehuo/ROS2_learning/chapter4/chapt4_ws/install/demo_cpp_service/lib/demo_cpp_service/turtle_control_param_callback
[21.266s] -- Set runtime path of "/home/zylyehuo/ROS2_learning/chapter4/chapt4_ws/install/demo_cpp_service/lib/demo_cpp_service/turtle_control_param_callback" to ""
[21.266s] -- Up-to-date: /home/zylyehuo/ROS2_learning/chapter4/chapt4_ws/install/demo_cpp_service/share/ament_index/resource_index/package_run_dependencies/demo_cpp_service
[21.266s] -- Up-to-date: /home/zylyehuo/ROS2_learning/chapter4/chapt4_ws/install/demo_cpp_service/share/ament_index/resource_index/parent_prefix_path/demo_cpp_service
[21.266s] -- Up-to-date: /home/zylyehuo/ROS2_learning/chapter4/chapt4_ws/install/demo_cpp_service/share/demo_cpp_service/environment/ament_prefix_path.sh
[21.266s] -- Installing: /home/zylyehuo/ROS2_learning/chapter4/chapt4_ws/install/demo_cpp_service/share/demo_cpp_service/environment/ament_prefix_path.dsv
[21.266s] -- Up-to-date: /home/zylyehuo/ROS2_learning/chapter4/chapt4_ws/install/demo_cpp_service/share/demo_cpp_service/environment/path.sh
[21.266s] -- Installing: /home/zylyehuo/ROS2_learning/chapter4/chapt4_ws/install/demo_cpp_service/share/demo_cpp_service/environment/path.dsv
[21.267s] -- Up-to-date: /home/zylyehuo/ROS2_learning/chapter4/chapt4_ws/install/demo_cpp_service/share/demo_cpp_service/local_setup.bash
[21.267s] -- Up-to-date: /home/zylyehuo/ROS2_learning/chapter4/chapt4_ws/install/demo_cpp_service/share/demo_cpp_service/local_setup.sh
[21.267s] -- Up-to-date: /home/zylyehuo/ROS2_learning/chapter4/chapt4_ws/install/demo_cpp_service/share/demo_cpp_service/local_setup.zsh
[21.267s] -- Installing: /home/zylyehuo/ROS2_learning/chapter4/chapt4_ws/install/demo_cpp_service/share/demo_cpp_service/local_setup.dsv
[21.267s] -- Installing: /home/zylyehuo/ROS2_learning/chapter4/chapt4_ws/install/demo_cpp_service/share/demo_cpp_service/package.dsv
[21.267s] -- Up-to-date: /home/zylyehuo/ROS2_learning/chapter4/chapt4_ws/install/demo_cpp_service/share/ament_index/resource_index/packages/demo_cpp_service
[21.267s] -- Up-to-date: /home/zylyehuo/ROS2_learning/chapter4/chapt4_ws/install/demo_cpp_service/share/demo_cpp_service/cmake/demo_cpp_serviceConfig.cmake
[21.267s] -- Up-to-date: /home/zylyehuo/ROS2_learning/chapter4/chapt4_ws/install/demo_cpp_service/share/demo_cpp_service/cmake/demo_cpp_serviceConfig-version.cmake
[21.267s] -- Up-to-date: /home/zylyehuo/ROS2_learning/chapter4/chapt4_ws/install/demo_cpp_service/share/demo_cpp_service/package.xml
[21.269s] Invoked command in '/home/zylyehuo/ROS2_learning/chapter4/chapt4_ws/build/demo_cpp_service' returned '0': AMENT_PREFIX_PATH=/home/zylyehuo/ROS2_learning/chapter4/chapt4_ws/install/chapt4_interfaces:${AMENT_PREFIX_PATH} CMAKE_PREFIX_PATH=/home/zylyehuo/ROS2_learning/chapter4/chapt4_ws/install/chapt4_interfaces:/opt/ros/humble LD_LIBRARY_PATH=/home/zylyehuo/ROS2_learning/chapter4/chapt4_ws/install/chapt4_interfaces/lib:${LD_LIBRARY_PATH} PYTHONPATH=/home/zylyehuo/ROS2_learning/chapter4/chapt4_ws/install/chapt4_interfaces/local/lib/python3.10/dist-packages:${PYTHONPATH} /usr/bin/cmake --install /home/zylyehuo/ROS2_learning/chapter4/chapt4_ws/build/demo_cpp_service
