[0.085s] Invoking command in '/home/zylyehuo/ROS2_learning/chapter5/chapt5_ws/build/demo_cpp_tf': CMAKE_PREFIX_PATH=${CMAKE_PREFIX_PATH}:/home/zylyehuo/ROS2_learning/chapter5/chapt5_ws/install/demo_python_tf:/opt/ros/humble /usr/bin/cmake --build /home/zylyehuo/ROS2_learning/chapter5/chapt5_ws/build/demo_cpp_tf -- -j16 -l16
[0.728s] -- Found ament_cmake: 1.3.12 (/opt/ros/humble/share/ament_cmake/cmake)
[1.200s] -- Found rclcpp: 16.0.16 (/opt/ros/humble/share/rclcpp/cmake)
[1.939s] -- Found rosidl_generator_c: 3.1.7 (/opt/ros/humble/share/rosidl_generator_c/cmake)
[1.974s] -- Found rosidl_adapter: 3.1.7 (/opt/ros/humble/share/rosidl_adapter/cmake)
[2.056s] -- Found rosidl_generator_cpp: 3.1.7 (/opt/ros/humble/share/rosidl_generator_cpp/cmake)
[2.164s] -- Using all available rosidl_typesupport_c: rosidl_typesupport_fastrtps_c;rosidl_typesupport_introspection_c
[2.277s] -- Using all available rosidl_typesupport_cpp: rosidl_typesupport_fastrtps_cpp;rosidl_typesupport_introspection_cpp
[2.613s] -- Found rmw_implementation_cmake: 6.1.2 (/opt/ros/humble/share/rmw_implementation_cmake/cmake)
[2.639s] -- Found rmw_fastrtps_cpp: 6.2.9 (/opt/ros/humble/share/rmw_fastrtps_cpp/cmake)
[11.176s] -- Using RMW implementation 'rmw_fastrtps_cpp' as default
[11.567s] -- Found tf2_ros: 0.25.17 (/opt/ros/humble/share/tf2_ros/cmake)
[12.312s] -- Found tf2_geometry_msgs: 0.25.17 (/opt/ros/humble/share/tf2_geometry_msgs/cmake)
[12.358s] -- Found eigen3_cmake_module: 0.1.1 (/opt/ros/humble/share/eigen3_cmake_module/cmake)
[12.369s] -- Ensuring Eigen3 include directory is part of orocos-kdl CMake target
[12.373s] -- Found ament_lint_auto: 0.12.14 (/opt/ros/humble/share/ament_lint_auto/cmake)
[12.589s] -- Added test 'cppcheck' to perform static code analysis on C / C++ code
[12.589s] -- Configured cppcheck include dirs: 
[12.589s] -- Configured cppcheck exclude dirs and/or files: 
[12.593s] -- Added test 'lint_cmake' to check CMake code style
[12.599s] -- Added test 'uncrustify' to check C / C++ code style
[12.599s] -- Configured uncrustify additional arguments: 
[12.603s] -- Added test 'xmllint' to check XML markup files
[12.619s] -- Configuring done
[12.690s] -- Generating done
[12.699s] -- Build files have been written to: /home/zylyehuo/ROS2_learning/chapter5/chapt5_ws/build/demo_cpp_tf
[12.766s] [ 25%] [32mBuilding CXX object CMakeFiles/dynamic_tf_broadcaster.dir/src/dynamic_tf_broadcaster.cpp.o[0m
[12.769s] [35m[1mConsolidate compiler generated dependencies of target static_tf_broadcaster[0m
[12.785s] [ 50%] [32mBuilding CXX object CMakeFiles/static_tf_broadcaster.dir/src/static_tf_broadcaster.cpp.o[0m
[19.053s] [ 75%] [32m[1mLinking CXX executable static_tf_broadcaster[0m
[19.059s] [100%] [32m[1mLinking CXX executable dynamic_tf_broadcaster[0m
[20.308s] [100%] Built target static_tf_broadcaster
[20.309s] [100%] Built target dynamic_tf_broadcaster
[20.318s] Invoked command in '/home/zylyehuo/ROS2_learning/chapter5/chapt5_ws/build/demo_cpp_tf' returned '0': CMAKE_PREFIX_PATH=${CMAKE_PREFIX_PATH}:/home/zylyehuo/ROS2_learning/chapter5/chapt5_ws/install/demo_python_tf:/opt/ros/humble /usr/bin/cmake --build /home/zylyehuo/ROS2_learning/chapter5/chapt5_ws/build/demo_cpp_tf -- -j16 -l16
[20.326s] Invoking command in '/home/zylyehuo/ROS2_learning/chapter5/chapt5_ws/build/demo_cpp_tf': CMAKE_PREFIX_PATH=${CMAKE_PREFIX_PATH}:/home/zylyehuo/ROS2_learning/chapter5/chapt5_ws/install/demo_python_tf:/opt/ros/humble /usr/bin/cmake --install /home/zylyehuo/ROS2_learning/chapter5/chapt5_ws/build/demo_cpp_tf
[20.330s] -- Install configuration: ""
[20.337s] -- Installing: /home/zylyehuo/ROS2_learning/chapter5/chapt5_ws/install/demo_cpp_tf/lib/demo_cpp_tf/static_tf_broadcaster
[20.338s] -- Set runtime path of "/home/zylyehuo/ROS2_learning/chapter5/chapt5_ws/install/demo_cpp_tf/lib/demo_cpp_tf/static_tf_broadcaster" to ""
[20.338s] -- Installing: /home/zylyehuo/ROS2_learning/chapter5/chapt5_ws/install/demo_cpp_tf/lib/demo_cpp_tf/dynamic_tf_broadcaster
[20.339s] -- Set runtime path of "/home/zylyehuo/ROS2_learning/chapter5/chapt5_ws/install/demo_cpp_tf/lib/demo_cpp_tf/dynamic_tf_broadcaster" to ""
[20.339s] -- Up-to-date: /home/zylyehuo/ROS2_learning/chapter5/chapt5_ws/install/demo_cpp_tf/share/ament_index/resource_index/package_run_dependencies/demo_cpp_tf
[20.339s] -- Installing: /home/zylyehuo/ROS2_learning/chapter5/chapt5_ws/install/demo_cpp_tf/share/ament_index/resource_index/parent_prefix_path/demo_cpp_tf
[20.339s] -- Up-to-date: /home/zylyehuo/ROS2_learning/chapter5/chapt5_ws/install/demo_cpp_tf/share/demo_cpp_tf/environment/ament_prefix_path.sh
[20.339s] -- Installing: /home/zylyehuo/ROS2_learning/chapter5/chapt5_ws/install/demo_cpp_tf/share/demo_cpp_tf/environment/ament_prefix_path.dsv
[20.339s] -- Up-to-date: /home/zylyehuo/ROS2_learning/chapter5/chapt5_ws/install/demo_cpp_tf/share/demo_cpp_tf/environment/path.sh
[20.339s] -- Installing: /home/zylyehuo/ROS2_learning/chapter5/chapt5_ws/install/demo_cpp_tf/share/demo_cpp_tf/environment/path.dsv
[20.340s] -- Up-to-date: /home/zylyehuo/ROS2_learning/chapter5/chapt5_ws/install/demo_cpp_tf/share/demo_cpp_tf/local_setup.bash
[20.340s] -- Up-to-date: /home/zylyehuo/ROS2_learning/chapter5/chapt5_ws/install/demo_cpp_tf/share/demo_cpp_tf/local_setup.sh
[20.340s] -- Up-to-date: /home/zylyehuo/ROS2_learning/chapter5/chapt5_ws/install/demo_cpp_tf/share/demo_cpp_tf/local_setup.zsh
[20.340s] -- Installing: /home/zylyehuo/ROS2_learning/chapter5/chapt5_ws/install/demo_cpp_tf/share/demo_cpp_tf/local_setup.dsv
[20.340s] -- Installing: /home/zylyehuo/ROS2_learning/chapter5/chapt5_ws/install/demo_cpp_tf/share/demo_cpp_tf/package.dsv
[20.340s] -- Up-to-date: /home/zylyehuo/ROS2_learning/chapter5/chapt5_ws/install/demo_cpp_tf/share/ament_index/resource_index/packages/demo_cpp_tf
[20.340s] -- Up-to-date: /home/zylyehuo/ROS2_learning/chapter5/chapt5_ws/install/demo_cpp_tf/share/demo_cpp_tf/cmake/demo_cpp_tfConfig.cmake
[20.340s] -- Up-to-date: /home/zylyehuo/ROS2_learning/chapter5/chapt5_ws/install/demo_cpp_tf/share/demo_cpp_tf/cmake/demo_cpp_tfConfig-version.cmake
[20.340s] -- Up-to-date: /home/zylyehuo/ROS2_learning/chapter5/chapt5_ws/install/demo_cpp_tf/share/demo_cpp_tf/package.xml
[20.342s] Invoked command in '/home/zylyehuo/ROS2_learning/chapter5/chapt5_ws/build/demo_cpp_tf' returned '0': CMAKE_PREFIX_PATH=${CMAKE_PREFIX_PATH}:/home/zylyehuo/ROS2_learning/chapter5/chapt5_ws/install/demo_python_tf:/opt/ros/humble /usr/bin/cmake --install /home/zylyehuo/ROS2_learning/chapter5/chapt5_ws/build/demo_cpp_tf
