-- Found ament_cmake: 1.3.12 (/opt/ros/humble/share/ament_cmake/cmake)
-- Found ament_lint_auto: 0.12.14 (/opt/ros/humble/share/ament_lint_auto/cmake)
-- Added test 'flake8' to check Python code syntax and style conventions
-- Added test 'lint_cmake' to check CMake code style
-- Added test 'pep257' to check Python code against some of the docstring style conventions in PEP 257
-- Added test 'xmllint' to check XML markup files
-- Configuring done
-- Generating done
-- Build files have been written to: /home/zylyehuo/ROS2_learning/chapter6/chapt6_ws/build/robot_description2
-- Install configuration: ""
-- Up-to-date: /home/zylyehuo/ROS2_learning/chapter6/chapt6_ws/install/robot_description2/share/robot_description2/launch
-- Installing: /home/zylyehuo/ROS2_learning/chapter6/chapt6_ws/install/robot_description2/share/robot_description2/launch/gazebo_sim.launch.py
-- Installing: /home/zylyehuo/ROS2_learning/chapter6/chapt6_ws/install/robot_description2/share/robot_description2/launch/xacro_display_robot.launch.py
-- Up-to-date: /home/zylyehuo/ROS2_learning/chapter6/chapt6_ws/install/robot_description2/share/robot_description2/urdf
-- Up-to-date: /home/zylyehuo/ROS2_learning/chapter6/chapt6_ws/install/robot_description2/share/robot_description2/urdf/xacro.md
-- Up-to-date: /home/zylyehuo/ROS2_learning/chapter6/chapt6_ws/install/robot_description2/share/robot_description2/urdf/robot
-- Up-to-date: /home/zylyehuo/ROS2_learning/chapter6/chapt6_ws/install/robot_description2/share/robot_description2/urdf/robot/sensor
-- Up-to-date: /home/zylyehuo/ROS2_learning/chapter6/chapt6_ws/install/robot_description2/share/robot_description2/urdf/robot/sensor/laser.urdf.xacro
-- Up-to-date: /home/zylyehuo/ROS2_learning/chapter6/chapt6_ws/install/robot_description2/share/robot_description2/urdf/robot/sensor/imu.urdf.xacro
-- Up-to-date: /home/zylyehuo/ROS2_learning/chapter6/chapt6_ws/install/robot_description2/share/robot_description2/urdf/robot/sensor/camera.urdf.xacro
-- Up-to-date: /home/zylyehuo/ROS2_learning/chapter6/chapt6_ws/install/robot_description2/share/robot_description2/urdf/robot/robot.urdf.xacro
-- Up-to-date: /home/zylyehuo/ROS2_learning/chapter6/chapt6_ws/install/robot_description2/share/robot_description2/urdf/robot/base.urdf.xacro
-- Up-to-date: /home/zylyehuo/ROS2_learning/chapter6/chapt6_ws/install/robot_description2/share/robot_description2/urdf/robot/actuator
-- Up-to-date: /home/zylyehuo/ROS2_learning/chapter6/chapt6_ws/install/robot_description2/share/robot_description2/urdf/robot/actuator/wheel.urdf.xacro
-- Up-to-date: /home/zylyehuo/ROS2_learning/chapter6/chapt6_ws/install/robot_description2/share/robot_description2/urdf/robot/actuator/caster.urdf.xacro
-- Up-to-date: /home/zylyehuo/ROS2_learning/chapter6/chapt6_ws/install/robot_description2/share/robot_description2/urdf/robot/common_inertia.xacro
-- Up-to-date: /home/zylyehuo/ROS2_learning/chapter6/chapt6_ws/install/robot_description2/share/robot_description2/urdf/urdf.md
-- Up-to-date: /home/zylyehuo/ROS2_learning/chapter6/chapt6_ws/install/robot_description2/share/robot_description2/config
-- Installing: /home/zylyehuo/ROS2_learning/chapter6/chapt6_ws/install/robot_description2/share/robot_description2/config/display_robot_model.rviz
-- Installing: /home/zylyehuo/ROS2_learning/chapter6/chapt6_ws/install/robot_description2/share/robot_description2/world
-- Installing: /home/zylyehuo/ROS2_learning/chapter6/chapt6_ws/install/robot_description2/share/robot_description2/world/custom_room.world
-- Installing: /home/zylyehuo/ROS2_learning/chapter6/chapt6_ws/install/robot_description2/share/robot_description2/world/room
-- Installing: /home/zylyehuo/ROS2_learning/chapter6/chapt6_ws/install/robot_description2/share/robot_description2/world/room/model.config
-- Installing: /home/zylyehuo/ROS2_learning/chapter6/chapt6_ws/install/robot_description2/share/robot_description2/world/room/model.sdf
-- Up-to-date: /home/zylyehuo/ROS2_learning/chapter6/chapt6_ws/install/robot_description2/share/ament_index/resource_index/package_run_dependencies/robot_description2
-- Installing: /home/zylyehuo/ROS2_learning/chapter6/chapt6_ws/install/robot_description2/share/ament_index/resource_index/parent_prefix_path/robot_description2
-- Up-to-date: /home/zylyehuo/ROS2_learning/chapter6/chapt6_ws/install/robot_description2/share/robot_description2/environment/ament_prefix_path.sh
-- Installing: /home/zylyehuo/ROS2_learning/chapter6/chapt6_ws/install/robot_description2/share/robot_description2/environment/ament_prefix_path.dsv
-- Up-to-date: /home/zylyehuo/ROS2_learning/chapter6/chapt6_ws/install/robot_description2/share/robot_description2/environment/path.sh
-- Installing: /home/zylyehuo/ROS2_learning/chapter6/chapt6_ws/install/robot_description2/share/robot_description2/environment/path.dsv
-- Up-to-date: /home/zylyehuo/ROS2_learning/chapter6/chapt6_ws/install/robot_description2/share/robot_description2/local_setup.bash
-- Up-to-date: /home/zylyehuo/ROS2_learning/chapter6/chapt6_ws/install/robot_description2/share/robot_description2/local_setup.sh
-- Up-to-date: /home/zylyehuo/ROS2_learning/chapter6/chapt6_ws/install/robot_description2/share/robot_description2/local_setup.zsh
-- Installing: /home/zylyehuo/ROS2_learning/chapter6/chapt6_ws/install/robot_description2/share/robot_description2/local_setup.dsv
-- Installing: /home/zylyehuo/ROS2_learning/chapter6/chapt6_ws/install/robot_description2/share/robot_description2/package.dsv
-- Up-to-date: /home/zylyehuo/ROS2_learning/chapter6/chapt6_ws/install/robot_description2/share/ament_index/resource_index/packages/robot_description2
-- Up-to-date: /home/zylyehuo/ROS2_learning/chapter6/chapt6_ws/install/robot_description2/share/robot_description2/cmake/robot_description2Config.cmake
-- Up-to-date: /home/zylyehuo/ROS2_learning/chapter6/chapt6_ws/install/robot_description2/share/robot_description2/cmake/robot_description2Config-version.cmake
-- Up-to-date: /home/zylyehuo/ROS2_learning/chapter6/chapt6_ws/install/robot_description2/share/robot_description2/package.xml
