[0.988s] Invoking command in '/home/zylyehuo/ROS2_learning/chapter4/chapt4_ws/src/demo_python_service': AMENT_PREFIX_PATH=/home/zylyehuo/ROS2_learning/chapter4/chapt4_ws/install/chapt4_interfaces:${AMENT_PREFIX_PATH} CMAKE_PREFIX_PATH=/home/zylyehuo/ROS2_learning/chapter4/chapt4_ws/install/chapt4_interfaces LD_LIBRARY_PATH=/home/zylyehuo/ROS2_learning/chapter4/chapt4_ws/install/chapt4_interfaces/lib:${LD_LIBRARY_PATH} PYTHONPATH=/home/zylyehuo/ROS2_learning/chapter4/chapt4_ws/build/demo_python_service/prefix_override:/usr/lib/python3/dist-packages/colcon_core/task/python/colcon_distutils_commands:/home/zylyehuo/ROS2_learning/chapter4/chapt4_ws/install/demo_python_service/lib/python3.10/site-packages:/home/zylyehuo/ROS2_learning/chapter4/chapt4_ws/install/chapt4_interfaces/local/lib/python3.10/dist-packages:${PYTHONPATH} /usr/bin/python3 -W ignore:setup.py install is deprecated -W ignore:easy_install command is deprecated setup.py egg_info --egg-base ../../build/demo_python_service build --build-base /home/zylyehuo/ROS2_learning/chapter4/chapt4_ws/build/demo_python_service/build install --record /home/zylyehuo/ROS2_learning/chapter4/chapt4_ws/build/demo_python_service/install.log --single-version-externally-managed install_data
[1.172s] running egg_info
[1.173s] writing ../../build/demo_python_service/demo_python_service.egg-info/PKG-INFO
[1.173s] writing dependency_links to ../../build/demo_python_service/demo_python_service.egg-info/dependency_links.txt
[1.173s] writing entry points to ../../build/demo_python_service/demo_python_service.egg-info/entry_points.txt
[1.173s] writing requirements to ../../build/demo_python_service/demo_python_service.egg-info/requires.txt
[1.173s] writing top-level names to ../../build/demo_python_service/demo_python_service.egg-info/top_level.txt
[1.175s] reading manifest file '../../build/demo_python_service/demo_python_service.egg-info/SOURCES.txt'
[1.176s] adding license file 'LICENSE'
[1.176s] writing manifest file '../../build/demo_python_service/demo_python_service.egg-info/SOURCES.txt'
[1.177s] running build
[1.177s] running build_py
[1.177s] running install
[1.178s] running install_lib
[1.179s] running install_data
[1.179s] creating /home/zylyehuo/ROS2_learning/chapter4/chapt4_ws/install/demo_python_service/share/demo_python_service/launch
[1.180s] running install_egg_info
[1.181s] removing '/home/zylyehuo/ROS2_learning/chapter4/chapt4_ws/install/demo_python_service/lib/python3.10/site-packages/demo_python_service-0.0.0-py3.10.egg-info' (and everything under it)
[1.182s] Copying ../../build/demo_python_service/demo_python_service.egg-info to /home/zylyehuo/ROS2_learning/chapter4/chapt4_ws/install/demo_python_service/lib/python3.10/site-packages/demo_python_service-0.0.0-py3.10.egg-info
[1.183s] running install_scripts
[1.203s] Installing face_detect_client_callback_node script to /home/zylyehuo/ROS2_learning/chapter4/chapt4_ws/install/demo_python_service/lib/demo_python_service
[1.203s] Installing face_detect_client_node script to /home/zylyehuo/ROS2_learning/chapter4/chapt4_ws/install/demo_python_service/lib/demo_python_service
[1.205s] Installing face_detect_node script to /home/zylyehuo/ROS2_learning/chapter4/chapt4_ws/install/demo_python_service/lib/demo_python_service
[1.206s] Installing face_detect_param_callback_node script to /home/zylyehuo/ROS2_learning/chapter4/chapt4_ws/install/demo_python_service/lib/demo_python_service
[1.206s] Installing face_detect_param_node script to /home/zylyehuo/ROS2_learning/chapter4/chapt4_ws/install/demo_python_service/lib/demo_python_service
[1.206s] Installing learn_face_detect script to /home/zylyehuo/ROS2_learning/chapter4/chapt4_ws/install/demo_python_service/lib/demo_python_service
[1.206s] writing list of installed files to '/home/zylyehuo/ROS2_learning/chapter4/chapt4_ws/build/demo_python_service/install.log'
[1.230s] Invoked command in '/home/zylyehuo/ROS2_learning/chapter4/chapt4_ws/src/demo_python_service' returned '0': AMENT_PREFIX_PATH=/home/zylyehuo/ROS2_learning/chapter4/chapt4_ws/install/chapt4_interfaces:${AMENT_PREFIX_PATH} CMAKE_PREFIX_PATH=/home/zylyehuo/ROS2_learning/chapter4/chapt4_ws/install/chapt4_interfaces LD_LIBRARY_PATH=/home/zylyehuo/ROS2_learning/chapter4/chapt4_ws/install/chapt4_interfaces/lib:${LD_LIBRARY_PATH} PYTHONPATH=/home/zylyehuo/ROS2_learning/chapter4/chapt4_ws/build/demo_python_service/prefix_override:/usr/lib/python3/dist-packages/colcon_core/task/python/colcon_distutils_commands:/home/zylyehuo/ROS2_learning/chapter4/chapt4_ws/install/demo_python_service/lib/python3.10/site-packages:/home/zylyehuo/ROS2_learning/chapter4/chapt4_ws/install/chapt4_interfaces/local/lib/python3.10/dist-packages:${PYTHONPATH} /usr/bin/python3 -W ignore:setup.py install is deprecated -W ignore:easy_install command is deprecated setup.py egg_info --egg-base ../../build/demo_python_service build --build-base /home/zylyehuo/ROS2_learning/chapter4/chapt4_ws/build/demo_python_service/build install --record /home/zylyehuo/ROS2_learning/chapter4/chapt4_ws/build/demo_python_service/install.log --single-version-externally-managed install_data
