[1.043s] Invoking command in '/home/zylyehuo/ROS2_learning/chapter4/chapt4_ws/src/demo_python_service': CMAKE_PREFIX_PATH=/home/zylyehuo/ROS2_learning/chapter4/chapt4_ws/install/chapt4_interfaces:/home/zylyehuo/ROS2_learning/chapter4/chapt4_ws/install/demo_cpp_service PYTHONPATH=/home/zylyehuo/ROS2_learning/chapter4/chapt4_ws/build/demo_python_service/prefix_override:/usr/lib/python3/dist-packages/colcon_core/task/python/colcon_distutils_commands:/home/zylyehuo/ROS2_learning/chapter4/chapt4_ws/install/demo_python_service/lib/python3.10/site-packages:${PYTHONPATH} /usr/bin/python3 -W ignore:setup.py install is deprecated -W ignore:easy_install command is deprecated setup.py egg_info --egg-base ../../build/demo_python_service build --build-base /home/zylyehuo/ROS2_learning/chapter4/chapt4_ws/build/demo_python_service/build install --record /home/zylyehuo/ROS2_learning/chapter4/chapt4_ws/build/demo_python_service/install.log --single-version-externally-managed install_data
[1.252s] running egg_info
[1.252s] writing ../../build/demo_python_service/demo_python_service.egg-info/PKG-INFO
[1.252s] writing dependency_links to ../../build/demo_python_service/demo_python_service.egg-info/dependency_links.txt
[1.252s] writing entry points to ../../build/demo_python_service/demo_python_service.egg-info/entry_points.txt
[1.253s] writing requirements to ../../build/demo_python_service/demo_python_service.egg-info/requires.txt
[1.253s] writing top-level names to ../../build/demo_python_service/demo_python_service.egg-info/top_level.txt
[1.254s] reading manifest file '../../build/demo_python_service/demo_python_service.egg-info/SOURCES.txt'
[1.255s] adding license file 'LICENSE'
[1.255s] writing manifest file '../../build/demo_python_service/demo_python_service.egg-info/SOURCES.txt'
[1.255s] running build
[1.255s] running build_py
[1.256s] copying demo_python_service/face_detect_client_callback_node.py -> /home/zylyehuo/ROS2_learning/chapter4/chapt4_ws/build/demo_python_service/build/lib/demo_python_service
[1.256s] running install
[1.256s] running install_lib
[1.257s] copying /home/zylyehuo/ROS2_learning/chapter4/chapt4_ws/build/demo_python_service/build/lib/demo_python_service/face_detect_client_callback_node.py -> /home/zylyehuo/ROS2_learning/chapter4/chapt4_ws/install/demo_python_service/lib/python3.10/site-packages/demo_python_service
[1.257s] byte-compiling /home/zylyehuo/ROS2_learning/chapter4/chapt4_ws/install/demo_python_service/lib/python3.10/site-packages/demo_python_service/face_detect_client_callback_node.py to face_detect_client_callback_node.cpython-310.pyc
[1.258s] running install_data
[1.259s] running install_egg_info
[1.260s] removing '/home/zylyehuo/ROS2_learning/chapter4/chapt4_ws/install/demo_python_service/lib/python3.10/site-packages/demo_python_service-0.0.0-py3.10.egg-info' (and everything under it)
[1.260s] Copying ../../build/demo_python_service/demo_python_service.egg-info to /home/zylyehuo/ROS2_learning/chapter4/chapt4_ws/install/demo_python_service/lib/python3.10/site-packages/demo_python_service-0.0.0-py3.10.egg-info
[1.262s] running install_scripts
[1.285s] Installing face_detect_client_callback_node script to /home/zylyehuo/ROS2_learning/chapter4/chapt4_ws/install/demo_python_service/lib/demo_python_service
[1.285s] Installing face_detect_client_node script to /home/zylyehuo/ROS2_learning/chapter4/chapt4_ws/install/demo_python_service/lib/demo_python_service
[1.285s] Installing face_detect_node script to /home/zylyehuo/ROS2_learning/chapter4/chapt4_ws/install/demo_python_service/lib/demo_python_service
[1.286s] Installing face_detect_param_callback_node script to /home/zylyehuo/ROS2_learning/chapter4/chapt4_ws/install/demo_python_service/lib/demo_python_service
[1.286s] Installing face_detect_param_node script to /home/zylyehuo/ROS2_learning/chapter4/chapt4_ws/install/demo_python_service/lib/demo_python_service
[1.286s] Installing learn_face_detect script to /home/zylyehuo/ROS2_learning/chapter4/chapt4_ws/install/demo_python_service/lib/demo_python_service
[1.287s] writing list of installed files to '/home/zylyehuo/ROS2_learning/chapter4/chapt4_ws/build/demo_python_service/install.log'
[1.313s] Invoked command in '/home/zylyehuo/ROS2_learning/chapter4/chapt4_ws/src/demo_python_service' returned '0': CMAKE_PREFIX_PATH=/home/zylyehuo/ROS2_learning/chapter4/chapt4_ws/install/chapt4_interfaces:/home/zylyehuo/ROS2_learning/chapter4/chapt4_ws/install/demo_cpp_service PYTHONPATH=/home/zylyehuo/ROS2_learning/chapter4/chapt4_ws/build/demo_python_service/prefix_override:/usr/lib/python3/dist-packages/colcon_core/task/python/colcon_distutils_commands:/home/zylyehuo/ROS2_learning/chapter4/chapt4_ws/install/demo_python_service/lib/python3.10/site-packages:${PYTHONPATH} /usr/bin/python3 -W ignore:setup.py install is deprecated -W ignore:easy_install command is deprecated setup.py egg_info --egg-base ../../build/demo_python_service build --build-base /home/zylyehuo/ROS2_learning/chapter4/chapt4_ws/build/demo_python_service/build install --record /home/zylyehuo/ROS2_learning/chapter4/chapt4_ws/build/demo_python_service/install.log --single-version-externally-managed install_data
