[0.015s] Invoking command in '/home/zylyehuo/ROS2_learning/chapter3/topic_ws/build/demo_cpp_topic': CMAKE_PREFIX_PATH=${CMAKE_PREFIX_PATH}:/home/zylyehuo/ROS2_learning/chapter3/topic_ws/install/demo_python_topic:/opt/ros/humble /usr/bin/cmake --build /home/zylyehuo/ROS2_learning/chapter3/topic_ws/build/demo_cpp_topic -- -j16 -l16
[0.035s] -- Found ament_cmake: 1.3.12 (/opt/ros/humble/share/ament_cmake/cmake)
[0.139s] -- Found rclcpp: 16.0.16 (/opt/ros/humble/share/rclcpp/cmake)
[0.488s] -- Found rosidl_generator_c: 3.1.7 (/opt/ros/humble/share/rosidl_generator_c/cmake)
[0.490s] -- Found rosidl_adapter: 3.1.7 (/opt/ros/humble/share/rosidl_adapter/cmake)
[0.495s] -- Found rosidl_generator_cpp: 3.1.7 (/opt/ros/humble/share/rosidl_generator_cpp/cmake)
[0.502s] -- Using all available rosidl_typesupport_c: rosidl_typesupport_fastrtps_c;rosidl_typesupport_introspection_c
[0.512s] -- Using all available rosidl_typesupport_cpp: rosidl_typesupport_fastrtps_cpp;rosidl_typesupport_introspection_cpp
[0.538s] -- Found rmw_implementation_cmake: 6.1.2 (/opt/ros/humble/share/rmw_implementation_cmake/cmake)
[0.539s] -- Found rmw_fastrtps_cpp: 6.2.9 (/opt/ros/humble/share/rmw_fastrtps_cpp/cmake)
[13.752s] -- Using RMW implementation 'rmw_fastrtps_cpp' as default
[13.788s] -- Found geometry_msgs: 4.9.0 (/opt/ros/humble/share/geometry_msgs/cmake)
[13.798s] -- Found turtlesim: 1.4.3 (/opt/ros/humble/share/turtlesim/cmake)
[13.826s] -- Found ament_lint_auto: 0.12.14 (/opt/ros/humble/share/ament_lint_auto/cmake)
[13.882s] -- Added test 'cppcheck' to perform static code analysis on C / C++ code
[13.882s] -- Configured cppcheck include dirs: 
[13.882s] -- Configured cppcheck exclude dirs and/or files: 
[13.882s] -- Added test 'lint_cmake' to check CMake code style
[13.883s] -- Added test 'uncrustify' to check C / C++ code style
[13.883s] -- Configured uncrustify additional arguments: 
[13.883s] -- Added test 'xmllint' to check XML markup files
[13.884s] -- Configuring done
[13.896s] -- Generating done
[13.901s] -- Build files have been written to: /home/zylyehuo/ROS2_learning/chapter3/topic_ws/build/demo_cpp_topic
[13.927s] [35m[1mConsolidate compiler generated dependencies of target turtle_circle[0m
[13.935s] [ 25%] [32mBuilding CXX object CMakeFiles/turtle_control.dir/src/turtle_circle.cpp.o[0m
[13.940s] [ 75%] Built target turtle_circle
[17.538s] [100%] [32m[1mLinking CXX executable turtle_control[0m
[17.955s] [100%] Built target turtle_control
[17.967s] Invoked command in '/home/zylyehuo/ROS2_learning/chapter3/topic_ws/build/demo_cpp_topic' returned '0': CMAKE_PREFIX_PATH=${CMAKE_PREFIX_PATH}:/home/zylyehuo/ROS2_learning/chapter3/topic_ws/install/demo_python_topic:/opt/ros/humble /usr/bin/cmake --build /home/zylyehuo/ROS2_learning/chapter3/topic_ws/build/demo_cpp_topic -- -j16 -l16
[17.974s] Invoking command in '/home/zylyehuo/ROS2_learning/chapter3/topic_ws/build/demo_cpp_topic': CMAKE_PREFIX_PATH=${CMAKE_PREFIX_PATH}:/home/zylyehuo/ROS2_learning/chapter3/topic_ws/install/demo_python_topic:/opt/ros/humble /usr/bin/cmake --install /home/zylyehuo/ROS2_learning/chapter3/topic_ws/build/demo_cpp_topic
[17.980s] -- Install configuration: ""
[17.981s] -- Up-to-date: /home/zylyehuo/ROS2_learning/chapter3/topic_ws/install/demo_cpp_topic/lib/demo_cpp_topic/turtle_circle
[17.981s] -- Installing: /home/zylyehuo/ROS2_learning/chapter3/topic_ws/install/demo_cpp_topic/lib/demo_cpp_topic/turtle_control
[17.981s] -- Set runtime path of "/home/zylyehuo/ROS2_learning/chapter3/topic_ws/install/demo_cpp_topic/lib/demo_cpp_topic/turtle_control" to ""
[17.982s] -- Up-to-date: /home/zylyehuo/ROS2_learning/chapter3/topic_ws/install/demo_cpp_topic/share/ament_index/resource_index/package_run_dependencies/demo_cpp_topic
[17.982s] -- Installing: /home/zylyehuo/ROS2_learning/chapter3/topic_ws/install/demo_cpp_topic/share/ament_index/resource_index/parent_prefix_path/demo_cpp_topic
[17.982s] -- Up-to-date: /home/zylyehuo/ROS2_learning/chapter3/topic_ws/install/demo_cpp_topic/share/demo_cpp_topic/environment/ament_prefix_path.sh
[17.982s] -- Installing: /home/zylyehuo/ROS2_learning/chapter3/topic_ws/install/demo_cpp_topic/share/demo_cpp_topic/environment/ament_prefix_path.dsv
[17.982s] -- Up-to-date: /home/zylyehuo/ROS2_learning/chapter3/topic_ws/install/demo_cpp_topic/share/demo_cpp_topic/environment/path.sh
[17.982s] -- Installing: /home/zylyehuo/ROS2_learning/chapter3/topic_ws/install/demo_cpp_topic/share/demo_cpp_topic/environment/path.dsv
[17.982s] -- Up-to-date: /home/zylyehuo/ROS2_learning/chapter3/topic_ws/install/demo_cpp_topic/share/demo_cpp_topic/local_setup.bash
[17.982s] -- Up-to-date: /home/zylyehuo/ROS2_learning/chapter3/topic_ws/install/demo_cpp_topic/share/demo_cpp_topic/local_setup.sh
[17.983s] -- Up-to-date: /home/zylyehuo/ROS2_learning/chapter3/topic_ws/install/demo_cpp_topic/share/demo_cpp_topic/local_setup.zsh
[17.983s] -- Installing: /home/zylyehuo/ROS2_learning/chapter3/topic_ws/install/demo_cpp_topic/share/demo_cpp_topic/local_setup.dsv
[17.983s] -- Installing: /home/zylyehuo/ROS2_learning/chapter3/topic_ws/install/demo_cpp_topic/share/demo_cpp_topic/package.dsv
[17.983s] -- Up-to-date: /home/zylyehuo/ROS2_learning/chapter3/topic_ws/install/demo_cpp_topic/share/ament_index/resource_index/packages/demo_cpp_topic
[17.983s] -- Up-to-date: /home/zylyehuo/ROS2_learning/chapter3/topic_ws/install/demo_cpp_topic/share/demo_cpp_topic/cmake/demo_cpp_topicConfig.cmake
[17.983s] -- Up-to-date: /home/zylyehuo/ROS2_learning/chapter3/topic_ws/install/demo_cpp_topic/share/demo_cpp_topic/cmake/demo_cpp_topicConfig-version.cmake
[17.983s] -- Up-to-date: /home/zylyehuo/ROS2_learning/chapter3/topic_ws/install/demo_cpp_topic/share/demo_cpp_topic/package.xml
[17.984s] Invoked command in '/home/zylyehuo/ROS2_learning/chapter3/topic_ws/build/demo_cpp_topic' returned '0': CMAKE_PREFIX_PATH=${CMAKE_PREFIX_PATH}:/home/zylyehuo/ROS2_learning/chapter3/topic_ws/install/demo_python_topic:/opt/ros/humble /usr/bin/cmake --install /home/zylyehuo/ROS2_learning/chapter3/topic_ws/build/demo_cpp_topic
