[0.909s] Invoking command in '/home/zylyehuo/ROS2_learning/chapter3/topic_practice_ws/src/status_publisher': PYTHONPATH=/home/zylyehuo/ROS2_learning/chapter3/topic_practice_ws/build/status_publisher/prefix_override:/usr/lib/python3/dist-packages/colcon_core/task/python/colcon_distutils_commands:/home/zylyehuo/ROS2_learning/chapter3/topic_practice_ws/install/status_publisher/lib/python3.10/site-packages:${PYTHONPATH} /usr/bin/python3 -W ignore:setup.py install is deprecated -W ignore:easy_install command is deprecated setup.py egg_info --egg-base ../../build/status_publisher build --build-base /home/zylyehuo/ROS2_learning/chapter3/topic_practice_ws/build/status_publisher/build install --record /home/zylyehuo/ROS2_learning/chapter3/topic_practice_ws/build/status_publisher/install.log --single-version-externally-managed install_data
[1.088s] running egg_info
[1.088s] writing ../../build/status_publisher/status_publisher.egg-info/PKG-INFO
[1.089s] writing dependency_links to ../../build/status_publisher/status_publisher.egg-info/dependency_links.txt
[1.089s] writing entry points to ../../build/status_publisher/status_publisher.egg-info/entry_points.txt
[1.089s] writing requirements to ../../build/status_publisher/status_publisher.egg-info/requires.txt
[1.089s] writing top-level names to ../../build/status_publisher/status_publisher.egg-info/top_level.txt
[1.090s] reading manifest file '../../build/status_publisher/status_publisher.egg-info/SOURCES.txt'
[1.091s] adding license file 'LICENSE'
[1.091s] writing manifest file '../../build/status_publisher/status_publisher.egg-info/SOURCES.txt'
[1.092s] running build
[1.092s] running build_py
[1.092s] copying status_publisher/sys_status_pub.py -> /home/zylyehuo/ROS2_learning/chapter3/topic_practice_ws/build/status_publisher/build/lib/status_publisher
[1.092s] running install
[1.093s] running install_lib
[1.093s] copying /home/zylyehuo/ROS2_learning/chapter3/topic_practice_ws/build/status_publisher/build/lib/status_publisher/sys_status_pub.py -> /home/zylyehuo/ROS2_learning/chapter3/topic_practice_ws/install/status_publisher/lib/python3.10/site-packages/status_publisher
[1.094s] byte-compiling /home/zylyehuo/ROS2_learning/chapter3/topic_practice_ws/install/status_publisher/lib/python3.10/site-packages/status_publisher/sys_status_pub.py to sys_status_pub.cpython-310.pyc
[1.095s] running install_data
[1.095s] running install_egg_info
[1.097s] removing '/home/zylyehuo/ROS2_learning/chapter3/topic_practice_ws/install/status_publisher/lib/python3.10/site-packages/status_publisher-0.0.0-py3.10.egg-info' (and everything under it)
[1.097s] Copying ../../build/status_publisher/status_publisher.egg-info to /home/zylyehuo/ROS2_learning/chapter3/topic_practice_ws/install/status_publisher/lib/python3.10/site-packages/status_publisher-0.0.0-py3.10.egg-info
[1.098s] running install_scripts
[1.113s] Installing sys_status_pub script to /home/zylyehuo/ROS2_learning/chapter3/topic_practice_ws/install/status_publisher/lib/status_publisher
[1.113s] writing list of installed files to '/home/zylyehuo/ROS2_learning/chapter3/topic_practice_ws/build/status_publisher/install.log'
[1.131s] Invoked command in '/home/zylyehuo/ROS2_learning/chapter3/topic_practice_ws/src/status_publisher' returned '0': PYTHONPATH=/home/zylyehuo/ROS2_learning/chapter3/topic_practice_ws/build/status_publisher/prefix_override:/usr/lib/python3/dist-packages/colcon_core/task/python/colcon_distutils_commands:/home/zylyehuo/ROS2_learning/chapter3/topic_practice_ws/install/status_publisher/lib/python3.10/site-packages:${PYTHONPATH} /usr/bin/python3 -W ignore:setup.py install is deprecated -W ignore:easy_install command is deprecated setup.py egg_info --egg-base ../../build/status_publisher build --build-base /home/zylyehuo/ROS2_learning/chapter3/topic_practice_ws/build/status_publisher/build install --record /home/zylyehuo/ROS2_learning/chapter3/topic_practice_ws/build/status_publisher/install.log --single-version-externally-managed install_data
