[0.009s] Invoking command in '/home/zylyehuo/ROS2_learning/chapter4/chapt4_ws/build/chapt4_interfaces': CMAKE_PREFIX_PATH=/opt/ros/humble /usr/bin/cmake /home/zylyehuo/ROS2_learning/chapter4/chapt4_ws/src/chapt4_interfaces -DCMAKE_INSTALL_PREFIX=/home/zylyehuo/ROS2_learning/chapter4/chapt4_ws/install/chapt4_interfaces
[0.018s] -- Found ament_cmake: 1.3.12 (/opt/ros/humble/share/ament_cmake/cmake)
[0.112s] -- Found sensor_msgs: 4.9.0 (/opt/ros/humble/share/sensor_msgs/cmake)
[0.402s] -- Found rosidl_generator_c: 3.1.7 (/opt/ros/humble/share/rosidl_generator_c/cmake)
[0.403s] -- Found rosidl_adapter: 3.1.7 (/opt/ros/humble/share/rosidl_adapter/cmake)
[0.407s] -- Found rosidl_generator_cpp: 3.1.7 (/opt/ros/humble/share/rosidl_generator_cpp/cmake)
[0.413s] -- Using all available rosidl_typesupport_c: rosidl_typesupport_fastrtps_c;rosidl_typesupport_introspection_c
[0.421s] -- Using all available rosidl_typesupport_cpp: rosidl_typesupport_fastrtps_cpp;rosidl_typesupport_introspection_cpp
[0.454s] -- Found rosidl_default_generators: 1.2.0 (/opt/ros/humble/share/rosidl_default_generators/cmake)
[0.578s] [31mCMake Error at /opt/ros/humble/share/rosidl_adapter/cmake/rosidl_adapt_interfaces.cmake:59 (message):
[0.578s]   execute_process(/usr/bin/python3 -m rosidl_adapter --package-name
[0.578s]   chapt4_interfaces --arguments-file
[0.578s]   /home/zylyehuo/ROS2_learning/chapter4/chapt4_ws/build/chapt4_interfaces/rosidl_adapter__arguments__chapt4_interfaces.json
[0.578s]   --output-dir
[0.578s]   /home/zylyehuo/ROS2_learning/chapter4/chapt4_ws/build/chapt4_interfaces/rosidl_adapter/chapt4_interfaces
[0.578s]   --output-file
[0.578s]   /home/zylyehuo/ROS2_learning/chapter4/chapt4_ws/build/chapt4_interfaces/rosidl_adapter/chapt4_interfaces.idls)
[0.578s]   returned error code 1:
[0.578s] 
[0.578s]   Traceback (most recent call last):
[0.578s] 
[0.578s]     File "/usr/lib/python3.10/runpy.py", line 196, in _run_module_as_main
[0.578s]       return _run_code(code, main_globals, None,
[0.578s]     File "/usr/lib/python3.10/runpy.py", line 86, in _run_code
[0.578s]       exec(code, run_globals)
[0.579s]     File "/opt/ros/humble/local/lib/python3.10/dist-packages/rosidl_adapter/__main__.py", line 19, in <module>
[0.579s]       sys.exit(main())
[0.579s]     File "/opt/ros/humble/local/lib/python3.10/dist-packages/rosidl_adapter/main.py", line 53, in main
[0.579s]       abs_idl_file = convert_to_idl(
[0.579s]     File "/opt/ros/humble/local/lib/python3.10/dist-packages/rosidl_adapter/__init__.py", line 24, in convert_to_idl
[0.579s]       return convert_srv_to_idl(
[0.579s]     File "/opt/ros/humble/local/lib/python3.10/dist-packages/rosidl_adapter/srv/__init__.py", line 28, in convert_srv_to_idl
[0.579s]       srv = parse_service_string(package_name, input_file.stem, content)
[0.579s]     File "/opt/ros/humble/local/lib/python3.10/dist-packages/rosidl_adapter/parser.py", line 850, in parse_service_string
[0.579s]       raise InvalidServiceSpecification(
[0.579s] 
[0.579s]   rosidl_adapter.parser.InvalidServiceSpecification: Could not find separator
[0.579s]   '---' between request and response
[0.579s] 
[0.579s] Call Stack (most recent call first):
[0.579s]   /opt/ros/humble/share/rosidl_cmake/cmake/rosidl_generate_interfaces.cmake:130 (rosidl_adapt_interfaces)
[0.579s]   CMakeLists.txt:14 (rosidl_generate_interfaces)
[0.579s] 
[0.579s] [0m
[0.579s] -- Configuring incomplete, errors occurred!
[0.579s] See also "/home/zylyehuo/ROS2_learning/chapter4/chapt4_ws/build/chapt4_interfaces/CMakeFiles/CMakeOutput.log".
[0.584s] Invoked command in '/home/zylyehuo/ROS2_learning/chapter4/chapt4_ws/build/chapt4_interfaces' returned '1': CMAKE_PREFIX_PATH=/opt/ros/humble /usr/bin/cmake /home/zylyehuo/ROS2_learning/chapter4/chapt4_ws/src/chapt4_interfaces -DCMAKE_INSTALL_PREFIX=/home/zylyehuo/ROS2_learning/chapter4/chapt4_ws/install/chapt4_interfaces
