[ 75%] Built target nav2_custom_planner_line_plugin
[100%] Built target nav2_custom_planner_plugin
-- Install configuration: ""
-- Up-to-date: /home/zylyehuo/ROS2_learning/chapter8/chapt8_ws2/install/nav2_custom_planner/lib/libnav2_custom_planner_plugin.so
-- Up-to-date: /home/zylyehuo/ROS2_learning/chapter8/chapt8_ws2/install/nav2_custom_planner/lib/libnav2_custom_planner_line_plugin.so
-- Up-to-date: /home/zylyehuo/ROS2_learning/chapter8/chapt8_ws2/install/nav2_custom_planner/include/
-- Up-to-date: /home/zylyehuo/ROS2_learning/chapter8/chapt8_ws2/install/nav2_custom_planner/include//nav2_custom_planner
-- Up-to-date: /home/zylyehuo/ROS2_learning/chapter8/chapt8_ws2/install/nav2_custom_planner/include//nav2_custom_planner/nav2_line_custom_planner.hpp
-- Up-to-date: /home/zylyehuo/ROS2_learning/chapter8/chapt8_ws2/install/nav2_custom_planner/include//nav2_custom_planner/nav2_custom_planner.hpp
-- Up-to-date: /home/zylyehuo/ROS2_learning/chapter8/chapt8_ws2/install/nav2_custom_planner/share/nav2_custom_planner/custom_planner_plugin.xml
-- Up-to-date: /home/zylyehuo/ROS2_learning/chapter8/chapt8_ws2/install/nav2_custom_planner/share/ament_index/resource_index/package_run_dependencies/nav2_custom_planner
-- Up-to-date: /home/zylyehuo/ROS2_learning/chapter8/chapt8_ws2/install/nav2_custom_planner/share/ament_index/resource_index/parent_prefix_path/nav2_custom_planner
-- Up-to-date: /home/zylyehuo/ROS2_learning/chapter8/chapt8_ws2/install/nav2_custom_planner/share/nav2_custom_planner/environment/ament_prefix_path.sh
-- Up-to-date: /home/zylyehuo/ROS2_learning/chapter8/chapt8_ws2/install/nav2_custom_planner/share/nav2_custom_planner/environment/ament_prefix_path.dsv
-- Up-to-date: /home/zylyehuo/ROS2_learning/chapter8/chapt8_ws2/install/nav2_custom_planner/share/nav2_custom_planner/environment/path.sh
-- Up-to-date: /home/zylyehuo/ROS2_learning/chapter8/chapt8_ws2/install/nav2_custom_planner/share/nav2_custom_planner/environment/path.dsv
-- Up-to-date: /home/zylyehuo/ROS2_learning/chapter8/chapt8_ws2/install/nav2_custom_planner/share/nav2_custom_planner/local_setup.bash
-- Up-to-date: /home/zylyehuo/ROS2_learning/chapter8/chapt8_ws2/install/nav2_custom_planner/share/nav2_custom_planner/local_setup.sh
-- Up-to-date: /home/zylyehuo/ROS2_learning/chapter8/chapt8_ws2/install/nav2_custom_planner/share/nav2_custom_planner/local_setup.zsh
-- Up-to-date: /home/zylyehuo/ROS2_learning/chapter8/chapt8_ws2/install/nav2_custom_planner/share/nav2_custom_planner/local_setup.dsv
-- Installing: /home/zylyehuo/ROS2_learning/chapter8/chapt8_ws2/install/nav2_custom_planner/share/nav2_custom_planner/package.dsv
-- Up-to-date: /home/zylyehuo/ROS2_learning/chapter8/chapt8_ws2/install/nav2_custom_planner/share/ament_index/resource_index/packages/nav2_custom_planner
-- Up-to-date: /home/zylyehuo/ROS2_learning/chapter8/chapt8_ws2/install/nav2_custom_planner/share/ament_index/resource_index/nav2_core__pluginlib__plugin/nav2_custom_planner
-- Up-to-date: /home/zylyehuo/ROS2_learning/chapter8/chapt8_ws2/install/nav2_custom_planner/share/nav2_custom_planner/cmake/nav2_custom_plannerConfig.cmake
-- Up-to-date: /home/zylyehuo/ROS2_learning/chapter8/chapt8_ws2/install/nav2_custom_planner/share/nav2_custom_planner/cmake/nav2_custom_plannerConfig-version.cmake
-- Up-to-date: /home/zylyehuo/ROS2_learning/chapter8/chapt8_ws2/install/nav2_custom_planner/share/nav2_custom_planner/package.xml
