[0.032s] Invoking command in '/home/zylyehuo/ROS2_learning/chapter8/chapt8_ws2/build/autopatrol_interfaces': CMAKE_PREFIX_PATH=${CMAKE_PREFIX_PATH}:/home/zylyehuo/ROS2_learning/chapter7/chapt7_ws/install/autopatrol_robot:/home/zylyehuo/ROS2_learning/chapter7/chapt7_ws/install/fishbot_application:/opt/ros/humble /usr/bin/cmake /home/zylyehuo/ROS2_learning/chapter8/chapt8_ws2/src/autopatrol_interfaces -DCMAKE_INSTALL_PREFIX=/home/zylyehuo/ROS2_learning/chapter8/chapt8_ws2/install/autopatrol_interfaces
[0.538s] -- The C compiler identification is GNU 11.4.0
[1.795s] -- The CXX compiler identification is GNU 11.4.0
[2.691s] -- Detecting C compiler ABI info
[2.919s] -- Detecting C compiler ABI info - done
[2.923s] -- Check for working C compiler: /usr/bin/cc - skipped
[2.923s] -- Detecting C compile features
[2.924s] -- Detecting C compile features - done
[2.926s] -- Detecting CXX compiler ABI info
[3.152s] -- Detecting CXX compiler ABI info - done
[3.158s] -- Check for working CXX compiler: /usr/bin/c++ - skipped
[3.158s] -- Detecting CXX compile features
[3.158s] -- Detecting CXX compile features - done
[3.173s] -- Found ament_cmake: 1.3.12 (/opt/ros/humble/share/ament_cmake/cmake)
[3.288s] -- Found Python3: /usr/bin/python3 (found version "3.10.12") found components: Interpreter 
[3.388s] -- Found rosidl_default_generators: 1.2.0 (/opt/ros/humble/share/rosidl_default_generators/cmake)
[3.393s] -- Using all available rosidl_typesupport_c: rosidl_typesupport_fastrtps_c;rosidl_typesupport_introspection_c
[3.403s] -- Found rosidl_adapter: 3.1.7 (/opt/ros/humble/share/rosidl_adapter/cmake)
[3.668s] -- Using all available rosidl_typesupport_cpp: rosidl_typesupport_fastrtps_cpp;rosidl_typesupport_introspection_cpp
[3.890s] -- Found ament_cmake_ros: 0.10.0 (/opt/ros/humble/share/ament_cmake_ros/cmake)
[4.024s] -- Using all available rosidl_typesupport_c: rosidl_typesupport_fastrtps_c;rosidl_typesupport_introspection_c
[4.191s] -- Using all available rosidl_typesupport_cpp: rosidl_typesupport_fastrtps_cpp;rosidl_typesupport_introspection_cpp
[4.491s] -- Found PythonInterp: /usr/bin/python3 (found suitable version "3.10.12", minimum required is "3.6") 
[4.494s] -- Found python_cmake_module: 0.10.0 (/opt/ros/humble/share/python_cmake_module/cmake)
[5.435s] -- Found PythonLibs: /usr/lib/x86_64-linux-gnu/libpython3.10.so (found suitable version "3.10.12", minimum required is "3.5") 
[5.435s] -- Using PYTHON_EXECUTABLE: /usr/bin/python3
[5.435s] -- Using PYTHON_INCLUDE_DIRS: /usr/include/python3.10
[5.435s] -- Using PYTHON_LIBRARIES: /usr/lib/x86_64-linux-gnu/libpython3.10.so
[5.450s] -- Found PythonExtra: .so  
[5.571s] -- Found ament_lint_auto: 0.12.14 (/opt/ros/humble/share/ament_lint_auto/cmake)
[5.591s] -- Added test 'lint_cmake' to check CMake code style
[5.592s] -- Added test 'xmllint' to check XML markup files
[5.594s] -- Configuring done
[5.629s] -- Generating done
[5.637s] -- Build files have been written to: /home/zylyehuo/ROS2_learning/chapter8/chapt8_ws2/build/autopatrol_interfaces
[5.644s] Invoked command in '/home/zylyehuo/ROS2_learning/chapter8/chapt8_ws2/build/autopatrol_interfaces' returned '0': CMAKE_PREFIX_PATH=${CMAKE_PREFIX_PATH}:/home/zylyehuo/ROS2_learning/chapter7/chapt7_ws/install/autopatrol_robot:/home/zylyehuo/ROS2_learning/chapter7/chapt7_ws/install/fishbot_application:/opt/ros/humble /usr/bin/cmake /home/zylyehuo/ROS2_learning/chapter8/chapt8_ws2/src/autopatrol_interfaces -DCMAKE_INSTALL_PREFIX=/home/zylyehuo/ROS2_learning/chapter8/chapt8_ws2/install/autopatrol_interfaces
[5.646s] Invoking command in '/home/zylyehuo/ROS2_learning/chapter8/chapt8_ws2/build/autopatrol_interfaces': CMAKE_PREFIX_PATH=${CMAKE_PREFIX_PATH}:/home/zylyehuo/ROS2_learning/chapter7/chapt7_ws/install/autopatrol_robot:/home/zylyehuo/ROS2_learning/chapter7/chapt7_ws/install/fishbot_application:/opt/ros/humble /usr/bin/cmake --build /home/zylyehuo/ROS2_learning/chapter8/chapt8_ws2/build/autopatrol_interfaces -- -j16 -l16
[5.673s] [  3%] [34m[1mGenerating C code for ROS interfaces[0m
[5.680s] [  6%] [34m[1mGenerating C++ code for ROS interfaces[0m
[5.686s] [  6%] Built target ament_cmake_python_copy_autopatrol_interfaces
[5.876s] running egg_info
[5.876s] creating autopatrol_interfaces.egg-info
[5.877s] writing autopatrol_interfaces.egg-info/PKG-INFO
[5.877s] writing dependency_links to autopatrol_interfaces.egg-info/dependency_links.txt
[5.877s] writing top-level names to autopatrol_interfaces.egg-info/top_level.txt
[5.878s] writing manifest file 'autopatrol_interfaces.egg-info/SOURCES.txt'
[5.879s] reading manifest file 'autopatrol_interfaces.egg-info/SOURCES.txt'
[5.880s] writing manifest file 'autopatrol_interfaces.egg-info/SOURCES.txt'
[5.906s] [  6%] Built target ament_cmake_python_build_autopatrol_interfaces_egg
[5.919s] [  9%] [32mBuilding C object CMakeFiles/autopatrol_interfaces__rosidl_generator_c.dir/rosidl_generator_c/autopatrol_interfaces/srv/detail/speech_text__functions.c.o[0m
[5.923s] [  9%] Built target autopatrol_interfaces__cpp
[5.931s] [ 19%] [34m[1mGenerating C++ introspection for ROS interfaces[0m
[5.931s] [ 19%] [34m[1mGenerating C++ type support dispatch for ROS interfaces[0m
[5.931s] [ 19%] [34m[1mGenerating C++ type support for eProsima Fast-RTPS[0m
[5.993s] [ 22%] [32m[1mLinking C shared library libautopatrol_interfaces__rosidl_generator_c.so[0m
[6.134s] [ 25%] [32mBuilding CXX object CMakeFiles/autopatrol_interfaces__rosidl_typesupport_cpp.dir/rosidl_typesupport_cpp/autopatrol_interfaces/srv/speech_text__type_support.cpp.o[0m
[6.148s] [ 29%] [32mBuilding CXX object CMakeFiles/autopatrol_interfaces__rosidl_typesupport_introspection_cpp.dir/rosidl_typesupport_introspection_cpp/autopatrol_interfaces/srv/detail/speech_text__type_support.cpp.o[0m
[6.161s] [ 32%] [32mBuilding CXX object CMakeFiles/autopatrol_interfaces__rosidl_typesupport_fastrtps_cpp.dir/rosidl_typesupport_fastrtps_cpp/autopatrol_interfaces/srv/detail/dds_fastrtps/speech_text__type_support.cpp.o[0m
[6.299s] [ 32%] Built target autopatrol_interfaces__rosidl_generator_c
[6.308s] [ 35%] [34m[1mGenerating C introspection for ROS interfaces[0m
[6.309s] [ 38%] [34m[1mGenerating C type support for eProsima Fast-RTPS[0m
[6.309s] [ 41%] [34m[1mGenerating C type support dispatch for ROS interfaces[0m
[6.395s] [ 45%] [32m[1mLinking CXX shared library libautopatrol_interfaces__rosidl_typesupport_cpp.so[0m
[6.510s] [ 48%] [32m[1mLinking CXX shared library libautopatrol_interfaces__rosidl_typesupport_introspection_cpp.so[0m
[6.539s] [ 51%] [32m[1mLinking CXX shared library libautopatrol_interfaces__rosidl_typesupport_fastrtps_cpp.so[0m
[6.550s] [ 54%] [32mBuilding CXX object CMakeFiles/autopatrol_interfaces__rosidl_typesupport_c.dir/rosidl_typesupport_c/autopatrol_interfaces/srv/speech_text__type_support.cpp.o[0m
[6.572s] [ 58%] [32mBuilding CXX object CMakeFiles/autopatrol_interfaces__rosidl_typesupport_fastrtps_c.dir/rosidl_typesupport_fastrtps_c/autopatrol_interfaces/srv/detail/speech_text__type_support_c.cpp.o[0m
[6.580s] [ 61%] [32mBuilding C object CMakeFiles/autopatrol_interfaces__rosidl_typesupport_introspection_c.dir/rosidl_typesupport_introspection_c/autopatrol_interfaces/srv/detail/speech_text__type_support.c.o[0m
[6.581s] [ 64%] [32m[1mLinking CXX shared library libautopatrol_interfaces__rosidl_typesupport_c.so[0m
[6.613s] [ 67%] [32m[1mLinking C shared library libautopatrol_interfaces__rosidl_typesupport_introspection_c.so[0m
[6.732s] [ 67%] Built target autopatrol_interfaces__rosidl_typesupport_cpp
[6.838s] [ 67%] Built target autopatrol_interfaces__rosidl_typesupport_c
[6.860s] [ 67%] Built target autopatrol_interfaces__rosidl_typesupport_introspection_cpp
[6.863s] [ 70%] [32m[1mLinking CXX shared library libautopatrol_interfaces__rosidl_typesupport_fastrtps_c.so[0m
[6.866s] [ 70%] Built target autopatrol_interfaces__rosidl_typesupport_fastrtps_cpp
[6.925s] [ 70%] Built target autopatrol_interfaces__rosidl_typesupport_introspection_c
[7.109s] [ 70%] Built target autopatrol_interfaces__rosidl_typesupport_fastrtps_c
[7.124s] [ 70%] Built target autopatrol_interfaces
[7.139s] [ 74%] [34m[1mGenerating Python code for ROS interfaces[0m
[7.413s] [ 74%] Built target autopatrol_interfaces__py
[7.428s] [ 77%] [32mBuilding C object CMakeFiles/autopatrol_interfaces__rosidl_generator_py.dir/rosidl_generator_py/autopatrol_interfaces/srv/_speech_text_s.c.o[0m
[7.536s] [ 80%] [32m[1mLinking C shared library rosidl_generator_py/autopatrol_interfaces/libautopatrol_interfaces__rosidl_generator_py.so[0m
[7.777s] [ 80%] Built target autopatrol_interfaces__rosidl_generator_py
[7.791s] [ 83%] [32mBuilding C object CMakeFiles/autopatrol_interfaces__rosidl_typesupport_introspection_c__pyext.dir/rosidl_generator_py/autopatrol_interfaces/_autopatrol_interfaces_s.ep.rosidl_typesupport_introspection_c.c.o[0m
[7.791s] [ 90%] [32mBuilding C object CMakeFiles/autopatrol_interfaces__rosidl_typesupport_fastrtps_c__pyext.dir/rosidl_generator_py/autopatrol_interfaces/_autopatrol_interfaces_s.ep.rosidl_typesupport_fastrtps_c.c.o[0m
[7.791s] [ 90%] [32mBuilding C object CMakeFiles/autopatrol_interfaces__rosidl_typesupport_c__pyext.dir/rosidl_generator_py/autopatrol_interfaces/_autopatrol_interfaces_s.ep.rosidl_typesupport_c.c.o[0m
[7.864s] [ 93%] [32m[1mLinking C shared library rosidl_generator_py/autopatrol_interfaces/autopatrol_interfaces_s__rosidl_typesupport_c.cpython-310-x86_64-linux-gnu.so[0m
[7.866s] [ 96%] [32m[1mLinking C shared library rosidl_generator_py/autopatrol_interfaces/autopatrol_interfaces_s__rosidl_typesupport_introspection_c.cpython-310-x86_64-linux-gnu.so[0m
[7.867s] [100%] [32m[1mLinking C shared library rosidl_generator_py/autopatrol_interfaces/autopatrol_interfaces_s__rosidl_typesupport_fastrtps_c.cpython-310-x86_64-linux-gnu.so[0m
[8.061s] [100%] Built target autopatrol_interfaces__rosidl_typesupport_introspection_c__pyext
[8.061s] [100%] Built target autopatrol_interfaces__rosidl_typesupport_c__pyext
[8.136s] [100%] Built target autopatrol_interfaces__rosidl_typesupport_fastrtps_c__pyext
[8.146s] Invoked command in '/home/zylyehuo/ROS2_learning/chapter8/chapt8_ws2/build/autopatrol_interfaces' returned '0': CMAKE_PREFIX_PATH=${CMAKE_PREFIX_PATH}:/home/zylyehuo/ROS2_learning/chapter7/chapt7_ws/install/autopatrol_robot:/home/zylyehuo/ROS2_learning/chapter7/chapt7_ws/install/fishbot_application:/opt/ros/humble /usr/bin/cmake --build /home/zylyehuo/ROS2_learning/chapter8/chapt8_ws2/build/autopatrol_interfaces -- -j16 -l16
[8.148s] Invoking command in '/home/zylyehuo/ROS2_learning/chapter8/chapt8_ws2/build/autopatrol_interfaces': CMAKE_PREFIX_PATH=${CMAKE_PREFIX_PATH}:/home/zylyehuo/ROS2_learning/chapter7/chapt7_ws/install/autopatrol_robot:/home/zylyehuo/ROS2_learning/chapter7/chapt7_ws/install/fishbot_application:/opt/ros/humble /usr/bin/cmake --install /home/zylyehuo/ROS2_learning/chapter8/chapt8_ws2/build/autopatrol_interfaces
[8.154s] -- Install configuration: ""
[8.155s] -- Installing: /home/zylyehuo/ROS2_learning/chapter8/chapt8_ws2/install/autopatrol_interfaces/share/ament_index/resource_index/rosidl_interfaces/autopatrol_interfaces
[8.155s] -- Installing: /home/zylyehuo/ROS2_learning/chapter8/chapt8_ws2/install/autopatrol_interfaces/include/autopatrol_interfaces/autopatrol_interfaces
[8.155s] -- Installing: /home/zylyehuo/ROS2_learning/chapter8/chapt8_ws2/install/autopatrol_interfaces/include/autopatrol_interfaces/autopatrol_interfaces/srv
[8.155s] -- Installing: /home/zylyehuo/ROS2_learning/chapter8/chapt8_ws2/install/autopatrol_interfaces/include/autopatrol_interfaces/autopatrol_interfaces/srv/speech_text.h
[8.156s] -- Installing: /home/zylyehuo/ROS2_learning/chapter8/chapt8_ws2/install/autopatrol_interfaces/include/autopatrol_interfaces/autopatrol_interfaces/srv/detail
[8.156s] -- Installing: /home/zylyehuo/ROS2_learning/chapter8/chapt8_ws2/install/autopatrol_interfaces/include/autopatrol_interfaces/autopatrol_interfaces/srv/detail/speech_text__struct.h
[8.156s] -- Installing: /home/zylyehuo/ROS2_learning/chapter8/chapt8_ws2/install/autopatrol_interfaces/include/autopatrol_interfaces/autopatrol_interfaces/srv/detail/speech_text__functions.h
[8.156s] -- Installing: /home/zylyehuo/ROS2_learning/chapter8/chapt8_ws2/install/autopatrol_interfaces/include/autopatrol_interfaces/autopatrol_interfaces/srv/detail/speech_text__functions.c
[8.156s] -- Installing: /home/zylyehuo/ROS2_learning/chapter8/chapt8_ws2/install/autopatrol_interfaces/include/autopatrol_interfaces/autopatrol_interfaces/srv/detail/speech_text__type_support.h
[8.156s] -- Installing: /home/zylyehuo/ROS2_learning/chapter8/chapt8_ws2/install/autopatrol_interfaces/include/autopatrol_interfaces/autopatrol_interfaces/msg
[8.156s] -- Installing: /home/zylyehuo/ROS2_learning/chapter8/chapt8_ws2/install/autopatrol_interfaces/include/autopatrol_interfaces/autopatrol_interfaces/msg/rosidl_generator_c__visibility_control.h
[8.157s] -- Installing: /home/zylyehuo/ROS2_learning/chapter8/chapt8_ws2/install/autopatrol_interfaces/share/autopatrol_interfaces/environment/library_path.sh
[8.157s] -- Installing: /home/zylyehuo/ROS2_learning/chapter8/chapt8_ws2/install/autopatrol_interfaces/share/autopatrol_interfaces/environment/library_path.dsv
[8.157s] -- Installing: /home/zylyehuo/ROS2_learning/chapter8/chapt8_ws2/install/autopatrol_interfaces/lib/libautopatrol_interfaces__rosidl_generator_c.so
[8.157s] -- Set runtime path of "/home/zylyehuo/ROS2_learning/chapter8/chapt8_ws2/install/autopatrol_interfaces/lib/libautopatrol_interfaces__rosidl_generator_c.so" to ""
[8.158s] -- Up-to-date: /home/zylyehuo/ROS2_learning/chapter8/chapt8_ws2/install/autopatrol_interfaces/include/autopatrol_interfaces/autopatrol_interfaces
[8.158s] -- Up-to-date: /home/zylyehuo/ROS2_learning/chapter8/chapt8_ws2/install/autopatrol_interfaces/include/autopatrol_interfaces/autopatrol_interfaces/srv
[8.158s] -- Up-to-date: /home/zylyehuo/ROS2_learning/chapter8/chapt8_ws2/install/autopatrol_interfaces/include/autopatrol_interfaces/autopatrol_interfaces/srv/detail
[8.158s] -- Installing: /home/zylyehuo/ROS2_learning/chapter8/chapt8_ws2/install/autopatrol_interfaces/include/autopatrol_interfaces/autopatrol_interfaces/srv/detail/speech_text__rosidl_typesupport_fastrtps_c.h
[8.158s] -- Up-to-date: /home/zylyehuo/ROS2_learning/chapter8/chapt8_ws2/install/autopatrol_interfaces/include/autopatrol_interfaces/autopatrol_interfaces/msg
[8.158s] -- Installing: /home/zylyehuo/ROS2_learning/chapter8/chapt8_ws2/install/autopatrol_interfaces/include/autopatrol_interfaces/autopatrol_interfaces/msg/rosidl_typesupport_fastrtps_c__visibility_control.h
[8.159s] -- Installing: /home/zylyehuo/ROS2_learning/chapter8/chapt8_ws2/install/autopatrol_interfaces/lib/libautopatrol_interfaces__rosidl_typesupport_fastrtps_c.so
[8.159s] -- Set runtime path of "/home/zylyehuo/ROS2_learning/chapter8/chapt8_ws2/install/autopatrol_interfaces/lib/libautopatrol_interfaces__rosidl_typesupport_fastrtps_c.so" to ""
[8.159s] -- Up-to-date: /home/zylyehuo/ROS2_learning/chapter8/chapt8_ws2/install/autopatrol_interfaces/include/autopatrol_interfaces/autopatrol_interfaces
[8.159s] -- Up-to-date: /home/zylyehuo/ROS2_learning/chapter8/chapt8_ws2/install/autopatrol_interfaces/include/autopatrol_interfaces/autopatrol_interfaces/srv
[8.159s] -- Up-to-date: /home/zylyehuo/ROS2_learning/chapter8/chapt8_ws2/install/autopatrol_interfaces/include/autopatrol_interfaces/autopatrol_interfaces/srv/detail
[8.159s] -- Installing: /home/zylyehuo/ROS2_learning/chapter8/chapt8_ws2/install/autopatrol_interfaces/include/autopatrol_interfaces/autopatrol_interfaces/srv/detail/speech_text__rosidl_typesupport_introspection_c.h
[8.159s] -- Installing: /home/zylyehuo/ROS2_learning/chapter8/chapt8_ws2/install/autopatrol_interfaces/include/autopatrol_interfaces/autopatrol_interfaces/srv/detail/speech_text__type_support.c
[8.159s] -- Up-to-date: /home/zylyehuo/ROS2_learning/chapter8/chapt8_ws2/install/autopatrol_interfaces/include/autopatrol_interfaces/autopatrol_interfaces/msg
[8.159s] -- Installing: /home/zylyehuo/ROS2_learning/chapter8/chapt8_ws2/install/autopatrol_interfaces/include/autopatrol_interfaces/autopatrol_interfaces/msg/rosidl_typesupport_introspection_c__visibility_control.h
[8.159s] -- Installing: /home/zylyehuo/ROS2_learning/chapter8/chapt8_ws2/install/autopatrol_interfaces/lib/libautopatrol_interfaces__rosidl_typesupport_introspection_c.so
[8.160s] -- Set runtime path of "/home/zylyehuo/ROS2_learning/chapter8/chapt8_ws2/install/autopatrol_interfaces/lib/libautopatrol_interfaces__rosidl_typesupport_introspection_c.so" to ""
[8.160s] -- Installing: /home/zylyehuo/ROS2_learning/chapter8/chapt8_ws2/install/autopatrol_interfaces/lib/libautopatrol_interfaces__rosidl_typesupport_c.so
[8.160s] -- Set runtime path of "/home/zylyehuo/ROS2_learning/chapter8/chapt8_ws2/install/autopatrol_interfaces/lib/libautopatrol_interfaces__rosidl_typesupport_c.so" to ""
[8.160s] -- Up-to-date: /home/zylyehuo/ROS2_learning/chapter8/chapt8_ws2/install/autopatrol_interfaces/include/autopatrol_interfaces/autopatrol_interfaces
[8.160s] -- Up-to-date: /home/zylyehuo/ROS2_learning/chapter8/chapt8_ws2/install/autopatrol_interfaces/include/autopatrol_interfaces/autopatrol_interfaces/srv
[8.160s] -- Installing: /home/zylyehuo/ROS2_learning/chapter8/chapt8_ws2/install/autopatrol_interfaces/include/autopatrol_interfaces/autopatrol_interfaces/srv/speech_text.hpp
[8.160s] -- Up-to-date: /home/zylyehuo/ROS2_learning/chapter8/chapt8_ws2/install/autopatrol_interfaces/include/autopatrol_interfaces/autopatrol_interfaces/srv/detail
[8.160s] -- Installing: /home/zylyehuo/ROS2_learning/chapter8/chapt8_ws2/install/autopatrol_interfaces/include/autopatrol_interfaces/autopatrol_interfaces/srv/detail/speech_text__type_support.hpp
[8.161s] -- Installing: /home/zylyehuo/ROS2_learning/chapter8/chapt8_ws2/install/autopatrol_interfaces/include/autopatrol_interfaces/autopatrol_interfaces/srv/detail/speech_text__struct.hpp
[8.161s] -- Installing: /home/zylyehuo/ROS2_learning/chapter8/chapt8_ws2/install/autopatrol_interfaces/include/autopatrol_interfaces/autopatrol_interfaces/srv/detail/speech_text__builder.hpp
[8.161s] -- Installing: /home/zylyehuo/ROS2_learning/chapter8/chapt8_ws2/install/autopatrol_interfaces/include/autopatrol_interfaces/autopatrol_interfaces/srv/detail/speech_text__traits.hpp
[8.161s] -- Up-to-date: /home/zylyehuo/ROS2_learning/chapter8/chapt8_ws2/install/autopatrol_interfaces/include/autopatrol_interfaces/autopatrol_interfaces/msg
[8.161s] -- Installing: /home/zylyehuo/ROS2_learning/chapter8/chapt8_ws2/install/autopatrol_interfaces/include/autopatrol_interfaces/autopatrol_interfaces/msg/rosidl_generator_cpp__visibility_control.hpp
[8.161s] -- Up-to-date: /home/zylyehuo/ROS2_learning/chapter8/chapt8_ws2/install/autopatrol_interfaces/include/autopatrol_interfaces/autopatrol_interfaces
[8.161s] -- Up-to-date: /home/zylyehuo/ROS2_learning/chapter8/chapt8_ws2/install/autopatrol_interfaces/include/autopatrol_interfaces/autopatrol_interfaces/srv
[8.161s] -- Up-to-date: /home/zylyehuo/ROS2_learning/chapter8/chapt8_ws2/install/autopatrol_interfaces/include/autopatrol_interfaces/autopatrol_interfaces/srv/detail
[8.162s] -- Installing: /home/zylyehuo/ROS2_learning/chapter8/chapt8_ws2/install/autopatrol_interfaces/include/autopatrol_interfaces/autopatrol_interfaces/srv/detail/speech_text__rosidl_typesupport_fastrtps_cpp.hpp
[8.162s] -- Installing: /home/zylyehuo/ROS2_learning/chapter8/chapt8_ws2/install/autopatrol_interfaces/include/autopatrol_interfaces/autopatrol_interfaces/srv/detail/dds_fastrtps
[8.162s] -- Up-to-date: /home/zylyehuo/ROS2_learning/chapter8/chapt8_ws2/install/autopatrol_interfaces/include/autopatrol_interfaces/autopatrol_interfaces/msg
[8.162s] -- Installing: /home/zylyehuo/ROS2_learning/chapter8/chapt8_ws2/install/autopatrol_interfaces/include/autopatrol_interfaces/autopatrol_interfaces/msg/rosidl_typesupport_fastrtps_cpp__visibility_control.h
[8.162s] -- Installing: /home/zylyehuo/ROS2_learning/chapter8/chapt8_ws2/install/autopatrol_interfaces/lib/libautopatrol_interfaces__rosidl_typesupport_fastrtps_cpp.so
[8.162s] -- Set runtime path of "/home/zylyehuo/ROS2_learning/chapter8/chapt8_ws2/install/autopatrol_interfaces/lib/libautopatrol_interfaces__rosidl_typesupport_fastrtps_cpp.so" to ""
[8.162s] -- Up-to-date: /home/zylyehuo/ROS2_learning/chapter8/chapt8_ws2/install/autopatrol_interfaces/include/autopatrol_interfaces/autopatrol_interfaces
[8.162s] -- Up-to-date: /home/zylyehuo/ROS2_learning/chapter8/chapt8_ws2/install/autopatrol_interfaces/include/autopatrol_interfaces/autopatrol_interfaces/srv
[8.162s] -- Up-to-date: /home/zylyehuo/ROS2_learning/chapter8/chapt8_ws2/install/autopatrol_interfaces/include/autopatrol_interfaces/autopatrol_interfaces/srv/detail
[8.163s] -- Installing: /home/zylyehuo/ROS2_learning/chapter8/chapt8_ws2/install/autopatrol_interfaces/include/autopatrol_interfaces/autopatrol_interfaces/srv/detail/speech_text__type_support.cpp
[8.163s] -- Installing: /home/zylyehuo/ROS2_learning/chapter8/chapt8_ws2/install/autopatrol_interfaces/include/autopatrol_interfaces/autopatrol_interfaces/srv/detail/speech_text__rosidl_typesupport_introspection_cpp.hpp
[8.163s] -- Installing: /home/zylyehuo/ROS2_learning/chapter8/chapt8_ws2/install/autopatrol_interfaces/lib/libautopatrol_interfaces__rosidl_typesupport_introspection_cpp.so
[8.163s] -- Set runtime path of "/home/zylyehuo/ROS2_learning/chapter8/chapt8_ws2/install/autopatrol_interfaces/lib/libautopatrol_interfaces__rosidl_typesupport_introspection_cpp.so" to ""
[8.163s] -- Installing: /home/zylyehuo/ROS2_learning/chapter8/chapt8_ws2/install/autopatrol_interfaces/lib/libautopatrol_interfaces__rosidl_typesupport_cpp.so
[8.163s] -- Set runtime path of "/home/zylyehuo/ROS2_learning/chapter8/chapt8_ws2/install/autopatrol_interfaces/lib/libautopatrol_interfaces__rosidl_typesupport_cpp.so" to ""
[8.163s] -- Installing: /home/zylyehuo/ROS2_learning/chapter8/chapt8_ws2/install/autopatrol_interfaces/share/autopatrol_interfaces/environment/pythonpath.sh
[8.163s] -- Installing: /home/zylyehuo/ROS2_learning/chapter8/chapt8_ws2/install/autopatrol_interfaces/share/autopatrol_interfaces/environment/pythonpath.dsv
[8.163s] -- Installing: /home/zylyehuo/ROS2_learning/chapter8/chapt8_ws2/install/autopatrol_interfaces/local/lib/python3.10/dist-packages/autopatrol_interfaces-0.0.0-py3.10.egg-info
[8.164s] -- Installing: /home/zylyehuo/ROS2_learning/chapter8/chapt8_ws2/install/autopatrol_interfaces/local/lib/python3.10/dist-packages/autopatrol_interfaces-0.0.0-py3.10.egg-info/top_level.txt
[8.164s] -- Installing: /home/zylyehuo/ROS2_learning/chapter8/chapt8_ws2/install/autopatrol_interfaces/local/lib/python3.10/dist-packages/autopatrol_interfaces-0.0.0-py3.10.egg-info/PKG-INFO
[8.164s] -- Installing: /home/zylyehuo/ROS2_learning/chapter8/chapt8_ws2/install/autopatrol_interfaces/local/lib/python3.10/dist-packages/autopatrol_interfaces-0.0.0-py3.10.egg-info/dependency_links.txt
[8.164s] -- Installing: /home/zylyehuo/ROS2_learning/chapter8/chapt8_ws2/install/autopatrol_interfaces/local/lib/python3.10/dist-packages/autopatrol_interfaces-0.0.0-py3.10.egg-info/SOURCES.txt
[8.165s] -- Installing: /home/zylyehuo/ROS2_learning/chapter8/chapt8_ws2/install/autopatrol_interfaces/local/lib/python3.10/dist-packages/autopatrol_interfaces
[8.165s] -- Installing: /home/zylyehuo/ROS2_learning/chapter8/chapt8_ws2/install/autopatrol_interfaces/local/lib/python3.10/dist-packages/autopatrol_interfaces/autopatrol_interfaces_s__rosidl_typesupport_fastrtps_c.cpython-310-x86_64-linux-gnu.so
[8.165s] -- Installing: /home/zylyehuo/ROS2_learning/chapter8/chapt8_ws2/install/autopatrol_interfaces/local/lib/python3.10/dist-packages/autopatrol_interfaces/srv
[8.165s] -- Installing: /home/zylyehuo/ROS2_learning/chapter8/chapt8_ws2/install/autopatrol_interfaces/local/lib/python3.10/dist-packages/autopatrol_interfaces/srv/_speech_text.py
[8.165s] -- Installing: /home/zylyehuo/ROS2_learning/chapter8/chapt8_ws2/install/autopatrol_interfaces/local/lib/python3.10/dist-packages/autopatrol_interfaces/srv/__init__.py
[8.166s] -- Installing: /home/zylyehuo/ROS2_learning/chapter8/chapt8_ws2/install/autopatrol_interfaces/local/lib/python3.10/dist-packages/autopatrol_interfaces/srv/_speech_text_s.c
[8.166s] -- Installing: /home/zylyehuo/ROS2_learning/chapter8/chapt8_ws2/install/autopatrol_interfaces/local/lib/python3.10/dist-packages/autopatrol_interfaces/autopatrol_interfaces_s__rosidl_typesupport_introspection_c.cpython-310-x86_64-linux-gnu.so
[8.166s] -- Installing: /home/zylyehuo/ROS2_learning/chapter8/chapt8_ws2/install/autopatrol_interfaces/local/lib/python3.10/dist-packages/autopatrol_interfaces/_autopatrol_interfaces_s.ep.rosidl_typesupport_fastrtps_c.c
[8.166s] -- Installing: /home/zylyehuo/ROS2_learning/chapter8/chapt8_ws2/install/autopatrol_interfaces/local/lib/python3.10/dist-packages/autopatrol_interfaces/_autopatrol_interfaces_s.ep.rosidl_typesupport_introspection_c.c
[8.166s] -- Installing: /home/zylyehuo/ROS2_learning/chapter8/chapt8_ws2/install/autopatrol_interfaces/local/lib/python3.10/dist-packages/autopatrol_interfaces/__init__.py
[8.166s] -- Installing: /home/zylyehuo/ROS2_learning/chapter8/chapt8_ws2/install/autopatrol_interfaces/local/lib/python3.10/dist-packages/autopatrol_interfaces/_autopatrol_interfaces_s.ep.rosidl_typesupport_c.c
[8.166s] -- Installing: /home/zylyehuo/ROS2_learning/chapter8/chapt8_ws2/install/autopatrol_interfaces/local/lib/python3.10/dist-packages/autopatrol_interfaces/libautopatrol_interfaces__rosidl_generator_py.so
[8.166s] -- Installing: /home/zylyehuo/ROS2_learning/chapter8/chapt8_ws2/install/autopatrol_interfaces/local/lib/python3.10/dist-packages/autopatrol_interfaces/autopatrol_interfaces_s__rosidl_typesupport_c.cpython-310-x86_64-linux-gnu.so
[8.201s] Listing '/home/zylyehuo/ROS2_learning/chapter8/chapt8_ws2/install/autopatrol_interfaces/local/lib/python3.10/dist-packages/autopatrol_interfaces'...
[8.201s] Compiling '/home/zylyehuo/ROS2_learning/chapter8/chapt8_ws2/install/autopatrol_interfaces/local/lib/python3.10/dist-packages/autopatrol_interfaces/__init__.py'...
[8.201s] Listing '/home/zylyehuo/ROS2_learning/chapter8/chapt8_ws2/install/autopatrol_interfaces/local/lib/python3.10/dist-packages/autopatrol_interfaces/srv'...
[8.201s] Compiling '/home/zylyehuo/ROS2_learning/chapter8/chapt8_ws2/install/autopatrol_interfaces/local/lib/python3.10/dist-packages/autopatrol_interfaces/srv/__init__.py'...
[8.201s] Compiling '/home/zylyehuo/ROS2_learning/chapter8/chapt8_ws2/install/autopatrol_interfaces/local/lib/python3.10/dist-packages/autopatrol_interfaces/srv/_speech_text.py'...
[8.205s] -- Installing: /home/zylyehuo/ROS2_learning/chapter8/chapt8_ws2/install/autopatrol_interfaces/local/lib/python3.10/dist-packages/autopatrol_interfaces/autopatrol_interfaces_s__rosidl_typesupport_fastrtps_c.cpython-310-x86_64-linux-gnu.so
[8.205s] -- Set runtime path of "/home/zylyehuo/ROS2_learning/chapter8/chapt8_ws2/install/autopatrol_interfaces/local/lib/python3.10/dist-packages/autopatrol_interfaces/autopatrol_interfaces_s__rosidl_typesupport_fastrtps_c.cpython-310-x86_64-linux-gnu.so" to ""
[8.206s] -- Installing: /home/zylyehuo/ROS2_learning/chapter8/chapt8_ws2/install/autopatrol_interfaces/local/lib/python3.10/dist-packages/autopatrol_interfaces/autopatrol_interfaces_s__rosidl_typesupport_introspection_c.cpython-310-x86_64-linux-gnu.so
[8.206s] -- Set runtime path of "/home/zylyehuo/ROS2_learning/chapter8/chapt8_ws2/install/autopatrol_interfaces/local/lib/python3.10/dist-packages/autopatrol_interfaces/autopatrol_interfaces_s__rosidl_typesupport_introspection_c.cpython-310-x86_64-linux-gnu.so" to ""
[8.206s] -- Installing: /home/zylyehuo/ROS2_learning/chapter8/chapt8_ws2/install/autopatrol_interfaces/local/lib/python3.10/dist-packages/autopatrol_interfaces/autopatrol_interfaces_s__rosidl_typesupport_c.cpython-310-x86_64-linux-gnu.so
[8.206s] -- Set runtime path of "/home/zylyehuo/ROS2_learning/chapter8/chapt8_ws2/install/autopatrol_interfaces/local/lib/python3.10/dist-packages/autopatrol_interfaces/autopatrol_interfaces_s__rosidl_typesupport_c.cpython-310-x86_64-linux-gnu.so" to ""
[8.206s] -- Installing: /home/zylyehuo/ROS2_learning/chapter8/chapt8_ws2/install/autopatrol_interfaces/lib/libautopatrol_interfaces__rosidl_generator_py.so
[8.206s] -- Set runtime path of "/home/zylyehuo/ROS2_learning/chapter8/chapt8_ws2/install/autopatrol_interfaces/lib/libautopatrol_interfaces__rosidl_generator_py.so" to ""
[8.206s] -- Installing: /home/zylyehuo/ROS2_learning/chapter8/chapt8_ws2/install/autopatrol_interfaces/share/autopatrol_interfaces/srv/SpeechText.idl
[8.207s] -- Installing: /home/zylyehuo/ROS2_learning/chapter8/chapt8_ws2/install/autopatrol_interfaces/share/autopatrol_interfaces/srv/SpeechText.srv
[8.207s] -- Installing: /home/zylyehuo/ROS2_learning/chapter8/chapt8_ws2/install/autopatrol_interfaces/share/autopatrol_interfaces/srv/SpeechText_Request.msg
[8.207s] -- Installing: /home/zylyehuo/ROS2_learning/chapter8/chapt8_ws2/install/autopatrol_interfaces/share/autopatrol_interfaces/srv/SpeechText_Response.msg
[8.207s] -- Installing: /home/zylyehuo/ROS2_learning/chapter8/chapt8_ws2/install/autopatrol_interfaces/share/ament_index/resource_index/package_run_dependencies/autopatrol_interfaces
[8.207s] -- Installing: /home/zylyehuo/ROS2_learning/chapter8/chapt8_ws2/install/autopatrol_interfaces/share/ament_index/resource_index/parent_prefix_path/autopatrol_interfaces
[8.208s] -- Installing: /home/zylyehuo/ROS2_learning/chapter8/chapt8_ws2/install/autopatrol_interfaces/share/autopatrol_interfaces/environment/ament_prefix_path.sh
[8.208s] -- Installing: /home/zylyehuo/ROS2_learning/chapter8/chapt8_ws2/install/autopatrol_interfaces/share/autopatrol_interfaces/environment/ament_prefix_path.dsv
[8.208s] -- Installing: /home/zylyehuo/ROS2_learning/chapter8/chapt8_ws2/install/autopatrol_interfaces/share/autopatrol_interfaces/environment/path.sh
[8.208s] -- Installing: /home/zylyehuo/ROS2_learning/chapter8/chapt8_ws2/install/autopatrol_interfaces/share/autopatrol_interfaces/environment/path.dsv
[8.208s] -- Installing: /home/zylyehuo/ROS2_learning/chapter8/chapt8_ws2/install/autopatrol_interfaces/share/autopatrol_interfaces/local_setup.bash
[8.208s] -- Installing: /home/zylyehuo/ROS2_learning/chapter8/chapt8_ws2/install/autopatrol_interfaces/share/autopatrol_interfaces/local_setup.sh
[8.208s] -- Installing: /home/zylyehuo/ROS2_learning/chapter8/chapt8_ws2/install/autopatrol_interfaces/share/autopatrol_interfaces/local_setup.zsh
[8.208s] -- Installing: /home/zylyehuo/ROS2_learning/chapter8/chapt8_ws2/install/autopatrol_interfaces/share/autopatrol_interfaces/local_setup.dsv
[8.209s] -- Installing: /home/zylyehuo/ROS2_learning/chapter8/chapt8_ws2/install/autopatrol_interfaces/share/autopatrol_interfaces/package.dsv
[8.209s] -- Installing: /home/zylyehuo/ROS2_learning/chapter8/chapt8_ws2/install/autopatrol_interfaces/share/ament_index/resource_index/packages/autopatrol_interfaces
[8.209s] -- Installing: /home/zylyehuo/ROS2_learning/chapter8/chapt8_ws2/install/autopatrol_interfaces/share/autopatrol_interfaces/cmake/export_autopatrol_interfaces__rosidl_generator_cExport.cmake
[8.209s] -- Installing: /home/zylyehuo/ROS2_learning/chapter8/chapt8_ws2/install/autopatrol_interfaces/share/autopatrol_interfaces/cmake/export_autopatrol_interfaces__rosidl_generator_cExport-noconfig.cmake
[8.209s] -- Installing: /home/zylyehuo/ROS2_learning/chapter8/chapt8_ws2/install/autopatrol_interfaces/share/autopatrol_interfaces/cmake/export_autopatrol_interfaces__rosidl_typesupport_fastrtps_cExport.cmake
[8.209s] -- Installing: /home/zylyehuo/ROS2_learning/chapter8/chapt8_ws2/install/autopatrol_interfaces/share/autopatrol_interfaces/cmake/export_autopatrol_interfaces__rosidl_typesupport_fastrtps_cExport-noconfig.cmake
[8.209s] -- Installing: /home/zylyehuo/ROS2_learning/chapter8/chapt8_ws2/install/autopatrol_interfaces/share/autopatrol_interfaces/cmake/autopatrol_interfaces__rosidl_typesupport_introspection_cExport.cmake
[8.210s] -- Installing: /home/zylyehuo/ROS2_learning/chapter8/chapt8_ws2/install/autopatrol_interfaces/share/autopatrol_interfaces/cmake/autopatrol_interfaces__rosidl_typesupport_introspection_cExport-noconfig.cmake
[8.210s] -- Installing: /home/zylyehuo/ROS2_learning/chapter8/chapt8_ws2/install/autopatrol_interfaces/share/autopatrol_interfaces/cmake/autopatrol_interfaces__rosidl_typesupport_cExport.cmake
[8.210s] -- Installing: /home/zylyehuo/ROS2_learning/chapter8/chapt8_ws2/install/autopatrol_interfaces/share/autopatrol_interfaces/cmake/autopatrol_interfaces__rosidl_typesupport_cExport-noconfig.cmake
[8.210s] -- Installing: /home/zylyehuo/ROS2_learning/chapter8/chapt8_ws2/install/autopatrol_interfaces/share/autopatrol_interfaces/cmake/export_autopatrol_interfaces__rosidl_generator_cppExport.cmake
[8.210s] -- Installing: /home/zylyehuo/ROS2_learning/chapter8/chapt8_ws2/install/autopatrol_interfaces/share/autopatrol_interfaces/cmake/export_autopatrol_interfaces__rosidl_typesupport_fastrtps_cppExport.cmake
[8.210s] -- Installing: /home/zylyehuo/ROS2_learning/chapter8/chapt8_ws2/install/autopatrol_interfaces/share/autopatrol_interfaces/cmake/export_autopatrol_interfaces__rosidl_typesupport_fastrtps_cppExport-noconfig.cmake
[8.210s] -- Installing: /home/zylyehuo/ROS2_learning/chapter8/chapt8_ws2/install/autopatrol_interfaces/share/autopatrol_interfaces/cmake/autopatrol_interfaces__rosidl_typesupport_introspection_cppExport.cmake
[8.210s] -- Installing: /home/zylyehuo/ROS2_learning/chapter8/chapt8_ws2/install/autopatrol_interfaces/share/autopatrol_interfaces/cmake/autopatrol_interfaces__rosidl_typesupport_introspection_cppExport-noconfig.cmake
[8.211s] -- Installing: /home/zylyehuo/ROS2_learning/chapter8/chapt8_ws2/install/autopatrol_interfaces/share/autopatrol_interfaces/cmake/autopatrol_interfaces__rosidl_typesupport_cppExport.cmake
[8.211s] -- Installing: /home/zylyehuo/ROS2_learning/chapter8/chapt8_ws2/install/autopatrol_interfaces/share/autopatrol_interfaces/cmake/autopatrol_interfaces__rosidl_typesupport_cppExport-noconfig.cmake
[8.211s] -- Installing: /home/zylyehuo/ROS2_learning/chapter8/chapt8_ws2/install/autopatrol_interfaces/share/autopatrol_interfaces/cmake/export_autopatrol_interfaces__rosidl_generator_pyExport.cmake
[8.211s] -- Installing: /home/zylyehuo/ROS2_learning/chapter8/chapt8_ws2/install/autopatrol_interfaces/share/autopatrol_interfaces/cmake/export_autopatrol_interfaces__rosidl_generator_pyExport-noconfig.cmake
[8.211s] -- Installing: /home/zylyehuo/ROS2_learning/chapter8/chapt8_ws2/install/autopatrol_interfaces/share/autopatrol_interfaces/cmake/rosidl_cmake-extras.cmake
[8.212s] -- Installing: /home/zylyehuo/ROS2_learning/chapter8/chapt8_ws2/install/autopatrol_interfaces/share/autopatrol_interfaces/cmake/ament_cmake_export_include_directories-extras.cmake
[8.212s] -- Installing: /home/zylyehuo/ROS2_learning/chapter8/chapt8_ws2/install/autopatrol_interfaces/share/autopatrol_interfaces/cmake/ament_cmake_export_libraries-extras.cmake
[8.212s] -- Installing: /home/zylyehuo/ROS2_learning/chapter8/chapt8_ws2/install/autopatrol_interfaces/share/autopatrol_interfaces/cmake/ament_cmake_export_targets-extras.cmake
[8.212s] -- Installing: /home/zylyehuo/ROS2_learning/chapter8/chapt8_ws2/install/autopatrol_interfaces/share/autopatrol_interfaces/cmake/rosidl_cmake_export_typesupport_targets-extras.cmake
[8.212s] -- Installing: /home/zylyehuo/ROS2_learning/chapter8/chapt8_ws2/install/autopatrol_interfaces/share/autopatrol_interfaces/cmake/ament_cmake_export_dependencies-extras.cmake
[8.212s] -- Installing: /home/zylyehuo/ROS2_learning/chapter8/chapt8_ws2/install/autopatrol_interfaces/share/autopatrol_interfaces/cmake/rosidl_cmake_export_typesupport_libraries-extras.cmake
[8.212s] -- Installing: /home/zylyehuo/ROS2_learning/chapter8/chapt8_ws2/install/autopatrol_interfaces/share/autopatrol_interfaces/cmake/autopatrol_interfacesConfig.cmake
[8.212s] -- Installing: /home/zylyehuo/ROS2_learning/chapter8/chapt8_ws2/install/autopatrol_interfaces/share/autopatrol_interfaces/cmake/autopatrol_interfacesConfig-version.cmake
[8.212s] -- Installing: /home/zylyehuo/ROS2_learning/chapter8/chapt8_ws2/install/autopatrol_interfaces/share/autopatrol_interfaces/package.xml
[8.214s] Invoked command in '/home/zylyehuo/ROS2_learning/chapter8/chapt8_ws2/build/autopatrol_interfaces' returned '0': CMAKE_PREFIX_PATH=${CMAKE_PREFIX_PATH}:/home/zylyehuo/ROS2_learning/chapter7/chapt7_ws/install/autopatrol_robot:/home/zylyehuo/ROS2_learning/chapter7/chapt7_ws/install/fishbot_application:/opt/ros/humble /usr/bin/cmake --install /home/zylyehuo/ROS2_learning/chapter8/chapt8_ws2/build/autopatrol_interfaces
