[0.015s] Invoking command in '/home/zylyehuo/ROS2_learning/chapter3/topic_ws/build/demo_cpp_topic': CMAKE_PREFIX_PATH=${CMAKE_PREFIX_PATH}:/home/zylyehuo/ROS2_learning/chapter3/topic_ws/install/demo_python_topic:/opt/ros/humble /usr/bin/cmake --build /home/zylyehuo/ROS2_learning/chapter3/topic_ws/build/demo_cpp_topic -- -j16 -l16
[0.036s] -- Found ament_cmake: 1.3.12 (/opt/ros/humble/share/ament_cmake/cmake)
[0.136s] -- Found rclcpp: 16.0.16 (/opt/ros/humble/share/rclcpp/cmake)
[0.478s] -- Found rosidl_generator_c: 3.1.7 (/opt/ros/humble/share/rosidl_generator_c/cmake)
[0.481s] -- Found rosidl_adapter: 3.1.7 (/opt/ros/humble/share/rosidl_adapter/cmake)
[0.485s] -- Found rosidl_generator_cpp: 3.1.7 (/opt/ros/humble/share/rosidl_generator_cpp/cmake)
[0.493s] -- Using all available rosidl_typesupport_c: rosidl_typesupport_fastrtps_c;rosidl_typesupport_introspection_c
[0.503s] -- Using all available rosidl_typesupport_cpp: rosidl_typesupport_fastrtps_cpp;rosidl_typesupport_introspection_cpp
[0.526s] -- Found rmw_implementation_cmake: 6.1.2 (/opt/ros/humble/share/rmw_implementation_cmake/cmake)
[0.527s] -- Found rmw_fastrtps_cpp: 6.2.9 (/opt/ros/humble/share/rmw_fastrtps_cpp/cmake)
[13.742s] -- Using RMW implementation 'rmw_fastrtps_cpp' as default
[13.777s] -- Found geometry_msgs: 4.9.0 (/opt/ros/humble/share/geometry_msgs/cmake)
[13.786s] -- Found turtlesim: 1.4.3 (/opt/ros/humble/share/turtlesim/cmake)
[13.816s] -- Found ament_lint_auto: 0.12.14 (/opt/ros/humble/share/ament_lint_auto/cmake)
[13.869s] -- Added test 'cppcheck' to perform static code analysis on C / C++ code
[13.869s] -- Configured cppcheck include dirs: 
[13.869s] -- Configured cppcheck exclude dirs and/or files: 
[13.869s] -- Added test 'lint_cmake' to check CMake code style
[13.870s] -- Added test 'uncrustify' to check C / C++ code style
[13.870s] -- Configured uncrustify additional arguments: 
[13.870s] -- Added test 'xmllint' to check XML markup files
[13.870s] -- Configuring done
[13.881s] -- Generating done
[13.885s] -- Build files have been written to: /home/zylyehuo/ROS2_learning/chapter3/topic_ws/build/demo_cpp_topic
[13.910s] [35m[1mConsolidate compiler generated dependencies of target turtle_circle[0m
[13.910s] [35m[1mConsolidate compiler generated dependencies of target turtle_control[0m
[13.926s] [100%] Built target turtle_circle
[13.926s] [100%] Built target turtle_control
[13.936s] Invoked command in '/home/zylyehuo/ROS2_learning/chapter3/topic_ws/build/demo_cpp_topic' returned '0': CMAKE_PREFIX_PATH=${CMAKE_PREFIX_PATH}:/home/zylyehuo/ROS2_learning/chapter3/topic_ws/install/demo_python_topic:/opt/ros/humble /usr/bin/cmake --build /home/zylyehuo/ROS2_learning/chapter3/topic_ws/build/demo_cpp_topic -- -j16 -l16
[13.945s] Invoking command in '/home/zylyehuo/ROS2_learning/chapter3/topic_ws/build/demo_cpp_topic': CMAKE_PREFIX_PATH=${CMAKE_PREFIX_PATH}:/home/zylyehuo/ROS2_learning/chapter3/topic_ws/install/demo_python_topic:/opt/ros/humble /usr/bin/cmake --install /home/zylyehuo/ROS2_learning/chapter3/topic_ws/build/demo_cpp_topic
[13.952s] -- Install configuration: ""
[13.952s] -- Up-to-date: /home/zylyehuo/ROS2_learning/chapter3/topic_ws/install/demo_cpp_topic/lib/demo_cpp_topic/turtle_circle
[13.952s] -- Up-to-date: /home/zylyehuo/ROS2_learning/chapter3/topic_ws/install/demo_cpp_topic/lib/demo_cpp_topic/turtle_control
[13.952s] -- Up-to-date: /home/zylyehuo/ROS2_learning/chapter3/topic_ws/install/demo_cpp_topic/share/ament_index/resource_index/package_run_dependencies/demo_cpp_topic
[13.952s] -- Up-to-date: /home/zylyehuo/ROS2_learning/chapter3/topic_ws/install/demo_cpp_topic/share/ament_index/resource_index/parent_prefix_path/demo_cpp_topic
[13.953s] -- Up-to-date: /home/zylyehuo/ROS2_learning/chapter3/topic_ws/install/demo_cpp_topic/share/demo_cpp_topic/environment/ament_prefix_path.sh
[13.953s] -- Installing: /home/zylyehuo/ROS2_learning/chapter3/topic_ws/install/demo_cpp_topic/share/demo_cpp_topic/environment/ament_prefix_path.dsv
[13.953s] -- Up-to-date: /home/zylyehuo/ROS2_learning/chapter3/topic_ws/install/demo_cpp_topic/share/demo_cpp_topic/environment/path.sh
[13.953s] -- Installing: /home/zylyehuo/ROS2_learning/chapter3/topic_ws/install/demo_cpp_topic/share/demo_cpp_topic/environment/path.dsv
[13.953s] -- Up-to-date: /home/zylyehuo/ROS2_learning/chapter3/topic_ws/install/demo_cpp_topic/share/demo_cpp_topic/local_setup.bash
[13.953s] -- Up-to-date: /home/zylyehuo/ROS2_learning/chapter3/topic_ws/install/demo_cpp_topic/share/demo_cpp_topic/local_setup.sh
[13.953s] -- Up-to-date: /home/zylyehuo/ROS2_learning/chapter3/topic_ws/install/demo_cpp_topic/share/demo_cpp_topic/local_setup.zsh
[13.953s] -- Installing: /home/zylyehuo/ROS2_learning/chapter3/topic_ws/install/demo_cpp_topic/share/demo_cpp_topic/local_setup.dsv
[13.954s] -- Installing: /home/zylyehuo/ROS2_learning/chapter3/topic_ws/install/demo_cpp_topic/share/demo_cpp_topic/package.dsv
[13.954s] -- Up-to-date: /home/zylyehuo/ROS2_learning/chapter3/topic_ws/install/demo_cpp_topic/share/ament_index/resource_index/packages/demo_cpp_topic
[13.954s] -- Up-to-date: /home/zylyehuo/ROS2_learning/chapter3/topic_ws/install/demo_cpp_topic/share/demo_cpp_topic/cmake/demo_cpp_topicConfig.cmake
[13.954s] -- Up-to-date: /home/zylyehuo/ROS2_learning/chapter3/topic_ws/install/demo_cpp_topic/share/demo_cpp_topic/cmake/demo_cpp_topicConfig-version.cmake
[13.954s] -- Up-to-date: /home/zylyehuo/ROS2_learning/chapter3/topic_ws/install/demo_cpp_topic/share/demo_cpp_topic/package.xml
[13.956s] Invoked command in '/home/zylyehuo/ROS2_learning/chapter3/topic_ws/build/demo_cpp_topic' returned '0': CMAKE_PREFIX_PATH=${CMAKE_PREFIX_PATH}:/home/zylyehuo/ROS2_learning/chapter3/topic_ws/install/demo_python_topic:/opt/ros/humble /usr/bin/cmake --install /home/zylyehuo/ROS2_learning/chapter3/topic_ws/build/demo_cpp_topic
