[35m[1mConsolidate compiler generated dependencies of target turtle_circle[0m
[ 50%] [32mBuilding CXX object CMakeFiles/turtle_circle.dir/src/turtle_circle.cpp.o[0m
[100%] [32m[1mLinking CXX executable turtle_circle[0m
[100%] Built target turtle_circle
-- Install configuration: ""
-- Installing: /home/zylyehuo/ROS2_learning/chapter3/topic_ws/install/demo_cpp_topic/lib/demo_cpp_topic/turtle_circle
-- Set runtime path of "/home/zylyehuo/ROS2_learning/chapter3/topic_ws/install/demo_cpp_topic/lib/demo_cpp_topic/turtle_circle" to ""
-- Installing: /home/zylyehuo/ROS2_learning/chapter3/topic_ws/install/demo_cpp_topic/share/ament_index/resource_index/package_run_dependencies/demo_cpp_topic
-- Installing: /home/zylyehuo/ROS2_learning/chapter3/topic_ws/install/demo_cpp_topic/share/ament_index/resource_index/parent_prefix_path/demo_cpp_topic
-- Installing: /home/zylyehuo/ROS2_learning/chapter3/topic_ws/install/demo_cpp_topic/share/demo_cpp_topic/environment/ament_prefix_path.sh
-- Installing: /home/zylyehuo/ROS2_learning/chapter3/topic_ws/install/demo_cpp_topic/share/demo_cpp_topic/environment/ament_prefix_path.dsv
-- Installing: /home/zylyehuo/ROS2_learning/chapter3/topic_ws/install/demo_cpp_topic/share/demo_cpp_topic/environment/path.sh
-- Installing: /home/zylyehuo/ROS2_learning/chapter3/topic_ws/install/demo_cpp_topic/share/demo_cpp_topic/environment/path.dsv
-- Installing: /home/zylyehuo/ROS2_learning/chapter3/topic_ws/install/demo_cpp_topic/share/demo_cpp_topic/local_setup.bash
-- Installing: /home/zylyehuo/ROS2_learning/chapter3/topic_ws/install/demo_cpp_topic/share/demo_cpp_topic/local_setup.sh
-- Installing: /home/zylyehuo/ROS2_learning/chapter3/topic_ws/install/demo_cpp_topic/share/demo_cpp_topic/local_setup.zsh
-- Installing: /home/zylyehuo/ROS2_learning/chapter3/topic_ws/install/demo_cpp_topic/share/demo_cpp_topic/local_setup.dsv
-- Installing: /home/zylyehuo/ROS2_learning/chapter3/topic_ws/install/demo_cpp_topic/share/demo_cpp_topic/package.dsv
-- Installing: /home/zylyehuo/ROS2_learning/chapter3/topic_ws/install/demo_cpp_topic/share/ament_index/resource_index/packages/demo_cpp_topic
-- Installing: /home/zylyehuo/ROS2_learning/chapter3/topic_ws/install/demo_cpp_topic/share/demo_cpp_topic/cmake/demo_cpp_topicConfig.cmake
-- Installing: /home/zylyehuo/ROS2_learning/chapter3/topic_ws/install/demo_cpp_topic/share/demo_cpp_topic/cmake/demo_cpp_topicConfig-version.cmake
-- Installing: /home/zylyehuo/ROS2_learning/chapter3/topic_ws/install/demo_cpp_topic/share/demo_cpp_topic/package.xml
