[0.571s] Invoking command in '/home/zylyehuo/ROS2_learning/chapter8/chapt8_ws2/build/fishbot_navigation2': CMAKE_PREFIX_PATH=${CMAKE_PREFIX_PATH}:/home/zylyehuo/ROS2_learning/chapter8/chapt8_ws2/install/fishbot_application:/home/zylyehuo/ROS2_learning/chapter8/chapt8_ws2/install/autopatrol_robot:/home/zylyehuo/ROS2_learning/chapter7/chapt7_ws/install/fishbot_application:/home/zylyehuo/ROS2_learning/chapter7/chapt7_ws/install/autopatrol_robot:/opt/ros/humble /usr/bin/cmake --build /home/zylyehuo/ROS2_learning/chapter8/chapt8_ws2/build/fishbot_navigation2 -- -j16 -l16
[0.619s] Invoked command in '/home/zylyehuo/ROS2_learning/chapter8/chapt8_ws2/build/fishbot_navigation2' returned '0': CMAKE_PREFIX_PATH=${CMAKE_PREFIX_PATH}:/home/zylyehuo/ROS2_learning/chapter8/chapt8_ws2/install/fishbot_application:/home/zylyehuo/ROS2_learning/chapter8/chapt8_ws2/install/autopatrol_robot:/home/zylyehuo/ROS2_learning/chapter7/chapt7_ws/install/fishbot_application:/home/zylyehuo/ROS2_learning/chapter7/chapt7_ws/install/autopatrol_robot:/opt/ros/humble /usr/bin/cmake --build /home/zylyehuo/ROS2_learning/chapter8/chapt8_ws2/build/fishbot_navigation2 -- -j16 -l16
[0.623s] Invoking command in '/home/zylyehuo/ROS2_learning/chapter8/chapt8_ws2/build/fishbot_navigation2': CMAKE_PREFIX_PATH=${CMAKE_PREFIX_PATH}:/home/zylyehuo/ROS2_learning/chapter8/chapt8_ws2/install/fishbot_application:/home/zylyehuo/ROS2_learning/chapter8/chapt8_ws2/install/autopatrol_robot:/home/zylyehuo/ROS2_learning/chapter7/chapt7_ws/install/fishbot_application:/home/zylyehuo/ROS2_learning/chapter7/chapt7_ws/install/autopatrol_robot:/opt/ros/humble /usr/bin/cmake --install /home/zylyehuo/ROS2_learning/chapter8/chapt8_ws2/build/fishbot_navigation2
[0.634s] -- Install configuration: ""
[0.634s] -- Up-to-date: /home/zylyehuo/ROS2_learning/chapter8/chapt8_ws2/install/fishbot_navigation2/share/fishbot_navigation2/launch
[0.634s] -- Up-to-date: /home/zylyehuo/ROS2_learning/chapter8/chapt8_ws2/install/fishbot_navigation2/share/fishbot_navigation2/launch/navigation2.launch.py
[0.634s] -- Up-to-date: /home/zylyehuo/ROS2_learning/chapter8/chapt8_ws2/install/fishbot_navigation2/share/fishbot_navigation2/config
[0.634s] -- Up-to-date: /home/zylyehuo/ROS2_learning/chapter8/chapt8_ws2/install/fishbot_navigation2/share/fishbot_navigation2/config/nav2_params.yaml
[0.636s] -- Up-to-date: /home/zylyehuo/ROS2_learning/chapter8/chapt8_ws2/install/fishbot_navigation2/share/fishbot_navigation2/maps
[0.636s] -- Up-to-date: /home/zylyehuo/ROS2_learning/chapter8/chapt8_ws2/install/fishbot_navigation2/share/fishbot_navigation2/maps/room.yaml
[0.636s] -- Up-to-date: /home/zylyehuo/ROS2_learning/chapter8/chapt8_ws2/install/fishbot_navigation2/share/fishbot_navigation2/maps/nav2_params.yaml
[0.636s] -- Up-to-date: /home/zylyehuo/ROS2_learning/chapter8/chapt8_ws2/install/fishbot_navigation2/share/fishbot_navigation2/maps/room.pgm
[0.637s] -- Up-to-date: /home/zylyehuo/ROS2_learning/chapter8/chapt8_ws2/install/fishbot_navigation2/share/ament_index/resource_index/package_run_dependencies/fishbot_navigation2
[0.637s] -- Up-to-date: /home/zylyehuo/ROS2_learning/chapter8/chapt8_ws2/install/fishbot_navigation2/share/ament_index/resource_index/parent_prefix_path/fishbot_navigation2
[0.637s] -- Up-to-date: /home/zylyehuo/ROS2_learning/chapter8/chapt8_ws2/install/fishbot_navigation2/share/fishbot_navigation2/environment/ament_prefix_path.sh
[0.638s] -- Up-to-date: /home/zylyehuo/ROS2_learning/chapter8/chapt8_ws2/install/fishbot_navigation2/share/fishbot_navigation2/environment/ament_prefix_path.dsv
[0.638s] -- Up-to-date: /home/zylyehuo/ROS2_learning/chapter8/chapt8_ws2/install/fishbot_navigation2/share/fishbot_navigation2/environment/path.sh
[0.638s] -- Up-to-date: /home/zylyehuo/ROS2_learning/chapter8/chapt8_ws2/install/fishbot_navigation2/share/fishbot_navigation2/environment/path.dsv
[0.638s] -- Up-to-date: /home/zylyehuo/ROS2_learning/chapter8/chapt8_ws2/install/fishbot_navigation2/share/fishbot_navigation2/local_setup.bash
[0.638s] -- Up-to-date: /home/zylyehuo/ROS2_learning/chapter8/chapt8_ws2/install/fishbot_navigation2/share/fishbot_navigation2/local_setup.sh
[0.639s] -- Up-to-date: /home/zylyehuo/ROS2_learning/chapter8/chapt8_ws2/install/fishbot_navigation2/share/fishbot_navigation2/local_setup.zsh
[0.639s] -- Up-to-date: /home/zylyehuo/ROS2_learning/chapter8/chapt8_ws2/install/fishbot_navigation2/share/fishbot_navigation2/local_setup.dsv
[0.640s] -- Installing: /home/zylyehuo/ROS2_learning/chapter8/chapt8_ws2/install/fishbot_navigation2/share/fishbot_navigation2/package.dsv
[0.640s] -- Up-to-date: /home/zylyehuo/ROS2_learning/chapter8/chapt8_ws2/install/fishbot_navigation2/share/ament_index/resource_index/packages/fishbot_navigation2
[0.641s] -- Up-to-date: /home/zylyehuo/ROS2_learning/chapter8/chapt8_ws2/install/fishbot_navigation2/share/fishbot_navigation2/cmake/fishbot_navigation2Config.cmake
[0.641s] -- Up-to-date: /home/zylyehuo/ROS2_learning/chapter8/chapt8_ws2/install/fishbot_navigation2/share/fishbot_navigation2/cmake/fishbot_navigation2Config-version.cmake
[0.641s] -- Up-to-date: /home/zylyehuo/ROS2_learning/chapter8/chapt8_ws2/install/fishbot_navigation2/share/fishbot_navigation2/package.xml
[0.642s] Invoked command in '/home/zylyehuo/ROS2_learning/chapter8/chapt8_ws2/build/fishbot_navigation2' returned '0': CMAKE_PREFIX_PATH=${CMAKE_PREFIX_PATH}:/home/zylyehuo/ROS2_learning/chapter8/chapt8_ws2/install/fishbot_application:/home/zylyehuo/ROS2_learning/chapter8/chapt8_ws2/install/autopatrol_robot:/home/zylyehuo/ROS2_learning/chapter7/chapt7_ws/install/fishbot_application:/home/zylyehuo/ROS2_learning/chapter7/chapt7_ws/install/autopatrol_robot:/opt/ros/humble /usr/bin/cmake --install /home/zylyehuo/ROS2_learning/chapter8/chapt8_ws2/build/fishbot_navigation2
