[0.228s] DEBUG:colcon:Command line arguments: ['/usr/bin/colcon', 'build']
[0.228s] DEBUG:colcon:Parsed command line arguments: Namespace(log_base=None, log_level=None, verb_name='build', build_base='build', install_base='install', merge_install=False, symlink_install=False, test_result_base=None, continue_on_error=False, executor='parallel', parallel_workers=16, event_handlers=None, ignore_user_meta=False, metas=['./colcon.meta'], base_paths=['.'], packages_ignore=None, packages_ignore_regex=None, paths=None, packages_up_to=None, packages_up_to_regex=None, packages_above=None, packages_above_and_dependencies=None, packages_above_depth=None, packages_select_by_dep=None, packages_skip_by_dep=None, packages_skip_up_to=None, packages_select_build_failed=False, packages_skip_build_finished=False, packages_select_test_failures=False, packages_skip_test_passed=False, packages_select=None, packages_skip=None, packages_select_regex=None, packages_skip_regex=None, packages_start=None, packages_end=None, allow_overriding=[], cmake_args=None, cmake_target=None, cmake_target_skip_unavailable=False, cmake_clean_cache=False, cmake_clean_first=False, cmake_force_configure=False, ament_cmake_args=None, catkin_cmake_args=None, catkin_skip_building_tests=False, verb_parser=<colcon_defaults.argument_parser.defaults.DefaultArgumentsDecorator object at 0x7f849f670b50>, verb_extension=<colcon_core.verb.build.BuildVerb object at 0x7f849f766020>, main=<bound method BuildVerb.main of <colcon_core.verb.build.BuildVerb object at 0x7f849f766020>>)
[0.325s] Level 1:colcon.colcon_core.package_discovery:discover_packages(colcon_meta) check parameters
[0.326s] Level 1:colcon.colcon_core.package_discovery:discover_packages(recursive) check parameters
[0.326s] Level 1:colcon.colcon_core.package_discovery:discover_packages(ignore) check parameters
[0.326s] Level 1:colcon.colcon_core.package_discovery:discover_packages(path) check parameters
[0.326s] Level 1:colcon.colcon_core.package_discovery:discover_packages(colcon_meta) discover
[0.326s] Level 1:colcon.colcon_core.package_discovery:discover_packages(recursive) discover
[0.326s] INFO:colcon.colcon_core.package_discovery:Crawling recursively for packages in '/home/zylyehuo/ROS2_learning/chapter8/chapt8_ws2'
[0.326s] Level 1:colcon.colcon_core.package_identification:_identify(.) by extensions ['ignore', 'ignore_ament_install']
[0.326s] Level 1:colcon.colcon_core.package_identification:_identify(.) by extension 'ignore'
[0.326s] Level 1:colcon.colcon_core.package_identification:_identify(.) by extension 'ignore_ament_install'
[0.326s] Level 1:colcon.colcon_core.package_identification:_identify(.) by extensions ['colcon_pkg']
[0.326s] Level 1:colcon.colcon_core.package_identification:_identify(.) by extension 'colcon_pkg'
[0.326s] Level 1:colcon.colcon_core.package_identification:_identify(.) by extensions ['colcon_meta']
[0.326s] Level 1:colcon.colcon_core.package_identification:_identify(.) by extension 'colcon_meta'
[0.326s] Level 1:colcon.colcon_core.package_identification:_identify(.) by extensions ['ros']
[0.326s] Level 1:colcon.colcon_core.package_identification:_identify(.) by extension 'ros'
[0.333s] Level 1:colcon.colcon_core.package_identification:_identify(.) by extensions ['cmake', 'python']
[0.333s] Level 1:colcon.colcon_core.package_identification:_identify(.) by extension 'cmake'
[0.333s] Level 1:colcon.colcon_core.package_identification:_identify(.) by extension 'python'
[0.333s] Level 1:colcon.colcon_core.package_identification:_identify(.) by extensions ['python_setup_py']
[0.333s] Level 1:colcon.colcon_core.package_identification:_identify(.) by extension 'python_setup_py'
[0.333s] Level 1:colcon.colcon_core.package_identification:_identify(build) by extensions ['ignore', 'ignore_ament_install']
[0.333s] Level 1:colcon.colcon_core.package_identification:_identify(build) by extension 'ignore'
[0.333s] Level 1:colcon.colcon_core.package_identification:_identify(build) ignored
[0.333s] Level 1:colcon.colcon_core.package_identification:_identify(install) by extensions ['ignore', 'ignore_ament_install']
[0.333s] Level 1:colcon.colcon_core.package_identification:_identify(install) by extension 'ignore'
[0.334s] Level 1:colcon.colcon_core.package_identification:_identify(install) ignored
[0.334s] Level 1:colcon.colcon_core.package_identification:_identify(log) by extensions ['ignore', 'ignore_ament_install']
[0.334s] Level 1:colcon.colcon_core.package_identification:_identify(log) by extension 'ignore'
[0.334s] Level 1:colcon.colcon_core.package_identification:_identify(log) ignored
[0.334s] Level 1:colcon.colcon_core.package_identification:_identify(src) by extensions ['ignore', 'ignore_ament_install']
[0.334s] Level 1:colcon.colcon_core.package_identification:_identify(src) by extension 'ignore'
[0.334s] Level 1:colcon.colcon_core.package_identification:_identify(src) by extension 'ignore_ament_install'
[0.334s] Level 1:colcon.colcon_core.package_identification:_identify(src) by extensions ['colcon_pkg']
[0.334s] Level 1:colcon.colcon_core.package_identification:_identify(src) by extension 'colcon_pkg'
[0.334s] Level 1:colcon.colcon_core.package_identification:_identify(src) by extensions ['colcon_meta']
[0.334s] Level 1:colcon.colcon_core.package_identification:_identify(src) by extension 'colcon_meta'
[0.334s] Level 1:colcon.colcon_core.package_identification:_identify(src) by extensions ['ros']
[0.334s] Level 1:colcon.colcon_core.package_identification:_identify(src) by extension 'ros'
[0.334s] Level 1:colcon.colcon_core.package_identification:_identify(src) by extensions ['cmake', 'python']
[0.334s] Level 1:colcon.colcon_core.package_identification:_identify(src) by extension 'cmake'
[0.334s] Level 1:colcon.colcon_core.package_identification:_identify(src) by extension 'python'
[0.334s] Level 1:colcon.colcon_core.package_identification:_identify(src) by extensions ['python_setup_py']
[0.334s] Level 1:colcon.colcon_core.package_identification:_identify(src) by extension 'python_setup_py'
[0.334s] Level 1:colcon.colcon_core.package_identification:_identify(src/autopatrol_interfaces) by extensions ['ignore', 'ignore_ament_install']
[0.334s] Level 1:colcon.colcon_core.package_identification:_identify(src/autopatrol_interfaces) by extension 'ignore'
[0.334s] Level 1:colcon.colcon_core.package_identification:_identify(src/autopatrol_interfaces) by extension 'ignore_ament_install'
[0.334s] Level 1:colcon.colcon_core.package_identification:_identify(src/autopatrol_interfaces) by extensions ['colcon_pkg']
[0.334s] Level 1:colcon.colcon_core.package_identification:_identify(src/autopatrol_interfaces) by extension 'colcon_pkg'
[0.334s] Level 1:colcon.colcon_core.package_identification:_identify(src/autopatrol_interfaces) by extensions ['colcon_meta']
[0.334s] Level 1:colcon.colcon_core.package_identification:_identify(src/autopatrol_interfaces) by extension 'colcon_meta'
[0.334s] Level 1:colcon.colcon_core.package_identification:_identify(src/autopatrol_interfaces) by extensions ['ros']
[0.334s] Level 1:colcon.colcon_core.package_identification:_identify(src/autopatrol_interfaces) by extension 'ros'
[0.336s] DEBUG:colcon.colcon_core.package_identification:Package 'src/autopatrol_interfaces' with type 'ros.ament_cmake' and name 'autopatrol_interfaces'
[0.336s] Level 1:colcon.colcon_core.package_identification:_identify(src/autopatrol_robot) by extensions ['ignore', 'ignore_ament_install']
[0.336s] Level 1:colcon.colcon_core.package_identification:_identify(src/autopatrol_robot) by extension 'ignore'
[0.336s] Level 1:colcon.colcon_core.package_identification:_identify(src/autopatrol_robot) by extension 'ignore_ament_install'
[0.336s] Level 1:colcon.colcon_core.package_identification:_identify(src/autopatrol_robot) by extensions ['colcon_pkg']
[0.336s] Level 1:colcon.colcon_core.package_identification:_identify(src/autopatrol_robot) by extension 'colcon_pkg'
[0.336s] Level 1:colcon.colcon_core.package_identification:_identify(src/autopatrol_robot) by extensions ['colcon_meta']
[0.336s] Level 1:colcon.colcon_core.package_identification:_identify(src/autopatrol_robot) by extension 'colcon_meta'
[0.336s] Level 1:colcon.colcon_core.package_identification:_identify(src/autopatrol_robot) by extensions ['ros']
[0.336s] Level 1:colcon.colcon_core.package_identification:_identify(src/autopatrol_robot) by extension 'ros'
[0.337s] DEBUG:colcon.colcon_core.package_identification:Package 'src/autopatrol_robot' with type 'ros.ament_python' and name 'autopatrol_robot'
[0.337s] Level 1:colcon.colcon_core.package_identification:_identify(src/fishbot_application) by extensions ['ignore', 'ignore_ament_install']
[0.337s] Level 1:colcon.colcon_core.package_identification:_identify(src/fishbot_application) by extension 'ignore'
[0.337s] Level 1:colcon.colcon_core.package_identification:_identify(src/fishbot_application) by extension 'ignore_ament_install'
[0.337s] Level 1:colcon.colcon_core.package_identification:_identify(src/fishbot_application) by extensions ['colcon_pkg']
[0.337s] Level 1:colcon.colcon_core.package_identification:_identify(src/fishbot_application) by extension 'colcon_pkg'
[0.337s] Level 1:colcon.colcon_core.package_identification:_identify(src/fishbot_application) by extensions ['colcon_meta']
[0.337s] Level 1:colcon.colcon_core.package_identification:_identify(src/fishbot_application) by extension 'colcon_meta'
[0.337s] Level 1:colcon.colcon_core.package_identification:_identify(src/fishbot_application) by extensions ['ros']
[0.337s] Level 1:colcon.colcon_core.package_identification:_identify(src/fishbot_application) by extension 'ros'
[0.337s] DEBUG:colcon.colcon_core.package_identification:Package 'src/fishbot_application' with type 'ros.ament_python' and name 'fishbot_application'
[0.337s] Level 1:colcon.colcon_core.package_identification:_identify(src/fishbot_navigation2) by extensions ['ignore', 'ignore_ament_install']
[0.338s] Level 1:colcon.colcon_core.package_identification:_identify(src/fishbot_navigation2) by extension 'ignore'
[0.338s] Level 1:colcon.colcon_core.package_identification:_identify(src/fishbot_navigation2) by extension 'ignore_ament_install'
[0.338s] Level 1:colcon.colcon_core.package_identification:_identify(src/fishbot_navigation2) by extensions ['colcon_pkg']
[0.338s] Level 1:colcon.colcon_core.package_identification:_identify(src/fishbot_navigation2) by extension 'colcon_pkg'
[0.338s] Level 1:colcon.colcon_core.package_identification:_identify(src/fishbot_navigation2) by extensions ['colcon_meta']
[0.338s] Level 1:colcon.colcon_core.package_identification:_identify(src/fishbot_navigation2) by extension 'colcon_meta'
[0.338s] Level 1:colcon.colcon_core.package_identification:_identify(src/fishbot_navigation2) by extensions ['ros']
[0.338s] Level 1:colcon.colcon_core.package_identification:_identify(src/fishbot_navigation2) by extension 'ros'
[0.338s] DEBUG:colcon.colcon_core.package_identification:Package 'src/fishbot_navigation2' with type 'ros.ament_cmake' and name 'fishbot_navigation2'
[0.338s] Level 1:colcon.colcon_core.package_identification:_identify(src/nav2_custom_planner) by extensions ['ignore', 'ignore_ament_install']
[0.338s] Level 1:colcon.colcon_core.package_identification:_identify(src/nav2_custom_planner) by extension 'ignore'
[0.338s] Level 1:colcon.colcon_core.package_identification:_identify(src/nav2_custom_planner) by extension 'ignore_ament_install'
[0.338s] Level 1:colcon.colcon_core.package_identification:_identify(src/nav2_custom_planner) by extensions ['colcon_pkg']
[0.338s] Level 1:colcon.colcon_core.package_identification:_identify(src/nav2_custom_planner) by extension 'colcon_pkg'
[0.338s] Level 1:colcon.colcon_core.package_identification:_identify(src/nav2_custom_planner) by extensions ['colcon_meta']
[0.338s] Level 1:colcon.colcon_core.package_identification:_identify(src/nav2_custom_planner) by extension 'colcon_meta'
[0.338s] Level 1:colcon.colcon_core.package_identification:_identify(src/nav2_custom_planner) by extensions ['ros']
[0.338s] Level 1:colcon.colcon_core.package_identification:_identify(src/nav2_custom_planner) by extension 'ros'
[0.339s] DEBUG:colcon.colcon_core.package_identification:Package 'src/nav2_custom_planner' with type 'ros.ament_cmake' and name 'nav2_custom_planner'
[0.339s] Level 1:colcon.colcon_core.package_identification:_identify(src/robot_description2) by extensions ['ignore', 'ignore_ament_install']
[0.339s] Level 1:colcon.colcon_core.package_identification:_identify(src/robot_description2) by extension 'ignore'
[0.339s] Level 1:colcon.colcon_core.package_identification:_identify(src/robot_description2) by extension 'ignore_ament_install'
[0.339s] Level 1:colcon.colcon_core.package_identification:_identify(src/robot_description2) by extensions ['colcon_pkg']
[0.339s] Level 1:colcon.colcon_core.package_identification:_identify(src/robot_description2) by extension 'colcon_pkg'
[0.339s] Level 1:colcon.colcon_core.package_identification:_identify(src/robot_description2) by extensions ['colcon_meta']
[0.339s] Level 1:colcon.colcon_core.package_identification:_identify(src/robot_description2) by extension 'colcon_meta'
[0.339s] Level 1:colcon.colcon_core.package_identification:_identify(src/robot_description2) by extensions ['ros']
[0.339s] Level 1:colcon.colcon_core.package_identification:_identify(src/robot_description2) by extension 'ros'
[0.340s] DEBUG:colcon.colcon_core.package_identification:Package 'src/robot_description2' with type 'ros.ament_cmake' and name 'robot_description2'
[0.340s] Level 1:colcon.colcon_core.package_discovery:discover_packages(recursive) using defaults
[0.340s] Level 1:colcon.colcon_core.package_discovery:discover_packages(ignore) discover
[0.340s] Level 1:colcon.colcon_core.package_discovery:discover_packages(ignore) using defaults
[0.340s] Level 1:colcon.colcon_core.package_discovery:discover_packages(path) discover
[0.340s] Level 1:colcon.colcon_core.package_discovery:discover_packages(path) using defaults
[0.360s] Level 1:colcon.colcon_core.package_discovery:discover_packages(prefix_path) check parameters
[0.360s] Level 1:colcon.colcon_core.package_discovery:discover_packages(prefix_path) discover
[0.361s] DEBUG:colcon.colcon_installed_package_information.package_discovery:Found 1 installed packages in /home/zylyehuo/ROS2_learning/chapter8/chapt8_ws/install
[0.361s] DEBUG:colcon.colcon_installed_package_information.package_discovery:Found 5 installed packages in /home/zylyehuo/ROS2_learning/chapter7/chapt7_ws/install
[0.362s] DEBUG:colcon.colcon_installed_package_information.package_discovery:Found 387 installed packages in /opt/ros/humble
[0.364s] Level 1:colcon.colcon_core.package_discovery:discover_packages(prefix_path) using defaults
[0.392s] Level 5:colcon.colcon_core.verb:set package 'autopatrol_interfaces' build argument 'cmake_args' from command line to 'None'
[0.392s] Level 5:colcon.colcon_core.verb:set package 'autopatrol_interfaces' build argument 'cmake_target' from command line to 'None'
[0.392s] Level 5:colcon.colcon_core.verb:set package 'autopatrol_interfaces' build argument 'cmake_target_skip_unavailable' from command line to 'False'
[0.392s] Level 5:colcon.colcon_core.verb:set package 'autopatrol_interfaces' build argument 'cmake_clean_cache' from command line to 'False'
[0.392s] Level 5:colcon.colcon_core.verb:set package 'autopatrol_interfaces' build argument 'cmake_clean_first' from command line to 'False'
[0.392s] Level 5:colcon.colcon_core.verb:set package 'autopatrol_interfaces' build argument 'cmake_force_configure' from command line to 'False'
[0.392s] Level 5:colcon.colcon_core.verb:set package 'autopatrol_interfaces' build argument 'ament_cmake_args' from command line to 'None'
[0.392s] Level 5:colcon.colcon_core.verb:set package 'autopatrol_interfaces' build argument 'catkin_cmake_args' from command line to 'None'
[0.392s] Level 5:colcon.colcon_core.verb:set package 'autopatrol_interfaces' build argument 'catkin_skip_building_tests' from command line to 'False'
[0.392s] DEBUG:colcon.colcon_core.verb:Building package 'autopatrol_interfaces' with the following arguments: {'ament_cmake_args': None, 'build_base': '/home/zylyehuo/ROS2_learning/chapter8/chapt8_ws2/build/autopatrol_interfaces', 'catkin_cmake_args': None, 'catkin_skip_building_tests': False, 'cmake_args': None, 'cmake_clean_cache': False, 'cmake_clean_first': False, 'cmake_force_configure': False, 'cmake_target': None, 'cmake_target_skip_unavailable': False, 'install_base': '/home/zylyehuo/ROS2_learning/chapter8/chapt8_ws2/install/autopatrol_interfaces', 'merge_install': False, 'path': '/home/zylyehuo/ROS2_learning/chapter8/chapt8_ws2/src/autopatrol_interfaces', 'symlink_install': False, 'test_result_base': None}
[0.392s] Level 5:colcon.colcon_core.verb:set package 'autopatrol_robot' build argument 'cmake_args' from command line to 'None'
[0.392s] Level 5:colcon.colcon_core.verb:set package 'autopatrol_robot' build argument 'cmake_target' from command line to 'None'
[0.392s] Level 5:colcon.colcon_core.verb:set package 'autopatrol_robot' build argument 'cmake_target_skip_unavailable' from command line to 'False'
[0.392s] Level 5:colcon.colcon_core.verb:set package 'autopatrol_robot' build argument 'cmake_clean_cache' from command line to 'False'
[0.392s] Level 5:colcon.colcon_core.verb:set package 'autopatrol_robot' build argument 'cmake_clean_first' from command line to 'False'
[0.392s] Level 5:colcon.colcon_core.verb:set package 'autopatrol_robot' build argument 'cmake_force_configure' from command line to 'False'
[0.392s] Level 5:colcon.colcon_core.verb:set package 'autopatrol_robot' build argument 'ament_cmake_args' from command line to 'None'
[0.392s] Level 5:colcon.colcon_core.verb:set package 'autopatrol_robot' build argument 'catkin_cmake_args' from command line to 'None'
[0.392s] Level 5:colcon.colcon_core.verb:set package 'autopatrol_robot' build argument 'catkin_skip_building_tests' from command line to 'False'
[0.392s] DEBUG:colcon.colcon_core.verb:Building package 'autopatrol_robot' with the following arguments: {'ament_cmake_args': None, 'build_base': '/home/zylyehuo/ROS2_learning/chapter8/chapt8_ws2/build/autopatrol_robot', 'catkin_cmake_args': None, 'catkin_skip_building_tests': False, 'cmake_args': None, 'cmake_clean_cache': False, 'cmake_clean_first': False, 'cmake_force_configure': False, 'cmake_target': None, 'cmake_target_skip_unavailable': False, 'install_base': '/home/zylyehuo/ROS2_learning/chapter8/chapt8_ws2/install/autopatrol_robot', 'merge_install': False, 'path': '/home/zylyehuo/ROS2_learning/chapter8/chapt8_ws2/src/autopatrol_robot', 'symlink_install': False, 'test_result_base': None}
[0.392s] Level 5:colcon.colcon_core.verb:set package 'fishbot_application' build argument 'cmake_args' from command line to 'None'
[0.392s] Level 5:colcon.colcon_core.verb:set package 'fishbot_application' build argument 'cmake_target' from command line to 'None'
[0.392s] Level 5:colcon.colcon_core.verb:set package 'fishbot_application' build argument 'cmake_target_skip_unavailable' from command line to 'False'
[0.392s] Level 5:colcon.colcon_core.verb:set package 'fishbot_application' build argument 'cmake_clean_cache' from command line to 'False'
[0.392s] Level 5:colcon.colcon_core.verb:set package 'fishbot_application' build argument 'cmake_clean_first' from command line to 'False'
[0.392s] Level 5:colcon.colcon_core.verb:set package 'fishbot_application' build argument 'cmake_force_configure' from command line to 'False'
[0.393s] Level 5:colcon.colcon_core.verb:set package 'fishbot_application' build argument 'ament_cmake_args' from command line to 'None'
[0.393s] Level 5:colcon.colcon_core.verb:set package 'fishbot_application' build argument 'catkin_cmake_args' from command line to 'None'
[0.393s] Level 5:colcon.colcon_core.verb:set package 'fishbot_application' build argument 'catkin_skip_building_tests' from command line to 'False'
[0.393s] DEBUG:colcon.colcon_core.verb:Building package 'fishbot_application' with the following arguments: {'ament_cmake_args': None, 'build_base': '/home/zylyehuo/ROS2_learning/chapter8/chapt8_ws2/build/fishbot_application', 'catkin_cmake_args': None, 'catkin_skip_building_tests': False, 'cmake_args': None, 'cmake_clean_cache': False, 'cmake_clean_first': False, 'cmake_force_configure': False, 'cmake_target': None, 'cmake_target_skip_unavailable': False, 'install_base': '/home/zylyehuo/ROS2_learning/chapter8/chapt8_ws2/install/fishbot_application', 'merge_install': False, 'path': '/home/zylyehuo/ROS2_learning/chapter8/chapt8_ws2/src/fishbot_application', 'symlink_install': False, 'test_result_base': None}
[0.393s] Level 5:colcon.colcon_core.verb:set package 'fishbot_navigation2' build argument 'cmake_args' from command line to 'None'
[0.393s] Level 5:colcon.colcon_core.verb:set package 'fishbot_navigation2' build argument 'cmake_target' from command line to 'None'
[0.393s] Level 5:colcon.colcon_core.verb:set package 'fishbot_navigation2' build argument 'cmake_target_skip_unavailable' from command line to 'False'
[0.393s] Level 5:colcon.colcon_core.verb:set package 'fishbot_navigation2' build argument 'cmake_clean_cache' from command line to 'False'
[0.393s] Level 5:colcon.colcon_core.verb:set package 'fishbot_navigation2' build argument 'cmake_clean_first' from command line to 'False'
[0.393s] Level 5:colcon.colcon_core.verb:set package 'fishbot_navigation2' build argument 'cmake_force_configure' from command line to 'False'
[0.393s] Level 5:colcon.colcon_core.verb:set package 'fishbot_navigation2' build argument 'ament_cmake_args' from command line to 'None'
[0.393s] Level 5:colcon.colcon_core.verb:set package 'fishbot_navigation2' build argument 'catkin_cmake_args' from command line to 'None'
[0.393s] Level 5:colcon.colcon_core.verb:set package 'fishbot_navigation2' build argument 'catkin_skip_building_tests' from command line to 'False'
[0.393s] DEBUG:colcon.colcon_core.verb:Building package 'fishbot_navigation2' with the following arguments: {'ament_cmake_args': None, 'build_base': '/home/zylyehuo/ROS2_learning/chapter8/chapt8_ws2/build/fishbot_navigation2', 'catkin_cmake_args': None, 'catkin_skip_building_tests': False, 'cmake_args': None, 'cmake_clean_cache': False, 'cmake_clean_first': False, 'cmake_force_configure': False, 'cmake_target': None, 'cmake_target_skip_unavailable': False, 'install_base': '/home/zylyehuo/ROS2_learning/chapter8/chapt8_ws2/install/fishbot_navigation2', 'merge_install': False, 'path': '/home/zylyehuo/ROS2_learning/chapter8/chapt8_ws2/src/fishbot_navigation2', 'symlink_install': False, 'test_result_base': None}
[0.393s] Level 5:colcon.colcon_core.verb:set package 'nav2_custom_planner' build argument 'cmake_args' from command line to 'None'
[0.393s] Level 5:colcon.colcon_core.verb:set package 'nav2_custom_planner' build argument 'cmake_target' from command line to 'None'
[0.393s] Level 5:colcon.colcon_core.verb:set package 'nav2_custom_planner' build argument 'cmake_target_skip_unavailable' from command line to 'False'
[0.393s] Level 5:colcon.colcon_core.verb:set package 'nav2_custom_planner' build argument 'cmake_clean_cache' from command line to 'False'
[0.393s] Level 5:colcon.colcon_core.verb:set package 'nav2_custom_planner' build argument 'cmake_clean_first' from command line to 'False'
[0.393s] Level 5:colcon.colcon_core.verb:set package 'nav2_custom_planner' build argument 'cmake_force_configure' from command line to 'False'
[0.393s] Level 5:colcon.colcon_core.verb:set package 'nav2_custom_planner' build argument 'ament_cmake_args' from command line to 'None'
[0.393s] Level 5:colcon.colcon_core.verb:set package 'nav2_custom_planner' build argument 'catkin_cmake_args' from command line to 'None'
[0.393s] Level 5:colcon.colcon_core.verb:set package 'nav2_custom_planner' build argument 'catkin_skip_building_tests' from command line to 'False'
[0.393s] DEBUG:colcon.colcon_core.verb:Building package 'nav2_custom_planner' with the following arguments: {'ament_cmake_args': None, 'build_base': '/home/zylyehuo/ROS2_learning/chapter8/chapt8_ws2/build/nav2_custom_planner', 'catkin_cmake_args': None, 'catkin_skip_building_tests': False, 'cmake_args': None, 'cmake_clean_cache': False, 'cmake_clean_first': False, 'cmake_force_configure': False, 'cmake_target': None, 'cmake_target_skip_unavailable': False, 'install_base': '/home/zylyehuo/ROS2_learning/chapter8/chapt8_ws2/install/nav2_custom_planner', 'merge_install': False, 'path': '/home/zylyehuo/ROS2_learning/chapter8/chapt8_ws2/src/nav2_custom_planner', 'symlink_install': False, 'test_result_base': None}
[0.393s] Level 5:colcon.colcon_core.verb:set package 'robot_description2' build argument 'cmake_args' from command line to 'None'
[0.393s] Level 5:colcon.colcon_core.verb:set package 'robot_description2' build argument 'cmake_target' from command line to 'None'
[0.393s] Level 5:colcon.colcon_core.verb:set package 'robot_description2' build argument 'cmake_target_skip_unavailable' from command line to 'False'
[0.393s] Level 5:colcon.colcon_core.verb:set package 'robot_description2' build argument 'cmake_clean_cache' from command line to 'False'
[0.393s] Level 5:colcon.colcon_core.verb:set package 'robot_description2' build argument 'cmake_clean_first' from command line to 'False'
[0.394s] Level 5:colcon.colcon_core.verb:set package 'robot_description2' build argument 'cmake_force_configure' from command line to 'False'
[0.394s] Level 5:colcon.colcon_core.verb:set package 'robot_description2' build argument 'ament_cmake_args' from command line to 'None'
[0.394s] Level 5:colcon.colcon_core.verb:set package 'robot_description2' build argument 'catkin_cmake_args' from command line to 'None'
[0.394s] Level 5:colcon.colcon_core.verb:set package 'robot_description2' build argument 'catkin_skip_building_tests' from command line to 'False'
[0.394s] DEBUG:colcon.colcon_core.verb:Building package 'robot_description2' with the following arguments: {'ament_cmake_args': None, 'build_base': '/home/zylyehuo/ROS2_learning/chapter8/chapt8_ws2/build/robot_description2', 'catkin_cmake_args': None, 'catkin_skip_building_tests': False, 'cmake_args': None, 'cmake_clean_cache': False, 'cmake_clean_first': False, 'cmake_force_configure': False, 'cmake_target': None, 'cmake_target_skip_unavailable': False, 'install_base': '/home/zylyehuo/ROS2_learning/chapter8/chapt8_ws2/install/robot_description2', 'merge_install': False, 'path': '/home/zylyehuo/ROS2_learning/chapter8/chapt8_ws2/src/robot_description2', 'symlink_install': False, 'test_result_base': None}
[0.394s] INFO:colcon.colcon_core.executor:Executing jobs using 'parallel' executor
[0.394s] DEBUG:colcon.colcon_parallel_executor.executor.parallel:run_until_complete
[0.395s] INFO:colcon.colcon_ros.task.ament_cmake.build:Building ROS package in '/home/zylyehuo/ROS2_learning/chapter8/chapt8_ws2/src/autopatrol_interfaces' with build type 'ament_cmake'
[0.395s] INFO:colcon.colcon_cmake.task.cmake.build:Building CMake package in '/home/zylyehuo/ROS2_learning/chapter8/chapt8_ws2/src/autopatrol_interfaces'
[0.397s] INFO:colcon.colcon_core.plugin_system:Skipping extension 'colcon_core.shell.bat': Not used on non-Windows systems
[0.397s] INFO:colcon.colcon_core.shell:Skip shell extension 'powershell' for command environment: Not usable outside of PowerShell
[0.397s] DEBUG:colcon.colcon_core.shell:Skip shell extension 'dsv' for command environment
[0.400s] INFO:colcon.colcon_ros.task.ament_python.build:Building ROS package in '/home/zylyehuo/ROS2_learning/chapter8/chapt8_ws2/src/autopatrol_robot' with build type 'ament_python'
[0.401s] Level 1:colcon.colcon_core.shell:create_environment_hook('autopatrol_robot', 'ament_prefix_path')
[0.401s] INFO:colcon.colcon_core.shell:Creating environment hook '/home/zylyehuo/ROS2_learning/chapter8/chapt8_ws2/install/autopatrol_robot/share/autopatrol_robot/hook/ament_prefix_path.ps1'
[0.401s] INFO:colcon.colcon_core.shell:Creating environment descriptor '/home/zylyehuo/ROS2_learning/chapter8/chapt8_ws2/install/autopatrol_robot/share/autopatrol_robot/hook/ament_prefix_path.dsv'
[0.402s] INFO:colcon.colcon_core.shell:Creating environment hook '/home/zylyehuo/ROS2_learning/chapter8/chapt8_ws2/install/autopatrol_robot/share/autopatrol_robot/hook/ament_prefix_path.sh'
[0.402s] INFO:colcon.colcon_core.shell:Skip shell extension 'powershell' for command environment: Not usable outside of PowerShell
[0.402s] DEBUG:colcon.colcon_core.shell:Skip shell extension 'dsv' for command environment
[0.405s] INFO:colcon.colcon_ros.task.ament_python.build:Building ROS package in '/home/zylyehuo/ROS2_learning/chapter8/chapt8_ws2/src/fishbot_application' with build type 'ament_python'
[0.405s] Level 1:colcon.colcon_core.shell:create_environment_hook('fishbot_application', 'ament_prefix_path')
[0.405s] INFO:colcon.colcon_core.shell:Creating environment hook '/home/zylyehuo/ROS2_learning/chapter8/chapt8_ws2/install/fishbot_application/share/fishbot_application/hook/ament_prefix_path.ps1'
[0.406s] INFO:colcon.colcon_core.shell:Creating environment descriptor '/home/zylyehuo/ROS2_learning/chapter8/chapt8_ws2/install/fishbot_application/share/fishbot_application/hook/ament_prefix_path.dsv'
[0.406s] INFO:colcon.colcon_core.shell:Creating environment hook '/home/zylyehuo/ROS2_learning/chapter8/chapt8_ws2/install/fishbot_application/share/fishbot_application/hook/ament_prefix_path.sh'
[0.406s] INFO:colcon.colcon_core.shell:Skip shell extension 'powershell' for command environment: Not usable outside of PowerShell
[0.406s] DEBUG:colcon.colcon_core.shell:Skip shell extension 'dsv' for command environment
[0.409s] INFO:colcon.colcon_ros.task.ament_cmake.build:Building ROS package in '/home/zylyehuo/ROS2_learning/chapter8/chapt8_ws2/src/fishbot_navigation2' with build type 'ament_cmake'
[0.409s] INFO:colcon.colcon_cmake.task.cmake.build:Building CMake package in '/home/zylyehuo/ROS2_learning/chapter8/chapt8_ws2/src/fishbot_navigation2'
[0.409s] INFO:colcon.colcon_core.shell:Skip shell extension 'powershell' for command environment: Not usable outside of PowerShell
[0.409s] DEBUG:colcon.colcon_core.shell:Skip shell extension 'dsv' for command environment
[0.412s] INFO:colcon.colcon_ros.task.ament_cmake.build:Building ROS package in '/home/zylyehuo/ROS2_learning/chapter8/chapt8_ws2/src/nav2_custom_planner' with build type 'ament_cmake'
[0.412s] INFO:colcon.colcon_cmake.task.cmake.build:Building CMake package in '/home/zylyehuo/ROS2_learning/chapter8/chapt8_ws2/src/nav2_custom_planner'
[0.412s] INFO:colcon.colcon_core.shell:Skip shell extension 'powershell' for command environment: Not usable outside of PowerShell
[0.412s] DEBUG:colcon.colcon_core.shell:Skip shell extension 'dsv' for command environment
[0.415s] INFO:colcon.colcon_ros.task.ament_cmake.build:Building ROS package in '/home/zylyehuo/ROS2_learning/chapter8/chapt8_ws2/src/robot_description2' with build type 'ament_cmake'
[0.415s] INFO:colcon.colcon_cmake.task.cmake.build:Building CMake package in '/home/zylyehuo/ROS2_learning/chapter8/chapt8_ws2/src/robot_description2'
[0.415s] INFO:colcon.colcon_core.shell:Skip shell extension 'powershell' for command environment: Not usable outside of PowerShell
[0.415s] DEBUG:colcon.colcon_core.shell:Skip shell extension 'dsv' for command environment
[0.422s] DEBUG:colcon.colcon_core.event_handler.log_command:Invoking command in '/home/zylyehuo/ROS2_learning/chapter8/chapt8_ws2/build/autopatrol_interfaces': CMAKE_PREFIX_PATH=${CMAKE_PREFIX_PATH}:/home/zylyehuo/ROS2_learning/chapter7/chapt7_ws/install/autopatrol_robot:/home/zylyehuo/ROS2_learning/chapter7/chapt7_ws/install/fishbot_application:/opt/ros/humble /usr/bin/cmake --build /home/zylyehuo/ROS2_learning/chapter8/chapt8_ws2/build/autopatrol_interfaces -- -j16 -l16
[0.590s] INFO:colcon.colcon_core.task.python.build:Building Python package in '/home/zylyehuo/ROS2_learning/chapter8/chapt8_ws2/src/autopatrol_robot'
[0.590s] INFO:colcon.colcon_core.shell:Skip shell extension 'powershell' for command environment: Not usable outside of PowerShell
[0.590s] DEBUG:colcon.colcon_core.shell:Skip shell extension 'dsv' for command environment
[0.756s] INFO:colcon.colcon_core.task.python.build:Building Python package in '/home/zylyehuo/ROS2_learning/chapter8/chapt8_ws2/src/fishbot_application'
[0.757s] INFO:colcon.colcon_core.shell:Skip shell extension 'powershell' for command environment: Not usable outside of PowerShell
[0.757s] DEBUG:colcon.colcon_core.shell:Skip shell extension 'dsv' for command environment
[0.765s] DEBUG:colcon.colcon_core.event_handler.log_command:Invoking command in '/home/zylyehuo/ROS2_learning/chapter8/chapt8_ws2/build/fishbot_navigation2': CMAKE_PREFIX_PATH=${CMAKE_PREFIX_PATH}:/home/zylyehuo/ROS2_learning/chapter7/chapt7_ws/install/autopatrol_robot:/home/zylyehuo/ROS2_learning/chapter7/chapt7_ws/install/fishbot_application:/opt/ros/humble /usr/bin/cmake --build /home/zylyehuo/ROS2_learning/chapter8/chapt8_ws2/build/fishbot_navigation2 -- -j16 -l16
[0.768s] DEBUG:colcon.colcon_core.event_handler.log_command:Invoking command in '/home/zylyehuo/ROS2_learning/chapter8/chapt8_ws2/build/nav2_custom_planner': CMAKE_PREFIX_PATH=${CMAKE_PREFIX_PATH}:/home/zylyehuo/ROS2_learning/chapter7/chapt7_ws/install/autopatrol_robot:/home/zylyehuo/ROS2_learning/chapter7/chapt7_ws/install/fishbot_application:/opt/ros/humble /usr/bin/cmake /home/zylyehuo/ROS2_learning/chapter8/chapt8_ws2/src/nav2_custom_planner -DCMAKE_INSTALL_PREFIX=/home/zylyehuo/ROS2_learning/chapter8/chapt8_ws2/install/nav2_custom_planner
[0.773s] DEBUG:colcon.colcon_core.event_handler.log_command:Invoking command in '/home/zylyehuo/ROS2_learning/chapter8/chapt8_ws2/build/robot_description2': CMAKE_PREFIX_PATH=${CMAKE_PREFIX_PATH}:/home/zylyehuo/ROS2_learning/chapter7/chapt7_ws/install/autopatrol_robot:/home/zylyehuo/ROS2_learning/chapter7/chapt7_ws/install/fishbot_application:/opt/ros/humble /usr/bin/cmake --build /home/zylyehuo/ROS2_learning/chapter8/chapt8_ws2/build/robot_description2 -- -j16 -l16
[0.773s] DEBUG:colcon.colcon_core.event_handler.log_command:Invoked command in '/home/zylyehuo/ROS2_learning/chapter8/chapt8_ws2/build/autopatrol_interfaces' returned '0': CMAKE_PREFIX_PATH=${CMAKE_PREFIX_PATH}:/home/zylyehuo/ROS2_learning/chapter7/chapt7_ws/install/autopatrol_robot:/home/zylyehuo/ROS2_learning/chapter7/chapt7_ws/install/fishbot_application:/opt/ros/humble /usr/bin/cmake --build /home/zylyehuo/ROS2_learning/chapter8/chapt8_ws2/build/autopatrol_interfaces -- -j16 -l16
[0.778s] DEBUG:colcon.colcon_core.event_handler.log_command:Invoking command in '/home/zylyehuo/ROS2_learning/chapter8/chapt8_ws2/build/autopatrol_interfaces': CMAKE_PREFIX_PATH=${CMAKE_PREFIX_PATH}:/home/zylyehuo/ROS2_learning/chapter7/chapt7_ws/install/autopatrol_robot:/home/zylyehuo/ROS2_learning/chapter7/chapt7_ws/install/fishbot_application:/opt/ros/humble /usr/bin/cmake --install /home/zylyehuo/ROS2_learning/chapter8/chapt8_ws2/build/autopatrol_interfaces
[0.793s] DEBUG:colcon.colcon_core.event_handler.log_command:Invoked command in '/home/zylyehuo/ROS2_learning/chapter8/chapt8_ws2/build/fishbot_navigation2' returned '0': CMAKE_PREFIX_PATH=${CMAKE_PREFIX_PATH}:/home/zylyehuo/ROS2_learning/chapter7/chapt7_ws/install/autopatrol_robot:/home/zylyehuo/ROS2_learning/chapter7/chapt7_ws/install/fishbot_application:/opt/ros/humble /usr/bin/cmake --build /home/zylyehuo/ROS2_learning/chapter8/chapt8_ws2/build/fishbot_navigation2 -- -j16 -l16
[0.796s] DEBUG:colcon.colcon_core.event_handler.log_command:Invoking command in '/home/zylyehuo/ROS2_learning/chapter8/chapt8_ws2/build/fishbot_navigation2': CMAKE_PREFIX_PATH=${CMAKE_PREFIX_PATH}:/home/zylyehuo/ROS2_learning/chapter7/chapt7_ws/install/autopatrol_robot:/home/zylyehuo/ROS2_learning/chapter7/chapt7_ws/install/fishbot_application:/opt/ros/humble /usr/bin/cmake --install /home/zylyehuo/ROS2_learning/chapter8/chapt8_ws2/build/fishbot_navigation2
[0.805s] DEBUG:colcon.colcon_core.event_handler.log_command:Invoked command in '/home/zylyehuo/ROS2_learning/chapter8/chapt8_ws2/build/robot_description2' returned '0': CMAKE_PREFIX_PATH=${CMAKE_PREFIX_PATH}:/home/zylyehuo/ROS2_learning/chapter7/chapt7_ws/install/autopatrol_robot:/home/zylyehuo/ROS2_learning/chapter7/chapt7_ws/install/fishbot_application:/opt/ros/humble /usr/bin/cmake --build /home/zylyehuo/ROS2_learning/chapter8/chapt8_ws2/build/robot_description2 -- -j16 -l16
[0.807s] DEBUG:colcon.colcon_core.event_handler.log_command:Invoking command in '/home/zylyehuo/ROS2_learning/chapter8/chapt8_ws2/build/robot_description2': CMAKE_PREFIX_PATH=${CMAKE_PREFIX_PATH}:/home/zylyehuo/ROS2_learning/chapter7/chapt7_ws/install/autopatrol_robot:/home/zylyehuo/ROS2_learning/chapter7/chapt7_ws/install/fishbot_application:/opt/ros/humble /usr/bin/cmake --install /home/zylyehuo/ROS2_learning/chapter8/chapt8_ws2/build/robot_description2
[0.809s] Level 1:colcon.colcon_core.environment:create_environment_scripts_only(fishbot_navigation2)
[0.810s] DEBUG:colcon.colcon_core.event_handler.log_command:Invoked command in '/home/zylyehuo/ROS2_learning/chapter8/chapt8_ws2/build/fishbot_navigation2' returned '0': CMAKE_PREFIX_PATH=${CMAKE_PREFIX_PATH}:/home/zylyehuo/ROS2_learning/chapter7/chapt7_ws/install/autopatrol_robot:/home/zylyehuo/ROS2_learning/chapter7/chapt7_ws/install/fishbot_application:/opt/ros/humble /usr/bin/cmake --install /home/zylyehuo/ROS2_learning/chapter8/chapt8_ws2/build/fishbot_navigation2
[0.811s] Level 1:colcon.colcon_core.environment:checking '/home/zylyehuo/ROS2_learning/chapter8/chapt8_ws2/install/fishbot_navigation2' for CMake module files
[0.811s] Level 1:colcon.colcon_core.environment:checking '/home/zylyehuo/ROS2_learning/chapter8/chapt8_ws2/install/fishbot_navigation2' for CMake config files
[0.812s] Level 1:colcon.colcon_core.shell:create_environment_hook('fishbot_navigation2', 'cmake_prefix_path')
[0.812s] INFO:colcon.colcon_core.shell:Creating environment hook '/home/zylyehuo/ROS2_learning/chapter8/chapt8_ws2/install/fishbot_navigation2/share/fishbot_navigation2/hook/cmake_prefix_path.ps1'
[0.812s] INFO:colcon.colcon_core.shell:Creating environment descriptor '/home/zylyehuo/ROS2_learning/chapter8/chapt8_ws2/install/fishbot_navigation2/share/fishbot_navigation2/hook/cmake_prefix_path.dsv'
[0.813s] INFO:colcon.colcon_core.shell:Creating environment hook '/home/zylyehuo/ROS2_learning/chapter8/chapt8_ws2/install/fishbot_navigation2/share/fishbot_navigation2/hook/cmake_prefix_path.sh'
[0.816s] Level 1:colcon.colcon_core.environment:checking '/home/zylyehuo/ROS2_learning/chapter8/chapt8_ws2/install/fishbot_navigation2/bin'
[0.816s] Level 1:colcon.colcon_core.environment:checking '/home/zylyehuo/ROS2_learning/chapter8/chapt8_ws2/install/fishbot_navigation2/lib/pkgconfig/fishbot_navigation2.pc'
[0.818s] Level 1:colcon.colcon_core.environment:checking '/home/zylyehuo/ROS2_learning/chapter8/chapt8_ws2/install/fishbot_navigation2/lib/python3.10/site-packages'
[0.818s] Level 1:colcon.colcon_core.environment:checking '/home/zylyehuo/ROS2_learning/chapter8/chapt8_ws2/install/fishbot_navigation2/bin'
[0.819s] INFO:colcon.colcon_core.shell:Creating package script '/home/zylyehuo/ROS2_learning/chapter8/chapt8_ws2/install/fishbot_navigation2/share/fishbot_navigation2/package.ps1'
[0.821s] INFO:colcon.colcon_core.shell:Creating package descriptor '/home/zylyehuo/ROS2_learning/chapter8/chapt8_ws2/install/fishbot_navigation2/share/fishbot_navigation2/package.dsv'
[0.824s] INFO:colcon.colcon_core.shell:Creating package script '/home/zylyehuo/ROS2_learning/chapter8/chapt8_ws2/install/fishbot_navigation2/share/fishbot_navigation2/package.sh'
[0.826s] INFO:colcon.colcon_core.shell:Creating package script '/home/zylyehuo/ROS2_learning/chapter8/chapt8_ws2/install/fishbot_navigation2/share/fishbot_navigation2/package.bash'
[0.828s] INFO:colcon.colcon_core.shell:Creating package script '/home/zylyehuo/ROS2_learning/chapter8/chapt8_ws2/install/fishbot_navigation2/share/fishbot_navigation2/package.zsh'
[0.834s] Level 1:colcon.colcon_core.environment:create_file_with_runtime_dependencies(/home/zylyehuo/ROS2_learning/chapter8/chapt8_ws2/install/fishbot_navigation2/share/colcon-core/packages/fishbot_navigation2)
[0.840s] Level 1:colcon.colcon_core.environment:create_environment_scripts_only(fishbot_navigation2)
[0.840s] Level 1:colcon.colcon_core.environment:checking '/home/zylyehuo/ROS2_learning/chapter8/chapt8_ws2/install/fishbot_navigation2' for CMake module files
[0.842s] Level 1:colcon.colcon_core.environment:checking '/home/zylyehuo/ROS2_learning/chapter8/chapt8_ws2/install/fishbot_navigation2' for CMake config files
[0.842s] Level 1:colcon.colcon_core.shell:create_environment_hook('fishbot_navigation2', 'cmake_prefix_path')
[0.842s] INFO:colcon.colcon_core.shell:Creating environment hook '/home/zylyehuo/ROS2_learning/chapter8/chapt8_ws2/install/fishbot_navigation2/share/fishbot_navigation2/hook/cmake_prefix_path.ps1'
[0.842s] INFO:colcon.colcon_core.shell:Creating environment descriptor '/home/zylyehuo/ROS2_learning/chapter8/chapt8_ws2/install/fishbot_navigation2/share/fishbot_navigation2/hook/cmake_prefix_path.dsv'
[0.843s] INFO:colcon.colcon_core.shell:Creating environment hook '/home/zylyehuo/ROS2_learning/chapter8/chapt8_ws2/install/fishbot_navigation2/share/fishbot_navigation2/hook/cmake_prefix_path.sh'
[0.843s] Level 1:colcon.colcon_core.environment:checking '/home/zylyehuo/ROS2_learning/chapter8/chapt8_ws2/install/fishbot_navigation2/bin'
[0.843s] Level 1:colcon.colcon_core.environment:checking '/home/zylyehuo/ROS2_learning/chapter8/chapt8_ws2/install/fishbot_navigation2/lib/pkgconfig/fishbot_navigation2.pc'
[0.843s] Level 1:colcon.colcon_core.environment:checking '/home/zylyehuo/ROS2_learning/chapter8/chapt8_ws2/install/fishbot_navigation2/lib/python3.10/site-packages'
[0.843s] Level 1:colcon.colcon_core.environment:checking '/home/zylyehuo/ROS2_learning/chapter8/chapt8_ws2/install/fishbot_navigation2/bin'
[0.844s] INFO:colcon.colcon_core.shell:Creating package script '/home/zylyehuo/ROS2_learning/chapter8/chapt8_ws2/install/fishbot_navigation2/share/fishbot_navigation2/package.ps1'
[0.844s] INFO:colcon.colcon_core.shell:Creating package descriptor '/home/zylyehuo/ROS2_learning/chapter8/chapt8_ws2/install/fishbot_navigation2/share/fishbot_navigation2/package.dsv'
[0.844s] INFO:colcon.colcon_core.shell:Creating package script '/home/zylyehuo/ROS2_learning/chapter8/chapt8_ws2/install/fishbot_navigation2/share/fishbot_navigation2/package.sh'
[0.845s] INFO:colcon.colcon_core.shell:Creating package script '/home/zylyehuo/ROS2_learning/chapter8/chapt8_ws2/install/fishbot_navigation2/share/fishbot_navigation2/package.bash'
[0.845s] INFO:colcon.colcon_core.shell:Creating package script '/home/zylyehuo/ROS2_learning/chapter8/chapt8_ws2/install/fishbot_navigation2/share/fishbot_navigation2/package.zsh'
[0.845s] Level 1:colcon.colcon_core.environment:create_file_with_runtime_dependencies(/home/zylyehuo/ROS2_learning/chapter8/chapt8_ws2/install/fishbot_navigation2/share/colcon-core/packages/fishbot_navigation2)
[0.848s] Level 1:colcon.colcon_core.environment:create_environment_scripts_only(robot_description2)
[0.848s] DEBUG:colcon.colcon_core.event_handler.log_command:Invoked command in '/home/zylyehuo/ROS2_learning/chapter8/chapt8_ws2/build/robot_description2' returned '0': CMAKE_PREFIX_PATH=${CMAKE_PREFIX_PATH}:/home/zylyehuo/ROS2_learning/chapter7/chapt7_ws/install/autopatrol_robot:/home/zylyehuo/ROS2_learning/chapter7/chapt7_ws/install/fishbot_application:/opt/ros/humble /usr/bin/cmake --install /home/zylyehuo/ROS2_learning/chapter8/chapt8_ws2/build/robot_description2
[0.849s] Level 1:colcon.colcon_core.environment:checking '/home/zylyehuo/ROS2_learning/chapter8/chapt8_ws2/install/robot_description2' for CMake module files
[0.849s] Level 1:colcon.colcon_core.environment:checking '/home/zylyehuo/ROS2_learning/chapter8/chapt8_ws2/install/robot_description2' for CMake config files
[0.849s] Level 1:colcon.colcon_core.shell:create_environment_hook('robot_description2', 'cmake_prefix_path')
[0.850s] INFO:colcon.colcon_core.shell:Creating environment hook '/home/zylyehuo/ROS2_learning/chapter8/chapt8_ws2/install/robot_description2/share/robot_description2/hook/cmake_prefix_path.ps1'
[0.850s] INFO:colcon.colcon_core.shell:Creating environment descriptor '/home/zylyehuo/ROS2_learning/chapter8/chapt8_ws2/install/robot_description2/share/robot_description2/hook/cmake_prefix_path.dsv'
[0.850s] INFO:colcon.colcon_core.shell:Creating environment hook '/home/zylyehuo/ROS2_learning/chapter8/chapt8_ws2/install/robot_description2/share/robot_description2/hook/cmake_prefix_path.sh'
[0.851s] Level 1:colcon.colcon_core.environment:checking '/home/zylyehuo/ROS2_learning/chapter8/chapt8_ws2/install/robot_description2/bin'
[0.851s] Level 1:colcon.colcon_core.environment:checking '/home/zylyehuo/ROS2_learning/chapter8/chapt8_ws2/install/robot_description2/lib/pkgconfig/robot_description2.pc'
[0.851s] Level 1:colcon.colcon_core.environment:checking '/home/zylyehuo/ROS2_learning/chapter8/chapt8_ws2/install/robot_description2/lib/python3.10/site-packages'
[0.851s] Level 1:colcon.colcon_core.environment:checking '/home/zylyehuo/ROS2_learning/chapter8/chapt8_ws2/install/robot_description2/bin'
[0.851s] INFO:colcon.colcon_core.shell:Creating package script '/home/zylyehuo/ROS2_learning/chapter8/chapt8_ws2/install/robot_description2/share/robot_description2/package.ps1'
[0.852s] INFO:colcon.colcon_core.shell:Creating package descriptor '/home/zylyehuo/ROS2_learning/chapter8/chapt8_ws2/install/robot_description2/share/robot_description2/package.dsv'
[0.852s] INFO:colcon.colcon_core.shell:Creating package script '/home/zylyehuo/ROS2_learning/chapter8/chapt8_ws2/install/robot_description2/share/robot_description2/package.sh'
[0.852s] INFO:colcon.colcon_core.shell:Creating package script '/home/zylyehuo/ROS2_learning/chapter8/chapt8_ws2/install/robot_description2/share/robot_description2/package.bash'
[0.853s] INFO:colcon.colcon_core.shell:Creating package script '/home/zylyehuo/ROS2_learning/chapter8/chapt8_ws2/install/robot_description2/share/robot_description2/package.zsh'
[0.853s] Level 1:colcon.colcon_core.environment:create_file_with_runtime_dependencies(/home/zylyehuo/ROS2_learning/chapter8/chapt8_ws2/install/robot_description2/share/colcon-core/packages/robot_description2)
[0.853s] Level 1:colcon.colcon_core.environment:create_environment_scripts_only(robot_description2)
[0.853s] Level 1:colcon.colcon_core.environment:checking '/home/zylyehuo/ROS2_learning/chapter8/chapt8_ws2/install/robot_description2' for CMake module files
[0.854s] Level 1:colcon.colcon_core.environment:checking '/home/zylyehuo/ROS2_learning/chapter8/chapt8_ws2/install/robot_description2' for CMake config files
[0.854s] Level 1:colcon.colcon_core.shell:create_environment_hook('robot_description2', 'cmake_prefix_path')
[0.854s] INFO:colcon.colcon_core.shell:Creating environment hook '/home/zylyehuo/ROS2_learning/chapter8/chapt8_ws2/install/robot_description2/share/robot_description2/hook/cmake_prefix_path.ps1'
[0.854s] INFO:colcon.colcon_core.shell:Creating environment descriptor '/home/zylyehuo/ROS2_learning/chapter8/chapt8_ws2/install/robot_description2/share/robot_description2/hook/cmake_prefix_path.dsv'
[0.855s] INFO:colcon.colcon_core.shell:Creating environment hook '/home/zylyehuo/ROS2_learning/chapter8/chapt8_ws2/install/robot_description2/share/robot_description2/hook/cmake_prefix_path.sh'
[0.855s] Level 1:colcon.colcon_core.environment:checking '/home/zylyehuo/ROS2_learning/chapter8/chapt8_ws2/install/robot_description2/bin'
[0.855s] Level 1:colcon.colcon_core.environment:checking '/home/zylyehuo/ROS2_learning/chapter8/chapt8_ws2/install/robot_description2/lib/pkgconfig/robot_description2.pc'
[0.855s] Level 1:colcon.colcon_core.environment:checking '/home/zylyehuo/ROS2_learning/chapter8/chapt8_ws2/install/robot_description2/lib/python3.10/site-packages'
[0.856s] Level 1:colcon.colcon_core.environment:checking '/home/zylyehuo/ROS2_learning/chapter8/chapt8_ws2/install/robot_description2/bin'
[0.856s] INFO:colcon.colcon_core.shell:Creating package script '/home/zylyehuo/ROS2_learning/chapter8/chapt8_ws2/install/robot_description2/share/robot_description2/package.ps1'
[0.856s] INFO:colcon.colcon_core.shell:Creating package descriptor '/home/zylyehuo/ROS2_learning/chapter8/chapt8_ws2/install/robot_description2/share/robot_description2/package.dsv'
[0.857s] INFO:colcon.colcon_core.shell:Creating package script '/home/zylyehuo/ROS2_learning/chapter8/chapt8_ws2/install/robot_description2/share/robot_description2/package.sh'
[0.857s] INFO:colcon.colcon_core.shell:Creating package script '/home/zylyehuo/ROS2_learning/chapter8/chapt8_ws2/install/robot_description2/share/robot_description2/package.bash'
[0.858s] INFO:colcon.colcon_core.shell:Creating package script '/home/zylyehuo/ROS2_learning/chapter8/chapt8_ws2/install/robot_description2/share/robot_description2/package.zsh'
[0.858s] Level 1:colcon.colcon_core.environment:create_file_with_runtime_dependencies(/home/zylyehuo/ROS2_learning/chapter8/chapt8_ws2/install/robot_description2/share/colcon-core/packages/robot_description2)
[0.858s] Level 1:colcon.colcon_core.environment:create_environment_scripts_only(autopatrol_interfaces)
[0.859s] Level 1:colcon.colcon_core.environment:checking '/home/zylyehuo/ROS2_learning/chapter8/chapt8_ws2/install/autopatrol_interfaces' for CMake module files
[0.860s] DEBUG:colcon.colcon_core.event_handler.log_command:Invoked command in '/home/zylyehuo/ROS2_learning/chapter8/chapt8_ws2/build/autopatrol_interfaces' returned '0': CMAKE_PREFIX_PATH=${CMAKE_PREFIX_PATH}:/home/zylyehuo/ROS2_learning/chapter7/chapt7_ws/install/autopatrol_robot:/home/zylyehuo/ROS2_learning/chapter7/chapt7_ws/install/fishbot_application:/opt/ros/humble /usr/bin/cmake --install /home/zylyehuo/ROS2_learning/chapter8/chapt8_ws2/build/autopatrol_interfaces
[0.861s] Level 1:colcon.colcon_core.environment:checking '/home/zylyehuo/ROS2_learning/chapter8/chapt8_ws2/install/autopatrol_interfaces' for CMake config files
[0.861s] Level 1:colcon.colcon_core.shell:create_environment_hook('autopatrol_interfaces', 'cmake_prefix_path')
[0.862s] INFO:colcon.colcon_core.shell:Creating environment hook '/home/zylyehuo/ROS2_learning/chapter8/chapt8_ws2/install/autopatrol_interfaces/share/autopatrol_interfaces/hook/cmake_prefix_path.ps1'
[0.862s] INFO:colcon.colcon_core.shell:Creating environment descriptor '/home/zylyehuo/ROS2_learning/chapter8/chapt8_ws2/install/autopatrol_interfaces/share/autopatrol_interfaces/hook/cmake_prefix_path.dsv'
[0.863s] INFO:colcon.colcon_core.shell:Creating environment hook '/home/zylyehuo/ROS2_learning/chapter8/chapt8_ws2/install/autopatrol_interfaces/share/autopatrol_interfaces/hook/cmake_prefix_path.sh'
[0.863s] Level 1:colcon.colcon_core.environment:checking '/home/zylyehuo/ROS2_learning/chapter8/chapt8_ws2/install/autopatrol_interfaces/lib'
[0.864s] Level 1:colcon.colcon_core.shell:create_environment_hook('autopatrol_interfaces', 'ld_library_path_lib')
[0.864s] INFO:colcon.colcon_core.shell:Creating environment hook '/home/zylyehuo/ROS2_learning/chapter8/chapt8_ws2/install/autopatrol_interfaces/share/autopatrol_interfaces/hook/ld_library_path_lib.ps1'
[0.865s] INFO:colcon.colcon_core.shell:Creating environment descriptor '/home/zylyehuo/ROS2_learning/chapter8/chapt8_ws2/install/autopatrol_interfaces/share/autopatrol_interfaces/hook/ld_library_path_lib.dsv'
[0.865s] INFO:colcon.colcon_core.shell:Creating environment hook '/home/zylyehuo/ROS2_learning/chapter8/chapt8_ws2/install/autopatrol_interfaces/share/autopatrol_interfaces/hook/ld_library_path_lib.sh'
[0.866s] Level 1:colcon.colcon_core.environment:checking '/home/zylyehuo/ROS2_learning/chapter8/chapt8_ws2/install/autopatrol_interfaces/bin'
[0.866s] Level 1:colcon.colcon_core.environment:checking '/home/zylyehuo/ROS2_learning/chapter8/chapt8_ws2/install/autopatrol_interfaces/lib/pkgconfig/autopatrol_interfaces.pc'
[0.866s] Level 1:colcon.colcon_core.environment:checking '/home/zylyehuo/ROS2_learning/chapter8/chapt8_ws2/install/autopatrol_interfaces/lib/python3.10/site-packages'
[0.867s] Level 1:colcon.colcon_core.environment:checking '/home/zylyehuo/ROS2_learning/chapter8/chapt8_ws2/install/autopatrol_interfaces/bin'
[0.867s] INFO:colcon.colcon_core.shell:Creating package script '/home/zylyehuo/ROS2_learning/chapter8/chapt8_ws2/install/autopatrol_interfaces/share/autopatrol_interfaces/package.ps1'
[0.868s] INFO:colcon.colcon_core.shell:Creating package descriptor '/home/zylyehuo/ROS2_learning/chapter8/chapt8_ws2/install/autopatrol_interfaces/share/autopatrol_interfaces/package.dsv'
[0.868s] INFO:colcon.colcon_core.shell:Creating package script '/home/zylyehuo/ROS2_learning/chapter8/chapt8_ws2/install/autopatrol_interfaces/share/autopatrol_interfaces/package.sh'
[0.869s] INFO:colcon.colcon_core.shell:Creating package script '/home/zylyehuo/ROS2_learning/chapter8/chapt8_ws2/install/autopatrol_interfaces/share/autopatrol_interfaces/package.bash'
[0.869s] INFO:colcon.colcon_core.shell:Creating package script '/home/zylyehuo/ROS2_learning/chapter8/chapt8_ws2/install/autopatrol_interfaces/share/autopatrol_interfaces/package.zsh'
[0.870s] Level 1:colcon.colcon_core.environment:create_file_with_runtime_dependencies(/home/zylyehuo/ROS2_learning/chapter8/chapt8_ws2/install/autopatrol_interfaces/share/colcon-core/packages/autopatrol_interfaces)
[0.871s] Level 1:colcon.colcon_core.environment:create_environment_scripts_only(autopatrol_interfaces)
[0.871s] Level 1:colcon.colcon_core.environment:checking '/home/zylyehuo/ROS2_learning/chapter8/chapt8_ws2/install/autopatrol_interfaces' for CMake module files
[0.872s] Level 1:colcon.colcon_core.environment:checking '/home/zylyehuo/ROS2_learning/chapter8/chapt8_ws2/install/autopatrol_interfaces' for CMake config files
[0.872s] Level 1:colcon.colcon_core.shell:create_environment_hook('autopatrol_interfaces', 'cmake_prefix_path')
[0.873s] INFO:colcon.colcon_core.shell:Creating environment hook '/home/zylyehuo/ROS2_learning/chapter8/chapt8_ws2/install/autopatrol_interfaces/share/autopatrol_interfaces/hook/cmake_prefix_path.ps1'
[0.873s] INFO:colcon.colcon_core.shell:Creating environment descriptor '/home/zylyehuo/ROS2_learning/chapter8/chapt8_ws2/install/autopatrol_interfaces/share/autopatrol_interfaces/hook/cmake_prefix_path.dsv'
[0.873s] INFO:colcon.colcon_core.shell:Creating environment hook '/home/zylyehuo/ROS2_learning/chapter8/chapt8_ws2/install/autopatrol_interfaces/share/autopatrol_interfaces/hook/cmake_prefix_path.sh'
[0.874s] Level 1:colcon.colcon_core.environment:checking '/home/zylyehuo/ROS2_learning/chapter8/chapt8_ws2/install/autopatrol_interfaces/lib'
[0.874s] Level 1:colcon.colcon_core.shell:create_environment_hook('autopatrol_interfaces', 'ld_library_path_lib')
[0.875s] INFO:colcon.colcon_core.shell:Creating environment hook '/home/zylyehuo/ROS2_learning/chapter8/chapt8_ws2/install/autopatrol_interfaces/share/autopatrol_interfaces/hook/ld_library_path_lib.ps1'
[0.875s] INFO:colcon.colcon_core.shell:Creating environment descriptor '/home/zylyehuo/ROS2_learning/chapter8/chapt8_ws2/install/autopatrol_interfaces/share/autopatrol_interfaces/hook/ld_library_path_lib.dsv'
[0.876s] INFO:colcon.colcon_core.shell:Creating environment hook '/home/zylyehuo/ROS2_learning/chapter8/chapt8_ws2/install/autopatrol_interfaces/share/autopatrol_interfaces/hook/ld_library_path_lib.sh'
[0.876s] Level 1:colcon.colcon_core.environment:checking '/home/zylyehuo/ROS2_learning/chapter8/chapt8_ws2/install/autopatrol_interfaces/bin'
[0.877s] Level 1:colcon.colcon_core.environment:checking '/home/zylyehuo/ROS2_learning/chapter8/chapt8_ws2/install/autopatrol_interfaces/lib/pkgconfig/autopatrol_interfaces.pc'
[0.877s] Level 1:colcon.colcon_core.environment:checking '/home/zylyehuo/ROS2_learning/chapter8/chapt8_ws2/install/autopatrol_interfaces/lib/python3.10/site-packages'
[0.877s] Level 1:colcon.colcon_core.environment:checking '/home/zylyehuo/ROS2_learning/chapter8/chapt8_ws2/install/autopatrol_interfaces/bin'
[0.878s] INFO:colcon.colcon_core.shell:Creating package script '/home/zylyehuo/ROS2_learning/chapter8/chapt8_ws2/install/autopatrol_interfaces/share/autopatrol_interfaces/package.ps1'
[0.878s] INFO:colcon.colcon_core.shell:Creating package descriptor '/home/zylyehuo/ROS2_learning/chapter8/chapt8_ws2/install/autopatrol_interfaces/share/autopatrol_interfaces/package.dsv'
[0.879s] INFO:colcon.colcon_core.shell:Creating package script '/home/zylyehuo/ROS2_learning/chapter8/chapt8_ws2/install/autopatrol_interfaces/share/autopatrol_interfaces/package.sh'
[0.880s] INFO:colcon.colcon_core.shell:Creating package script '/home/zylyehuo/ROS2_learning/chapter8/chapt8_ws2/install/autopatrol_interfaces/share/autopatrol_interfaces/package.bash'
[0.880s] INFO:colcon.colcon_core.shell:Creating package script '/home/zylyehuo/ROS2_learning/chapter8/chapt8_ws2/install/autopatrol_interfaces/share/autopatrol_interfaces/package.zsh'
[0.881s] Level 1:colcon.colcon_core.environment:create_file_with_runtime_dependencies(/home/zylyehuo/ROS2_learning/chapter8/chapt8_ws2/install/autopatrol_interfaces/share/colcon-core/packages/autopatrol_interfaces)
[1.094s] DEBUG:colcon.colcon_core.event_handler.log_command:Invoking command in '/home/zylyehuo/ROS2_learning/chapter8/chapt8_ws2/src/autopatrol_robot': PYTHONPATH=/home/zylyehuo/ROS2_learning/chapter8/chapt8_ws2/build/autopatrol_robot/prefix_override:/usr/lib/python3/dist-packages/colcon_core/task/python/colcon_distutils_commands:/home/zylyehuo/ROS2_learning/chapter8/chapt8_ws2/install/autopatrol_robot/lib/python3.10/site-packages:${PYTHONPATH} /usr/bin/python3 -W ignore:setup.py install is deprecated -W ignore:easy_install command is deprecated setup.py egg_info --egg-base ../../build/autopatrol_robot build --build-base /home/zylyehuo/ROS2_learning/chapter8/chapt8_ws2/build/autopatrol_robot/build install --record /home/zylyehuo/ROS2_learning/chapter8/chapt8_ws2/build/autopatrol_robot/install.log --single-version-externally-managed install_data
[1.131s] DEBUG:colcon.colcon_core.event_handler.log_command:Invoking command in '/home/zylyehuo/ROS2_learning/chapter8/chapt8_ws2/src/fishbot_application': PYTHONPATH=/home/zylyehuo/ROS2_learning/chapter8/chapt8_ws2/build/fishbot_application/prefix_override:/usr/lib/python3/dist-packages/colcon_core/task/python/colcon_distutils_commands:/home/zylyehuo/ROS2_learning/chapter8/chapt8_ws2/install/fishbot_application/lib/python3.10/site-packages:${PYTHONPATH} /usr/bin/python3 -W ignore:setup.py install is deprecated -W ignore:easy_install command is deprecated setup.py egg_info --egg-base ../../build/fishbot_application build --build-base /home/zylyehuo/ROS2_learning/chapter8/chapt8_ws2/build/fishbot_application/build install --record /home/zylyehuo/ROS2_learning/chapter8/chapt8_ws2/build/fishbot_application/install.log --single-version-externally-managed install_data
[1.320s] Level 1:colcon.colcon_core.environment:checking '/home/zylyehuo/ROS2_learning/chapter8/chapt8_ws2/install/autopatrol_robot' for CMake module files
[1.321s] DEBUG:colcon.colcon_core.event_handler.log_command:Invoked command in '/home/zylyehuo/ROS2_learning/chapter8/chapt8_ws2/src/autopatrol_robot' returned '0': PYTHONPATH=/home/zylyehuo/ROS2_learning/chapter8/chapt8_ws2/build/autopatrol_robot/prefix_override:/usr/lib/python3/dist-packages/colcon_core/task/python/colcon_distutils_commands:/home/zylyehuo/ROS2_learning/chapter8/chapt8_ws2/install/autopatrol_robot/lib/python3.10/site-packages:${PYTHONPATH} /usr/bin/python3 -W ignore:setup.py install is deprecated -W ignore:easy_install command is deprecated setup.py egg_info --egg-base ../../build/autopatrol_robot build --build-base /home/zylyehuo/ROS2_learning/chapter8/chapt8_ws2/build/autopatrol_robot/build install --record /home/zylyehuo/ROS2_learning/chapter8/chapt8_ws2/build/autopatrol_robot/install.log --single-version-externally-managed install_data
[1.322s] Level 1:colcon.colcon_core.environment:checking '/home/zylyehuo/ROS2_learning/chapter8/chapt8_ws2/install/autopatrol_robot' for CMake config files
[1.324s] Level 1:colcon.colcon_core.environment:checking '/home/zylyehuo/ROS2_learning/chapter8/chapt8_ws2/install/autopatrol_robot/lib'
[1.325s] Level 1:colcon.colcon_core.environment:checking '/home/zylyehuo/ROS2_learning/chapter8/chapt8_ws2/install/autopatrol_robot/bin'
[1.325s] Level 1:colcon.colcon_core.environment:checking '/home/zylyehuo/ROS2_learning/chapter8/chapt8_ws2/install/autopatrol_robot/lib/pkgconfig/autopatrol_robot.pc'
[1.325s] Level 1:colcon.colcon_core.environment:checking '/home/zylyehuo/ROS2_learning/chapter8/chapt8_ws2/install/autopatrol_robot/lib/python3.10/site-packages'
[1.325s] Level 1:colcon.colcon_core.shell:create_environment_hook('autopatrol_robot', 'pythonpath')
[1.325s] INFO:colcon.colcon_core.shell:Creating environment hook '/home/zylyehuo/ROS2_learning/chapter8/chapt8_ws2/install/autopatrol_robot/share/autopatrol_robot/hook/pythonpath.ps1'
[1.326s] INFO:colcon.colcon_core.shell:Creating environment descriptor '/home/zylyehuo/ROS2_learning/chapter8/chapt8_ws2/install/autopatrol_robot/share/autopatrol_robot/hook/pythonpath.dsv'
[1.326s] INFO:colcon.colcon_core.shell:Creating environment hook '/home/zylyehuo/ROS2_learning/chapter8/chapt8_ws2/install/autopatrol_robot/share/autopatrol_robot/hook/pythonpath.sh'
[1.327s] Level 1:colcon.colcon_core.environment:checking '/home/zylyehuo/ROS2_learning/chapter8/chapt8_ws2/install/autopatrol_robot/bin'
[1.327s] Level 1:colcon.colcon_core.environment:create_environment_scripts_only(autopatrol_robot)
[1.327s] INFO:colcon.colcon_core.shell:Creating package script '/home/zylyehuo/ROS2_learning/chapter8/chapt8_ws2/install/autopatrol_robot/share/autopatrol_robot/package.ps1'
[1.328s] INFO:colcon.colcon_core.shell:Creating package descriptor '/home/zylyehuo/ROS2_learning/chapter8/chapt8_ws2/install/autopatrol_robot/share/autopatrol_robot/package.dsv'
[1.329s] INFO:colcon.colcon_core.shell:Creating package script '/home/zylyehuo/ROS2_learning/chapter8/chapt8_ws2/install/autopatrol_robot/share/autopatrol_robot/package.sh'
[1.329s] INFO:colcon.colcon_core.shell:Creating package script '/home/zylyehuo/ROS2_learning/chapter8/chapt8_ws2/install/autopatrol_robot/share/autopatrol_robot/package.bash'
[1.329s] INFO:colcon.colcon_core.shell:Creating package script '/home/zylyehuo/ROS2_learning/chapter8/chapt8_ws2/install/autopatrol_robot/share/autopatrol_robot/package.zsh'
[1.330s] Level 1:colcon.colcon_core.environment:create_file_with_runtime_dependencies(/home/zylyehuo/ROS2_learning/chapter8/chapt8_ws2/install/autopatrol_robot/share/colcon-core/packages/autopatrol_robot)
[1.363s] Level 1:colcon.colcon_core.environment:checking '/home/zylyehuo/ROS2_learning/chapter8/chapt8_ws2/install/fishbot_application' for CMake module files
[1.363s] DEBUG:colcon.colcon_core.event_handler.log_command:Invoked command in '/home/zylyehuo/ROS2_learning/chapter8/chapt8_ws2/src/fishbot_application' returned '0': PYTHONPATH=/home/zylyehuo/ROS2_learning/chapter8/chapt8_ws2/build/fishbot_application/prefix_override:/usr/lib/python3/dist-packages/colcon_core/task/python/colcon_distutils_commands:/home/zylyehuo/ROS2_learning/chapter8/chapt8_ws2/install/fishbot_application/lib/python3.10/site-packages:${PYTHONPATH} /usr/bin/python3 -W ignore:setup.py install is deprecated -W ignore:easy_install command is deprecated setup.py egg_info --egg-base ../../build/fishbot_application build --build-base /home/zylyehuo/ROS2_learning/chapter8/chapt8_ws2/build/fishbot_application/build install --record /home/zylyehuo/ROS2_learning/chapter8/chapt8_ws2/build/fishbot_application/install.log --single-version-externally-managed install_data
[1.363s] Level 1:colcon.colcon_core.environment:checking '/home/zylyehuo/ROS2_learning/chapter8/chapt8_ws2/install/fishbot_application' for CMake config files
[1.364s] Level 1:colcon.colcon_core.environment:checking '/home/zylyehuo/ROS2_learning/chapter8/chapt8_ws2/install/fishbot_application/lib'
[1.364s] Level 1:colcon.colcon_core.environment:checking '/home/zylyehuo/ROS2_learning/chapter8/chapt8_ws2/install/fishbot_application/bin'
[1.364s] Level 1:colcon.colcon_core.environment:checking '/home/zylyehuo/ROS2_learning/chapter8/chapt8_ws2/install/fishbot_application/lib/pkgconfig/fishbot_application.pc'
[1.364s] Level 1:colcon.colcon_core.environment:checking '/home/zylyehuo/ROS2_learning/chapter8/chapt8_ws2/install/fishbot_application/lib/python3.10/site-packages'
[1.364s] Level 1:colcon.colcon_core.shell:create_environment_hook('fishbot_application', 'pythonpath')
[1.364s] INFO:colcon.colcon_core.shell:Creating environment hook '/home/zylyehuo/ROS2_learning/chapter8/chapt8_ws2/install/fishbot_application/share/fishbot_application/hook/pythonpath.ps1'
[1.365s] INFO:colcon.colcon_core.shell:Creating environment descriptor '/home/zylyehuo/ROS2_learning/chapter8/chapt8_ws2/install/fishbot_application/share/fishbot_application/hook/pythonpath.dsv'
[1.365s] INFO:colcon.colcon_core.shell:Creating environment hook '/home/zylyehuo/ROS2_learning/chapter8/chapt8_ws2/install/fishbot_application/share/fishbot_application/hook/pythonpath.sh'
[1.365s] Level 1:colcon.colcon_core.environment:checking '/home/zylyehuo/ROS2_learning/chapter8/chapt8_ws2/install/fishbot_application/bin'
[1.365s] Level 1:colcon.colcon_core.environment:create_environment_scripts_only(fishbot_application)
[1.366s] INFO:colcon.colcon_core.shell:Creating package script '/home/zylyehuo/ROS2_learning/chapter8/chapt8_ws2/install/fishbot_application/share/fishbot_application/package.ps1'
[1.366s] INFO:colcon.colcon_core.shell:Creating package descriptor '/home/zylyehuo/ROS2_learning/chapter8/chapt8_ws2/install/fishbot_application/share/fishbot_application/package.dsv'
[1.366s] INFO:colcon.colcon_core.shell:Creating package script '/home/zylyehuo/ROS2_learning/chapter8/chapt8_ws2/install/fishbot_application/share/fishbot_application/package.sh'
[1.367s] INFO:colcon.colcon_core.shell:Creating package script '/home/zylyehuo/ROS2_learning/chapter8/chapt8_ws2/install/fishbot_application/share/fishbot_application/package.bash'
[1.367s] INFO:colcon.colcon_core.shell:Creating package script '/home/zylyehuo/ROS2_learning/chapter8/chapt8_ws2/install/fishbot_application/share/fishbot_application/package.zsh'
[1.367s] Level 1:colcon.colcon_core.environment:create_file_with_runtime_dependencies(/home/zylyehuo/ROS2_learning/chapter8/chapt8_ws2/install/fishbot_application/share/colcon-core/packages/fishbot_application)
[6.985s] DEBUG:colcon.colcon_core.event_handler.log_command:Invoked command in '/home/zylyehuo/ROS2_learning/chapter8/chapt8_ws2/build/nav2_custom_planner' returned '0': CMAKE_PREFIX_PATH=${CMAKE_PREFIX_PATH}:/home/zylyehuo/ROS2_learning/chapter7/chapt7_ws/install/autopatrol_robot:/home/zylyehuo/ROS2_learning/chapter7/chapt7_ws/install/fishbot_application:/opt/ros/humble /usr/bin/cmake /home/zylyehuo/ROS2_learning/chapter8/chapt8_ws2/src/nav2_custom_planner -DCMAKE_INSTALL_PREFIX=/home/zylyehuo/ROS2_learning/chapter8/chapt8_ws2/install/nav2_custom_planner
[6.986s] DEBUG:colcon.colcon_core.event_handler.log_command:Invoking command in '/home/zylyehuo/ROS2_learning/chapter8/chapt8_ws2/build/nav2_custom_planner': CMAKE_PREFIX_PATH=${CMAKE_PREFIX_PATH}:/home/zylyehuo/ROS2_learning/chapter7/chapt7_ws/install/autopatrol_robot:/home/zylyehuo/ROS2_learning/chapter7/chapt7_ws/install/fishbot_application:/opt/ros/humble /usr/bin/cmake --build /home/zylyehuo/ROS2_learning/chapter8/chapt8_ws2/build/nav2_custom_planner -- -j16 -l16
[11.654s] DEBUG:colcon.colcon_core.event_handler.log_command:Invoked command in '/home/zylyehuo/ROS2_learning/chapter8/chapt8_ws2/build/nav2_custom_planner' returned '0': CMAKE_PREFIX_PATH=${CMAKE_PREFIX_PATH}:/home/zylyehuo/ROS2_learning/chapter7/chapt7_ws/install/autopatrol_robot:/home/zylyehuo/ROS2_learning/chapter7/chapt7_ws/install/fishbot_application:/opt/ros/humble /usr/bin/cmake --build /home/zylyehuo/ROS2_learning/chapter8/chapt8_ws2/build/nav2_custom_planner -- -j16 -l16
[11.656s] DEBUG:colcon.colcon_core.event_handler.log_command:Invoking command in '/home/zylyehuo/ROS2_learning/chapter8/chapt8_ws2/build/nav2_custom_planner': CMAKE_PREFIX_PATH=${CMAKE_PREFIX_PATH}:/home/zylyehuo/ROS2_learning/chapter7/chapt7_ws/install/autopatrol_robot:/home/zylyehuo/ROS2_learning/chapter7/chapt7_ws/install/fishbot_application:/opt/ros/humble /usr/bin/cmake --install /home/zylyehuo/ROS2_learning/chapter8/chapt8_ws2/build/nav2_custom_planner
[11.669s] Level 1:colcon.colcon_core.environment:create_environment_scripts_only(nav2_custom_planner)
[11.669s] Level 1:colcon.colcon_core.environment:checking '/home/zylyehuo/ROS2_learning/chapter8/chapt8_ws2/install/nav2_custom_planner' for CMake module files
[11.669s] DEBUG:colcon.colcon_core.event_handler.log_command:Invoked command in '/home/zylyehuo/ROS2_learning/chapter8/chapt8_ws2/build/nav2_custom_planner' returned '0': CMAKE_PREFIX_PATH=${CMAKE_PREFIX_PATH}:/home/zylyehuo/ROS2_learning/chapter7/chapt7_ws/install/autopatrol_robot:/home/zylyehuo/ROS2_learning/chapter7/chapt7_ws/install/fishbot_application:/opt/ros/humble /usr/bin/cmake --install /home/zylyehuo/ROS2_learning/chapter8/chapt8_ws2/build/nav2_custom_planner
[11.670s] Level 1:colcon.colcon_core.environment:checking '/home/zylyehuo/ROS2_learning/chapter8/chapt8_ws2/install/nav2_custom_planner' for CMake config files
[11.670s] Level 1:colcon.colcon_core.shell:create_environment_hook('nav2_custom_planner', 'cmake_prefix_path')
[11.670s] INFO:colcon.colcon_core.shell:Creating environment hook '/home/zylyehuo/ROS2_learning/chapter8/chapt8_ws2/install/nav2_custom_planner/share/nav2_custom_planner/hook/cmake_prefix_path.ps1'
[11.671s] INFO:colcon.colcon_core.shell:Creating environment descriptor '/home/zylyehuo/ROS2_learning/chapter8/chapt8_ws2/install/nav2_custom_planner/share/nav2_custom_planner/hook/cmake_prefix_path.dsv'
[11.671s] INFO:colcon.colcon_core.shell:Creating environment hook '/home/zylyehuo/ROS2_learning/chapter8/chapt8_ws2/install/nav2_custom_planner/share/nav2_custom_planner/hook/cmake_prefix_path.sh'
[11.672s] Level 1:colcon.colcon_core.environment:checking '/home/zylyehuo/ROS2_learning/chapter8/chapt8_ws2/install/nav2_custom_planner/lib'
[11.672s] Level 1:colcon.colcon_core.shell:create_environment_hook('nav2_custom_planner', 'ld_library_path_lib')
[11.672s] INFO:colcon.colcon_core.shell:Creating environment hook '/home/zylyehuo/ROS2_learning/chapter8/chapt8_ws2/install/nav2_custom_planner/share/nav2_custom_planner/hook/ld_library_path_lib.ps1'
[11.672s] INFO:colcon.colcon_core.shell:Creating environment descriptor '/home/zylyehuo/ROS2_learning/chapter8/chapt8_ws2/install/nav2_custom_planner/share/nav2_custom_planner/hook/ld_library_path_lib.dsv'
[11.672s] INFO:colcon.colcon_core.shell:Creating environment hook '/home/zylyehuo/ROS2_learning/chapter8/chapt8_ws2/install/nav2_custom_planner/share/nav2_custom_planner/hook/ld_library_path_lib.sh'
[11.673s] Level 1:colcon.colcon_core.environment:checking '/home/zylyehuo/ROS2_learning/chapter8/chapt8_ws2/install/nav2_custom_planner/bin'
[11.673s] Level 1:colcon.colcon_core.environment:checking '/home/zylyehuo/ROS2_learning/chapter8/chapt8_ws2/install/nav2_custom_planner/lib/pkgconfig/nav2_custom_planner.pc'
[11.673s] Level 1:colcon.colcon_core.environment:checking '/home/zylyehuo/ROS2_learning/chapter8/chapt8_ws2/install/nav2_custom_planner/lib/python3.10/site-packages'
[11.673s] Level 1:colcon.colcon_core.environment:checking '/home/zylyehuo/ROS2_learning/chapter8/chapt8_ws2/install/nav2_custom_planner/bin'
[11.673s] INFO:colcon.colcon_core.shell:Creating package script '/home/zylyehuo/ROS2_learning/chapter8/chapt8_ws2/install/nav2_custom_planner/share/nav2_custom_planner/package.ps1'
[11.674s] INFO:colcon.colcon_core.shell:Creating package descriptor '/home/zylyehuo/ROS2_learning/chapter8/chapt8_ws2/install/nav2_custom_planner/share/nav2_custom_planner/package.dsv'
[11.674s] INFO:colcon.colcon_core.shell:Creating package script '/home/zylyehuo/ROS2_learning/chapter8/chapt8_ws2/install/nav2_custom_planner/share/nav2_custom_planner/package.sh'
[11.674s] INFO:colcon.colcon_core.shell:Creating package script '/home/zylyehuo/ROS2_learning/chapter8/chapt8_ws2/install/nav2_custom_planner/share/nav2_custom_planner/package.bash'
[11.675s] INFO:colcon.colcon_core.shell:Creating package script '/home/zylyehuo/ROS2_learning/chapter8/chapt8_ws2/install/nav2_custom_planner/share/nav2_custom_planner/package.zsh'
[11.675s] Level 1:colcon.colcon_core.environment:create_file_with_runtime_dependencies(/home/zylyehuo/ROS2_learning/chapter8/chapt8_ws2/install/nav2_custom_planner/share/colcon-core/packages/nav2_custom_planner)
[11.676s] Level 1:colcon.colcon_core.environment:create_environment_scripts_only(nav2_custom_planner)
[11.676s] Level 1:colcon.colcon_core.environment:checking '/home/zylyehuo/ROS2_learning/chapter8/chapt8_ws2/install/nav2_custom_planner' for CMake module files
[11.676s] Level 1:colcon.colcon_core.environment:checking '/home/zylyehuo/ROS2_learning/chapter8/chapt8_ws2/install/nav2_custom_planner' for CMake config files
[11.676s] Level 1:colcon.colcon_core.shell:create_environment_hook('nav2_custom_planner', 'cmake_prefix_path')
[11.676s] INFO:colcon.colcon_core.shell:Creating environment hook '/home/zylyehuo/ROS2_learning/chapter8/chapt8_ws2/install/nav2_custom_planner/share/nav2_custom_planner/hook/cmake_prefix_path.ps1'
[11.677s] INFO:colcon.colcon_core.shell:Creating environment descriptor '/home/zylyehuo/ROS2_learning/chapter8/chapt8_ws2/install/nav2_custom_planner/share/nav2_custom_planner/hook/cmake_prefix_path.dsv'
[11.677s] INFO:colcon.colcon_core.shell:Creating environment hook '/home/zylyehuo/ROS2_learning/chapter8/chapt8_ws2/install/nav2_custom_planner/share/nav2_custom_planner/hook/cmake_prefix_path.sh'
[11.677s] Level 1:colcon.colcon_core.environment:checking '/home/zylyehuo/ROS2_learning/chapter8/chapt8_ws2/install/nav2_custom_planner/lib'
[11.677s] Level 1:colcon.colcon_core.shell:create_environment_hook('nav2_custom_planner', 'ld_library_path_lib')
[11.678s] INFO:colcon.colcon_core.shell:Creating environment hook '/home/zylyehuo/ROS2_learning/chapter8/chapt8_ws2/install/nav2_custom_planner/share/nav2_custom_planner/hook/ld_library_path_lib.ps1'
[11.678s] INFO:colcon.colcon_core.shell:Creating environment descriptor '/home/zylyehuo/ROS2_learning/chapter8/chapt8_ws2/install/nav2_custom_planner/share/nav2_custom_planner/hook/ld_library_path_lib.dsv'
[11.678s] INFO:colcon.colcon_core.shell:Creating environment hook '/home/zylyehuo/ROS2_learning/chapter8/chapt8_ws2/install/nav2_custom_planner/share/nav2_custom_planner/hook/ld_library_path_lib.sh'
[11.678s] Level 1:colcon.colcon_core.environment:checking '/home/zylyehuo/ROS2_learning/chapter8/chapt8_ws2/install/nav2_custom_planner/bin'
[11.678s] Level 1:colcon.colcon_core.environment:checking '/home/zylyehuo/ROS2_learning/chapter8/chapt8_ws2/install/nav2_custom_planner/lib/pkgconfig/nav2_custom_planner.pc'
[11.679s] Level 1:colcon.colcon_core.environment:checking '/home/zylyehuo/ROS2_learning/chapter8/chapt8_ws2/install/nav2_custom_planner/lib/python3.10/site-packages'
[11.679s] Level 1:colcon.colcon_core.environment:checking '/home/zylyehuo/ROS2_learning/chapter8/chapt8_ws2/install/nav2_custom_planner/bin'
[11.679s] INFO:colcon.colcon_core.shell:Creating package script '/home/zylyehuo/ROS2_learning/chapter8/chapt8_ws2/install/nav2_custom_planner/share/nav2_custom_planner/package.ps1'
[11.679s] INFO:colcon.colcon_core.shell:Creating package descriptor '/home/zylyehuo/ROS2_learning/chapter8/chapt8_ws2/install/nav2_custom_planner/share/nav2_custom_planner/package.dsv'
[11.680s] INFO:colcon.colcon_core.shell:Creating package script '/home/zylyehuo/ROS2_learning/chapter8/chapt8_ws2/install/nav2_custom_planner/share/nav2_custom_planner/package.sh'
[11.680s] INFO:colcon.colcon_core.shell:Creating package script '/home/zylyehuo/ROS2_learning/chapter8/chapt8_ws2/install/nav2_custom_planner/share/nav2_custom_planner/package.bash'
[11.681s] INFO:colcon.colcon_core.shell:Creating package script '/home/zylyehuo/ROS2_learning/chapter8/chapt8_ws2/install/nav2_custom_planner/share/nav2_custom_planner/package.zsh'
[11.681s] Level 1:colcon.colcon_core.environment:create_file_with_runtime_dependencies(/home/zylyehuo/ROS2_learning/chapter8/chapt8_ws2/install/nav2_custom_planner/share/colcon-core/packages/nav2_custom_planner)
[11.681s] DEBUG:colcon.colcon_parallel_executor.executor.parallel:closing loop
[11.681s] DEBUG:colcon.colcon_parallel_executor.executor.parallel:loop closed
[11.682s] DEBUG:colcon.colcon_parallel_executor.executor.parallel:run_until_complete finished with '0'
[11.682s] DEBUG:colcon.colcon_core.event_reactor:joining thread
[11.788s] INFO:colcon.colcon_core.plugin_system:Skipping extension 'colcon_notification.desktop_notification.notify_send': Could not find 'notify-send'
[11.788s] INFO:colcon.colcon_core.plugin_system:Skipping extension 'colcon_notification.desktop_notification.terminal_notifier': Not used on non-Darwin systems
[11.788s] INFO:colcon.colcon_core.plugin_system:Skipping extension 'colcon_notification.desktop_notification.win32': Not used on non-Windows systems
[11.788s] INFO:colcon.colcon_notification.desktop_notification:Sending desktop notification using 'notify2'
[11.788s] DEBUG:colcon.colcon_notification.desktop_notification.notify2:Failed to initialize notify2: org.freedesktop.DBus.Error.FileNotFound: Failed to connect to socket /run/user/1000/bus: No such file or directory
[11.788s] DEBUG:colcon.colcon_core.event_reactor:joined thread
[11.789s] INFO:colcon.colcon_core.shell:Creating prefix script '/home/zylyehuo/ROS2_learning/chapter8/chapt8_ws2/install/local_setup.ps1'
[11.790s] INFO:colcon.colcon_core.shell:Creating prefix util module '/home/zylyehuo/ROS2_learning/chapter8/chapt8_ws2/install/_local_setup_util_ps1.py'
[11.790s] INFO:colcon.colcon_core.shell:Creating prefix chain script '/home/zylyehuo/ROS2_learning/chapter8/chapt8_ws2/install/setup.ps1'
[11.791s] INFO:colcon.colcon_core.shell:Creating prefix script '/home/zylyehuo/ROS2_learning/chapter8/chapt8_ws2/install/local_setup.sh'
[11.792s] INFO:colcon.colcon_core.shell:Creating prefix util module '/home/zylyehuo/ROS2_learning/chapter8/chapt8_ws2/install/_local_setup_util_sh.py'
[11.792s] INFO:colcon.colcon_core.shell:Creating prefix chain script '/home/zylyehuo/ROS2_learning/chapter8/chapt8_ws2/install/setup.sh'
[11.793s] INFO:colcon.colcon_core.shell:Creating prefix script '/home/zylyehuo/ROS2_learning/chapter8/chapt8_ws2/install/local_setup.bash'
[11.793s] INFO:colcon.colcon_core.shell:Creating prefix chain script '/home/zylyehuo/ROS2_learning/chapter8/chapt8_ws2/install/setup.bash'
[11.794s] INFO:colcon.colcon_core.shell:Creating prefix script '/home/zylyehuo/ROS2_learning/chapter8/chapt8_ws2/install/local_setup.zsh'
[11.795s] INFO:colcon.colcon_core.shell:Creating prefix chain script '/home/zylyehuo/ROS2_learning/chapter8/chapt8_ws2/install/setup.zsh'
