[0.716s] Invoking command in '/home/zylyehuo/ROS2_learning/chapter8/chapt8_ws2/src/autopatrol_robot': PYTHONPATH=/home/zylyehuo/ROS2_learning/chapter8/chapt8_ws2/build/autopatrol_robot/prefix_override:/usr/lib/python3/dist-packages/colcon_core/task/python/colcon_distutils_commands:/home/zylyehuo/ROS2_learning/chapter8/chapt8_ws2/install/autopatrol_robot/lib/python3.10/site-packages:${PYTHONPATH} /usr/bin/python3 -W ignore:setup.py install is deprecated -W ignore:easy_install command is deprecated setup.py egg_info --egg-base ../../build/autopatrol_robot build --build-base /home/zylyehuo/ROS2_learning/chapter8/chapt8_ws2/build/autopatrol_robot/build install --record /home/zylyehuo/ROS2_learning/chapter8/chapt8_ws2/build/autopatrol_robot/install.log --single-version-externally-managed install_data
[0.929s] running egg_info
[0.930s] writing ../../build/autopatrol_robot/autopatrol_robot.egg-info/PKG-INFO
[0.931s] writing dependency_links to ../../build/autopatrol_robot/autopatrol_robot.egg-info/dependency_links.txt
[0.931s] writing entry points to ../../build/autopatrol_robot/autopatrol_robot.egg-info/entry_points.txt
[0.931s] writing requirements to ../../build/autopatrol_robot/autopatrol_robot.egg-info/requires.txt
[0.931s] writing top-level names to ../../build/autopatrol_robot/autopatrol_robot.egg-info/top_level.txt
[0.932s] reading manifest file '../../build/autopatrol_robot/autopatrol_robot.egg-info/SOURCES.txt'
[0.932s] adding license file 'LICENSE'
[0.933s] writing manifest file '../../build/autopatrol_robot/autopatrol_robot.egg-info/SOURCES.txt'
[0.933s] running build
[0.933s] running build_py
[0.933s] running install
[0.933s] running install_lib
[0.935s] running install_data
[0.935s] running install_egg_info
[0.937s] removing '/home/zylyehuo/ROS2_learning/chapter8/chapt8_ws2/install/autopatrol_robot/lib/python3.10/site-packages/autopatrol_robot-0.0.0-py3.10.egg-info' (and everything under it)
[0.937s] Copying ../../build/autopatrol_robot/autopatrol_robot.egg-info to /home/zylyehuo/ROS2_learning/chapter8/chapt8_ws2/install/autopatrol_robot/lib/python3.10/site-packages/autopatrol_robot-0.0.0-py3.10.egg-info
[0.938s] running install_scripts
[0.958s] Installing patrol_node script to /home/zylyehuo/ROS2_learning/chapter8/chapt8_ws2/install/autopatrol_robot/lib/autopatrol_robot
[0.958s] Installing patrol_speak_image_node script to /home/zylyehuo/ROS2_learning/chapter8/chapt8_ws2/install/autopatrol_robot/lib/autopatrol_robot
[0.958s] Installing patrol_speak_node script to /home/zylyehuo/ROS2_learning/chapter8/chapt8_ws2/install/autopatrol_robot/lib/autopatrol_robot
[0.958s] Installing speaker script to /home/zylyehuo/ROS2_learning/chapter8/chapt8_ws2/install/autopatrol_robot/lib/autopatrol_robot
[0.959s] writing list of installed files to '/home/zylyehuo/ROS2_learning/chapter8/chapt8_ws2/build/autopatrol_robot/install.log'
[0.982s] Invoked command in '/home/zylyehuo/ROS2_learning/chapter8/chapt8_ws2/src/autopatrol_robot' returned '0': PYTHONPATH=/home/zylyehuo/ROS2_learning/chapter8/chapt8_ws2/build/autopatrol_robot/prefix_override:/usr/lib/python3/dist-packages/colcon_core/task/python/colcon_distutils_commands:/home/zylyehuo/ROS2_learning/chapter8/chapt8_ws2/install/autopatrol_robot/lib/python3.10/site-packages:${PYTHONPATH} /usr/bin/python3 -W ignore:setup.py install is deprecated -W ignore:easy_install command is deprecated setup.py egg_info --egg-base ../../build/autopatrol_robot build --build-base /home/zylyehuo/ROS2_learning/chapter8/chapt8_ws2/build/autopatrol_robot/build install --record /home/zylyehuo/ROS2_learning/chapter8/chapt8_ws2/build/autopatrol_robot/install.log --single-version-externally-managed install_data
