[0.872s] Invoking command in '/home/zylyehuo/ROS2_learning/chapter4/chapt4_ws/src/demo_python_service': AMENT_PREFIX_PATH=/home/zylyehuo/ROS2_learning/chapter4/chapt4_ws/install/chapt4_interfaces:${AMENT_PREFIX_PATH} CMAKE_PREFIX_PATH=/home/zylyehuo/ROS2_learning/chapter4/chapt4_ws/install/chapt4_interfaces LD_LIBRARY_PATH=/home/zylyehuo/ROS2_learning/chapter4/chapt4_ws/install/chapt4_interfaces/lib:${LD_LIBRARY_PATH} PYTHONPATH=/home/zylyehuo/ROS2_learning/chapter4/chapt4_ws/build/demo_python_service/prefix_override:/usr/lib/python3/dist-packages/colcon_core/task/python/colcon_distutils_commands:/home/zylyehuo/ROS2_learning/chapter4/chapt4_ws/install/demo_python_service/lib/python3.10/site-packages:/home/zylyehuo/ROS2_learning/chapter4/chapt4_ws/install/chapt4_interfaces/local/lib/python3.10/dist-packages:${PYTHONPATH} /usr/bin/python3 -W ignore:setup.py install is deprecated -W ignore:easy_install command is deprecated setup.py egg_info --egg-base ../../build/demo_python_service build --build-base /home/zylyehuo/ROS2_learning/chapter4/chapt4_ws/build/demo_python_service/build install --record /home/zylyehuo/ROS2_learning/chapter4/chapt4_ws/build/demo_python_service/install.log --single-version-externally-managed install_data
[1.032s] running egg_info
[1.032s] writing ../../build/demo_python_service/demo_python_service.egg-info/PKG-INFO
[1.032s] writing dependency_links to ../../build/demo_python_service/demo_python_service.egg-info/dependency_links.txt
[1.033s] writing entry points to ../../build/demo_python_service/demo_python_service.egg-info/entry_points.txt
[1.033s] writing requirements to ../../build/demo_python_service/demo_python_service.egg-info/requires.txt
[1.033s] writing top-level names to ../../build/demo_python_service/demo_python_service.egg-info/top_level.txt
[1.034s] reading manifest file '../../build/demo_python_service/demo_python_service.egg-info/SOURCES.txt'
[1.034s] adding license file 'LICENSE'
[1.035s] writing manifest file '../../build/demo_python_service/demo_python_service.egg-info/SOURCES.txt'
[1.036s] running build
[1.036s] running build_py
[1.036s] copying demo_python_service/face_detect_client_node.py -> /home/zylyehuo/ROS2_learning/chapter4/chapt4_ws/build/demo_python_service/build/lib/demo_python_service
[1.036s] running install
[1.036s] running install_lib
[1.037s] copying /home/zylyehuo/ROS2_learning/chapter4/chapt4_ws/build/demo_python_service/build/lib/demo_python_service/face_detect_client_node.py -> /home/zylyehuo/ROS2_learning/chapter4/chapt4_ws/install/demo_python_service/lib/python3.10/site-packages/demo_python_service
[1.037s] byte-compiling /home/zylyehuo/ROS2_learning/chapter4/chapt4_ws/install/demo_python_service/lib/python3.10/site-packages/demo_python_service/face_detect_client_node.py to face_detect_client_node.cpython-310.pyc
[1.038s] running install_data
[1.038s] running install_egg_info
[1.039s] removing '/home/zylyehuo/ROS2_learning/chapter4/chapt4_ws/install/demo_python_service/lib/python3.10/site-packages/demo_python_service-0.0.0-py3.10.egg-info' (and everything under it)
[1.040s] Copying ../../build/demo_python_service/demo_python_service.egg-info to /home/zylyehuo/ROS2_learning/chapter4/chapt4_ws/install/demo_python_service/lib/python3.10/site-packages/demo_python_service-0.0.0-py3.10.egg-info
[1.040s] running install_scripts
[1.057s] Installing face_detect_client_node script to /home/zylyehuo/ROS2_learning/chapter4/chapt4_ws/install/demo_python_service/lib/demo_python_service
[1.057s] Installing face_detect_node script to /home/zylyehuo/ROS2_learning/chapter4/chapt4_ws/install/demo_python_service/lib/demo_python_service
[1.057s] Installing learn_face_detect script to /home/zylyehuo/ROS2_learning/chapter4/chapt4_ws/install/demo_python_service/lib/demo_python_service
[1.058s] writing list of installed files to '/home/zylyehuo/ROS2_learning/chapter4/chapt4_ws/build/demo_python_service/install.log'
[1.075s] Invoked command in '/home/zylyehuo/ROS2_learning/chapter4/chapt4_ws/src/demo_python_service' returned '0': AMENT_PREFIX_PATH=/home/zylyehuo/ROS2_learning/chapter4/chapt4_ws/install/chapt4_interfaces:${AMENT_PREFIX_PATH} CMAKE_PREFIX_PATH=/home/zylyehuo/ROS2_learning/chapter4/chapt4_ws/install/chapt4_interfaces LD_LIBRARY_PATH=/home/zylyehuo/ROS2_learning/chapter4/chapt4_ws/install/chapt4_interfaces/lib:${LD_LIBRARY_PATH} PYTHONPATH=/home/zylyehuo/ROS2_learning/chapter4/chapt4_ws/build/demo_python_service/prefix_override:/usr/lib/python3/dist-packages/colcon_core/task/python/colcon_distutils_commands:/home/zylyehuo/ROS2_learning/chapter4/chapt4_ws/install/demo_python_service/lib/python3.10/site-packages:/home/zylyehuo/ROS2_learning/chapter4/chapt4_ws/install/chapt4_interfaces/local/lib/python3.10/dist-packages:${PYTHONPATH} /usr/bin/python3 -W ignore:setup.py install is deprecated -W ignore:easy_install command is deprecated setup.py egg_info --egg-base ../../build/demo_python_service build --build-base /home/zylyehuo/ROS2_learning/chapter4/chapt4_ws/build/demo_python_service/build install --record /home/zylyehuo/ROS2_learning/chapter4/chapt4_ws/build/demo_python_service/install.log --single-version-externally-managed install_data
