[1.778s] DEBUG:colcon:Command line arguments: ['/usr/bin/colcon', 'build']
[1.778s] DEBUG:colcon:Parsed command line arguments: Namespace(log_base=None, log_level=None, verb_name='build', build_base='build', install_base='install', merge_install=False, symlink_install=False, test_result_base=None, continue_on_error=False, executor='parallel', parallel_workers=16, event_handlers=None, ignore_user_meta=False, metas=['./colcon.meta'], base_paths=['.'], packages_ignore=None, packages_ignore_regex=None, paths=None, packages_up_to=None, packages_up_to_regex=None, packages_above=None, packages_above_and_dependencies=None, packages_above_depth=None, packages_select_by_dep=None, packages_skip_by_dep=None, packages_skip_up_to=None, packages_select_build_failed=False, packages_skip_build_finished=False, packages_select_test_failures=False, packages_skip_test_passed=False, packages_select=None, packages_skip=None, packages_select_regex=None, packages_skip_regex=None, packages_start=None, packages_end=None, allow_overriding=[], cmake_args=None, cmake_target=None, cmake_target_skip_unavailable=False, cmake_clean_cache=False, cmake_clean_first=False, cmake_force_configure=False, ament_cmake_args=None, catkin_cmake_args=None, catkin_skip_building_tests=False, verb_parser=<colcon_defaults.argument_parser.defaults.DefaultArgumentsDecorator object at 0x78d406d36f20>, verb_extension=<colcon_core.verb.build.BuildVerb object at 0x78d406d36950>, main=<bound method BuildVerb.main of <colcon_core.verb.build.BuildVerb object at 0x78d406d36950>>)
[4.029s] Level 1:colcon.colcon_core.package_discovery:discover_packages(colcon_meta) check parameters
[4.029s] Level 1:colcon.colcon_core.package_discovery:discover_packages(recursive) check parameters
[4.029s] Level 1:colcon.colcon_core.package_discovery:discover_packages(ignore) check parameters
[4.029s] Level 1:colcon.colcon_core.package_discovery:discover_packages(path) check parameters
[4.029s] Level 1:colcon.colcon_core.package_discovery:discover_packages(colcon_meta) discover
[4.029s] Level 1:colcon.colcon_core.package_discovery:discover_packages(recursive) discover
[4.029s] INFO:colcon.colcon_core.package_discovery:Crawling recursively for packages in '/home/zylyehuo/ROS2_learning/chapter2/chapter2.4/chapt2_ws'
[4.029s] Level 1:colcon.colcon_core.package_identification:_identify(.) by extensions ['ignore', 'ignore_ament_install']
[4.030s] Level 1:colcon.colcon_core.package_identification:_identify(.) by extension 'ignore'
[4.030s] Level 1:colcon.colcon_core.package_identification:_identify(.) by extension 'ignore_ament_install'
[4.030s] Level 1:colcon.colcon_core.package_identification:_identify(.) by extensions ['colcon_pkg']
[4.030s] Level 1:colcon.colcon_core.package_identification:_identify(.) by extension 'colcon_pkg'
[4.030s] Level 1:colcon.colcon_core.package_identification:_identify(.) by extensions ['colcon_meta']
[4.030s] Level 1:colcon.colcon_core.package_identification:_identify(.) by extension 'colcon_meta'
[4.030s] Level 1:colcon.colcon_core.package_identification:_identify(.) by extensions ['ros']
[4.030s] Level 1:colcon.colcon_core.package_identification:_identify(.) by extension 'ros'
[4.089s] Level 1:colcon.colcon_core.package_identification:_identify(.) by extensions ['cmake', 'python']
[4.089s] Level 1:colcon.colcon_core.package_identification:_identify(.) by extension 'cmake'
[4.089s] Level 1:colcon.colcon_core.package_identification:_identify(.) by extension 'python'
[4.089s] Level 1:colcon.colcon_core.package_identification:_identify(.) by extensions ['python_setup_py']
[4.089s] Level 1:colcon.colcon_core.package_identification:_identify(.) by extension 'python_setup_py'
[4.089s] Level 1:colcon.colcon_core.package_identification:_identify(build) by extensions ['ignore', 'ignore_ament_install']
[4.089s] Level 1:colcon.colcon_core.package_identification:_identify(build) by extension 'ignore'
[4.089s] Level 1:colcon.colcon_core.package_identification:_identify(build) ignored
[4.089s] Level 1:colcon.colcon_core.package_identification:_identify(install) by extensions ['ignore', 'ignore_ament_install']
[4.089s] Level 1:colcon.colcon_core.package_identification:_identify(install) by extension 'ignore'
[4.089s] Level 1:colcon.colcon_core.package_identification:_identify(install) ignored
[4.089s] Level 1:colcon.colcon_core.package_identification:_identify(log) by extensions ['ignore', 'ignore_ament_install']
[4.090s] Level 1:colcon.colcon_core.package_identification:_identify(log) by extension 'ignore'
[4.090s] Level 1:colcon.colcon_core.package_identification:_identify(log) ignored
[4.090s] Level 1:colcon.colcon_core.package_identification:_identify(src) by extensions ['ignore', 'ignore_ament_install']
[4.090s] Level 1:colcon.colcon_core.package_identification:_identify(src) by extension 'ignore'
[4.090s] Level 1:colcon.colcon_core.package_identification:_identify(src) by extension 'ignore_ament_install'
[4.090s] Level 1:colcon.colcon_core.package_identification:_identify(src) by extensions ['colcon_pkg']
[4.090s] Level 1:colcon.colcon_core.package_identification:_identify(src) by extension 'colcon_pkg'
[4.090s] Level 1:colcon.colcon_core.package_identification:_identify(src) by extensions ['colcon_meta']
[4.090s] Level 1:colcon.colcon_core.package_identification:_identify(src) by extension 'colcon_meta'
[4.090s] Level 1:colcon.colcon_core.package_identification:_identify(src) by extensions ['ros']
[4.090s] Level 1:colcon.colcon_core.package_identification:_identify(src) by extension 'ros'
[4.090s] Level 1:colcon.colcon_core.package_identification:_identify(src) by extensions ['cmake', 'python']
[4.090s] Level 1:colcon.colcon_core.package_identification:_identify(src) by extension 'cmake'
[4.090s] Level 1:colcon.colcon_core.package_identification:_identify(src) by extension 'python'
[4.090s] Level 1:colcon.colcon_core.package_identification:_identify(src) by extensions ['python_setup_py']
[4.090s] Level 1:colcon.colcon_core.package_identification:_identify(src) by extension 'python_setup_py'
[4.090s] Level 1:colcon.colcon_core.package_identification:_identify(src/demo_cpp_pkg) by extensions ['ignore', 'ignore_ament_install']
[4.090s] Level 1:colcon.colcon_core.package_identification:_identify(src/demo_cpp_pkg) by extension 'ignore'
[4.090s] Level 1:colcon.colcon_core.package_identification:_identify(src/demo_cpp_pkg) by extension 'ignore_ament_install'
[4.090s] Level 1:colcon.colcon_core.package_identification:_identify(src/demo_cpp_pkg) by extensions ['colcon_pkg']
[4.090s] Level 1:colcon.colcon_core.package_identification:_identify(src/demo_cpp_pkg) by extension 'colcon_pkg'
[4.090s] Level 1:colcon.colcon_core.package_identification:_identify(src/demo_cpp_pkg) by extensions ['colcon_meta']
[4.090s] Level 1:colcon.colcon_core.package_identification:_identify(src/demo_cpp_pkg) by extension 'colcon_meta'
[4.090s] Level 1:colcon.colcon_core.package_identification:_identify(src/demo_cpp_pkg) by extensions ['ros']
[4.090s] Level 1:colcon.colcon_core.package_identification:_identify(src/demo_cpp_pkg) by extension 'ros'
[4.104s] DEBUG:colcon.colcon_core.package_identification:Package 'src/demo_cpp_pkg' with type 'ros.ament_cmake' and name 'demo_cpp_pkg'
[4.105s] Level 1:colcon.colcon_core.package_identification:_identify(src/demo_python_pkg) by extensions ['ignore', 'ignore_ament_install']
[4.105s] Level 1:colcon.colcon_core.package_identification:_identify(src/demo_python_pkg) by extension 'ignore'
[4.105s] Level 1:colcon.colcon_core.package_identification:_identify(src/demo_python_pkg) by extension 'ignore_ament_install'
[4.105s] Level 1:colcon.colcon_core.package_identification:_identify(src/demo_python_pkg) by extensions ['colcon_pkg']
[4.105s] Level 1:colcon.colcon_core.package_identification:_identify(src/demo_python_pkg) by extension 'colcon_pkg'
[4.105s] Level 1:colcon.colcon_core.package_identification:_identify(src/demo_python_pkg) by extensions ['colcon_meta']
[4.105s] Level 1:colcon.colcon_core.package_identification:_identify(src/demo_python_pkg) by extension 'colcon_meta'
[4.105s] Level 1:colcon.colcon_core.package_identification:_identify(src/demo_python_pkg) by extensions ['ros']
[4.105s] Level 1:colcon.colcon_core.package_identification:_identify(src/demo_python_pkg) by extension 'ros'
[4.105s] DEBUG:colcon.colcon_core.package_identification:Package 'src/demo_python_pkg' with type 'ros.ament_python' and name 'demo_python_pkg'
[4.105s] Level 1:colcon.colcon_core.package_discovery:discover_packages(recursive) using defaults
[4.105s] Level 1:colcon.colcon_core.package_discovery:discover_packages(ignore) discover
[4.105s] Level 1:colcon.colcon_core.package_discovery:discover_packages(ignore) using defaults
[4.105s] Level 1:colcon.colcon_core.package_discovery:discover_packages(path) discover
[4.106s] Level 1:colcon.colcon_core.package_discovery:discover_packages(path) using defaults
[4.276s] Level 1:colcon.colcon_core.package_discovery:discover_packages(prefix_path) check parameters
[4.276s] Level 1:colcon.colcon_core.package_discovery:discover_packages(prefix_path) discover
[4.314s] DEBUG:colcon.colcon_installed_package_information.package_discovery:Found 271 installed packages in /opt/ros/humble
[4.315s] Level 1:colcon.colcon_core.package_discovery:discover_packages(prefix_path) using defaults
[4.988s] Level 5:colcon.colcon_core.verb:set package 'demo_cpp_pkg' build argument 'cmake_args' from command line to 'None'
[4.988s] Level 5:colcon.colcon_core.verb:set package 'demo_cpp_pkg' build argument 'cmake_target' from command line to 'None'
[4.988s] Level 5:colcon.colcon_core.verb:set package 'demo_cpp_pkg' build argument 'cmake_target_skip_unavailable' from command line to 'False'
[4.988s] Level 5:colcon.colcon_core.verb:set package 'demo_cpp_pkg' build argument 'cmake_clean_cache' from command line to 'False'
[4.988s] Level 5:colcon.colcon_core.verb:set package 'demo_cpp_pkg' build argument 'cmake_clean_first' from command line to 'False'
[4.988s] Level 5:colcon.colcon_core.verb:set package 'demo_cpp_pkg' build argument 'cmake_force_configure' from command line to 'False'
[4.988s] Level 5:colcon.colcon_core.verb:set package 'demo_cpp_pkg' build argument 'ament_cmake_args' from command line to 'None'
[4.988s] Level 5:colcon.colcon_core.verb:set package 'demo_cpp_pkg' build argument 'catkin_cmake_args' from command line to 'None'
[4.988s] Level 5:colcon.colcon_core.verb:set package 'demo_cpp_pkg' build argument 'catkin_skip_building_tests' from command line to 'False'
[4.988s] DEBUG:colcon.colcon_core.verb:Building package 'demo_cpp_pkg' with the following arguments: {'ament_cmake_args': None, 'build_base': '/home/zylyehuo/ROS2_learning/chapter2/chapter2.4/chapt2_ws/build/demo_cpp_pkg', 'catkin_cmake_args': None, 'catkin_skip_building_tests': False, 'cmake_args': None, 'cmake_clean_cache': False, 'cmake_clean_first': False, 'cmake_force_configure': False, 'cmake_target': None, 'cmake_target_skip_unavailable': False, 'install_base': '/home/zylyehuo/ROS2_learning/chapter2/chapter2.4/chapt2_ws/install/demo_cpp_pkg', 'merge_install': False, 'path': '/home/zylyehuo/ROS2_learning/chapter2/chapter2.4/chapt2_ws/src/demo_cpp_pkg', 'symlink_install': False, 'test_result_base': None}
[4.988s] Level 5:colcon.colcon_core.verb:set package 'demo_python_pkg' build argument 'cmake_args' from command line to 'None'
[4.988s] Level 5:colcon.colcon_core.verb:set package 'demo_python_pkg' build argument 'cmake_target' from command line to 'None'
[4.989s] Level 5:colcon.colcon_core.verb:set package 'demo_python_pkg' build argument 'cmake_target_skip_unavailable' from command line to 'False'
[4.989s] Level 5:colcon.colcon_core.verb:set package 'demo_python_pkg' build argument 'cmake_clean_cache' from command line to 'False'
[4.989s] Level 5:colcon.colcon_core.verb:set package 'demo_python_pkg' build argument 'cmake_clean_first' from command line to 'False'
[4.989s] Level 5:colcon.colcon_core.verb:set package 'demo_python_pkg' build argument 'cmake_force_configure' from command line to 'False'
[4.989s] Level 5:colcon.colcon_core.verb:set package 'demo_python_pkg' build argument 'ament_cmake_args' from command line to 'None'
[4.989s] Level 5:colcon.colcon_core.verb:set package 'demo_python_pkg' build argument 'catkin_cmake_args' from command line to 'None'
[4.989s] Level 5:colcon.colcon_core.verb:set package 'demo_python_pkg' build argument 'catkin_skip_building_tests' from command line to 'False'
[4.989s] DEBUG:colcon.colcon_core.verb:Building package 'demo_python_pkg' with the following arguments: {'ament_cmake_args': None, 'build_base': '/home/zylyehuo/ROS2_learning/chapter2/chapter2.4/chapt2_ws/build/demo_python_pkg', 'catkin_cmake_args': None, 'catkin_skip_building_tests': False, 'cmake_args': None, 'cmake_clean_cache': False, 'cmake_clean_first': False, 'cmake_force_configure': False, 'cmake_target': None, 'cmake_target_skip_unavailable': False, 'install_base': '/home/zylyehuo/ROS2_learning/chapter2/chapter2.4/chapt2_ws/install/demo_python_pkg', 'merge_install': False, 'path': '/home/zylyehuo/ROS2_learning/chapter2/chapter2.4/chapt2_ws/src/demo_python_pkg', 'symlink_install': False, 'test_result_base': None}
[4.989s] INFO:colcon.colcon_core.executor:Executing jobs using 'parallel' executor
[4.990s] DEBUG:colcon.colcon_parallel_executor.executor.parallel:run_until_complete
[4.990s] INFO:colcon.colcon_ros.task.ament_cmake.build:Building ROS package in '/home/zylyehuo/ROS2_learning/chapter2/chapter2.4/chapt2_ws/src/demo_cpp_pkg' with build type 'ament_cmake'
[4.990s] INFO:colcon.colcon_cmake.task.cmake.build:Building CMake package in '/home/zylyehuo/ROS2_learning/chapter2/chapter2.4/chapt2_ws/src/demo_cpp_pkg'
[5.036s] INFO:colcon.colcon_core.plugin_system:Skipping extension 'colcon_core.shell.bat': Not used on non-Windows systems
[5.036s] INFO:colcon.colcon_core.shell:Skip shell extension 'powershell' for command environment: Not usable outside of PowerShell
[5.036s] DEBUG:colcon.colcon_core.shell:Skip shell extension 'dsv' for command environment
[5.042s] INFO:colcon.colcon_ros.task.ament_python.build:Building ROS package in '/home/zylyehuo/ROS2_learning/chapter2/chapter2.4/chapt2_ws/src/demo_python_pkg' with build type 'ament_python'
[5.042s] Level 1:colcon.colcon_core.shell:create_environment_hook('demo_python_pkg', 'ament_prefix_path')
[5.042s] INFO:colcon.colcon_core.shell:Creating environment hook '/home/zylyehuo/ROS2_learning/chapter2/chapter2.4/chapt2_ws/install/demo_python_pkg/share/demo_python_pkg/hook/ament_prefix_path.ps1'
[5.047s] INFO:colcon.colcon_core.shell:Creating environment descriptor '/home/zylyehuo/ROS2_learning/chapter2/chapter2.4/chapt2_ws/install/demo_python_pkg/share/demo_python_pkg/hook/ament_prefix_path.dsv'
[5.051s] INFO:colcon.colcon_core.shell:Creating environment hook '/home/zylyehuo/ROS2_learning/chapter2/chapter2.4/chapt2_ws/install/demo_python_pkg/share/demo_python_pkg/hook/ament_prefix_path.sh'
[5.057s] INFO:colcon.colcon_core.shell:Skip shell extension 'powershell' for command environment: Not usable outside of PowerShell
[5.057s] DEBUG:colcon.colcon_core.shell:Skip shell extension 'dsv' for command environment
[5.062s] DEBUG:colcon.colcon_core.event_handler.log_command:Invoking command in '/home/zylyehuo/ROS2_learning/chapter2/chapter2.4/chapt2_ws/build/demo_cpp_pkg': CMAKE_PREFIX_PATH=/opt/ros/humble /usr/bin/cmake /home/zylyehuo/ROS2_learning/chapter2/chapter2.4/chapt2_ws/src/demo_cpp_pkg -DCMAKE_INSTALL_PREFIX=/home/zylyehuo/ROS2_learning/chapter2/chapter2.4/chapt2_ws/install/demo_cpp_pkg
[5.294s] INFO:colcon.colcon_core.task.python.build:Building Python package in '/home/zylyehuo/ROS2_learning/chapter2/chapter2.4/chapt2_ws/src/demo_python_pkg'
[5.294s] INFO:colcon.colcon_core.shell:Skip shell extension 'powershell' for command environment: Not usable outside of PowerShell
[5.294s] DEBUG:colcon.colcon_core.shell:Skip shell extension 'dsv' for command environment
[7.430s] DEBUG:colcon.colcon_core.event_handler.log_command:Invoking command in '/home/zylyehuo/ROS2_learning/chapter2/chapter2.4/chapt2_ws/src/demo_python_pkg': PYTHONPATH=/home/zylyehuo/ROS2_learning/chapter2/chapter2.4/chapt2_ws/build/demo_python_pkg/prefix_override:/usr/lib/python3/dist-packages/colcon_core/task/python/colcon_distutils_commands:/home/zylyehuo/ROS2_learning/chapter2/chapter2.4/chapt2_ws/install/demo_python_pkg/lib/python3.10/site-packages:${PYTHONPATH} /usr/bin/python3 -W ignore:setup.py install is deprecated -W ignore:easy_install command is deprecated setup.py egg_info --egg-base ../../build/demo_python_pkg build --build-base /home/zylyehuo/ROS2_learning/chapter2/chapter2.4/chapt2_ws/build/demo_python_pkg/build install --record /home/zylyehuo/ROS2_learning/chapter2/chapter2.4/chapt2_ws/build/demo_python_pkg/install.log --single-version-externally-managed install_data
[7.638s] DEBUG:colcon.colcon_core.event_handler.log_command:Invoked command in '/home/zylyehuo/ROS2_learning/chapter2/chapter2.4/chapt2_ws/src/demo_python_pkg' returned '0': PYTHONPATH=/home/zylyehuo/ROS2_learning/chapter2/chapter2.4/chapt2_ws/build/demo_python_pkg/prefix_override:/usr/lib/python3/dist-packages/colcon_core/task/python/colcon_distutils_commands:/home/zylyehuo/ROS2_learning/chapter2/chapter2.4/chapt2_ws/install/demo_python_pkg/lib/python3.10/site-packages:${PYTHONPATH} /usr/bin/python3 -W ignore:setup.py install is deprecated -W ignore:easy_install command is deprecated setup.py egg_info --egg-base ../../build/demo_python_pkg build --build-base /home/zylyehuo/ROS2_learning/chapter2/chapter2.4/chapt2_ws/build/demo_python_pkg/build install --record /home/zylyehuo/ROS2_learning/chapter2/chapter2.4/chapt2_ws/build/demo_python_pkg/install.log --single-version-externally-managed install_data
[7.688s] Level 1:colcon.colcon_core.environment:checking '/home/zylyehuo/ROS2_learning/chapter2/chapter2.4/chapt2_ws/install/demo_python_pkg' for CMake module files
[7.688s] Level 1:colcon.colcon_core.environment:checking '/home/zylyehuo/ROS2_learning/chapter2/chapter2.4/chapt2_ws/install/demo_python_pkg' for CMake config files
[7.689s] Level 1:colcon.colcon_core.environment:checking '/home/zylyehuo/ROS2_learning/chapter2/chapter2.4/chapt2_ws/install/demo_python_pkg/lib'
[7.689s] Level 1:colcon.colcon_core.environment:checking '/home/zylyehuo/ROS2_learning/chapter2/chapter2.4/chapt2_ws/install/demo_python_pkg/bin'
[7.689s] Level 1:colcon.colcon_core.environment:checking '/home/zylyehuo/ROS2_learning/chapter2/chapter2.4/chapt2_ws/install/demo_python_pkg/lib/pkgconfig/demo_python_pkg.pc'
[7.690s] Level 1:colcon.colcon_core.environment:checking '/home/zylyehuo/ROS2_learning/chapter2/chapter2.4/chapt2_ws/install/demo_python_pkg/lib/python3.10/site-packages'
[7.690s] Level 1:colcon.colcon_core.shell:create_environment_hook('demo_python_pkg', 'pythonpath')
[7.690s] INFO:colcon.colcon_core.shell:Creating environment hook '/home/zylyehuo/ROS2_learning/chapter2/chapter2.4/chapt2_ws/install/demo_python_pkg/share/demo_python_pkg/hook/pythonpath.ps1'
[7.690s] INFO:colcon.colcon_core.shell:Creating environment descriptor '/home/zylyehuo/ROS2_learning/chapter2/chapter2.4/chapt2_ws/install/demo_python_pkg/share/demo_python_pkg/hook/pythonpath.dsv'
[7.691s] INFO:colcon.colcon_core.shell:Creating environment hook '/home/zylyehuo/ROS2_learning/chapter2/chapter2.4/chapt2_ws/install/demo_python_pkg/share/demo_python_pkg/hook/pythonpath.sh'
[7.691s] Level 1:colcon.colcon_core.environment:checking '/home/zylyehuo/ROS2_learning/chapter2/chapter2.4/chapt2_ws/install/demo_python_pkg/bin'
[7.691s] Level 1:colcon.colcon_core.environment:create_environment_scripts_only(demo_python_pkg)
[7.691s] INFO:colcon.colcon_core.shell:Creating package script '/home/zylyehuo/ROS2_learning/chapter2/chapter2.4/chapt2_ws/install/demo_python_pkg/share/demo_python_pkg/package.ps1'
[7.696s] INFO:colcon.colcon_core.shell:Creating package descriptor '/home/zylyehuo/ROS2_learning/chapter2/chapter2.4/chapt2_ws/install/demo_python_pkg/share/demo_python_pkg/package.dsv'
[7.701s] INFO:colcon.colcon_core.shell:Creating package script '/home/zylyehuo/ROS2_learning/chapter2/chapter2.4/chapt2_ws/install/demo_python_pkg/share/demo_python_pkg/package.sh'
[7.706s] INFO:colcon.colcon_core.shell:Creating package script '/home/zylyehuo/ROS2_learning/chapter2/chapter2.4/chapt2_ws/install/demo_python_pkg/share/demo_python_pkg/package.bash'
[7.712s] INFO:colcon.colcon_core.shell:Creating package script '/home/zylyehuo/ROS2_learning/chapter2/chapter2.4/chapt2_ws/install/demo_python_pkg/share/demo_python_pkg/package.zsh'
[7.717s] Level 1:colcon.colcon_core.environment:create_file_with_runtime_dependencies(/home/zylyehuo/ROS2_learning/chapter2/chapter2.4/chapt2_ws/install/demo_python_pkg/share/colcon-core/packages/demo_python_pkg)
[26.985s] DEBUG:colcon.colcon_core.event_handler.log_command:Invoked command in '/home/zylyehuo/ROS2_learning/chapter2/chapter2.4/chapt2_ws/build/demo_cpp_pkg' returned '0': CMAKE_PREFIX_PATH=/opt/ros/humble /usr/bin/cmake /home/zylyehuo/ROS2_learning/chapter2/chapter2.4/chapt2_ws/src/demo_cpp_pkg -DCMAKE_INSTALL_PREFIX=/home/zylyehuo/ROS2_learning/chapter2/chapter2.4/chapt2_ws/install/demo_cpp_pkg
[26.987s] DEBUG:colcon.colcon_core.event_handler.log_command:Invoking command in '/home/zylyehuo/ROS2_learning/chapter2/chapter2.4/chapt2_ws/build/demo_cpp_pkg': CMAKE_PREFIX_PATH=/opt/ros/humble /usr/bin/cmake --build /home/zylyehuo/ROS2_learning/chapter2/chapter2.4/chapt2_ws/build/demo_cpp_pkg -- -j16 -l16
[30.485s] DEBUG:colcon.colcon_core.event_handler.log_command:Invoked command in '/home/zylyehuo/ROS2_learning/chapter2/chapter2.4/chapt2_ws/build/demo_cpp_pkg' returned '0': CMAKE_PREFIX_PATH=/opt/ros/humble /usr/bin/cmake --build /home/zylyehuo/ROS2_learning/chapter2/chapter2.4/chapt2_ws/build/demo_cpp_pkg -- -j16 -l16
[30.493s] DEBUG:colcon.colcon_core.event_handler.log_command:Invoking command in '/home/zylyehuo/ROS2_learning/chapter2/chapter2.4/chapt2_ws/build/demo_cpp_pkg': CMAKE_PREFIX_PATH=/opt/ros/humble /usr/bin/cmake --install /home/zylyehuo/ROS2_learning/chapter2/chapter2.4/chapt2_ws/build/demo_cpp_pkg
[30.505s] Level 1:colcon.colcon_core.environment:create_environment_scripts_only(demo_cpp_pkg)
[30.505s] Level 1:colcon.colcon_core.environment:checking '/home/zylyehuo/ROS2_learning/chapter2/chapter2.4/chapt2_ws/install/demo_cpp_pkg' for CMake module files
[30.505s] DEBUG:colcon.colcon_core.event_handler.log_command:Invoked command in '/home/zylyehuo/ROS2_learning/chapter2/chapter2.4/chapt2_ws/build/demo_cpp_pkg' returned '0': CMAKE_PREFIX_PATH=/opt/ros/humble /usr/bin/cmake --install /home/zylyehuo/ROS2_learning/chapter2/chapter2.4/chapt2_ws/build/demo_cpp_pkg
[30.506s] Level 1:colcon.colcon_core.environment:checking '/home/zylyehuo/ROS2_learning/chapter2/chapter2.4/chapt2_ws/install/demo_cpp_pkg' for CMake config files
[30.506s] Level 1:colcon.colcon_core.shell:create_environment_hook('demo_cpp_pkg', 'cmake_prefix_path')
[30.506s] INFO:colcon.colcon_core.shell:Creating environment hook '/home/zylyehuo/ROS2_learning/chapter2/chapter2.4/chapt2_ws/install/demo_cpp_pkg/share/demo_cpp_pkg/hook/cmake_prefix_path.ps1'
[30.507s] INFO:colcon.colcon_core.shell:Creating environment descriptor '/home/zylyehuo/ROS2_learning/chapter2/chapter2.4/chapt2_ws/install/demo_cpp_pkg/share/demo_cpp_pkg/hook/cmake_prefix_path.dsv'
[30.507s] INFO:colcon.colcon_core.shell:Creating environment hook '/home/zylyehuo/ROS2_learning/chapter2/chapter2.4/chapt2_ws/install/demo_cpp_pkg/share/demo_cpp_pkg/hook/cmake_prefix_path.sh'
[30.507s] Level 1:colcon.colcon_core.environment:checking '/home/zylyehuo/ROS2_learning/chapter2/chapter2.4/chapt2_ws/install/demo_cpp_pkg/lib'
[30.508s] Level 1:colcon.colcon_core.environment:checking '/home/zylyehuo/ROS2_learning/chapter2/chapter2.4/chapt2_ws/install/demo_cpp_pkg/bin'
[30.508s] Level 1:colcon.colcon_core.environment:checking '/home/zylyehuo/ROS2_learning/chapter2/chapter2.4/chapt2_ws/install/demo_cpp_pkg/lib/pkgconfig/demo_cpp_pkg.pc'
[30.508s] Level 1:colcon.colcon_core.environment:checking '/home/zylyehuo/ROS2_learning/chapter2/chapter2.4/chapt2_ws/install/demo_cpp_pkg/lib/python3.10/site-packages'
[30.508s] Level 1:colcon.colcon_core.environment:checking '/home/zylyehuo/ROS2_learning/chapter2/chapter2.4/chapt2_ws/install/demo_cpp_pkg/bin'
[30.508s] INFO:colcon.colcon_core.shell:Creating package script '/home/zylyehuo/ROS2_learning/chapter2/chapter2.4/chapt2_ws/install/demo_cpp_pkg/share/demo_cpp_pkg/package.ps1'
[30.509s] INFO:colcon.colcon_core.shell:Creating package descriptor '/home/zylyehuo/ROS2_learning/chapter2/chapter2.4/chapt2_ws/install/demo_cpp_pkg/share/demo_cpp_pkg/package.dsv'
[30.510s] INFO:colcon.colcon_core.shell:Creating package script '/home/zylyehuo/ROS2_learning/chapter2/chapter2.4/chapt2_ws/install/demo_cpp_pkg/share/demo_cpp_pkg/package.sh'
[30.510s] INFO:colcon.colcon_core.shell:Creating package script '/home/zylyehuo/ROS2_learning/chapter2/chapter2.4/chapt2_ws/install/demo_cpp_pkg/share/demo_cpp_pkg/package.bash'
[30.510s] INFO:colcon.colcon_core.shell:Creating package script '/home/zylyehuo/ROS2_learning/chapter2/chapter2.4/chapt2_ws/install/demo_cpp_pkg/share/demo_cpp_pkg/package.zsh'
[30.511s] Level 1:colcon.colcon_core.environment:create_file_with_runtime_dependencies(/home/zylyehuo/ROS2_learning/chapter2/chapter2.4/chapt2_ws/install/demo_cpp_pkg/share/colcon-core/packages/demo_cpp_pkg)
[30.511s] Level 1:colcon.colcon_core.environment:create_environment_scripts_only(demo_cpp_pkg)
[30.511s] Level 1:colcon.colcon_core.environment:checking '/home/zylyehuo/ROS2_learning/chapter2/chapter2.4/chapt2_ws/install/demo_cpp_pkg' for CMake module files
[30.512s] Level 1:colcon.colcon_core.environment:checking '/home/zylyehuo/ROS2_learning/chapter2/chapter2.4/chapt2_ws/install/demo_cpp_pkg' for CMake config files
[30.512s] Level 1:colcon.colcon_core.shell:create_environment_hook('demo_cpp_pkg', 'cmake_prefix_path')
[30.512s] INFO:colcon.colcon_core.shell:Creating environment hook '/home/zylyehuo/ROS2_learning/chapter2/chapter2.4/chapt2_ws/install/demo_cpp_pkg/share/demo_cpp_pkg/hook/cmake_prefix_path.ps1'
[30.513s] INFO:colcon.colcon_core.shell:Creating environment descriptor '/home/zylyehuo/ROS2_learning/chapter2/chapter2.4/chapt2_ws/install/demo_cpp_pkg/share/demo_cpp_pkg/hook/cmake_prefix_path.dsv'
[30.513s] INFO:colcon.colcon_core.shell:Creating environment hook '/home/zylyehuo/ROS2_learning/chapter2/chapter2.4/chapt2_ws/install/demo_cpp_pkg/share/demo_cpp_pkg/hook/cmake_prefix_path.sh'
[30.514s] Level 1:colcon.colcon_core.environment:checking '/home/zylyehuo/ROS2_learning/chapter2/chapter2.4/chapt2_ws/install/demo_cpp_pkg/lib'
[30.514s] Level 1:colcon.colcon_core.environment:checking '/home/zylyehuo/ROS2_learning/chapter2/chapter2.4/chapt2_ws/install/demo_cpp_pkg/bin'
[30.514s] Level 1:colcon.colcon_core.environment:checking '/home/zylyehuo/ROS2_learning/chapter2/chapter2.4/chapt2_ws/install/demo_cpp_pkg/lib/pkgconfig/demo_cpp_pkg.pc'
[30.514s] Level 1:colcon.colcon_core.environment:checking '/home/zylyehuo/ROS2_learning/chapter2/chapter2.4/chapt2_ws/install/demo_cpp_pkg/lib/python3.10/site-packages'
[30.514s] Level 1:colcon.colcon_core.environment:checking '/home/zylyehuo/ROS2_learning/chapter2/chapter2.4/chapt2_ws/install/demo_cpp_pkg/bin'
[30.515s] INFO:colcon.colcon_core.shell:Creating package script '/home/zylyehuo/ROS2_learning/chapter2/chapter2.4/chapt2_ws/install/demo_cpp_pkg/share/demo_cpp_pkg/package.ps1'
[30.515s] INFO:colcon.colcon_core.shell:Creating package descriptor '/home/zylyehuo/ROS2_learning/chapter2/chapter2.4/chapt2_ws/install/demo_cpp_pkg/share/demo_cpp_pkg/package.dsv'
[30.516s] INFO:colcon.colcon_core.shell:Creating package script '/home/zylyehuo/ROS2_learning/chapter2/chapter2.4/chapt2_ws/install/demo_cpp_pkg/share/demo_cpp_pkg/package.sh'
[30.516s] INFO:colcon.colcon_core.shell:Creating package script '/home/zylyehuo/ROS2_learning/chapter2/chapter2.4/chapt2_ws/install/demo_cpp_pkg/share/demo_cpp_pkg/package.bash'
[30.517s] INFO:colcon.colcon_core.shell:Creating package script '/home/zylyehuo/ROS2_learning/chapter2/chapter2.4/chapt2_ws/install/demo_cpp_pkg/share/demo_cpp_pkg/package.zsh'
[30.517s] Level 1:colcon.colcon_core.environment:create_file_with_runtime_dependencies(/home/zylyehuo/ROS2_learning/chapter2/chapter2.4/chapt2_ws/install/demo_cpp_pkg/share/colcon-core/packages/demo_cpp_pkg)
[30.518s] DEBUG:colcon.colcon_parallel_executor.executor.parallel:closing loop
[30.518s] DEBUG:colcon.colcon_parallel_executor.executor.parallel:loop closed
[30.519s] DEBUG:colcon.colcon_parallel_executor.executor.parallel:run_until_complete finished with '0'
[30.519s] DEBUG:colcon.colcon_core.event_reactor:joining thread
[30.649s] INFO:colcon.colcon_core.plugin_system:Skipping extension 'colcon_notification.desktop_notification.notify_send': Could not find 'notify-send'
[30.649s] INFO:colcon.colcon_core.plugin_system:Skipping extension 'colcon_notification.desktop_notification.terminal_notifier': Not used on non-Darwin systems
[30.649s] INFO:colcon.colcon_core.plugin_system:Skipping extension 'colcon_notification.desktop_notification.win32': Not used on non-Windows systems
[30.649s] INFO:colcon.colcon_notification.desktop_notification:Sending desktop notification using 'notify2'
[30.649s] DEBUG:colcon.colcon_notification.desktop_notification.notify2:Failed to initialize notify2: org.freedesktop.DBus.Error.FileNotFound: Failed to connect to socket /run/user/1000/bus: No such file or directory
[30.649s] DEBUG:colcon.colcon_core.event_reactor:joined thread
[30.649s] INFO:colcon.colcon_core.shell:Creating prefix script '/home/zylyehuo/ROS2_learning/chapter2/chapter2.4/chapt2_ws/install/local_setup.ps1'
[30.652s] INFO:colcon.colcon_core.shell:Creating prefix util module '/home/zylyehuo/ROS2_learning/chapter2/chapter2.4/chapt2_ws/install/_local_setup_util_ps1.py'
[30.653s] INFO:colcon.colcon_core.shell:Creating prefix chain script '/home/zylyehuo/ROS2_learning/chapter2/chapter2.4/chapt2_ws/install/setup.ps1'
[30.655s] INFO:colcon.colcon_core.shell:Creating prefix script '/home/zylyehuo/ROS2_learning/chapter2/chapter2.4/chapt2_ws/install/local_setup.sh'
[30.656s] INFO:colcon.colcon_core.shell:Creating prefix util module '/home/zylyehuo/ROS2_learning/chapter2/chapter2.4/chapt2_ws/install/_local_setup_util_sh.py'
[30.656s] INFO:colcon.colcon_core.shell:Creating prefix chain script '/home/zylyehuo/ROS2_learning/chapter2/chapter2.4/chapt2_ws/install/setup.sh'
[30.657s] INFO:colcon.colcon_core.shell:Creating prefix script '/home/zylyehuo/ROS2_learning/chapter2/chapter2.4/chapt2_ws/install/local_setup.bash'
[30.658s] INFO:colcon.colcon_core.shell:Creating prefix chain script '/home/zylyehuo/ROS2_learning/chapter2/chapter2.4/chapt2_ws/install/setup.bash'
[30.659s] INFO:colcon.colcon_core.shell:Creating prefix script '/home/zylyehuo/ROS2_learning/chapter2/chapter2.4/chapt2_ws/install/local_setup.zsh'
[30.660s] INFO:colcon.colcon_core.shell:Creating prefix chain script '/home/zylyehuo/ROS2_learning/chapter2/chapter2.4/chapt2_ws/install/setup.zsh'
