[0.398s] Invoking command in '/home/zylyehuo/ROS2_learning/chapter8/chapt8_ws2/build/nav2_custom_planner': CMAKE_PREFIX_PATH=${CMAKE_PREFIX_PATH}:/home/zylyehuo/ROS2_learning/chapter7/chapt7_ws/install/autopatrol_robot:/home/zylyehuo/ROS2_learning/chapter7/chapt7_ws/install/fishbot_application:/opt/ros/humble /usr/bin/cmake --build /home/zylyehuo/ROS2_learning/chapter8/chapt8_ws2/build/nav2_custom_planner -- -j16 -l16
[0.442s] [35m[1mConsolidate compiler generated dependencies of target nav2_custom_planner_line_plugin[0m
[0.451s] [ 50%] Built target nav2_custom_planner_plugin
[0.463s] [100%] Built target nav2_custom_planner_line_plugin
[0.492s] Invoked command in '/home/zylyehuo/ROS2_learning/chapter8/chapt8_ws2/build/nav2_custom_planner' returned '0': CMAKE_PREFIX_PATH=${CMAKE_PREFIX_PATH}:/home/zylyehuo/ROS2_learning/chapter7/chapt7_ws/install/autopatrol_robot:/home/zylyehuo/ROS2_learning/chapter7/chapt7_ws/install/fishbot_application:/opt/ros/humble /usr/bin/cmake --build /home/zylyehuo/ROS2_learning/chapter8/chapt8_ws2/build/nav2_custom_planner -- -j16 -l16
[0.494s] Invoking command in '/home/zylyehuo/ROS2_learning/chapter8/chapt8_ws2/build/nav2_custom_planner': CMAKE_PREFIX_PATH=${CMAKE_PREFIX_PATH}:/home/zylyehuo/ROS2_learning/chapter7/chapt7_ws/install/autopatrol_robot:/home/zylyehuo/ROS2_learning/chapter7/chapt7_ws/install/fishbot_application:/opt/ros/humble /usr/bin/cmake --install /home/zylyehuo/ROS2_learning/chapter8/chapt8_ws2/build/nav2_custom_planner
[0.512s] -- Install configuration: ""
[0.512s] -- Up-to-date: /home/zylyehuo/ROS2_learning/chapter8/chapt8_ws2/install/nav2_custom_planner/lib/libnav2_custom_planner_plugin.so
[0.512s] -- Up-to-date: /home/zylyehuo/ROS2_learning/chapter8/chapt8_ws2/install/nav2_custom_planner/lib/libnav2_custom_planner_line_plugin.so
[0.512s] -- Up-to-date: /home/zylyehuo/ROS2_learning/chapter8/chapt8_ws2/install/nav2_custom_planner/include/
[0.513s] -- Up-to-date: /home/zylyehuo/ROS2_learning/chapter8/chapt8_ws2/install/nav2_custom_planner/include//nav2_custom_planner
[0.513s] -- Up-to-date: /home/zylyehuo/ROS2_learning/chapter8/chapt8_ws2/install/nav2_custom_planner/include//nav2_custom_planner/nav2_line_custom_planner.hpp
[0.513s] -- Up-to-date: /home/zylyehuo/ROS2_learning/chapter8/chapt8_ws2/install/nav2_custom_planner/include//nav2_custom_planner/nav2_custom_planner.hpp
[0.513s] -- Up-to-date: /home/zylyehuo/ROS2_learning/chapter8/chapt8_ws2/install/nav2_custom_planner/share/nav2_custom_planner/custom_planner_plugin.xml
[0.513s] -- Up-to-date: /home/zylyehuo/ROS2_learning/chapter8/chapt8_ws2/install/nav2_custom_planner/share/ament_index/resource_index/package_run_dependencies/nav2_custom_planner
[0.513s] -- Up-to-date: /home/zylyehuo/ROS2_learning/chapter8/chapt8_ws2/install/nav2_custom_planner/share/ament_index/resource_index/parent_prefix_path/nav2_custom_planner
[0.513s] -- Up-to-date: /home/zylyehuo/ROS2_learning/chapter8/chapt8_ws2/install/nav2_custom_planner/share/nav2_custom_planner/environment/ament_prefix_path.sh
[0.513s] -- Up-to-date: /home/zylyehuo/ROS2_learning/chapter8/chapt8_ws2/install/nav2_custom_planner/share/nav2_custom_planner/environment/ament_prefix_path.dsv
[0.513s] -- Up-to-date: /home/zylyehuo/ROS2_learning/chapter8/chapt8_ws2/install/nav2_custom_planner/share/nav2_custom_planner/environment/path.sh
[0.514s] -- Up-to-date: /home/zylyehuo/ROS2_learning/chapter8/chapt8_ws2/install/nav2_custom_planner/share/nav2_custom_planner/environment/path.dsv
[0.514s] -- Up-to-date: /home/zylyehuo/ROS2_learning/chapter8/chapt8_ws2/install/nav2_custom_planner/share/nav2_custom_planner/local_setup.bash
[0.514s] -- Up-to-date: /home/zylyehuo/ROS2_learning/chapter8/chapt8_ws2/install/nav2_custom_planner/share/nav2_custom_planner/local_setup.sh
[0.514s] -- Up-to-date: /home/zylyehuo/ROS2_learning/chapter8/chapt8_ws2/install/nav2_custom_planner/share/nav2_custom_planner/local_setup.zsh
[0.514s] -- Up-to-date: /home/zylyehuo/ROS2_learning/chapter8/chapt8_ws2/install/nav2_custom_planner/share/nav2_custom_planner/local_setup.dsv
[0.514s] -- Installing: /home/zylyehuo/ROS2_learning/chapter8/chapt8_ws2/install/nav2_custom_planner/share/nav2_custom_planner/package.dsv
[0.514s] -- Up-to-date: /home/zylyehuo/ROS2_learning/chapter8/chapt8_ws2/install/nav2_custom_planner/share/ament_index/resource_index/packages/nav2_custom_planner
[0.515s] -- Up-to-date: /home/zylyehuo/ROS2_learning/chapter8/chapt8_ws2/install/nav2_custom_planner/share/ament_index/resource_index/nav2_core__pluginlib__plugin/nav2_custom_planner
[0.515s] -- Up-to-date: /home/zylyehuo/ROS2_learning/chapter8/chapt8_ws2/install/nav2_custom_planner/share/nav2_custom_planner/cmake/nav2_custom_plannerConfig.cmake
[0.515s] -- Up-to-date: /home/zylyehuo/ROS2_learning/chapter8/chapt8_ws2/install/nav2_custom_planner/share/nav2_custom_planner/cmake/nav2_custom_plannerConfig-version.cmake
[0.515s] -- Up-to-date: /home/zylyehuo/ROS2_learning/chapter8/chapt8_ws2/install/nav2_custom_planner/share/nav2_custom_planner/package.xml
[0.527s] Invoked command in '/home/zylyehuo/ROS2_learning/chapter8/chapt8_ws2/build/nav2_custom_planner' returned '0': CMAKE_PREFIX_PATH=${CMAKE_PREFIX_PATH}:/home/zylyehuo/ROS2_learning/chapter7/chapt7_ws/install/autopatrol_robot:/home/zylyehuo/ROS2_learning/chapter7/chapt7_ws/install/fishbot_application:/opt/ros/humble /usr/bin/cmake --install /home/zylyehuo/ROS2_learning/chapter8/chapt8_ws2/build/nav2_custom_planner
