[0.021s] Invoking command in '/home/zylyehuo/ROS2_learning/chapter2/chapter2.3/build/demo_cpp_pkg': CMAKE_PREFIX_PATH=${CMAKE_PREFIX_PATH}:/opt/ros/humble /usr/bin/cmake --build /home/zylyehuo/ROS2_learning/chapter2/chapter2.3/build/demo_cpp_pkg -- -j16 -l16
[0.134s] -- Found ament_cmake: 1.3.12 (/opt/ros/humble/share/ament_cmake/cmake)
[0.266s] -- Found rclcpp: 16.0.16 (/opt/ros/humble/share/rclcpp/cmake)
[0.609s] -- Found rosidl_generator_c: 3.1.7 (/opt/ros/humble/share/rosidl_generator_c/cmake)
[0.612s] -- Found rosidl_adapter: 3.1.7 (/opt/ros/humble/share/rosidl_adapter/cmake)
[0.621s] -- Found rosidl_generator_cpp: 3.1.7 (/opt/ros/humble/share/rosidl_generator_cpp/cmake)
[0.634s] -- Using all available rosidl_typesupport_c: rosidl_typesupport_fastrtps_c;rosidl_typesupport_introspection_c
[0.649s] -- Using all available rosidl_typesupport_cpp: rosidl_typesupport_fastrtps_cpp;rosidl_typesupport_introspection_cpp
[0.694s] -- Found rmw_implementation_cmake: 6.1.2 (/opt/ros/humble/share/rmw_implementation_cmake/cmake)
[0.697s] -- Found rmw_fastrtps_cpp: 6.2.9 (/opt/ros/humble/share/rmw_fastrtps_cpp/cmake)
[13.850s] -- Using RMW implementation 'rmw_fastrtps_cpp' as default
[13.921s] [31mCMake Error at CMakeLists.txt:26 (install):
[13.922s]   install TARGETS given target "lib/demo_cpp_pkg" which does not exist.
[13.922s] 
[13.922s] [0m
[13.922s] -- Found ament_lint_auto: 0.12.14 (/opt/ros/humble/share/ament_lint_auto/cmake)
[13.991s] -- Added test 'cppcheck' to perform static code analysis on C / C++ code
[13.991s] -- Configured cppcheck include dirs: 
[13.991s] -- Configured cppcheck exclude dirs and/or files: 
[13.992s] -- Added test 'lint_cmake' to check CMake code style
[13.996s] -- Added test 'uncrustify' to check C / C++ code style
[13.996s] -- Configured uncrustify additional arguments: 
[13.997s] -- Added test 'xmllint' to check XML markup files
[14.000s] -- Configuring incomplete, errors occurred!
[14.000s] See also "/home/zylyehuo/ROS2_learning/chapter2/chapter2.3/build/demo_cpp_pkg/CMakeFiles/CMakeOutput.log".
[14.019s] gmake: *** [Makefile:267: cmake_check_build_system] Error 1
[14.021s] Invoked command in '/home/zylyehuo/ROS2_learning/chapter2/chapter2.3/build/demo_cpp_pkg' returned '2': CMAKE_PREFIX_PATH=${CMAKE_PREFIX_PATH}:/opt/ros/humble /usr/bin/cmake --build /home/zylyehuo/ROS2_learning/chapter2/chapter2.3/build/demo_cpp_pkg -- -j16 -l16
