[0.450s] Invoking command in '/home/zylyehuo/ROS2_learning/chapter4/chapt4_ws/build/demo_cpp_service': CMAKE_PREFIX_PATH=/home/zylyehuo/ROS2_learning/chapter4/chapt4_ws/install/chapt4_interfaces:/home/zylyehuo/ROS2_learning/chapter4/chapt4_ws/install/demo_cpp_service:/home/zylyehuo/ROS2_learning/chapter4/chapt4_ws/install/demo_python_service:/opt/ros/humble /usr/bin/cmake --build /home/zylyehuo/ROS2_learning/chapter4/chapt4_ws/build/demo_cpp_service -- -j16 -l16
[0.484s] [35m[1mConsolidate compiler generated dependencies of target turtle_control_param_callback[0m
[0.498s] [ 25%] Built target patrol_client
[0.498s] [ 62%] Built target turtle_control
[0.498s] [ 75%] Built target turtle_control_param
[0.501s] [ 87%] [32mBuilding CXX object CMakeFiles/turtle_control_param_callback.dir/src/turtle_control_param_callback.cpp.o[0m
[8.920s] [100%] [32m[1mLinking CXX executable turtle_control_param_callback[0m
[9.671s] [100%] Built target turtle_control_param_callback
[9.681s] Invoked command in '/home/zylyehuo/ROS2_learning/chapter4/chapt4_ws/build/demo_cpp_service' returned '0': CMAKE_PREFIX_PATH=/home/zylyehuo/ROS2_learning/chapter4/chapt4_ws/install/chapt4_interfaces:/home/zylyehuo/ROS2_learning/chapter4/chapt4_ws/install/demo_cpp_service:/home/zylyehuo/ROS2_learning/chapter4/chapt4_ws/install/demo_python_service:/opt/ros/humble /usr/bin/cmake --build /home/zylyehuo/ROS2_learning/chapter4/chapt4_ws/build/demo_cpp_service -- -j16 -l16
[9.683s] Invoking command in '/home/zylyehuo/ROS2_learning/chapter4/chapt4_ws/build/demo_cpp_service': CMAKE_PREFIX_PATH=/home/zylyehuo/ROS2_learning/chapter4/chapt4_ws/install/chapt4_interfaces:/home/zylyehuo/ROS2_learning/chapter4/chapt4_ws/install/demo_cpp_service:/home/zylyehuo/ROS2_learning/chapter4/chapt4_ws/install/demo_python_service:/opt/ros/humble /usr/bin/cmake --install /home/zylyehuo/ROS2_learning/chapter4/chapt4_ws/build/demo_cpp_service
[9.688s] -- Install configuration: ""
[9.688s] -- Up-to-date: /home/zylyehuo/ROS2_learning/chapter4/chapt4_ws/install/demo_cpp_service/lib/demo_cpp_service/turtle_control
[9.689s] -- Up-to-date: /home/zylyehuo/ROS2_learning/chapter4/chapt4_ws/install/demo_cpp_service/lib/demo_cpp_service/patrol_client
[9.689s] -- Up-to-date: /home/zylyehuo/ROS2_learning/chapter4/chapt4_ws/install/demo_cpp_service/lib/demo_cpp_service/turtle_control_param
[9.689s] -- Installing: /home/zylyehuo/ROS2_learning/chapter4/chapt4_ws/install/demo_cpp_service/lib/demo_cpp_service/turtle_control_param_callback
[9.693s] -- Set runtime path of "/home/zylyehuo/ROS2_learning/chapter4/chapt4_ws/install/demo_cpp_service/lib/demo_cpp_service/turtle_control_param_callback" to ""
[9.693s] -- Up-to-date: /home/zylyehuo/ROS2_learning/chapter4/chapt4_ws/install/demo_cpp_service/share/ament_index/resource_index/package_run_dependencies/demo_cpp_service
[9.693s] -- Up-to-date: /home/zylyehuo/ROS2_learning/chapter4/chapt4_ws/install/demo_cpp_service/share/ament_index/resource_index/parent_prefix_path/demo_cpp_service
[9.693s] -- Up-to-date: /home/zylyehuo/ROS2_learning/chapter4/chapt4_ws/install/demo_cpp_service/share/demo_cpp_service/environment/ament_prefix_path.sh
[9.693s] -- Up-to-date: /home/zylyehuo/ROS2_learning/chapter4/chapt4_ws/install/demo_cpp_service/share/demo_cpp_service/environment/ament_prefix_path.dsv
[9.693s] -- Up-to-date: /home/zylyehuo/ROS2_learning/chapter4/chapt4_ws/install/demo_cpp_service/share/demo_cpp_service/environment/path.sh
[9.693s] -- Up-to-date: /home/zylyehuo/ROS2_learning/chapter4/chapt4_ws/install/demo_cpp_service/share/demo_cpp_service/environment/path.dsv
[9.693s] -- Up-to-date: /home/zylyehuo/ROS2_learning/chapter4/chapt4_ws/install/demo_cpp_service/share/demo_cpp_service/local_setup.bash
[9.694s] -- Up-to-date: /home/zylyehuo/ROS2_learning/chapter4/chapt4_ws/install/demo_cpp_service/share/demo_cpp_service/local_setup.sh
[9.694s] -- Up-to-date: /home/zylyehuo/ROS2_learning/chapter4/chapt4_ws/install/demo_cpp_service/share/demo_cpp_service/local_setup.zsh
[9.694s] -- Up-to-date: /home/zylyehuo/ROS2_learning/chapter4/chapt4_ws/install/demo_cpp_service/share/demo_cpp_service/local_setup.dsv
[9.694s] -- Installing: /home/zylyehuo/ROS2_learning/chapter4/chapt4_ws/install/demo_cpp_service/share/demo_cpp_service/package.dsv
[9.694s] -- Up-to-date: /home/zylyehuo/ROS2_learning/chapter4/chapt4_ws/install/demo_cpp_service/share/ament_index/resource_index/packages/demo_cpp_service
[9.694s] -- Up-to-date: /home/zylyehuo/ROS2_learning/chapter4/chapt4_ws/install/demo_cpp_service/share/demo_cpp_service/cmake/demo_cpp_serviceConfig.cmake
[9.694s] -- Up-to-date: /home/zylyehuo/ROS2_learning/chapter4/chapt4_ws/install/demo_cpp_service/share/demo_cpp_service/cmake/demo_cpp_serviceConfig-version.cmake
[9.694s] -- Up-to-date: /home/zylyehuo/ROS2_learning/chapter4/chapt4_ws/install/demo_cpp_service/share/demo_cpp_service/package.xml
[9.696s] Invoked command in '/home/zylyehuo/ROS2_learning/chapter4/chapt4_ws/build/demo_cpp_service' returned '0': CMAKE_PREFIX_PATH=/home/zylyehuo/ROS2_learning/chapter4/chapt4_ws/install/chapt4_interfaces:/home/zylyehuo/ROS2_learning/chapter4/chapt4_ws/install/demo_cpp_service:/home/zylyehuo/ROS2_learning/chapter4/chapt4_ws/install/demo_python_service:/opt/ros/humble /usr/bin/cmake --install /home/zylyehuo/ROS2_learning/chapter4/chapt4_ws/build/demo_cpp_service
