[0.476s] Invoking command in '/home/zylyehuo/ROS2_learning/chapter3/topic_ws/src/demo_python_topic': PYTHONPATH=/home/zylyehuo/ROS2_learning/chapter3/topic_ws/build/demo_python_topic/prefix_override:/usr/lib/python3/dist-packages/colcon_core/task/python/colcon_distutils_commands:/home/zylyehuo/ROS2_learning/chapter3/topic_ws/install/demo_python_topic/lib/python3.10/site-packages:${PYTHONPATH} /usr/bin/python3 -W ignore:setup.py install is deprecated -W ignore:easy_install command is deprecated setup.py egg_info --egg-base ../../build/demo_python_topic build --build-base /home/zylyehuo/ROS2_learning/chapter3/topic_ws/build/demo_python_topic/build install --record /home/zylyehuo/ROS2_learning/chapter3/topic_ws/build/demo_python_topic/install.log --single-version-externally-managed install_data
[0.667s] running egg_info
[0.668s] writing ../../build/demo_python_topic/demo_python_topic.egg-info/PKG-INFO
[0.668s] writing dependency_links to ../../build/demo_python_topic/demo_python_topic.egg-info/dependency_links.txt
[0.668s] writing entry points to ../../build/demo_python_topic/demo_python_topic.egg-info/entry_points.txt
[0.668s] writing requirements to ../../build/demo_python_topic/demo_python_topic.egg-info/requires.txt
[0.668s] writing top-level names to ../../build/demo_python_topic/demo_python_topic.egg-info/top_level.txt
[0.669s] reading manifest file '../../build/demo_python_topic/demo_python_topic.egg-info/SOURCES.txt'
[0.669s] adding license file 'LICENSE'
[0.670s] writing manifest file '../../build/demo_python_topic/demo_python_topic.egg-info/SOURCES.txt'
[0.670s] running build
[0.670s] running build_py
[0.671s] copying demo_python_topic/novel_pub_node.py -> /home/zylyehuo/ROS2_learning/chapter3/topic_ws/build/demo_python_topic/build/lib/demo_python_topic
[0.671s] running install
[0.672s] running install_lib
[0.673s] copying /home/zylyehuo/ROS2_learning/chapter3/topic_ws/build/demo_python_topic/build/lib/demo_python_topic/novel_pub_node.py -> /home/zylyehuo/ROS2_learning/chapter3/topic_ws/install/demo_python_topic/lib/python3.10/site-packages/demo_python_topic
[0.674s] byte-compiling /home/zylyehuo/ROS2_learning/chapter3/topic_ws/install/demo_python_topic/lib/python3.10/site-packages/demo_python_topic/novel_pub_node.py to novel_pub_node.cpython-310.pyc
[0.674s] running install_data
[0.674s] running install_egg_info
[0.676s] removing '/home/zylyehuo/ROS2_learning/chapter3/topic_ws/install/demo_python_topic/lib/python3.10/site-packages/demo_python_topic-0.0.0-py3.10.egg-info' (and everything under it)
[0.676s] Copying ../../build/demo_python_topic/demo_python_topic.egg-info to /home/zylyehuo/ROS2_learning/chapter3/topic_ws/install/demo_python_topic/lib/python3.10/site-packages/demo_python_topic-0.0.0-py3.10.egg-info
[0.677s] running install_scripts
[0.695s] Installing novel_pub script to /home/zylyehuo/ROS2_learning/chapter3/topic_ws/install/demo_python_topic/lib/demo_python_topic
[0.695s] writing list of installed files to '/home/zylyehuo/ROS2_learning/chapter3/topic_ws/build/demo_python_topic/install.log'
[0.715s] Invoked command in '/home/zylyehuo/ROS2_learning/chapter3/topic_ws/src/demo_python_topic' returned '0': PYTHONPATH=/home/zylyehuo/ROS2_learning/chapter3/topic_ws/build/demo_python_topic/prefix_override:/usr/lib/python3/dist-packages/colcon_core/task/python/colcon_distutils_commands:/home/zylyehuo/ROS2_learning/chapter3/topic_ws/install/demo_python_topic/lib/python3.10/site-packages:${PYTHONPATH} /usr/bin/python3 -W ignore:setup.py install is deprecated -W ignore:easy_install command is deprecated setup.py egg_info --egg-base ../../build/demo_python_topic build --build-base /home/zylyehuo/ROS2_learning/chapter3/topic_ws/build/demo_python_topic/build install --record /home/zylyehuo/ROS2_learning/chapter3/topic_ws/build/demo_python_topic/install.log --single-version-externally-managed install_data
