[0.457s] Invoking command in '/home/zylyehuo/ROS2_learning/chapter7/chapt7_ws/src/fishbot_application': PYTHONPATH=/home/zylyehuo/ROS2_learning/chapter7/chapt7_ws/build/fishbot_application/prefix_override:/usr/lib/python3/dist-packages/colcon_core/task/python/colcon_distutils_commands:/home/zylyehuo/ROS2_learning/chapter7/chapt7_ws/install/fishbot_application/lib/python3.10/site-packages:${PYTHONPATH} /usr/bin/python3 -W ignore:setup.py install is deprecated -W ignore:easy_install command is deprecated setup.py egg_info --egg-base ../../build/fishbot_application build --build-base /home/zylyehuo/ROS2_learning/chapter7/chapt7_ws/build/fishbot_application/build install --record /home/zylyehuo/ROS2_learning/chapter7/chapt7_ws/build/fishbot_application/install.log --single-version-externally-managed install_data
[0.614s] running egg_info
[0.614s] writing ../../build/fishbot_application/fishbot_application.egg-info/PKG-INFO
[0.614s] writing dependency_links to ../../build/fishbot_application/fishbot_application.egg-info/dependency_links.txt
[0.615s] writing entry points to ../../build/fishbot_application/fishbot_application.egg-info/entry_points.txt
[0.615s] writing requirements to ../../build/fishbot_application/fishbot_application.egg-info/requires.txt
[0.615s] writing top-level names to ../../build/fishbot_application/fishbot_application.egg-info/top_level.txt
[0.616s] reading manifest file '../../build/fishbot_application/fishbot_application.egg-info/SOURCES.txt'
[0.616s] adding license file 'LICENSE'
[0.617s] writing manifest file '../../build/fishbot_application/fishbot_application.egg-info/SOURCES.txt'
[0.617s] running build
[0.617s] running build_py
[0.617s] copying fishbot_application/nav_to_pose.py -> /home/zylyehuo/ROS2_learning/chapter7/chapt7_ws/build/fishbot_application/build/lib/fishbot_application
[0.617s] running install
[0.618s] running install_lib
[0.618s] copying /home/zylyehuo/ROS2_learning/chapter7/chapt7_ws/build/fishbot_application/build/lib/fishbot_application/nav_to_pose.py -> /home/zylyehuo/ROS2_learning/chapter7/chapt7_ws/install/fishbot_application/lib/python3.10/site-packages/fishbot_application
[0.619s] byte-compiling /home/zylyehuo/ROS2_learning/chapter7/chapt7_ws/install/fishbot_application/lib/python3.10/site-packages/fishbot_application/nav_to_pose.py to nav_to_pose.cpython-310.pyc
[0.619s] running install_data
[0.619s] running install_egg_info
[0.621s] removing '/home/zylyehuo/ROS2_learning/chapter7/chapt7_ws/install/fishbot_application/lib/python3.10/site-packages/fishbot_application-0.0.0-py3.10.egg-info' (and everything under it)
[0.621s] Copying ../../build/fishbot_application/fishbot_application.egg-info to /home/zylyehuo/ROS2_learning/chapter7/chapt7_ws/install/fishbot_application/lib/python3.10/site-packages/fishbot_application-0.0.0-py3.10.egg-info
[0.622s] running install_scripts
[0.637s] Installing get_robot_pose script to /home/zylyehuo/ROS2_learning/chapter7/chapt7_ws/install/fishbot_application/lib/fishbot_application
[0.637s] Installing init_robot_pose script to /home/zylyehuo/ROS2_learning/chapter7/chapt7_ws/install/fishbot_application/lib/fishbot_application
[0.637s] Installing nav_to_pose script to /home/zylyehuo/ROS2_learning/chapter7/chapt7_ws/install/fishbot_application/lib/fishbot_application
[0.637s] writing list of installed files to '/home/zylyehuo/ROS2_learning/chapter7/chapt7_ws/build/fishbot_application/install.log'
[0.654s] Invoked command in '/home/zylyehuo/ROS2_learning/chapter7/chapt7_ws/src/fishbot_application' returned '0': PYTHONPATH=/home/zylyehuo/ROS2_learning/chapter7/chapt7_ws/build/fishbot_application/prefix_override:/usr/lib/python3/dist-packages/colcon_core/task/python/colcon_distutils_commands:/home/zylyehuo/ROS2_learning/chapter7/chapt7_ws/install/fishbot_application/lib/python3.10/site-packages:${PYTHONPATH} /usr/bin/python3 -W ignore:setup.py install is deprecated -W ignore:easy_install command is deprecated setup.py egg_info --egg-base ../../build/fishbot_application build --build-base /home/zylyehuo/ROS2_learning/chapter7/chapt7_ws/build/fishbot_application/build install --record /home/zylyehuo/ROS2_learning/chapter7/chapt7_ws/build/fishbot_application/install.log --single-version-externally-managed install_data
