[0.882s] Invoking command in '/home/zylyehuo/ROS2_learning/chapter7/chapt7_ws/src/autopatrol_robot': PYTHONPATH=/home/zylyehuo/ROS2_learning/chapter7/chapt7_ws/build/autopatrol_robot/prefix_override:/usr/lib/python3/dist-packages/colcon_core/task/python/colcon_distutils_commands:/home/zylyehuo/ROS2_learning/chapter7/chapt7_ws/install/autopatrol_robot/lib/python3.10/site-packages:${PYTHONPATH} /usr/bin/python3 -W ignore:setup.py install is deprecated -W ignore:easy_install command is deprecated setup.py egg_info --egg-base ../../build/autopatrol_robot build --build-base /home/zylyehuo/ROS2_learning/chapter7/chapt7_ws/build/autopatrol_robot/build install --record /home/zylyehuo/ROS2_learning/chapter7/chapt7_ws/build/autopatrol_robot/install.log --single-version-externally-managed install_data
[1.061s] running egg_info
[1.061s] writing ../../build/autopatrol_robot/autopatrol_robot.egg-info/PKG-INFO
[1.061s] writing dependency_links to ../../build/autopatrol_robot/autopatrol_robot.egg-info/dependency_links.txt
[1.061s] writing entry points to ../../build/autopatrol_robot/autopatrol_robot.egg-info/entry_points.txt
[1.062s] writing requirements to ../../build/autopatrol_robot/autopatrol_robot.egg-info/requires.txt
[1.062s] writing top-level names to ../../build/autopatrol_robot/autopatrol_robot.egg-info/top_level.txt
[1.063s] reading manifest file '../../build/autopatrol_robot/autopatrol_robot.egg-info/SOURCES.txt'
[1.064s] adding license file 'LICENSE'
[1.064s] writing manifest file '../../build/autopatrol_robot/autopatrol_robot.egg-info/SOURCES.txt'
[1.065s] running build
[1.065s] running build_py
[1.065s] copying autopatrol_robot/patrol_speak_node.py -> /home/zylyehuo/ROS2_learning/chapter7/chapt7_ws/build/autopatrol_robot/build/lib/autopatrol_robot
[1.065s] running install
[1.065s] running install_lib
[1.066s] copying /home/zylyehuo/ROS2_learning/chapter7/chapt7_ws/build/autopatrol_robot/build/lib/autopatrol_robot/patrol_speak_node.py -> /home/zylyehuo/ROS2_learning/chapter7/chapt7_ws/install/autopatrol_robot/lib/python3.10/site-packages/autopatrol_robot
[1.066s] byte-compiling /home/zylyehuo/ROS2_learning/chapter7/chapt7_ws/install/autopatrol_robot/lib/python3.10/site-packages/autopatrol_robot/patrol_speak_node.py to patrol_speak_node.cpython-310.pyc
[1.067s] running install_data
[1.067s] running install_egg_info
[1.069s] removing '/home/zylyehuo/ROS2_learning/chapter7/chapt7_ws/install/autopatrol_robot/lib/python3.10/site-packages/autopatrol_robot-0.0.0-py3.10.egg-info' (and everything under it)
[1.070s] Copying ../../build/autopatrol_robot/autopatrol_robot.egg-info to /home/zylyehuo/ROS2_learning/chapter7/chapt7_ws/install/autopatrol_robot/lib/python3.10/site-packages/autopatrol_robot-0.0.0-py3.10.egg-info
[1.071s] running install_scripts
[1.087s] Installing patrol_node script to /home/zylyehuo/ROS2_learning/chapter7/chapt7_ws/install/autopatrol_robot/lib/autopatrol_robot
[1.087s] Installing patrol_speak_node script to /home/zylyehuo/ROS2_learning/chapter7/chapt7_ws/install/autopatrol_robot/lib/autopatrol_robot
[1.087s] Installing speaker script to /home/zylyehuo/ROS2_learning/chapter7/chapt7_ws/install/autopatrol_robot/lib/autopatrol_robot
[1.087s] writing list of installed files to '/home/zylyehuo/ROS2_learning/chapter7/chapt7_ws/build/autopatrol_robot/install.log'
[1.105s] Invoked command in '/home/zylyehuo/ROS2_learning/chapter7/chapt7_ws/src/autopatrol_robot' returned '0': PYTHONPATH=/home/zylyehuo/ROS2_learning/chapter7/chapt7_ws/build/autopatrol_robot/prefix_override:/usr/lib/python3/dist-packages/colcon_core/task/python/colcon_distutils_commands:/home/zylyehuo/ROS2_learning/chapter7/chapt7_ws/install/autopatrol_robot/lib/python3.10/site-packages:${PYTHONPATH} /usr/bin/python3 -W ignore:setup.py install is deprecated -W ignore:easy_install command is deprecated setup.py egg_info --egg-base ../../build/autopatrol_robot build --build-base /home/zylyehuo/ROS2_learning/chapter7/chapt7_ws/build/autopatrol_robot/build install --record /home/zylyehuo/ROS2_learning/chapter7/chapt7_ws/build/autopatrol_robot/install.log --single-version-externally-managed install_data
