-- Install configuration: ""
-- Up-to-date: /home/zylyehuo/ROS2_learning/chapter6/chapt6_ws/install/robot_description/share/robot_description/launch
-- Up-to-date: /home/zylyehuo/ROS2_learning/chapter6/chapt6_ws/install/robot_description/share/robot_description/launch/display_robot.launch.py
-- Installing: /home/zylyehuo/ROS2_learning/chapter6/chapt6_ws/install/robot_description/share/robot_description/launch/xacro_display_robot.launch.py
-- Up-to-date: /home/zylyehuo/ROS2_learning/chapter6/chapt6_ws/install/robot_description/share/robot_description/urdf
-- Up-to-date: /home/zylyehuo/ROS2_learning/chapter6/chapt6_ws/install/robot_description/share/robot_description/urdf/xacro.md
-- Up-to-date: /home/zylyehuo/ROS2_learning/chapter6/chapt6_ws/install/robot_description/share/robot_description/urdf/robot.xacro
-- Up-to-date: /home/zylyehuo/ROS2_learning/chapter6/chapt6_ws/install/robot_description/share/robot_description/urdf/first_robot.pdf
-- Up-to-date: /home/zylyehuo/ROS2_learning/chapter6/chapt6_ws/install/robot_description/share/robot_description/urdf/robot.urdf
-- Up-to-date: /home/zylyehuo/ROS2_learning/chapter6/chapt6_ws/install/robot_description/share/robot_description/urdf/first_robot.gv
-- Up-to-date: /home/zylyehuo/ROS2_learning/chapter6/chapt6_ws/install/robot_description/share/robot_description/urdf/urdf.md
-- Up-to-date: /home/zylyehuo/ROS2_learning/chapter6/chapt6_ws/install/robot_description/share/robot_description/config
-- Up-to-date: /home/zylyehuo/ROS2_learning/chapter6/chapt6_ws/install/robot_description/share/robot_description/config/display_robot_model.rviz
-- Up-to-date: /home/zylyehuo/ROS2_learning/chapter6/chapt6_ws/install/robot_description/share/ament_index/resource_index/package_run_dependencies/robot_description
-- Up-to-date: /home/zylyehuo/ROS2_learning/chapter6/chapt6_ws/install/robot_description/share/ament_index/resource_index/parent_prefix_path/robot_description
-- Up-to-date: /home/zylyehuo/ROS2_learning/chapter6/chapt6_ws/install/robot_description/share/robot_description/environment/ament_prefix_path.sh
-- Up-to-date: /home/zylyehuo/ROS2_learning/chapter6/chapt6_ws/install/robot_description/share/robot_description/environment/ament_prefix_path.dsv
-- Up-to-date: /home/zylyehuo/ROS2_learning/chapter6/chapt6_ws/install/robot_description/share/robot_description/environment/path.sh
-- Up-to-date: /home/zylyehuo/ROS2_learning/chapter6/chapt6_ws/install/robot_description/share/robot_description/environment/path.dsv
-- Up-to-date: /home/zylyehuo/ROS2_learning/chapter6/chapt6_ws/install/robot_description/share/robot_description/local_setup.bash
-- Up-to-date: /home/zylyehuo/ROS2_learning/chapter6/chapt6_ws/install/robot_description/share/robot_description/local_setup.sh
-- Up-to-date: /home/zylyehuo/ROS2_learning/chapter6/chapt6_ws/install/robot_description/share/robot_description/local_setup.zsh
-- Up-to-date: /home/zylyehuo/ROS2_learning/chapter6/chapt6_ws/install/robot_description/share/robot_description/local_setup.dsv
-- Installing: /home/zylyehuo/ROS2_learning/chapter6/chapt6_ws/install/robot_description/share/robot_description/package.dsv
-- Up-to-date: /home/zylyehuo/ROS2_learning/chapter6/chapt6_ws/install/robot_description/share/ament_index/resource_index/packages/robot_description
-- Up-to-date: /home/zylyehuo/ROS2_learning/chapter6/chapt6_ws/install/robot_description/share/robot_description/cmake/robot_descriptionConfig.cmake
-- Up-to-date: /home/zylyehuo/ROS2_learning/chapter6/chapt6_ws/install/robot_description/share/robot_description/cmake/robot_descriptionConfig-version.cmake
-- Up-to-date: /home/zylyehuo/ROS2_learning/chapter6/chapt6_ws/install/robot_description/share/robot_description/package.xml
