[0.677s] Invoking command in '/home/zylyehuo/ROS2_learning/chapter5/chapt5_ws/src/demo_python_tf': PYTHONPATH=/home/zylyehuo/ROS2_learning/chapter5/chapt5_ws/build/demo_python_tf/prefix_override:/usr/lib/python3/dist-packages/colcon_core/task/python/colcon_distutils_commands:/home/zylyehuo/ROS2_learning/chapter5/chapt5_ws/install/demo_python_tf/lib/python3.10/site-packages:${PYTHONPATH} /usr/bin/python3 -W ignore:setup.py install is deprecated -W ignore:easy_install command is deprecated setup.py egg_info --egg-base ../../build/demo_python_tf build --build-base /home/zylyehuo/ROS2_learning/chapter5/chapt5_ws/build/demo_python_tf/build install --record /home/zylyehuo/ROS2_learning/chapter5/chapt5_ws/build/demo_python_tf/install.log --single-version-externally-managed install_data
[0.848s] running egg_info
[0.848s] creating ../../build/demo_python_tf/demo_python_tf.egg-info
[0.849s] writing ../../build/demo_python_tf/demo_python_tf.egg-info/PKG-INFO
[0.849s] writing dependency_links to ../../build/demo_python_tf/demo_python_tf.egg-info/dependency_links.txt
[0.849s] writing entry points to ../../build/demo_python_tf/demo_python_tf.egg-info/entry_points.txt
[0.849s] writing requirements to ../../build/demo_python_tf/demo_python_tf.egg-info/requires.txt
[0.849s] writing top-level names to ../../build/demo_python_tf/demo_python_tf.egg-info/top_level.txt
[0.849s] writing manifest file '../../build/demo_python_tf/demo_python_tf.egg-info/SOURCES.txt'
[0.850s] reading manifest file '../../build/demo_python_tf/demo_python_tf.egg-info/SOURCES.txt'
[0.850s] adding license file 'LICENSE'
[0.851s] writing manifest file '../../build/demo_python_tf/demo_python_tf.egg-info/SOURCES.txt'
[0.851s] running build
[0.851s] running build_py
[0.851s] creating /home/zylyehuo/ROS2_learning/chapter5/chapt5_ws/build/demo_python_tf/build
[0.851s] creating /home/zylyehuo/ROS2_learning/chapter5/chapt5_ws/build/demo_python_tf/build/lib
[0.851s] creating /home/zylyehuo/ROS2_learning/chapter5/chapt5_ws/build/demo_python_tf/build/lib/demo_python_tf
[0.852s] copying demo_python_tf/static_tf_broadcaster.py -> /home/zylyehuo/ROS2_learning/chapter5/chapt5_ws/build/demo_python_tf/build/lib/demo_python_tf
[0.852s] copying demo_python_tf/__init__.py -> /home/zylyehuo/ROS2_learning/chapter5/chapt5_ws/build/demo_python_tf/build/lib/demo_python_tf
[0.852s] running install
[0.852s] running install_lib
[0.853s] creating /home/zylyehuo/ROS2_learning/chapter5/chapt5_ws/install/demo_python_tf/lib/python3.10/site-packages/demo_python_tf
[0.853s] copying /home/zylyehuo/ROS2_learning/chapter5/chapt5_ws/build/demo_python_tf/build/lib/demo_python_tf/static_tf_broadcaster.py -> /home/zylyehuo/ROS2_learning/chapter5/chapt5_ws/install/demo_python_tf/lib/python3.10/site-packages/demo_python_tf
[0.853s] copying /home/zylyehuo/ROS2_learning/chapter5/chapt5_ws/build/demo_python_tf/build/lib/demo_python_tf/__init__.py -> /home/zylyehuo/ROS2_learning/chapter5/chapt5_ws/install/demo_python_tf/lib/python3.10/site-packages/demo_python_tf
[0.853s] byte-compiling /home/zylyehuo/ROS2_learning/chapter5/chapt5_ws/install/demo_python_tf/lib/python3.10/site-packages/demo_python_tf/static_tf_broadcaster.py to static_tf_broadcaster.cpython-310.pyc
[0.854s] byte-compiling /home/zylyehuo/ROS2_learning/chapter5/chapt5_ws/install/demo_python_tf/lib/python3.10/site-packages/demo_python_tf/__init__.py to __init__.cpython-310.pyc
[0.854s] running install_data
[0.855s] creating /home/zylyehuo/ROS2_learning/chapter5/chapt5_ws/install/demo_python_tf/share/ament_index
[0.855s] creating /home/zylyehuo/ROS2_learning/chapter5/chapt5_ws/install/demo_python_tf/share/ament_index/resource_index
[0.855s] creating /home/zylyehuo/ROS2_learning/chapter5/chapt5_ws/install/demo_python_tf/share/ament_index/resource_index/packages
[0.855s] copying resource/demo_python_tf -> /home/zylyehuo/ROS2_learning/chapter5/chapt5_ws/install/demo_python_tf/share/ament_index/resource_index/packages
[0.855s] copying package.xml -> /home/zylyehuo/ROS2_learning/chapter5/chapt5_ws/install/demo_python_tf/share/demo_python_tf
[0.855s] running install_egg_info
[0.857s] Copying ../../build/demo_python_tf/demo_python_tf.egg-info to /home/zylyehuo/ROS2_learning/chapter5/chapt5_ws/install/demo_python_tf/lib/python3.10/site-packages/demo_python_tf-0.0.0-py3.10.egg-info
[0.858s] running install_scripts
[0.875s] Installing static_tf_broadcaster script to /home/zylyehuo/ROS2_learning/chapter5/chapt5_ws/install/demo_python_tf/lib/demo_python_tf
[0.876s] writing list of installed files to '/home/zylyehuo/ROS2_learning/chapter5/chapt5_ws/build/demo_python_tf/install.log'
[0.894s] Invoked command in '/home/zylyehuo/ROS2_learning/chapter5/chapt5_ws/src/demo_python_tf' returned '0': PYTHONPATH=/home/zylyehuo/ROS2_learning/chapter5/chapt5_ws/build/demo_python_tf/prefix_override:/usr/lib/python3/dist-packages/colcon_core/task/python/colcon_distutils_commands:/home/zylyehuo/ROS2_learning/chapter5/chapt5_ws/install/demo_python_tf/lib/python3.10/site-packages:${PYTHONPATH} /usr/bin/python3 -W ignore:setup.py install is deprecated -W ignore:easy_install command is deprecated setup.py egg_info --egg-base ../../build/demo_python_tf build --build-base /home/zylyehuo/ROS2_learning/chapter5/chapt5_ws/build/demo_python_tf/build install --record /home/zylyehuo/ROS2_learning/chapter5/chapt5_ws/build/demo_python_tf/install.log --single-version-externally-managed install_data
