[0.594s] Invoking command in '/home/zylyehuo/ROS2_learning/chapter7/chapt7_ws/build/robot_description2': CMAKE_PREFIX_PATH=${CMAKE_PREFIX_PATH}:/home/zylyehuo/ROS2_learning/chapter7/chapt7_ws/install/autopatrol_robot:/home/zylyehuo/ROS2_learning/chapter7/chapt7_ws/install/fishbot_application:/opt/ros/humble /usr/bin/cmake --build /home/zylyehuo/ROS2_learning/chapter7/chapt7_ws/build/robot_description2 -- -j16 -l16
[0.643s] Invoked command in '/home/zylyehuo/ROS2_learning/chapter7/chapt7_ws/build/robot_description2' returned '0': CMAKE_PREFIX_PATH=${CMAKE_PREFIX_PATH}:/home/zylyehuo/ROS2_learning/chapter7/chapt7_ws/install/autopatrol_robot:/home/zylyehuo/ROS2_learning/chapter7/chapt7_ws/install/fishbot_application:/opt/ros/humble /usr/bin/cmake --build /home/zylyehuo/ROS2_learning/chapter7/chapt7_ws/build/robot_description2 -- -j16 -l16
[0.650s] Invoking command in '/home/zylyehuo/ROS2_learning/chapter7/chapt7_ws/build/robot_description2': CMAKE_PREFIX_PATH=${CMAKE_PREFIX_PATH}:/home/zylyehuo/ROS2_learning/chapter7/chapt7_ws/install/autopatrol_robot:/home/zylyehuo/ROS2_learning/chapter7/chapt7_ws/install/fishbot_application:/opt/ros/humble /usr/bin/cmake --install /home/zylyehuo/ROS2_learning/chapter7/chapt7_ws/build/robot_description2
[0.660s] -- Install configuration: ""
[0.661s] -- Up-to-date: /home/zylyehuo/ROS2_learning/chapter7/chapt7_ws/install/robot_description2/share/robot_description2/launch
[0.661s] -- Up-to-date: /home/zylyehuo/ROS2_learning/chapter7/chapt7_ws/install/robot_description2/share/robot_description2/launch/gazebo_add_robot_sim.launch.py
[0.661s] -- Up-to-date: /home/zylyehuo/ROS2_learning/chapter7/chapt7_ws/install/robot_description2/share/robot_description2/launch/gazebo_add_robot_add_joint_effort_controller_sim.launch.py:Zone.Identifier
[0.661s] -- Up-to-date: /home/zylyehuo/ROS2_learning/chapter7/chapt7_ws/install/robot_description2/share/robot_description2/launch/gazebo_add_robot_add_joint_diff_controller_sim.launch.py:Zone.Identifier
[0.661s] -- Up-to-date: /home/zylyehuo/ROS2_learning/chapter7/chapt7_ws/install/robot_description2/share/robot_description2/launch/gazebo_add_robot_sim.launch.py:Zone.Identifier
[0.661s] -- Up-to-date: /home/zylyehuo/ROS2_learning/chapter7/chapt7_ws/install/robot_description2/share/robot_description2/launch/gazebo_add_robot_add_joint_effort_controller_sim.launch.py
[0.662s] -- Up-to-date: /home/zylyehuo/ROS2_learning/chapter7/chapt7_ws/install/robot_description2/share/robot_description2/launch/gazebo_sim.launch.py
[0.663s] -- Up-to-date: /home/zylyehuo/ROS2_learning/chapter7/chapt7_ws/install/robot_description2/share/robot_description2/launch/xacro_display_robot.launch.py:Zone.Identifier
[0.663s] -- Up-to-date: /home/zylyehuo/ROS2_learning/chapter7/chapt7_ws/install/robot_description2/share/robot_description2/launch/gazebo_add_robot_add_joint_diff_controller_sim.launch.py
[0.663s] -- Up-to-date: /home/zylyehuo/ROS2_learning/chapter7/chapt7_ws/install/robot_description2/share/robot_description2/launch/gazebo_sim.launch.py:Zone.Identifier
[0.663s] -- Up-to-date: /home/zylyehuo/ROS2_learning/chapter7/chapt7_ws/install/robot_description2/share/robot_description2/launch/xacro_display_robot.launch.py
[0.663s] -- Up-to-date: /home/zylyehuo/ROS2_learning/chapter7/chapt7_ws/install/robot_description2/share/robot_description2/urdf
[0.664s] -- Up-to-date: /home/zylyehuo/ROS2_learning/chapter7/chapt7_ws/install/robot_description2/share/robot_description2/urdf/robot
[0.664s] -- Up-to-date: /home/zylyehuo/ROS2_learning/chapter7/chapt7_ws/install/robot_description2/share/robot_description2/urdf/robot/plugins
[0.664s] -- Up-to-date: /home/zylyehuo/ROS2_learning/chapter7/chapt7_ws/install/robot_description2/share/robot_description2/urdf/robot/plugins/robot.ros2_control.xacro:Zone.Identifier
[0.664s] -- Up-to-date: /home/zylyehuo/ROS2_learning/chapter7/chapt7_ws/install/robot_description2/share/robot_description2/urdf/robot/plugins/robot.ros2_control.xacro
[0.664s] -- Up-to-date: /home/zylyehuo/ROS2_learning/chapter7/chapt7_ws/install/robot_description2/share/robot_description2/urdf/robot/plugins/gazebo_control_plugins.xacro
[0.664s] -- Up-to-date: /home/zylyehuo/ROS2_learning/chapter7/chapt7_ws/install/robot_description2/share/robot_description2/urdf/robot/plugins/gazebo_control_plugins.xacro:Zone.Identifier
[0.665s] -- Up-to-date: /home/zylyehuo/ROS2_learning/chapter7/chapt7_ws/install/robot_description2/share/robot_description2/urdf/robot/plugins/gazebo_sensor_plugins.xacro
[0.665s] -- Up-to-date: /home/zylyehuo/ROS2_learning/chapter7/chapt7_ws/install/robot_description2/share/robot_description2/urdf/robot/plugins/gazebo_sensor_plugins.xacro:Zone.Identifier
[0.665s] -- Up-to-date: /home/zylyehuo/ROS2_learning/chapter7/chapt7_ws/install/robot_description2/share/robot_description2/urdf/robot/sensor
[0.666s] -- Up-to-date: /home/zylyehuo/ROS2_learning/chapter7/chapt7_ws/install/robot_description2/share/robot_description2/urdf/robot/sensor/laser.urdf.xacro
[0.666s] -- Up-to-date: /home/zylyehuo/ROS2_learning/chapter7/chapt7_ws/install/robot_description2/share/robot_description2/urdf/robot/sensor/laser.urdf.xacro:Zone.Identifier
[0.666s] -- Up-to-date: /home/zylyehuo/ROS2_learning/chapter7/chapt7_ws/install/robot_description2/share/robot_description2/urdf/robot/sensor/imu.urdf.xacro
[0.667s] -- Up-to-date: /home/zylyehuo/ROS2_learning/chapter7/chapt7_ws/install/robot_description2/share/robot_description2/urdf/robot/sensor/camera.urdf.xacro:Zone.Identifier
[0.668s] -- Up-to-date: /home/zylyehuo/ROS2_learning/chapter7/chapt7_ws/install/robot_description2/share/robot_description2/urdf/robot/sensor/imu.urdf.xacro:Zone.Identifier
[0.669s] -- Up-to-date: /home/zylyehuo/ROS2_learning/chapter7/chapt7_ws/install/robot_description2/share/robot_description2/urdf/robot/sensor/camera.urdf.xacro
[0.670s] -- Up-to-date: /home/zylyehuo/ROS2_learning/chapter7/chapt7_ws/install/robot_description2/share/robot_description2/urdf/robot/robot.urdf.xacro:Zone.Identifier
[0.670s] -- Up-to-date: /home/zylyehuo/ROS2_learning/chapter7/chapt7_ws/install/robot_description2/share/robot_description2/urdf/robot/robot.urdf.xacro
[0.670s] -- Up-to-date: /home/zylyehuo/ROS2_learning/chapter7/chapt7_ws/install/robot_description2/share/robot_description2/urdf/robot/base.urdf.xacro
[0.670s] -- Up-to-date: /home/zylyehuo/ROS2_learning/chapter7/chapt7_ws/install/robot_description2/share/robot_description2/urdf/robot/actuator
[0.670s] -- Up-to-date: /home/zylyehuo/ROS2_learning/chapter7/chapt7_ws/install/robot_description2/share/robot_description2/urdf/robot/actuator/caster.urdf.xacro:Zone.Identifier
[0.670s] -- Up-to-date: /home/zylyehuo/ROS2_learning/chapter7/chapt7_ws/install/robot_description2/share/robot_description2/urdf/robot/actuator/wheel.urdf.xacro:Zone.Identifier
[0.672s] -- Up-to-date: /home/zylyehuo/ROS2_learning/chapter7/chapt7_ws/install/robot_description2/share/robot_description2/urdf/robot/actuator/wheel.urdf.xacro
[0.672s] -- Up-to-date: /home/zylyehuo/ROS2_learning/chapter7/chapt7_ws/install/robot_description2/share/robot_description2/urdf/robot/actuator/caster.urdf.xacro
[0.672s] -- Up-to-date: /home/zylyehuo/ROS2_learning/chapter7/chapt7_ws/install/robot_description2/share/robot_description2/urdf/robot/common_inertia.xacro:Zone.Identifier
[0.672s] -- Up-to-date: /home/zylyehuo/ROS2_learning/chapter7/chapt7_ws/install/robot_description2/share/robot_description2/urdf/robot/common_inertia.xacro
[0.672s] -- Up-to-date: /home/zylyehuo/ROS2_learning/chapter7/chapt7_ws/install/robot_description2/share/robot_description2/urdf/robot/base.urdf.xacro:Zone.Identifier
[0.673s] -- Up-to-date: /home/zylyehuo/ROS2_learning/chapter7/chapt7_ws/install/robot_description2/share/robot_description2/urdf/robot_learning
[0.673s] -- Up-to-date: /home/zylyehuo/ROS2_learning/chapter7/chapt7_ws/install/robot_description2/share/robot_description2/urdf/robot_learning/common_inertia_learning.xacro:Zone.Identifier
[0.673s] -- Up-to-date: /home/zylyehuo/ROS2_learning/chapter7/chapt7_ws/install/robot_description2/share/robot_description2/urdf/robot_learning/plugins
[0.673s] -- Up-to-date: /home/zylyehuo/ROS2_learning/chapter7/chapt7_ws/install/robot_description2/share/robot_description2/urdf/robot_learning/plugins/gazebo_control_plugins_learning.xacro:Zone.Identifier
[0.673s] -- Up-to-date: /home/zylyehuo/ROS2_learning/chapter7/chapt7_ws/install/robot_description2/share/robot_description2/urdf/robot_learning/plugins/robot.ros2_control_learning.xacro
[0.673s] -- Up-to-date: /home/zylyehuo/ROS2_learning/chapter7/chapt7_ws/install/robot_description2/share/robot_description2/urdf/robot_learning/plugins/gazebo_control_plugins_learning.xacro
[0.674s] -- Up-to-date: /home/zylyehuo/ROS2_learning/chapter7/chapt7_ws/install/robot_description2/share/robot_description2/urdf/robot_learning/plugins/gazebo_sensor_plugins_learning.xacro
[0.674s] -- Up-to-date: /home/zylyehuo/ROS2_learning/chapter7/chapt7_ws/install/robot_description2/share/robot_description2/urdf/robot_learning/plugins/gazebo_sensor_plugins_learning.xacro:Zone.Identifier
[0.674s] -- Up-to-date: /home/zylyehuo/ROS2_learning/chapter7/chapt7_ws/install/robot_description2/share/robot_description2/urdf/robot_learning/plugins/robot.ros2_control_learning.xacro:Zone.Identifier
[0.674s] -- Up-to-date: /home/zylyehuo/ROS2_learning/chapter7/chapt7_ws/install/robot_description2/share/robot_description2/urdf/robot_learning/sensor
[0.674s] -- Up-to-date: /home/zylyehuo/ROS2_learning/chapter7/chapt7_ws/install/robot_description2/share/robot_description2/urdf/robot_learning/sensor/camera.urdf_learning.xacro:Zone.Identifier
[0.674s] -- Up-to-date: /home/zylyehuo/ROS2_learning/chapter7/chapt7_ws/install/robot_description2/share/robot_description2/urdf/robot_learning/sensor/laser.urdf_learning.xacro
[0.674s] -- Up-to-date: /home/zylyehuo/ROS2_learning/chapter7/chapt7_ws/install/robot_description2/share/robot_description2/urdf/robot_learning/sensor/imu.urdf_learning.xacro
[0.675s] -- Up-to-date: /home/zylyehuo/ROS2_learning/chapter7/chapt7_ws/install/robot_description2/share/robot_description2/urdf/robot_learning/sensor/laser.urdf_learning.xacro:Zone.Identifier
[0.675s] -- Up-to-date: /home/zylyehuo/ROS2_learning/chapter7/chapt7_ws/install/robot_description2/share/robot_description2/urdf/robot_learning/sensor/imu.urdf_learning.xacro:Zone.Identifier
[0.675s] -- Up-to-date: /home/zylyehuo/ROS2_learning/chapter7/chapt7_ws/install/robot_description2/share/robot_description2/urdf/robot_learning/sensor/camera.urdf_learning.xacro
[0.675s] -- Up-to-date: /home/zylyehuo/ROS2_learning/chapter7/chapt7_ws/install/robot_description2/share/robot_description2/urdf/robot_learning/robot.urdf_learning.xacro
[0.675s] -- Up-to-date: /home/zylyehuo/ROS2_learning/chapter7/chapt7_ws/install/robot_description2/share/robot_description2/urdf/robot_learning/base.urdf_learning.xacro:Zone.Identifier
[0.675s] -- Up-to-date: /home/zylyehuo/ROS2_learning/chapter7/chapt7_ws/install/robot_description2/share/robot_description2/urdf/robot_learning/actuator
[0.676s] -- Up-to-date: /home/zylyehuo/ROS2_learning/chapter7/chapt7_ws/install/robot_description2/share/robot_description2/urdf/robot_learning/actuator/caster.urdf_learning.xacro
[0.676s] -- Up-to-date: /home/zylyehuo/ROS2_learning/chapter7/chapt7_ws/install/robot_description2/share/robot_description2/urdf/robot_learning/actuator/wheel.urdf_learning.xacro:Zone.Identifier
[0.676s] -- Up-to-date: /home/zylyehuo/ROS2_learning/chapter7/chapt7_ws/install/robot_description2/share/robot_description2/urdf/robot_learning/actuator/wheel.urdf_learning.xacro
[0.677s] -- Up-to-date: /home/zylyehuo/ROS2_learning/chapter7/chapt7_ws/install/robot_description2/share/robot_description2/urdf/robot_learning/actuator/caster.urdf_learning.xacro:Zone.Identifier
[0.677s] -- Up-to-date: /home/zylyehuo/ROS2_learning/chapter7/chapt7_ws/install/robot_description2/share/robot_description2/urdf/robot_learning/base.urdf_learning.xacro
[0.677s] -- Up-to-date: /home/zylyehuo/ROS2_learning/chapter7/chapt7_ws/install/robot_description2/share/robot_description2/urdf/robot_learning/common_inertia_learning.xacro
[0.677s] -- Up-to-date: /home/zylyehuo/ROS2_learning/chapter7/chapt7_ws/install/robot_description2/share/robot_description2/urdf/robot_learning/robot.urdf_learning.xacro:Zone.Identifier
[0.678s] -- Up-to-date: /home/zylyehuo/ROS2_learning/chapter7/chapt7_ws/install/robot_description2/share/robot_description2/urdf/README
[0.678s] -- Up-to-date: /home/zylyehuo/ROS2_learning/chapter7/chapt7_ws/install/robot_description2/share/robot_description2/urdf/README/xacro.md
[0.678s] -- Up-to-date: /home/zylyehuo/ROS2_learning/chapter7/chapt7_ws/install/robot_description2/share/robot_description2/urdf/README/gazebo.md
[0.679s] -- Up-to-date: /home/zylyehuo/ROS2_learning/chapter7/chapt7_ws/install/robot_description2/share/robot_description2/urdf/README/gazebo.md:Zone.Identifier
[0.679s] -- Up-to-date: /home/zylyehuo/ROS2_learning/chapter7/chapt7_ws/install/robot_description2/share/robot_description2/urdf/README/urdf.md:Zone.Identifier
[0.680s] -- Up-to-date: /home/zylyehuo/ROS2_learning/chapter7/chapt7_ws/install/robot_description2/share/robot_description2/urdf/README/ros2_control.md:Zone.Identifier
[0.680s] -- Up-to-date: /home/zylyehuo/ROS2_learning/chapter7/chapt7_ws/install/robot_description2/share/robot_description2/urdf/README/ros2_control.md
[0.680s] -- Up-to-date: /home/zylyehuo/ROS2_learning/chapter7/chapt7_ws/install/robot_description2/share/robot_description2/urdf/README/xacro.md:Zone.Identifier
[0.680s] -- Up-to-date: /home/zylyehuo/ROS2_learning/chapter7/chapt7_ws/install/robot_description2/share/robot_description2/urdf/README/urdf.md
[0.681s] -- Up-to-date: /home/zylyehuo/ROS2_learning/chapter7/chapt7_ws/install/robot_description2/share/robot_description2/config
[0.681s] -- Up-to-date: /home/zylyehuo/ROS2_learning/chapter7/chapt7_ws/install/robot_description2/share/robot_description2/config/robot_ros2_controller.yaml
[0.681s] -- Up-to-date: /home/zylyehuo/ROS2_learning/chapter7/chapt7_ws/install/robot_description2/share/robot_description2/config/display_robot_model.rviz
[0.681s] -- Up-to-date: /home/zylyehuo/ROS2_learning/chapter7/chapt7_ws/install/robot_description2/share/robot_description2/config/display_robot_model.rviz:Zone.Identifier
[0.681s] -- Up-to-date: /home/zylyehuo/ROS2_learning/chapter7/chapt7_ws/install/robot_description2/share/robot_description2/config/robot_ros2_controller.yaml:Zone.Identifier
[0.682s] -- Up-to-date: /home/zylyehuo/ROS2_learning/chapter7/chapt7_ws/install/robot_description2/share/robot_description2/config/robot_ros2_controller_learning.yaml
[0.682s] -- Up-to-date: /home/zylyehuo/ROS2_learning/chapter7/chapt7_ws/install/robot_description2/share/robot_description2/config/robot_ros2_controller_learning.yaml:Zone.Identifier
[0.682s] -- Up-to-date: /home/zylyehuo/ROS2_learning/chapter7/chapt7_ws/install/robot_description2/share/robot_description2/world
[0.682s] -- Up-to-date: /home/zylyehuo/ROS2_learning/chapter7/chapt7_ws/install/robot_description2/share/robot_description2/world/custom_room.world
[0.683s] -- Up-to-date: /home/zylyehuo/ROS2_learning/chapter7/chapt7_ws/install/robot_description2/share/robot_description2/world/room
[0.683s] -- Up-to-date: /home/zylyehuo/ROS2_learning/chapter7/chapt7_ws/install/robot_description2/share/robot_description2/world/room/model.config
[0.683s] -- Up-to-date: /home/zylyehuo/ROS2_learning/chapter7/chapt7_ws/install/robot_description2/share/robot_description2/world/room/model.sdf:Zone.Identifier
[0.684s] -- Up-to-date: /home/zylyehuo/ROS2_learning/chapter7/chapt7_ws/install/robot_description2/share/robot_description2/world/room/model.sdf
[0.684s] -- Up-to-date: /home/zylyehuo/ROS2_learning/chapter7/chapt7_ws/install/robot_description2/share/robot_description2/world/room/model.config:Zone.Identifier
[0.685s] -- Up-to-date: /home/zylyehuo/ROS2_learning/chapter7/chapt7_ws/install/robot_description2/share/robot_description2/world/custom_room.world:Zone.Identifier
[0.686s] -- Up-to-date: /home/zylyehuo/ROS2_learning/chapter7/chapt7_ws/install/robot_description2/share/ament_index/resource_index/package_run_dependencies/robot_description2
[0.686s] -- Up-to-date: /home/zylyehuo/ROS2_learning/chapter7/chapt7_ws/install/robot_description2/share/ament_index/resource_index/parent_prefix_path/robot_description2
[0.689s] -- Up-to-date: /home/zylyehuo/ROS2_learning/chapter7/chapt7_ws/install/robot_description2/share/robot_description2/environment/ament_prefix_path.sh
[0.689s] -- Up-to-date: /home/zylyehuo/ROS2_learning/chapter7/chapt7_ws/install/robot_description2/share/robot_description2/environment/ament_prefix_path.dsv
[0.689s] -- Up-to-date: /home/zylyehuo/ROS2_learning/chapter7/chapt7_ws/install/robot_description2/share/robot_description2/environment/path.sh
[0.689s] -- Up-to-date: /home/zylyehuo/ROS2_learning/chapter7/chapt7_ws/install/robot_description2/share/robot_description2/environment/path.dsv
[0.689s] -- Up-to-date: /home/zylyehuo/ROS2_learning/chapter7/chapt7_ws/install/robot_description2/share/robot_description2/local_setup.bash
[0.690s] -- Up-to-date: /home/zylyehuo/ROS2_learning/chapter7/chapt7_ws/install/robot_description2/share/robot_description2/local_setup.sh
[0.690s] -- Up-to-date: /home/zylyehuo/ROS2_learning/chapter7/chapt7_ws/install/robot_description2/share/robot_description2/local_setup.zsh
[0.690s] -- Up-to-date: /home/zylyehuo/ROS2_learning/chapter7/chapt7_ws/install/robot_description2/share/robot_description2/local_setup.dsv
[0.690s] -- Installing: /home/zylyehuo/ROS2_learning/chapter7/chapt7_ws/install/robot_description2/share/robot_description2/package.dsv
[0.690s] -- Up-to-date: /home/zylyehuo/ROS2_learning/chapter7/chapt7_ws/install/robot_description2/share/ament_index/resource_index/packages/robot_description2
[0.690s] -- Up-to-date: /home/zylyehuo/ROS2_learning/chapter7/chapt7_ws/install/robot_description2/share/robot_description2/cmake/robot_description2Config.cmake
[0.691s] -- Up-to-date: /home/zylyehuo/ROS2_learning/chapter7/chapt7_ws/install/robot_description2/share/robot_description2/cmake/robot_description2Config-version.cmake
[0.691s] -- Up-to-date: /home/zylyehuo/ROS2_learning/chapter7/chapt7_ws/install/robot_description2/share/robot_description2/package.xml
[0.713s] Invoked command in '/home/zylyehuo/ROS2_learning/chapter7/chapt7_ws/build/robot_description2' returned '0': CMAKE_PREFIX_PATH=${CMAKE_PREFIX_PATH}:/home/zylyehuo/ROS2_learning/chapter7/chapt7_ws/install/autopatrol_robot:/home/zylyehuo/ROS2_learning/chapter7/chapt7_ws/install/fishbot_application:/opt/ros/humble /usr/bin/cmake --install /home/zylyehuo/ROS2_learning/chapter7/chapt7_ws/build/robot_description2
