[0.017s] Invoking command in '/home/zylyehuo/ROS2_learning/chapter6/chapt6_ws/build/robot_description': CMAKE_PREFIX_PATH=/opt/ros/humble /usr/bin/cmake /home/zylyehuo/ROS2_learning/chapter6/chapt6_ws/src/robot_description -DCMAKE_INSTALL_PREFIX=/home/zylyehuo/ROS2_learning/chapter6/chapt6_ws/install/robot_description
[0.445s] -- The C compiler identification is GNU 11.4.0
[1.654s] -- The CXX compiler identification is GNU 11.4.0
[2.517s] -- Detecting C compiler ABI info
[2.787s] -- Detecting C compiler ABI info - done
[2.792s] -- Check for working C compiler: /usr/bin/cc - skipped
[2.794s] -- Detecting C compile features
[2.795s] -- Detecting C compile features - done
[2.798s] -- Detecting CXX compiler ABI info
[3.063s] -- Detecting CXX compiler ABI info - done
[3.068s] -- Check for working CXX compiler: /usr/bin/c++ - skipped
[3.068s] -- Detecting CXX compile features
[3.068s] -- Detecting CXX compile features - done
[3.079s] -- Found ament_cmake: 1.3.12 (/opt/ros/humble/share/ament_cmake/cmake)
[3.185s] -- Found Python3: /usr/bin/python3 (found version "3.10.12") found components: Interpreter 
[3.270s] -- Found ament_lint_auto: 0.12.14 (/opt/ros/humble/share/ament_lint_auto/cmake)
[3.330s] -- Added test 'flake8' to check Python code syntax and style conventions
[3.331s] -- Added test 'lint_cmake' to check CMake code style
[3.331s] -- Added test 'pep257' to check Python code against some of the docstring style conventions in PEP 257
[3.333s] -- Added test 'xmllint' to check XML markup files
[3.334s] -- Configuring done
[3.337s] -- Generating done
[3.338s] -- Build files have been written to: /home/zylyehuo/ROS2_learning/chapter6/chapt6_ws/build/robot_description
[3.342s] Invoked command in '/home/zylyehuo/ROS2_learning/chapter6/chapt6_ws/build/robot_description' returned '0': CMAKE_PREFIX_PATH=/opt/ros/humble /usr/bin/cmake /home/zylyehuo/ROS2_learning/chapter6/chapt6_ws/src/robot_description -DCMAKE_INSTALL_PREFIX=/home/zylyehuo/ROS2_learning/chapter6/chapt6_ws/install/robot_description
[3.344s] Invoking command in '/home/zylyehuo/ROS2_learning/chapter6/chapt6_ws/build/robot_description': CMAKE_PREFIX_PATH=/opt/ros/humble /usr/bin/cmake --build /home/zylyehuo/ROS2_learning/chapter6/chapt6_ws/build/robot_description -- -j16 -l16
[3.369s] Invoked command in '/home/zylyehuo/ROS2_learning/chapter6/chapt6_ws/build/robot_description' returned '0': CMAKE_PREFIX_PATH=/opt/ros/humble /usr/bin/cmake --build /home/zylyehuo/ROS2_learning/chapter6/chapt6_ws/build/robot_description -- -j16 -l16
[3.376s] Invoking command in '/home/zylyehuo/ROS2_learning/chapter6/chapt6_ws/build/robot_description': CMAKE_PREFIX_PATH=/opt/ros/humble /usr/bin/cmake --install /home/zylyehuo/ROS2_learning/chapter6/chapt6_ws/build/robot_description
[3.381s] -- Install configuration: ""
[3.381s] -- Installing: /home/zylyehuo/ROS2_learning/chapter6/chapt6_ws/install/robot_description/share/robot_description/launch
[3.381s] -- Installing: /home/zylyehuo/ROS2_learning/chapter6/chapt6_ws/install/robot_description/share/robot_description/launch/display_robot.launch.py
[3.382s] -- Installing: /home/zylyehuo/ROS2_learning/chapter6/chapt6_ws/install/robot_description/share/robot_description/urdf
[3.382s] -- Installing: /home/zylyehuo/ROS2_learning/chapter6/chapt6_ws/install/robot_description/share/robot_description/urdf/first_robot.pdf
[3.382s] -- Installing: /home/zylyehuo/ROS2_learning/chapter6/chapt6_ws/install/robot_description/share/robot_description/urdf/robot.urdf
[3.382s] -- Installing: /home/zylyehuo/ROS2_learning/chapter6/chapt6_ws/install/robot_description/share/robot_description/urdf/first_robot.gv
[3.382s] -- Installing: /home/zylyehuo/ROS2_learning/chapter6/chapt6_ws/install/robot_description/share/robot_description/urdf/urdf.md
[3.382s] -- Installing: /home/zylyehuo/ROS2_learning/chapter6/chapt6_ws/install/robot_description/share/ament_index/resource_index/package_run_dependencies/robot_description
[3.383s] -- Installing: /home/zylyehuo/ROS2_learning/chapter6/chapt6_ws/install/robot_description/share/ament_index/resource_index/parent_prefix_path/robot_description
[3.383s] -- Installing: /home/zylyehuo/ROS2_learning/chapter6/chapt6_ws/install/robot_description/share/robot_description/environment/ament_prefix_path.sh
[3.383s] -- Installing: /home/zylyehuo/ROS2_learning/chapter6/chapt6_ws/install/robot_description/share/robot_description/environment/ament_prefix_path.dsv
[3.383s] -- Installing: /home/zylyehuo/ROS2_learning/chapter6/chapt6_ws/install/robot_description/share/robot_description/environment/path.sh
[3.383s] -- Installing: /home/zylyehuo/ROS2_learning/chapter6/chapt6_ws/install/robot_description/share/robot_description/environment/path.dsv
[3.383s] -- Installing: /home/zylyehuo/ROS2_learning/chapter6/chapt6_ws/install/robot_description/share/robot_description/local_setup.bash
[3.384s] -- Installing: /home/zylyehuo/ROS2_learning/chapter6/chapt6_ws/install/robot_description/share/robot_description/local_setup.sh
[3.384s] -- Installing: /home/zylyehuo/ROS2_learning/chapter6/chapt6_ws/install/robot_description/share/robot_description/local_setup.zsh
[3.384s] -- Installing: /home/zylyehuo/ROS2_learning/chapter6/chapt6_ws/install/robot_description/share/robot_description/local_setup.dsv
[3.384s] -- Installing: /home/zylyehuo/ROS2_learning/chapter6/chapt6_ws/install/robot_description/share/robot_description/package.dsv
[3.384s] -- Installing: /home/zylyehuo/ROS2_learning/chapter6/chapt6_ws/install/robot_description/share/ament_index/resource_index/packages/robot_description
[3.384s] -- Installing: /home/zylyehuo/ROS2_learning/chapter6/chapt6_ws/install/robot_description/share/robot_description/cmake/robot_descriptionConfig.cmake
[3.384s] -- Installing: /home/zylyehuo/ROS2_learning/chapter6/chapt6_ws/install/robot_description/share/robot_description/cmake/robot_descriptionConfig-version.cmake
[3.385s] -- Installing: /home/zylyehuo/ROS2_learning/chapter6/chapt6_ws/install/robot_description/share/robot_description/package.xml
[3.386s] Invoked command in '/home/zylyehuo/ROS2_learning/chapter6/chapt6_ws/build/robot_description' returned '0': CMAKE_PREFIX_PATH=/opt/ros/humble /usr/bin/cmake --install /home/zylyehuo/ROS2_learning/chapter6/chapt6_ws/build/robot_description
