[0.365s] Invoking command in '/home/zylyehuo/ROS2_learning/chapter4/chapt4_ws/build/demo_cpp_service': CMAKE_PREFIX_PATH=/home/zylyehuo/ROS2_learning/chapter4/chapt4_ws/install/chapt4_interfaces:/home/zylyehuo/ROS2_learning/chapter4/chapt4_ws/install/demo_cpp_service:/home/zylyehuo/ROS2_learning/chapter4/chapt4_ws/install/demo_python_service:/opt/ros/humble /usr/bin/cmake --build /home/zylyehuo/ROS2_learning/chapter4/chapt4_ws/build/demo_cpp_service -- -j16 -l16
[0.406s] [ 50%] Built target turtle_control
[0.406s] [ 50%] Built target patrol_client
[0.406s] [ 60%] Built target turtle_control_param_callback
[0.407s] [ 80%] Built target patrol_client_set_other
[0.407s] [100%] Built target turtle_control_param
[0.416s] Invoked command in '/home/zylyehuo/ROS2_learning/chapter4/chapt4_ws/build/demo_cpp_service' returned '0': CMAKE_PREFIX_PATH=/home/zylyehuo/ROS2_learning/chapter4/chapt4_ws/install/chapt4_interfaces:/home/zylyehuo/ROS2_learning/chapter4/chapt4_ws/install/demo_cpp_service:/home/zylyehuo/ROS2_learning/chapter4/chapt4_ws/install/demo_python_service:/opt/ros/humble /usr/bin/cmake --build /home/zylyehuo/ROS2_learning/chapter4/chapt4_ws/build/demo_cpp_service -- -j16 -l16
[0.417s] Invoking command in '/home/zylyehuo/ROS2_learning/chapter4/chapt4_ws/build/demo_cpp_service': CMAKE_PREFIX_PATH=/home/zylyehuo/ROS2_learning/chapter4/chapt4_ws/install/chapt4_interfaces:/home/zylyehuo/ROS2_learning/chapter4/chapt4_ws/install/demo_cpp_service:/home/zylyehuo/ROS2_learning/chapter4/chapt4_ws/install/demo_python_service:/opt/ros/humble /usr/bin/cmake --install /home/zylyehuo/ROS2_learning/chapter4/chapt4_ws/build/demo_cpp_service
[0.423s] -- Install configuration: ""
[0.423s] -- Up-to-date: /home/zylyehuo/ROS2_learning/chapter4/chapt4_ws/install/demo_cpp_service/lib/demo_cpp_service/turtle_control
[0.424s] -- Up-to-date: /home/zylyehuo/ROS2_learning/chapter4/chapt4_ws/install/demo_cpp_service/lib/demo_cpp_service/patrol_client
[0.424s] -- Up-to-date: /home/zylyehuo/ROS2_learning/chapter4/chapt4_ws/install/demo_cpp_service/lib/demo_cpp_service/turtle_control_param
[0.424s] -- Up-to-date: /home/zylyehuo/ROS2_learning/chapter4/chapt4_ws/install/demo_cpp_service/lib/demo_cpp_service/turtle_control_param_callback
[0.424s] -- Up-to-date: /home/zylyehuo/ROS2_learning/chapter4/chapt4_ws/install/demo_cpp_service/lib/demo_cpp_service/patrol_client_set_other
[0.424s] -- Up-to-date: /home/zylyehuo/ROS2_learning/chapter4/chapt4_ws/install/demo_cpp_service/share/demo_cpp_service/launch
[0.425s] -- Installing: /home/zylyehuo/ROS2_learning/chapter4/chapt4_ws/install/demo_cpp_service/share/demo_cpp_service/launch/demo.launch.py
[0.425s] -- Up-to-date: /home/zylyehuo/ROS2_learning/chapter4/chapt4_ws/install/demo_cpp_service/share/ament_index/resource_index/package_run_dependencies/demo_cpp_service
[0.425s] -- Up-to-date: /home/zylyehuo/ROS2_learning/chapter4/chapt4_ws/install/demo_cpp_service/share/ament_index/resource_index/parent_prefix_path/demo_cpp_service
[0.425s] -- Up-to-date: /home/zylyehuo/ROS2_learning/chapter4/chapt4_ws/install/demo_cpp_service/share/demo_cpp_service/environment/ament_prefix_path.sh
[0.425s] -- Up-to-date: /home/zylyehuo/ROS2_learning/chapter4/chapt4_ws/install/demo_cpp_service/share/demo_cpp_service/environment/ament_prefix_path.dsv
[0.425s] -- Up-to-date: /home/zylyehuo/ROS2_learning/chapter4/chapt4_ws/install/demo_cpp_service/share/demo_cpp_service/environment/path.sh
[0.425s] -- Up-to-date: /home/zylyehuo/ROS2_learning/chapter4/chapt4_ws/install/demo_cpp_service/share/demo_cpp_service/environment/path.dsv
[0.425s] -- Up-to-date: /home/zylyehuo/ROS2_learning/chapter4/chapt4_ws/install/demo_cpp_service/share/demo_cpp_service/local_setup.bash
[0.425s] -- Up-to-date: /home/zylyehuo/ROS2_learning/chapter4/chapt4_ws/install/demo_cpp_service/share/demo_cpp_service/local_setup.sh
[0.425s] -- Up-to-date: /home/zylyehuo/ROS2_learning/chapter4/chapt4_ws/install/demo_cpp_service/share/demo_cpp_service/local_setup.zsh
[0.426s] -- Up-to-date: /home/zylyehuo/ROS2_learning/chapter4/chapt4_ws/install/demo_cpp_service/share/demo_cpp_service/local_setup.dsv
[0.426s] -- Installing: /home/zylyehuo/ROS2_learning/chapter4/chapt4_ws/install/demo_cpp_service/share/demo_cpp_service/package.dsv
[0.426s] -- Up-to-date: /home/zylyehuo/ROS2_learning/chapter4/chapt4_ws/install/demo_cpp_service/share/ament_index/resource_index/packages/demo_cpp_service
[0.426s] -- Up-to-date: /home/zylyehuo/ROS2_learning/chapter4/chapt4_ws/install/demo_cpp_service/share/demo_cpp_service/cmake/demo_cpp_serviceConfig.cmake
[0.426s] -- Up-to-date: /home/zylyehuo/ROS2_learning/chapter4/chapt4_ws/install/demo_cpp_service/share/demo_cpp_service/cmake/demo_cpp_serviceConfig-version.cmake
[0.426s] -- Up-to-date: /home/zylyehuo/ROS2_learning/chapter4/chapt4_ws/install/demo_cpp_service/share/demo_cpp_service/package.xml
[0.427s] Invoked command in '/home/zylyehuo/ROS2_learning/chapter4/chapt4_ws/build/demo_cpp_service' returned '0': CMAKE_PREFIX_PATH=/home/zylyehuo/ROS2_learning/chapter4/chapt4_ws/install/chapt4_interfaces:/home/zylyehuo/ROS2_learning/chapter4/chapt4_ws/install/demo_cpp_service:/home/zylyehuo/ROS2_learning/chapter4/chapt4_ws/install/demo_python_service:/opt/ros/humble /usr/bin/cmake --install /home/zylyehuo/ROS2_learning/chapter4/chapt4_ws/build/demo_cpp_service
