[0.609s] Invoking command in '/home/zylyehuo/ROS2_learning/chapter2/chapter2.2/demo_python_pkg': PYTHONPATH=/home/zylyehuo/ROS2_learning/chapter2/chapter2.2/build/demo_python_pkg/prefix_override:/usr/lib/python3/dist-packages/colcon_core/task/python/colcon_distutils_commands:/home/zylyehuo/ROS2_learning/chapter2/chapter2.2/install/demo_python_pkg/lib/python3.10/site-packages:${PYTHONPATH} /usr/bin/python3 -W ignore:setup.py install is deprecated -W ignore:easy_install command is deprecated setup.py egg_info --egg-base ../build/demo_python_pkg build --build-base /home/zylyehuo/ROS2_learning/chapter2/chapter2.2/build/demo_python_pkg/build install --record /home/zylyehuo/ROS2_learning/chapter2/chapter2.2/build/demo_python_pkg/install.log --single-version-externally-managed install_data
[0.766s] running egg_info
[0.766s] creating ../build/demo_python_pkg/demo_python_pkg.egg-info
[0.766s] writing ../build/demo_python_pkg/demo_python_pkg.egg-info/PKG-INFO
[0.767s] writing dependency_links to ../build/demo_python_pkg/demo_python_pkg.egg-info/dependency_links.txt
[0.767s] writing entry points to ../build/demo_python_pkg/demo_python_pkg.egg-info/entry_points.txt
[0.767s] writing requirements to ../build/demo_python_pkg/demo_python_pkg.egg-info/requires.txt
[0.767s] writing top-level names to ../build/demo_python_pkg/demo_python_pkg.egg-info/top_level.txt
[0.767s] writing manifest file '../build/demo_python_pkg/demo_python_pkg.egg-info/SOURCES.txt'
[0.768s] reading manifest file '../build/demo_python_pkg/demo_python_pkg.egg-info/SOURCES.txt'
[0.768s] adding license file 'LICENSE'
[0.769s] writing manifest file '../build/demo_python_pkg/demo_python_pkg.egg-info/SOURCES.txt'
[0.769s] running build
[0.769s] running build_py
[0.769s] creating /home/zylyehuo/ROS2_learning/chapter2/chapter2.2/build/demo_python_pkg/build
[0.769s] creating /home/zylyehuo/ROS2_learning/chapter2/chapter2.2/build/demo_python_pkg/build/lib
[0.769s] creating /home/zylyehuo/ROS2_learning/chapter2/chapter2.2/build/demo_python_pkg/build/lib/demo_python_pkg
[0.769s] copying demo_python_pkg/__init__.py -> /home/zylyehuo/ROS2_learning/chapter2/chapter2.2/build/demo_python_pkg/build/lib/demo_python_pkg
[0.769s] copying demo_python_pkg/python_node.py -> /home/zylyehuo/ROS2_learning/chapter2/chapter2.2/build/demo_python_pkg/build/lib/demo_python_pkg
[0.770s] running install
[0.770s] running install_lib
[0.771s] creating /home/zylyehuo/ROS2_learning/chapter2/chapter2.2/install/demo_python_pkg/lib/python3.10/site-packages/demo_python_pkg
[0.771s] copying /home/zylyehuo/ROS2_learning/chapter2/chapter2.2/build/demo_python_pkg/build/lib/demo_python_pkg/__init__.py -> /home/zylyehuo/ROS2_learning/chapter2/chapter2.2/install/demo_python_pkg/lib/python3.10/site-packages/demo_python_pkg
[0.771s] copying /home/zylyehuo/ROS2_learning/chapter2/chapter2.2/build/demo_python_pkg/build/lib/demo_python_pkg/python_node.py -> /home/zylyehuo/ROS2_learning/chapter2/chapter2.2/install/demo_python_pkg/lib/python3.10/site-packages/demo_python_pkg
[0.772s] byte-compiling /home/zylyehuo/ROS2_learning/chapter2/chapter2.2/install/demo_python_pkg/lib/python3.10/site-packages/demo_python_pkg/__init__.py to __init__.cpython-310.pyc
[0.772s] byte-compiling /home/zylyehuo/ROS2_learning/chapter2/chapter2.2/install/demo_python_pkg/lib/python3.10/site-packages/demo_python_pkg/python_node.py to python_node.cpython-310.pyc
[0.772s] running install_data
[0.772s] creating /home/zylyehuo/ROS2_learning/chapter2/chapter2.2/install/demo_python_pkg/share/ament_index
[0.772s] creating /home/zylyehuo/ROS2_learning/chapter2/chapter2.2/install/demo_python_pkg/share/ament_index/resource_index
[0.773s] creating /home/zylyehuo/ROS2_learning/chapter2/chapter2.2/install/demo_python_pkg/share/ament_index/resource_index/packages
[0.773s] copying resource/demo_python_pkg -> /home/zylyehuo/ROS2_learning/chapter2/chapter2.2/install/demo_python_pkg/share/ament_index/resource_index/packages
[0.773s] copying package.xml -> /home/zylyehuo/ROS2_learning/chapter2/chapter2.2/install/demo_python_pkg/share/demo_python_pkg
[0.773s] running install_egg_info
[0.774s] Copying ../build/demo_python_pkg/demo_python_pkg.egg-info to /home/zylyehuo/ROS2_learning/chapter2/chapter2.2/install/demo_python_pkg/lib/python3.10/site-packages/demo_python_pkg-0.0.0-py3.10.egg-info
[0.775s] running install_scripts
[0.790s] Installing python_node script to /home/zylyehuo/ROS2_learning/chapter2/chapter2.2/install/demo_python_pkg/lib/demo_python_pkg
[0.790s] writing list of installed files to '/home/zylyehuo/ROS2_learning/chapter2/chapter2.2/build/demo_python_pkg/install.log'
[0.808s] Invoked command in '/home/zylyehuo/ROS2_learning/chapter2/chapter2.2/demo_python_pkg' returned '0': PYTHONPATH=/home/zylyehuo/ROS2_learning/chapter2/chapter2.2/build/demo_python_pkg/prefix_override:/usr/lib/python3/dist-packages/colcon_core/task/python/colcon_distutils_commands:/home/zylyehuo/ROS2_learning/chapter2/chapter2.2/install/demo_python_pkg/lib/python3.10/site-packages:${PYTHONPATH} /usr/bin/python3 -W ignore:setup.py install is deprecated -W ignore:easy_install command is deprecated setup.py egg_info --egg-base ../build/demo_python_pkg build --build-base /home/zylyehuo/ROS2_learning/chapter2/chapter2.2/build/demo_python_pkg/build install --record /home/zylyehuo/ROS2_learning/chapter2/chapter2.2/build/demo_python_pkg/install.log --single-version-externally-managed install_data
