[1.818s] DEBUG:colcon:Command line arguments: ['/usr/bin/colcon', 'build']
[1.818s] DEBUG:colcon:Parsed command line arguments: Namespace(log_base=None, log_level=None, verb_name='build', build_base='build', install_base='install', merge_install=False, symlink_install=False, test_result_base=None, continue_on_error=False, executor='parallel', parallel_workers=16, event_handlers=None, ignore_user_meta=False, metas=['./colcon.meta'], base_paths=['.'], packages_ignore=None, packages_ignore_regex=None, paths=None, packages_up_to=None, packages_up_to_regex=None, packages_above=None, packages_above_and_dependencies=None, packages_above_depth=None, packages_select_by_dep=None, packages_skip_by_dep=None, packages_skip_up_to=None, packages_select_build_failed=False, packages_skip_build_finished=False, packages_select_test_failures=False, packages_skip_test_passed=False, packages_select=None, packages_skip=None, packages_select_regex=None, packages_skip_regex=None, packages_start=None, packages_end=None, allow_overriding=[], cmake_args=None, cmake_target=None, cmake_target_skip_unavailable=False, cmake_clean_cache=False, cmake_clean_first=False, cmake_force_configure=False, ament_cmake_args=None, catkin_cmake_args=None, catkin_skip_building_tests=False, verb_parser=<colcon_defaults.argument_parser.defaults.DefaultArgumentsDecorator object at 0x71ae623331f0>, verb_extension=<colcon_core.verb.build.BuildVerb object at 0x71ae62332c20>, main=<bound method BuildVerb.main of <colcon_core.verb.build.BuildVerb object at 0x71ae62332c20>>)
[4.235s] Level 1:colcon.colcon_core.package_discovery:discover_packages(colcon_meta) check parameters
[4.235s] Level 1:colcon.colcon_core.package_discovery:discover_packages(recursive) check parameters
[4.235s] Level 1:colcon.colcon_core.package_discovery:discover_packages(ignore) check parameters
[4.235s] Level 1:colcon.colcon_core.package_discovery:discover_packages(path) check parameters
[4.235s] Level 1:colcon.colcon_core.package_discovery:discover_packages(colcon_meta) discover
[4.235s] Level 1:colcon.colcon_core.package_discovery:discover_packages(recursive) discover
[4.235s] INFO:colcon.colcon_core.package_discovery:Crawling recursively for packages in '/home/zylyehuo/ROS2_learning/chapter3/topic_ws'
[4.235s] Level 1:colcon.colcon_core.package_identification:_identify(.) by extensions ['ignore', 'ignore_ament_install']
[4.235s] Level 1:colcon.colcon_core.package_identification:_identify(.) by extension 'ignore'
[4.235s] Level 1:colcon.colcon_core.package_identification:_identify(.) by extension 'ignore_ament_install'
[4.235s] Level 1:colcon.colcon_core.package_identification:_identify(.) by extensions ['colcon_pkg']
[4.235s] Level 1:colcon.colcon_core.package_identification:_identify(.) by extension 'colcon_pkg'
[4.235s] Level 1:colcon.colcon_core.package_identification:_identify(.) by extensions ['colcon_meta']
[4.235s] Level 1:colcon.colcon_core.package_identification:_identify(.) by extension 'colcon_meta'
[4.235s] Level 1:colcon.colcon_core.package_identification:_identify(.) by extensions ['ros']
[4.235s] Level 1:colcon.colcon_core.package_identification:_identify(.) by extension 'ros'
[4.297s] Level 1:colcon.colcon_core.package_identification:_identify(.) by extensions ['cmake', 'python']
[4.297s] Level 1:colcon.colcon_core.package_identification:_identify(.) by extension 'cmake'
[4.297s] Level 1:colcon.colcon_core.package_identification:_identify(.) by extension 'python'
[4.297s] Level 1:colcon.colcon_core.package_identification:_identify(.) by extensions ['python_setup_py']
[4.297s] Level 1:colcon.colcon_core.package_identification:_identify(.) by extension 'python_setup_py'
[4.297s] Level 1:colcon.colcon_core.package_identification:_identify(build) by extensions ['ignore', 'ignore_ament_install']
[4.297s] Level 1:colcon.colcon_core.package_identification:_identify(build) by extension 'ignore'
[4.298s] Level 1:colcon.colcon_core.package_identification:_identify(build) ignored
[4.298s] Level 1:colcon.colcon_core.package_identification:_identify(install) by extensions ['ignore', 'ignore_ament_install']
[4.298s] Level 1:colcon.colcon_core.package_identification:_identify(install) by extension 'ignore'
[4.298s] Level 1:colcon.colcon_core.package_identification:_identify(install) ignored
[4.298s] Level 1:colcon.colcon_core.package_identification:_identify(log) by extensions ['ignore', 'ignore_ament_install']
[4.298s] Level 1:colcon.colcon_core.package_identification:_identify(log) by extension 'ignore'
[4.298s] Level 1:colcon.colcon_core.package_identification:_identify(log) ignored
[4.298s] Level 1:colcon.colcon_core.package_identification:_identify(src) by extensions ['ignore', 'ignore_ament_install']
[4.298s] Level 1:colcon.colcon_core.package_identification:_identify(src) by extension 'ignore'
[4.298s] Level 1:colcon.colcon_core.package_identification:_identify(src) by extension 'ignore_ament_install'
[4.298s] Level 1:colcon.colcon_core.package_identification:_identify(src) by extensions ['colcon_pkg']
[4.298s] Level 1:colcon.colcon_core.package_identification:_identify(src) by extension 'colcon_pkg'
[4.298s] Level 1:colcon.colcon_core.package_identification:_identify(src) by extensions ['colcon_meta']
[4.298s] Level 1:colcon.colcon_core.package_identification:_identify(src) by extension 'colcon_meta'
[4.298s] Level 1:colcon.colcon_core.package_identification:_identify(src) by extensions ['ros']
[4.298s] Level 1:colcon.colcon_core.package_identification:_identify(src) by extension 'ros'
[4.298s] Level 1:colcon.colcon_core.package_identification:_identify(src) by extensions ['cmake', 'python']
[4.298s] Level 1:colcon.colcon_core.package_identification:_identify(src) by extension 'cmake'
[4.298s] Level 1:colcon.colcon_core.package_identification:_identify(src) by extension 'python'
[4.298s] Level 1:colcon.colcon_core.package_identification:_identify(src) by extensions ['python_setup_py']
[4.298s] Level 1:colcon.colcon_core.package_identification:_identify(src) by extension 'python_setup_py'
[4.298s] Level 1:colcon.colcon_core.package_identification:_identify(src/demo_python_topic) by extensions ['ignore', 'ignore_ament_install']
[4.298s] Level 1:colcon.colcon_core.package_identification:_identify(src/demo_python_topic) by extension 'ignore'
[4.299s] Level 1:colcon.colcon_core.package_identification:_identify(src/demo_python_topic) by extension 'ignore_ament_install'
[4.299s] Level 1:colcon.colcon_core.package_identification:_identify(src/demo_python_topic) by extensions ['colcon_pkg']
[4.299s] Level 1:colcon.colcon_core.package_identification:_identify(src/demo_python_topic) by extension 'colcon_pkg'
[4.299s] Level 1:colcon.colcon_core.package_identification:_identify(src/demo_python_topic) by extensions ['colcon_meta']
[4.299s] Level 1:colcon.colcon_core.package_identification:_identify(src/demo_python_topic) by extension 'colcon_meta'
[4.299s] Level 1:colcon.colcon_core.package_identification:_identify(src/demo_python_topic) by extensions ['ros']
[4.299s] Level 1:colcon.colcon_core.package_identification:_identify(src/demo_python_topic) by extension 'ros'
[4.313s] DEBUG:colcon.colcon_core.package_identification:Package 'src/demo_python_topic' with type 'ros.ament_python' and name 'demo_python_topic'
[4.313s] Level 1:colcon.colcon_core.package_discovery:discover_packages(recursive) using defaults
[4.313s] Level 1:colcon.colcon_core.package_discovery:discover_packages(ignore) discover
[4.313s] Level 1:colcon.colcon_core.package_discovery:discover_packages(ignore) using defaults
[4.313s] Level 1:colcon.colcon_core.package_discovery:discover_packages(path) discover
[4.313s] Level 1:colcon.colcon_core.package_discovery:discover_packages(path) using defaults
[4.483s] Level 1:colcon.colcon_core.package_discovery:discover_packages(prefix_path) check parameters
[4.483s] Level 1:colcon.colcon_core.package_discovery:discover_packages(prefix_path) discover
[4.509s] DEBUG:colcon.colcon_installed_package_information.package_discovery:Found 1 installed packages in /home/zylyehuo/ROS2_learning/chapter3/topic_ws/install
[4.520s] DEBUG:colcon.colcon_installed_package_information.package_discovery:Found 271 installed packages in /opt/ros/humble
[4.521s] Level 1:colcon.colcon_core.package_discovery:discover_packages(prefix_path) using defaults
[5.185s] Level 5:colcon.colcon_core.verb:set package 'demo_python_topic' build argument 'cmake_args' from command line to 'None'
[5.185s] Level 5:colcon.colcon_core.verb:set package 'demo_python_topic' build argument 'cmake_target' from command line to 'None'
[5.185s] Level 5:colcon.colcon_core.verb:set package 'demo_python_topic' build argument 'cmake_target_skip_unavailable' from command line to 'False'
[5.185s] Level 5:colcon.colcon_core.verb:set package 'demo_python_topic' build argument 'cmake_clean_cache' from command line to 'False'
[5.185s] Level 5:colcon.colcon_core.verb:set package 'demo_python_topic' build argument 'cmake_clean_first' from command line to 'False'
[5.185s] Level 5:colcon.colcon_core.verb:set package 'demo_python_topic' build argument 'cmake_force_configure' from command line to 'False'
[5.185s] Level 5:colcon.colcon_core.verb:set package 'demo_python_topic' build argument 'ament_cmake_args' from command line to 'None'
[5.185s] Level 5:colcon.colcon_core.verb:set package 'demo_python_topic' build argument 'catkin_cmake_args' from command line to 'None'
[5.185s] Level 5:colcon.colcon_core.verb:set package 'demo_python_topic' build argument 'catkin_skip_building_tests' from command line to 'False'
[5.185s] DEBUG:colcon.colcon_core.verb:Building package 'demo_python_topic' with the following arguments: {'ament_cmake_args': None, 'build_base': '/home/zylyehuo/ROS2_learning/chapter3/topic_ws/build/demo_python_topic', 'catkin_cmake_args': None, 'catkin_skip_building_tests': False, 'cmake_args': None, 'cmake_clean_cache': False, 'cmake_clean_first': False, 'cmake_force_configure': False, 'cmake_target': None, 'cmake_target_skip_unavailable': False, 'install_base': '/home/zylyehuo/ROS2_learning/chapter3/topic_ws/install/demo_python_topic', 'merge_install': False, 'path': '/home/zylyehuo/ROS2_learning/chapter3/topic_ws/src/demo_python_topic', 'symlink_install': False, 'test_result_base': None}
[5.185s] INFO:colcon.colcon_core.executor:Executing jobs using 'parallel' executor
[5.186s] DEBUG:colcon.colcon_parallel_executor.executor.parallel:run_until_complete
[5.187s] INFO:colcon.colcon_ros.task.ament_python.build:Building ROS package in '/home/zylyehuo/ROS2_learning/chapter3/topic_ws/src/demo_python_topic' with build type 'ament_python'
[5.187s] Level 1:colcon.colcon_core.shell:create_environment_hook('demo_python_topic', 'ament_prefix_path')
[5.228s] INFO:colcon.colcon_core.plugin_system:Skipping extension 'colcon_core.shell.bat': Not used on non-Windows systems
[5.228s] INFO:colcon.colcon_core.shell:Creating environment hook '/home/zylyehuo/ROS2_learning/chapter3/topic_ws/install/demo_python_topic/share/demo_python_topic/hook/ament_prefix_path.ps1'
[5.230s] INFO:colcon.colcon_core.shell:Creating environment descriptor '/home/zylyehuo/ROS2_learning/chapter3/topic_ws/install/demo_python_topic/share/demo_python_topic/hook/ament_prefix_path.dsv'
[5.235s] INFO:colcon.colcon_core.shell:Creating environment hook '/home/zylyehuo/ROS2_learning/chapter3/topic_ws/install/demo_python_topic/share/demo_python_topic/hook/ament_prefix_path.sh'
[5.240s] INFO:colcon.colcon_core.shell:Skip shell extension 'powershell' for command environment: Not usable outside of PowerShell
[5.241s] DEBUG:colcon.colcon_core.shell:Skip shell extension 'dsv' for command environment
[5.473s] INFO:colcon.colcon_core.task.python.build:Building Python package in '/home/zylyehuo/ROS2_learning/chapter3/topic_ws/src/demo_python_topic'
[5.474s] INFO:colcon.colcon_core.shell:Skip shell extension 'powershell' for command environment: Not usable outside of PowerShell
[5.474s] DEBUG:colcon.colcon_core.shell:Skip shell extension 'dsv' for command environment
[7.653s] DEBUG:colcon.colcon_core.event_handler.log_command:Invoking command in '/home/zylyehuo/ROS2_learning/chapter3/topic_ws/src/demo_python_topic': PYTHONPATH=/home/zylyehuo/ROS2_learning/chapter3/topic_ws/build/demo_python_topic/prefix_override:/usr/lib/python3/dist-packages/colcon_core/task/python/colcon_distutils_commands:/home/zylyehuo/ROS2_learning/chapter3/topic_ws/install/demo_python_topic/lib/python3.10/site-packages:${PYTHONPATH} /usr/bin/python3 -W ignore:setup.py install is deprecated -W ignore:easy_install command is deprecated setup.py egg_info --egg-base ../../build/demo_python_topic build --build-base /home/zylyehuo/ROS2_learning/chapter3/topic_ws/build/demo_python_topic/build install --record /home/zylyehuo/ROS2_learning/chapter3/topic_ws/build/demo_python_topic/install.log --single-version-externally-managed install_data
[7.882s] DEBUG:colcon.colcon_core.event_handler.log_command:Invoked command in '/home/zylyehuo/ROS2_learning/chapter3/topic_ws/src/demo_python_topic' returned '0': PYTHONPATH=/home/zylyehuo/ROS2_learning/chapter3/topic_ws/build/demo_python_topic/prefix_override:/usr/lib/python3/dist-packages/colcon_core/task/python/colcon_distutils_commands:/home/zylyehuo/ROS2_learning/chapter3/topic_ws/install/demo_python_topic/lib/python3.10/site-packages:${PYTHONPATH} /usr/bin/python3 -W ignore:setup.py install is deprecated -W ignore:easy_install command is deprecated setup.py egg_info --egg-base ../../build/demo_python_topic build --build-base /home/zylyehuo/ROS2_learning/chapter3/topic_ws/build/demo_python_topic/build install --record /home/zylyehuo/ROS2_learning/chapter3/topic_ws/build/demo_python_topic/install.log --single-version-externally-managed install_data
[7.934s] Level 1:colcon.colcon_core.environment:checking '/home/zylyehuo/ROS2_learning/chapter3/topic_ws/install/demo_python_topic' for CMake module files
[7.934s] Level 1:colcon.colcon_core.environment:checking '/home/zylyehuo/ROS2_learning/chapter3/topic_ws/install/demo_python_topic' for CMake config files
[7.935s] Level 1:colcon.colcon_core.environment:checking '/home/zylyehuo/ROS2_learning/chapter3/topic_ws/install/demo_python_topic/lib'
[7.935s] Level 1:colcon.colcon_core.environment:checking '/home/zylyehuo/ROS2_learning/chapter3/topic_ws/install/demo_python_topic/bin'
[7.935s] Level 1:colcon.colcon_core.environment:checking '/home/zylyehuo/ROS2_learning/chapter3/topic_ws/install/demo_python_topic/lib/pkgconfig/demo_python_topic.pc'
[7.935s] Level 1:colcon.colcon_core.environment:checking '/home/zylyehuo/ROS2_learning/chapter3/topic_ws/install/demo_python_topic/lib/python3.10/site-packages'
[7.936s] Level 1:colcon.colcon_core.shell:create_environment_hook('demo_python_topic', 'pythonpath')
[7.936s] INFO:colcon.colcon_core.shell:Creating environment hook '/home/zylyehuo/ROS2_learning/chapter3/topic_ws/install/demo_python_topic/share/demo_python_topic/hook/pythonpath.ps1'
[7.936s] INFO:colcon.colcon_core.shell:Creating environment descriptor '/home/zylyehuo/ROS2_learning/chapter3/topic_ws/install/demo_python_topic/share/demo_python_topic/hook/pythonpath.dsv'
[7.936s] INFO:colcon.colcon_core.shell:Creating environment hook '/home/zylyehuo/ROS2_learning/chapter3/topic_ws/install/demo_python_topic/share/demo_python_topic/hook/pythonpath.sh'
[7.937s] Level 1:colcon.colcon_core.environment:checking '/home/zylyehuo/ROS2_learning/chapter3/topic_ws/install/demo_python_topic/bin'
[7.937s] Level 1:colcon.colcon_core.environment:create_environment_scripts_only(demo_python_topic)
[7.937s] INFO:colcon.colcon_core.shell:Creating package script '/home/zylyehuo/ROS2_learning/chapter3/topic_ws/install/demo_python_topic/share/demo_python_topic/package.ps1'
[7.938s] INFO:colcon.colcon_core.shell:Creating package descriptor '/home/zylyehuo/ROS2_learning/chapter3/topic_ws/install/demo_python_topic/share/demo_python_topic/package.dsv'
[7.943s] INFO:colcon.colcon_core.shell:Creating package script '/home/zylyehuo/ROS2_learning/chapter3/topic_ws/install/demo_python_topic/share/demo_python_topic/package.sh'
[7.949s] INFO:colcon.colcon_core.shell:Creating package script '/home/zylyehuo/ROS2_learning/chapter3/topic_ws/install/demo_python_topic/share/demo_python_topic/package.bash'
[7.955s] INFO:colcon.colcon_core.shell:Creating package script '/home/zylyehuo/ROS2_learning/chapter3/topic_ws/install/demo_python_topic/share/demo_python_topic/package.zsh'
[7.959s] Level 1:colcon.colcon_core.environment:create_file_with_runtime_dependencies(/home/zylyehuo/ROS2_learning/chapter3/topic_ws/install/demo_python_topic/share/colcon-core/packages/demo_python_topic)
[7.959s] DEBUG:colcon.colcon_parallel_executor.executor.parallel:closing loop
[7.960s] DEBUG:colcon.colcon_parallel_executor.executor.parallel:loop closed
[7.960s] DEBUG:colcon.colcon_parallel_executor.executor.parallel:run_until_complete finished with '0'
[7.960s] DEBUG:colcon.colcon_core.event_reactor:joining thread
[8.144s] INFO:colcon.colcon_core.plugin_system:Skipping extension 'colcon_notification.desktop_notification.notify_send': Could not find 'notify-send'
[8.144s] INFO:colcon.colcon_core.plugin_system:Skipping extension 'colcon_notification.desktop_notification.terminal_notifier': Not used on non-Darwin systems
[8.144s] INFO:colcon.colcon_core.plugin_system:Skipping extension 'colcon_notification.desktop_notification.win32': Not used on non-Windows systems
[8.144s] INFO:colcon.colcon_notification.desktop_notification:Sending desktop notification using 'notify2'
[8.145s] DEBUG:colcon.colcon_notification.desktop_notification.notify2:Failed to initialize notify2: org.freedesktop.DBus.Error.FileNotFound: Failed to connect to socket /run/user/1000/bus: No such file or directory
[8.145s] DEBUG:colcon.colcon_core.event_reactor:joined thread
[8.145s] INFO:colcon.colcon_core.shell:Creating prefix script '/home/zylyehuo/ROS2_learning/chapter3/topic_ws/install/local_setup.ps1'
[8.151s] INFO:colcon.colcon_core.shell:Creating prefix util module '/home/zylyehuo/ROS2_learning/chapter3/topic_ws/install/_local_setup_util_ps1.py'
[8.156s] INFO:colcon.colcon_core.shell:Creating prefix chain script '/home/zylyehuo/ROS2_learning/chapter3/topic_ws/install/setup.ps1'
[8.161s] INFO:colcon.colcon_core.shell:Creating prefix script '/home/zylyehuo/ROS2_learning/chapter3/topic_ws/install/local_setup.sh'
[8.166s] INFO:colcon.colcon_core.shell:Creating prefix util module '/home/zylyehuo/ROS2_learning/chapter3/topic_ws/install/_local_setup_util_sh.py'
[8.166s] INFO:colcon.colcon_core.shell:Creating prefix chain script '/home/zylyehuo/ROS2_learning/chapter3/topic_ws/install/setup.sh'
[8.171s] INFO:colcon.colcon_core.shell:Creating prefix script '/home/zylyehuo/ROS2_learning/chapter3/topic_ws/install/local_setup.bash'
[8.176s] INFO:colcon.colcon_core.shell:Creating prefix chain script '/home/zylyehuo/ROS2_learning/chapter3/topic_ws/install/setup.bash'
[8.182s] INFO:colcon.colcon_core.shell:Creating prefix script '/home/zylyehuo/ROS2_learning/chapter3/topic_ws/install/local_setup.zsh'
[8.187s] INFO:colcon.colcon_core.shell:Creating prefix chain script '/home/zylyehuo/ROS2_learning/chapter3/topic_ws/install/setup.zsh'
