[0.015s] Invoking command in '/home/zylyehuo/ROS2_learning/chapter2/chapter2.5/chapt2_ws/build/demo_cpp_pkg': CMAKE_PREFIX_PATH=${CMAKE_PREFIX_PATH}:/home/zylyehuo/ROS2_learning/chapter2/chapter2.5/chapt2_ws/install/demo_python_pkg:/opt/ros/humble /usr/bin/cmake --build /home/zylyehuo/ROS2_learning/chapter2/chapter2.5/chapt2_ws/build/demo_cpp_pkg -- -j16 -l16
[0.045s] [35m[1mConsolidate compiler generated dependencies of target learn_auto[0m
[0.045s] [35m[1mConsolidate compiler generated dependencies of target learn_shared_ptr[0m
[0.045s] [35m[1mConsolidate compiler generated dependencies of target learn_functional[0m
[0.045s] [35m[1mConsolidate compiler generated dependencies of target cpp_node[0m
[0.046s] [35m[1mConsolidate compiler generated dependencies of target learn_lambda[0m
[0.047s] [35m[1mConsolidate compiler generated dependencies of target learn_thread[0m
[0.048s] [35m[1mConsolidate compiler generated dependencies of target person_node[0m
[0.057s] [ 28%] Built target learn_shared_ptr
[0.057s] [ 28%] Built target learn_auto
[0.057s] [ 42%] Built target learn_functional
[0.059s] [ 57%] Built target learn_lambda
[0.061s] [ 71%] Built target cpp_node
[0.061s] [ 78%] [32mBuilding CXX object CMakeFiles/learn_thread.dir/src/learn_thread.cpp.o[0m
[0.066s] [ 92%] Built target person_node
[1.059s] [01m[K/home/zylyehuo/ROS2_learning/chapter2/chapter2.5/chapt2_ws/src/demo_cpp_pkg/src/learn_thread.cpp:[m[K In function ‘[01m[Kint main(int, char**)[m[K’:
[1.059s] [01m[K/home/zylyehuo/ROS2_learning/chapter2/chapter2.5/chapt2_ws/src/demo_cpp_pkg/src/learn_thread.cpp:34:14:[m[K [01;35m[Kwarning: [m[Kunused parameter ‘[01m[Kargc[m[K’ [[01;35m[K]8;;https://gcc.gnu.org/onlinedocs/gcc/Warning-Options.html#index-Wunused-parameter-Wunused-parameter]8;;[m[K]
[1.059s]    34 | int main([01;35m[Kint argc[m[K, char** argv)
[1.059s]       |          [01;35m[K~~~~^~~~[m[K
[1.059s] [01m[K/home/zylyehuo/ROS2_learning/chapter2/chapter2.5/chapt2_ws/src/demo_cpp_pkg/src/learn_thread.cpp:34:27:[m[K [01;35m[Kwarning: [m[Kunused parameter ‘[01m[Kargv[m[K’ [[01;35m[K]8;;https://gcc.gnu.org/onlinedocs/gcc/Warning-Options.html#index-Wunused-parameter-Wunused-parameter]8;;[m[K]
[1.059s]    34 | int main(int argc, [01;35m[Kchar** argv[m[K)
[1.059s]       |                    [01;35m[K~~~~~~~^~~~[m[K
[4.194s] [100%] [32m[1mLinking CXX executable learn_thread[0m
[4.586s] [100%] Built target learn_thread
[4.596s] Invoked command in '/home/zylyehuo/ROS2_learning/chapter2/chapter2.5/chapt2_ws/build/demo_cpp_pkg' returned '0': CMAKE_PREFIX_PATH=${CMAKE_PREFIX_PATH}:/home/zylyehuo/ROS2_learning/chapter2/chapter2.5/chapt2_ws/install/demo_python_pkg:/opt/ros/humble /usr/bin/cmake --build /home/zylyehuo/ROS2_learning/chapter2/chapter2.5/chapt2_ws/build/demo_cpp_pkg -- -j16 -l16
[4.605s] Invoking command in '/home/zylyehuo/ROS2_learning/chapter2/chapter2.5/chapt2_ws/build/demo_cpp_pkg': CMAKE_PREFIX_PATH=${CMAKE_PREFIX_PATH}:/home/zylyehuo/ROS2_learning/chapter2/chapter2.5/chapt2_ws/install/demo_python_pkg:/opt/ros/humble /usr/bin/cmake --install /home/zylyehuo/ROS2_learning/chapter2/chapter2.5/chapt2_ws/build/demo_cpp_pkg
[4.609s] -- Install configuration: ""
[4.609s] -- Up-to-date: /home/zylyehuo/ROS2_learning/chapter2/chapter2.5/chapt2_ws/install/demo_cpp_pkg/lib/demo_cpp_pkg/cpp_node
[4.610s] -- Up-to-date: /home/zylyehuo/ROS2_learning/chapter2/chapter2.5/chapt2_ws/install/demo_cpp_pkg/lib/demo_cpp_pkg/person_node
[4.610s] -- Up-to-date: /home/zylyehuo/ROS2_learning/chapter2/chapter2.5/chapt2_ws/install/demo_cpp_pkg/lib/demo_cpp_pkg/learn_auto
[4.610s] -- Up-to-date: /home/zylyehuo/ROS2_learning/chapter2/chapter2.5/chapt2_ws/install/demo_cpp_pkg/lib/demo_cpp_pkg/learn_shared_ptr
[4.610s] -- Up-to-date: /home/zylyehuo/ROS2_learning/chapter2/chapter2.5/chapt2_ws/install/demo_cpp_pkg/lib/demo_cpp_pkg/learn_lambda
[4.610s] -- Up-to-date: /home/zylyehuo/ROS2_learning/chapter2/chapter2.5/chapt2_ws/install/demo_cpp_pkg/lib/demo_cpp_pkg/learn_functional
[4.610s] -- Installing: /home/zylyehuo/ROS2_learning/chapter2/chapter2.5/chapt2_ws/install/demo_cpp_pkg/lib/demo_cpp_pkg/learn_thread
[4.612s] -- Set runtime path of "/home/zylyehuo/ROS2_learning/chapter2/chapter2.5/chapt2_ws/install/demo_cpp_pkg/lib/demo_cpp_pkg/learn_thread" to ""
[4.613s] -- Up-to-date: /home/zylyehuo/ROS2_learning/chapter2/chapter2.5/chapt2_ws/install/demo_cpp_pkg/share/ament_index/resource_index/package_run_dependencies/demo_cpp_pkg
[4.613s] -- Up-to-date: /home/zylyehuo/ROS2_learning/chapter2/chapter2.5/chapt2_ws/install/demo_cpp_pkg/share/ament_index/resource_index/parent_prefix_path/demo_cpp_pkg
[4.613s] -- Up-to-date: /home/zylyehuo/ROS2_learning/chapter2/chapter2.5/chapt2_ws/install/demo_cpp_pkg/share/demo_cpp_pkg/environment/ament_prefix_path.sh
[4.613s] -- Up-to-date: /home/zylyehuo/ROS2_learning/chapter2/chapter2.5/chapt2_ws/install/demo_cpp_pkg/share/demo_cpp_pkg/environment/ament_prefix_path.dsv
[4.613s] -- Up-to-date: /home/zylyehuo/ROS2_learning/chapter2/chapter2.5/chapt2_ws/install/demo_cpp_pkg/share/demo_cpp_pkg/environment/path.sh
[4.613s] -- Up-to-date: /home/zylyehuo/ROS2_learning/chapter2/chapter2.5/chapt2_ws/install/demo_cpp_pkg/share/demo_cpp_pkg/environment/path.dsv
[4.613s] -- Up-to-date: /home/zylyehuo/ROS2_learning/chapter2/chapter2.5/chapt2_ws/install/demo_cpp_pkg/share/demo_cpp_pkg/local_setup.bash
[4.613s] -- Up-to-date: /home/zylyehuo/ROS2_learning/chapter2/chapter2.5/chapt2_ws/install/demo_cpp_pkg/share/demo_cpp_pkg/local_setup.sh
[4.613s] -- Up-to-date: /home/zylyehuo/ROS2_learning/chapter2/chapter2.5/chapt2_ws/install/demo_cpp_pkg/share/demo_cpp_pkg/local_setup.zsh
[4.613s] -- Up-to-date: /home/zylyehuo/ROS2_learning/chapter2/chapter2.5/chapt2_ws/install/demo_cpp_pkg/share/demo_cpp_pkg/local_setup.dsv
[4.613s] -- Installing: /home/zylyehuo/ROS2_learning/chapter2/chapter2.5/chapt2_ws/install/demo_cpp_pkg/share/demo_cpp_pkg/package.dsv
[4.613s] -- Up-to-date: /home/zylyehuo/ROS2_learning/chapter2/chapter2.5/chapt2_ws/install/demo_cpp_pkg/share/ament_index/resource_index/packages/demo_cpp_pkg
[4.614s] -- Up-to-date: /home/zylyehuo/ROS2_learning/chapter2/chapter2.5/chapt2_ws/install/demo_cpp_pkg/share/demo_cpp_pkg/cmake/demo_cpp_pkgConfig.cmake
[4.614s] -- Up-to-date: /home/zylyehuo/ROS2_learning/chapter2/chapter2.5/chapt2_ws/install/demo_cpp_pkg/share/demo_cpp_pkg/cmake/demo_cpp_pkgConfig-version.cmake
[4.614s] -- Up-to-date: /home/zylyehuo/ROS2_learning/chapter2/chapter2.5/chapt2_ws/install/demo_cpp_pkg/share/demo_cpp_pkg/package.xml
[4.615s] Invoked command in '/home/zylyehuo/ROS2_learning/chapter2/chapter2.5/chapt2_ws/build/demo_cpp_pkg' returned '0': CMAKE_PREFIX_PATH=${CMAKE_PREFIX_PATH}:/home/zylyehuo/ROS2_learning/chapter2/chapter2.5/chapt2_ws/install/demo_python_pkg:/opt/ros/humble /usr/bin/cmake --install /home/zylyehuo/ROS2_learning/chapter2/chapter2.5/chapt2_ws/build/demo_cpp_pkg
