-- The C compiler identification is GNU 11.4.0
-- The CXX compiler identification is GNU 11.4.0
-- Detecting C compiler ABI info
-- Detecting C compiler ABI info - done
-- Check for working C compiler: /usr/bin/cc - skipped
-- Detecting C compile features
-- Detecting C compile features - done
-- Detecting CXX compiler ABI info
-- Detecting CXX compiler ABI info - done
-- Check for working CXX compiler: /usr/bin/c++ - skipped
-- Detecting CXX compile features
-- Detecting CXX compile features - done
-- Found ament_cmake: 1.3.12 (/opt/ros/humble/share/ament_cmake/cmake)
-- Found Python3: /usr/bin/python3 (found version "3.10.12") found components: Interpreter 
-- Found ament_lint_auto: 0.12.14 (/opt/ros/humble/share/ament_lint_auto/cmake)
-- Added test 'flake8' to check Python code syntax and style conventions
-- Added test 'lint_cmake' to check CMake code style
-- Added test 'pep257' to check Python code against some of the docstring style conventions in PEP 257
-- Added test 'xmllint' to check XML markup files
-- Configuring done
-- Generating done
-- Build files have been written to: /home/zylyehuo/ROS2_learning/chapter6/chapt6_ws/build/robot_description2
-- Install configuration: ""
-- Installing: /home/zylyehuo/ROS2_learning/chapter6/chapt6_ws/install/robot_description2/share/robot_description2/launch
-- Installing: /home/zylyehuo/ROS2_learning/chapter6/chapt6_ws/install/robot_description2/share/robot_description2/launch/gazebo_add_robot_sim.launch.py
-- Installing: /home/zylyehuo/ROS2_learning/chapter6/chapt6_ws/install/robot_description2/share/robot_description2/launch/gazebo_sim.launch.py
-- Installing: /home/zylyehuo/ROS2_learning/chapter6/chapt6_ws/install/robot_description2/share/robot_description2/launch/xacro_display_robot.launch.py
-- Installing: /home/zylyehuo/ROS2_learning/chapter6/chapt6_ws/install/robot_description2/share/robot_description2/urdf
-- Installing: /home/zylyehuo/ROS2_learning/chapter6/chapt6_ws/install/robot_description2/share/robot_description2/urdf/xacro.md
-- Installing: /home/zylyehuo/ROS2_learning/chapter6/chapt6_ws/install/robot_description2/share/robot_description2/urdf/robot
-- Installing: /home/zylyehuo/ROS2_learning/chapter6/chapt6_ws/install/robot_description2/share/robot_description2/urdf/robot/plugins
-- Installing: /home/zylyehuo/ROS2_learning/chapter6/chapt6_ws/install/robot_description2/share/robot_description2/urdf/robot/plugins/robot.ros2_control.xacro
-- Installing: /home/zylyehuo/ROS2_learning/chapter6/chapt6_ws/install/robot_description2/share/robot_description2/urdf/robot/plugins/gazebo_control_plugins.xacro
-- Installing: /home/zylyehuo/ROS2_learning/chapter6/chapt6_ws/install/robot_description2/share/robot_description2/urdf/robot/plugins/gazebo_sensor_plugins.xacro
-- Installing: /home/zylyehuo/ROS2_learning/chapter6/chapt6_ws/install/robot_description2/share/robot_description2/urdf/robot/sensor
-- Installing: /home/zylyehuo/ROS2_learning/chapter6/chapt6_ws/install/robot_description2/share/robot_description2/urdf/robot/sensor/laser.urdf.xacro
-- Installing: /home/zylyehuo/ROS2_learning/chapter6/chapt6_ws/install/robot_description2/share/robot_description2/urdf/robot/sensor/imu.urdf.xacro
-- Installing: /home/zylyehuo/ROS2_learning/chapter6/chapt6_ws/install/robot_description2/share/robot_description2/urdf/robot/sensor/camera.urdf.xacro
-- Installing: /home/zylyehuo/ROS2_learning/chapter6/chapt6_ws/install/robot_description2/share/robot_description2/urdf/robot/robot.urdf.xacro
-- Installing: /home/zylyehuo/ROS2_learning/chapter6/chapt6_ws/install/robot_description2/share/robot_description2/urdf/robot/base.urdf.xacro
-- Installing: /home/zylyehuo/ROS2_learning/chapter6/chapt6_ws/install/robot_description2/share/robot_description2/urdf/robot/actuator
-- Installing: /home/zylyehuo/ROS2_learning/chapter6/chapt6_ws/install/robot_description2/share/robot_description2/urdf/robot/actuator/wheel.urdf.xacro
-- Installing: /home/zylyehuo/ROS2_learning/chapter6/chapt6_ws/install/robot_description2/share/robot_description2/urdf/robot/actuator/caster.urdf.xacro
-- Installing: /home/zylyehuo/ROS2_learning/chapter6/chapt6_ws/install/robot_description2/share/robot_description2/urdf/robot/common_inertia.xacro
-- Installing: /home/zylyehuo/ROS2_learning/chapter6/chapt6_ws/install/robot_description2/share/robot_description2/urdf/urdf.md
-- Installing: /home/zylyehuo/ROS2_learning/chapter6/chapt6_ws/install/robot_description2/share/robot_description2/config
-- Installing: /home/zylyehuo/ROS2_learning/chapter6/chapt6_ws/install/robot_description2/share/robot_description2/config/robot_ros2_controller.yaml
-- Installing: /home/zylyehuo/ROS2_learning/chapter6/chapt6_ws/install/robot_description2/share/robot_description2/config/display_robot_model.rviz
-- Installing: /home/zylyehuo/ROS2_learning/chapter6/chapt6_ws/install/robot_description2/share/robot_description2/world
-- Installing: /home/zylyehuo/ROS2_learning/chapter6/chapt6_ws/install/robot_description2/share/robot_description2/world/custom_room.world
-- Installing: /home/zylyehuo/ROS2_learning/chapter6/chapt6_ws/install/robot_description2/share/robot_description2/world/room
-- Installing: /home/zylyehuo/ROS2_learning/chapter6/chapt6_ws/install/robot_description2/share/robot_description2/world/room/model.config
-- Installing: /home/zylyehuo/ROS2_learning/chapter6/chapt6_ws/install/robot_description2/share/robot_description2/world/room/model.sdf
-- Installing: /home/zylyehuo/ROS2_learning/chapter6/chapt6_ws/install/robot_description2/share/ament_index/resource_index/package_run_dependencies/robot_description2
-- Installing: /home/zylyehuo/ROS2_learning/chapter6/chapt6_ws/install/robot_description2/share/ament_index/resource_index/parent_prefix_path/robot_description2
-- Installing: /home/zylyehuo/ROS2_learning/chapter6/chapt6_ws/install/robot_description2/share/robot_description2/environment/ament_prefix_path.sh
-- Installing: /home/zylyehuo/ROS2_learning/chapter6/chapt6_ws/install/robot_description2/share/robot_description2/environment/ament_prefix_path.dsv
-- Installing: /home/zylyehuo/ROS2_learning/chapter6/chapt6_ws/install/robot_description2/share/robot_description2/environment/path.sh
-- Installing: /home/zylyehuo/ROS2_learning/chapter6/chapt6_ws/install/robot_description2/share/robot_description2/environment/path.dsv
-- Installing: /home/zylyehuo/ROS2_learning/chapter6/chapt6_ws/install/robot_description2/share/robot_description2/local_setup.bash
-- Installing: /home/zylyehuo/ROS2_learning/chapter6/chapt6_ws/install/robot_description2/share/robot_description2/local_setup.sh
-- Installing: /home/zylyehuo/ROS2_learning/chapter6/chapt6_ws/install/robot_description2/share/robot_description2/local_setup.zsh
-- Installing: /home/zylyehuo/ROS2_learning/chapter6/chapt6_ws/install/robot_description2/share/robot_description2/local_setup.dsv
-- Installing: /home/zylyehuo/ROS2_learning/chapter6/chapt6_ws/install/robot_description2/share/robot_description2/package.dsv
-- Installing: /home/zylyehuo/ROS2_learning/chapter6/chapt6_ws/install/robot_description2/share/ament_index/resource_index/packages/robot_description2
-- Installing: /home/zylyehuo/ROS2_learning/chapter6/chapt6_ws/install/robot_description2/share/robot_description2/cmake/robot_description2Config.cmake
-- Installing: /home/zylyehuo/ROS2_learning/chapter6/chapt6_ws/install/robot_description2/share/robot_description2/cmake/robot_description2Config-version.cmake
-- Installing: /home/zylyehuo/ROS2_learning/chapter6/chapt6_ws/install/robot_description2/share/robot_description2/package.xml
