[0.038s] Invoking command in '/home/zylyehuo/ROS2_learning/chapter7/chapt7_ws/build/autopatrol_interfaces': CMAKE_PREFIX_PATH=/opt/ros/humble /usr/bin/cmake --build /home/zylyehuo/ROS2_learning/chapter7/chapt7_ws/build/autopatrol_interfaces -- -j16 -l16
[0.851s] [35m[1mConsolidate compiler generated dependencies of target autopatrol_interfaces__rosidl_generator_c[0m
[0.852s] [  3%] Built target autopatrol_interfaces__cpp
[0.852s] [ 12%] Built target autopatrol_interfaces__rosidl_generator_c
[0.852s] [ 12%] Built target ament_cmake_python_copy_autopatrol_interfaces
[0.852s] [35m[1mConsolidate compiler generated dependencies of target autopatrol_interfaces__rosidl_typesupport_cpp[0m
[0.852s] [35m[1mConsolidate compiler generated dependencies of target autopatrol_interfaces__rosidl_typesupport_c[0m
[0.853s] [35m[1mConsolidate compiler generated dependencies of target autopatrol_interfaces__rosidl_typesupport_introspection_cpp[0m
[0.853s] [35m[1mConsolidate compiler generated dependencies of target autopatrol_interfaces__rosidl_typesupport_fastrtps_cpp[0m
[0.853s] [35m[1mConsolidate compiler generated dependencies of target autopatrol_interfaces__rosidl_typesupport_introspection_c[0m
[0.853s] [35m[1mConsolidate compiler generated dependencies of target autopatrol_interfaces__rosidl_typesupport_fastrtps_c[0m
[0.853s] [ 41%] Built target autopatrol_interfaces__rosidl_typesupport_cpp
[0.853s] [ 41%] Built target autopatrol_interfaces__rosidl_typesupport_introspection_cpp
[0.853s] [ 41%] Built target autopatrol_interfaces__rosidl_typesupport_c
[0.853s] [ 51%] Built target autopatrol_interfaces__rosidl_typesupport_introspection_c
[0.853s] [ 61%] Built target autopatrol_interfaces__rosidl_typesupport_fastrtps_cpp
[0.853s] [ 70%] Built target autopatrol_interfaces__rosidl_typesupport_fastrtps_c
[0.853s] [ 70%] Built target autopatrol_interfaces
[0.853s] [ 74%] Built target autopatrol_interfaces__py
[0.853s] [35m[1mConsolidate compiler generated dependencies of target autopatrol_interfaces__rosidl_generator_py[0m
[0.853s] [ 80%] Built target autopatrol_interfaces__rosidl_generator_py
[0.853s] [35m[1mConsolidate compiler generated dependencies of target autopatrol_interfaces__rosidl_typesupport_introspection_c__pyext[0m
[0.853s] [35m[1mConsolidate compiler generated dependencies of target autopatrol_interfaces__rosidl_typesupport_c__pyext[0m
[0.854s] [35m[1mConsolidate compiler generated dependencies of target autopatrol_interfaces__rosidl_typesupport_fastrtps_c__pyext[0m
[0.854s] [ 90%] Built target autopatrol_interfaces__rosidl_typesupport_fastrtps_c__pyext
[0.854s] [ 93%] Built target autopatrol_interfaces__rosidl_typesupport_introspection_c__pyext
[0.854s] [100%] Built target autopatrol_interfaces__rosidl_typesupport_c__pyext
[0.855s] running egg_info
[0.856s] writing autopatrol_interfaces.egg-info/PKG-INFO
[0.857s] writing dependency_links to autopatrol_interfaces.egg-info/dependency_links.txt
[0.857s] writing top-level names to autopatrol_interfaces.egg-info/top_level.txt
[0.857s] reading manifest file 'autopatrol_interfaces.egg-info/SOURCES.txt'
[0.857s] writing manifest file 'autopatrol_interfaces.egg-info/SOURCES.txt'
[0.857s] [100%] Built target ament_cmake_python_build_autopatrol_interfaces_egg
[0.861s] Invoked command in '/home/zylyehuo/ROS2_learning/chapter7/chapt7_ws/build/autopatrol_interfaces' returned '0': CMAKE_PREFIX_PATH=/opt/ros/humble /usr/bin/cmake --build /home/zylyehuo/ROS2_learning/chapter7/chapt7_ws/build/autopatrol_interfaces -- -j16 -l16
[0.878s] Invoking command in '/home/zylyehuo/ROS2_learning/chapter7/chapt7_ws/build/autopatrol_interfaces': CMAKE_PREFIX_PATH=/opt/ros/humble /usr/bin/cmake --install /home/zylyehuo/ROS2_learning/chapter7/chapt7_ws/build/autopatrol_interfaces
[0.897s] -- Install configuration: ""
[0.901s] -- Up-to-date: /home/zylyehuo/ROS2_learning/chapter7/chapt7_ws/install/autopatrol_interfaces/share/ament_index/resource_index/rosidl_interfaces/autopatrol_interfaces
[0.902s] -- Up-to-date: /home/zylyehuo/ROS2_learning/chapter7/chapt7_ws/install/autopatrol_interfaces/include/autopatrol_interfaces/autopatrol_interfaces
[0.902s] -- Up-to-date: /home/zylyehuo/ROS2_learning/chapter7/chapt7_ws/install/autopatrol_interfaces/include/autopatrol_interfaces/autopatrol_interfaces/srv
[0.902s] -- Up-to-date: /home/zylyehuo/ROS2_learning/chapter7/chapt7_ws/install/autopatrol_interfaces/include/autopatrol_interfaces/autopatrol_interfaces/srv/speech_text.h
[0.902s] -- Up-to-date: /home/zylyehuo/ROS2_learning/chapter7/chapt7_ws/install/autopatrol_interfaces/include/autopatrol_interfaces/autopatrol_interfaces/srv/detail
[0.902s] -- Up-to-date: /home/zylyehuo/ROS2_learning/chapter7/chapt7_ws/install/autopatrol_interfaces/include/autopatrol_interfaces/autopatrol_interfaces/srv/detail/speech_text__struct.h
[0.902s] -- Up-to-date: /home/zylyehuo/ROS2_learning/chapter7/chapt7_ws/install/autopatrol_interfaces/include/autopatrol_interfaces/autopatrol_interfaces/srv/detail/speech_text__functions.h
[0.903s] -- Up-to-date: /home/zylyehuo/ROS2_learning/chapter7/chapt7_ws/install/autopatrol_interfaces/include/autopatrol_interfaces/autopatrol_interfaces/srv/detail/speech_text__functions.c
[0.904s] -- Up-to-date: /home/zylyehuo/ROS2_learning/chapter7/chapt7_ws/install/autopatrol_interfaces/include/autopatrol_interfaces/autopatrol_interfaces/srv/detail/speech_text__type_support.h
[0.904s] -- Up-to-date: /home/zylyehuo/ROS2_learning/chapter7/chapt7_ws/install/autopatrol_interfaces/include/autopatrol_interfaces/autopatrol_interfaces/msg
[0.904s] -- Up-to-date: /home/zylyehuo/ROS2_learning/chapter7/chapt7_ws/install/autopatrol_interfaces/include/autopatrol_interfaces/autopatrol_interfaces/msg/rosidl_generator_c__visibility_control.h
[0.904s] -- Up-to-date: /home/zylyehuo/ROS2_learning/chapter7/chapt7_ws/install/autopatrol_interfaces/share/autopatrol_interfaces/environment/library_path.sh
[0.905s] -- Up-to-date: /home/zylyehuo/ROS2_learning/chapter7/chapt7_ws/install/autopatrol_interfaces/share/autopatrol_interfaces/environment/library_path.dsv
[0.905s] -- Up-to-date: /home/zylyehuo/ROS2_learning/chapter7/chapt7_ws/install/autopatrol_interfaces/lib/libautopatrol_interfaces__rosidl_generator_c.so
[0.905s] -- Up-to-date: /home/zylyehuo/ROS2_learning/chapter7/chapt7_ws/install/autopatrol_interfaces/include/autopatrol_interfaces/autopatrol_interfaces
[0.905s] -- Up-to-date: /home/zylyehuo/ROS2_learning/chapter7/chapt7_ws/install/autopatrol_interfaces/include/autopatrol_interfaces/autopatrol_interfaces/srv
[0.905s] -- Up-to-date: /home/zylyehuo/ROS2_learning/chapter7/chapt7_ws/install/autopatrol_interfaces/include/autopatrol_interfaces/autopatrol_interfaces/srv/detail
[0.905s] -- Up-to-date: /home/zylyehuo/ROS2_learning/chapter7/chapt7_ws/install/autopatrol_interfaces/include/autopatrol_interfaces/autopatrol_interfaces/srv/detail/speech_text__rosidl_typesupport_fastrtps_c.h
[0.905s] -- Up-to-date: /home/zylyehuo/ROS2_learning/chapter7/chapt7_ws/install/autopatrol_interfaces/include/autopatrol_interfaces/autopatrol_interfaces/msg
[0.905s] -- Up-to-date: /home/zylyehuo/ROS2_learning/chapter7/chapt7_ws/install/autopatrol_interfaces/include/autopatrol_interfaces/autopatrol_interfaces/msg/rosidl_typesupport_fastrtps_c__visibility_control.h
[0.909s] -- Up-to-date: /home/zylyehuo/ROS2_learning/chapter7/chapt7_ws/install/autopatrol_interfaces/lib/libautopatrol_interfaces__rosidl_typesupport_fastrtps_c.so
[0.912s] -- Up-to-date: /home/zylyehuo/ROS2_learning/chapter7/chapt7_ws/install/autopatrol_interfaces/include/autopatrol_interfaces/autopatrol_interfaces
[0.912s] -- Up-to-date: /home/zylyehuo/ROS2_learning/chapter7/chapt7_ws/install/autopatrol_interfaces/include/autopatrol_interfaces/autopatrol_interfaces/srv
[0.912s] -- Up-to-date: /home/zylyehuo/ROS2_learning/chapter7/chapt7_ws/install/autopatrol_interfaces/include/autopatrol_interfaces/autopatrol_interfaces/srv/detail
[0.913s] -- Up-to-date: /home/zylyehuo/ROS2_learning/chapter7/chapt7_ws/install/autopatrol_interfaces/include/autopatrol_interfaces/autopatrol_interfaces/srv/detail/speech_text__rosidl_typesupport_introspection_c.h
[0.913s] -- Up-to-date: /home/zylyehuo/ROS2_learning/chapter7/chapt7_ws/install/autopatrol_interfaces/include/autopatrol_interfaces/autopatrol_interfaces/srv/detail/speech_text__type_support.c
[0.913s] -- Up-to-date: /home/zylyehuo/ROS2_learning/chapter7/chapt7_ws/install/autopatrol_interfaces/include/autopatrol_interfaces/autopatrol_interfaces/msg
[0.913s] -- Up-to-date: /home/zylyehuo/ROS2_learning/chapter7/chapt7_ws/install/autopatrol_interfaces/include/autopatrol_interfaces/autopatrol_interfaces/msg/rosidl_typesupport_introspection_c__visibility_control.h
[0.913s] -- Up-to-date: /home/zylyehuo/ROS2_learning/chapter7/chapt7_ws/install/autopatrol_interfaces/lib/libautopatrol_interfaces__rosidl_typesupport_introspection_c.so
[0.913s] -- Up-to-date: /home/zylyehuo/ROS2_learning/chapter7/chapt7_ws/install/autopatrol_interfaces/lib/libautopatrol_interfaces__rosidl_typesupport_c.so
[0.913s] -- Up-to-date: /home/zylyehuo/ROS2_learning/chapter7/chapt7_ws/install/autopatrol_interfaces/include/autopatrol_interfaces/autopatrol_interfaces
[0.913s] -- Up-to-date: /home/zylyehuo/ROS2_learning/chapter7/chapt7_ws/install/autopatrol_interfaces/include/autopatrol_interfaces/autopatrol_interfaces/srv
[0.913s] -- Up-to-date: /home/zylyehuo/ROS2_learning/chapter7/chapt7_ws/install/autopatrol_interfaces/include/autopatrol_interfaces/autopatrol_interfaces/srv/speech_text.hpp
[0.913s] -- Up-to-date: /home/zylyehuo/ROS2_learning/chapter7/chapt7_ws/install/autopatrol_interfaces/include/autopatrol_interfaces/autopatrol_interfaces/srv/detail
[0.913s] -- Up-to-date: /home/zylyehuo/ROS2_learning/chapter7/chapt7_ws/install/autopatrol_interfaces/include/autopatrol_interfaces/autopatrol_interfaces/srv/detail/speech_text__type_support.hpp
[0.914s] -- Up-to-date: /home/zylyehuo/ROS2_learning/chapter7/chapt7_ws/install/autopatrol_interfaces/include/autopatrol_interfaces/autopatrol_interfaces/srv/detail/speech_text__struct.hpp
[0.914s] -- Up-to-date: /home/zylyehuo/ROS2_learning/chapter7/chapt7_ws/install/autopatrol_interfaces/include/autopatrol_interfaces/autopatrol_interfaces/srv/detail/speech_text__builder.hpp
[0.914s] -- Up-to-date: /home/zylyehuo/ROS2_learning/chapter7/chapt7_ws/install/autopatrol_interfaces/include/autopatrol_interfaces/autopatrol_interfaces/srv/detail/speech_text__traits.hpp
[0.914s] -- Up-to-date: /home/zylyehuo/ROS2_learning/chapter7/chapt7_ws/install/autopatrol_interfaces/include/autopatrol_interfaces/autopatrol_interfaces/msg
[0.914s] -- Up-to-date: /home/zylyehuo/ROS2_learning/chapter7/chapt7_ws/install/autopatrol_interfaces/include/autopatrol_interfaces/autopatrol_interfaces/msg/rosidl_generator_cpp__visibility_control.hpp
[0.914s] -- Up-to-date: /home/zylyehuo/ROS2_learning/chapter7/chapt7_ws/install/autopatrol_interfaces/include/autopatrol_interfaces/autopatrol_interfaces
[0.915s] -- Up-to-date: /home/zylyehuo/ROS2_learning/chapter7/chapt7_ws/install/autopatrol_interfaces/include/autopatrol_interfaces/autopatrol_interfaces/srv
[0.915s] -- Up-to-date: /home/zylyehuo/ROS2_learning/chapter7/chapt7_ws/install/autopatrol_interfaces/include/autopatrol_interfaces/autopatrol_interfaces/srv/detail
[0.915s] -- Up-to-date: /home/zylyehuo/ROS2_learning/chapter7/chapt7_ws/install/autopatrol_interfaces/include/autopatrol_interfaces/autopatrol_interfaces/srv/detail/speech_text__rosidl_typesupport_fastrtps_cpp.hpp
[0.915s] -- Up-to-date: /home/zylyehuo/ROS2_learning/chapter7/chapt7_ws/install/autopatrol_interfaces/include/autopatrol_interfaces/autopatrol_interfaces/srv/detail/dds_fastrtps
[0.915s] -- Up-to-date: /home/zylyehuo/ROS2_learning/chapter7/chapt7_ws/install/autopatrol_interfaces/include/autopatrol_interfaces/autopatrol_interfaces/msg
[0.915s] -- Up-to-date: /home/zylyehuo/ROS2_learning/chapter7/chapt7_ws/install/autopatrol_interfaces/include/autopatrol_interfaces/autopatrol_interfaces/msg/rosidl_typesupport_fastrtps_cpp__visibility_control.h
[0.916s] -- Up-to-date: /home/zylyehuo/ROS2_learning/chapter7/chapt7_ws/install/autopatrol_interfaces/lib/libautopatrol_interfaces__rosidl_typesupport_fastrtps_cpp.so
[0.916s] -- Up-to-date: /home/zylyehuo/ROS2_learning/chapter7/chapt7_ws/install/autopatrol_interfaces/include/autopatrol_interfaces/autopatrol_interfaces
[0.916s] -- Up-to-date: /home/zylyehuo/ROS2_learning/chapter7/chapt7_ws/install/autopatrol_interfaces/include/autopatrol_interfaces/autopatrol_interfaces/srv
[0.916s] -- Up-to-date: /home/zylyehuo/ROS2_learning/chapter7/chapt7_ws/install/autopatrol_interfaces/include/autopatrol_interfaces/autopatrol_interfaces/srv/detail
[0.916s] -- Up-to-date: /home/zylyehuo/ROS2_learning/chapter7/chapt7_ws/install/autopatrol_interfaces/include/autopatrol_interfaces/autopatrol_interfaces/srv/detail/speech_text__type_support.cpp
[0.920s] -- Up-to-date: /home/zylyehuo/ROS2_learning/chapter7/chapt7_ws/install/autopatrol_interfaces/include/autopatrol_interfaces/autopatrol_interfaces/srv/detail/speech_text__rosidl_typesupport_introspection_cpp.hpp
[0.923s] -- Up-to-date: /home/zylyehuo/ROS2_learning/chapter7/chapt7_ws/install/autopatrol_interfaces/lib/libautopatrol_interfaces__rosidl_typesupport_introspection_cpp.so
[0.929s] -- Up-to-date: /home/zylyehuo/ROS2_learning/chapter7/chapt7_ws/install/autopatrol_interfaces/lib/libautopatrol_interfaces__rosidl_typesupport_cpp.so
[0.930s] -- Up-to-date: /home/zylyehuo/ROS2_learning/chapter7/chapt7_ws/install/autopatrol_interfaces/share/autopatrol_interfaces/environment/pythonpath.sh
[0.930s] -- Up-to-date: /home/zylyehuo/ROS2_learning/chapter7/chapt7_ws/install/autopatrol_interfaces/share/autopatrol_interfaces/environment/pythonpath.dsv
[0.930s] -- Up-to-date: /home/zylyehuo/ROS2_learning/chapter7/chapt7_ws/install/autopatrol_interfaces/local/lib/python3.10/dist-packages/autopatrol_interfaces-0.0.0-py3.10.egg-info
[0.930s] -- Installing: /home/zylyehuo/ROS2_learning/chapter7/chapt7_ws/install/autopatrol_interfaces/local/lib/python3.10/dist-packages/autopatrol_interfaces-0.0.0-py3.10.egg-info/top_level.txt
[0.930s] -- Installing: /home/zylyehuo/ROS2_learning/chapter7/chapt7_ws/install/autopatrol_interfaces/local/lib/python3.10/dist-packages/autopatrol_interfaces-0.0.0-py3.10.egg-info/PKG-INFO
[0.931s] -- Installing: /home/zylyehuo/ROS2_learning/chapter7/chapt7_ws/install/autopatrol_interfaces/local/lib/python3.10/dist-packages/autopatrol_interfaces-0.0.0-py3.10.egg-info/dependency_links.txt
[0.932s] -- Installing: /home/zylyehuo/ROS2_learning/chapter7/chapt7_ws/install/autopatrol_interfaces/local/lib/python3.10/dist-packages/autopatrol_interfaces-0.0.0-py3.10.egg-info/SOURCES.txt
[0.932s] -- Up-to-date: /home/zylyehuo/ROS2_learning/chapter7/chapt7_ws/install/autopatrol_interfaces/local/lib/python3.10/dist-packages/autopatrol_interfaces
[0.932s] -- Up-to-date: /home/zylyehuo/ROS2_learning/chapter7/chapt7_ws/install/autopatrol_interfaces/local/lib/python3.10/dist-packages/autopatrol_interfaces/autopatrol_interfaces_s__rosidl_typesupport_fastrtps_c.cpython-310-x86_64-linux-gnu.so
[0.932s] -- Up-to-date: /home/zylyehuo/ROS2_learning/chapter7/chapt7_ws/install/autopatrol_interfaces/local/lib/python3.10/dist-packages/autopatrol_interfaces/srv
[0.932s] -- Up-to-date: /home/zylyehuo/ROS2_learning/chapter7/chapt7_ws/install/autopatrol_interfaces/local/lib/python3.10/dist-packages/autopatrol_interfaces/srv/_speech_text.py
[0.932s] -- Up-to-date: /home/zylyehuo/ROS2_learning/chapter7/chapt7_ws/install/autopatrol_interfaces/local/lib/python3.10/dist-packages/autopatrol_interfaces/srv/__init__.py
[0.932s] -- Up-to-date: /home/zylyehuo/ROS2_learning/chapter7/chapt7_ws/install/autopatrol_interfaces/local/lib/python3.10/dist-packages/autopatrol_interfaces/srv/_speech_text_s.c
[0.932s] -- Up-to-date: /home/zylyehuo/ROS2_learning/chapter7/chapt7_ws/install/autopatrol_interfaces/local/lib/python3.10/dist-packages/autopatrol_interfaces/autopatrol_interfaces_s__rosidl_typesupport_introspection_c.cpython-310-x86_64-linux-gnu.so
[0.932s] -- Up-to-date: /home/zylyehuo/ROS2_learning/chapter7/chapt7_ws/install/autopatrol_interfaces/local/lib/python3.10/dist-packages/autopatrol_interfaces/_autopatrol_interfaces_s.ep.rosidl_typesupport_fastrtps_c.c
[0.933s] -- Up-to-date: /home/zylyehuo/ROS2_learning/chapter7/chapt7_ws/install/autopatrol_interfaces/local/lib/python3.10/dist-packages/autopatrol_interfaces/_autopatrol_interfaces_s.ep.rosidl_typesupport_introspection_c.c
[0.933s] -- Up-to-date: /home/zylyehuo/ROS2_learning/chapter7/chapt7_ws/install/autopatrol_interfaces/local/lib/python3.10/dist-packages/autopatrol_interfaces/__init__.py
[0.933s] -- Up-to-date: /home/zylyehuo/ROS2_learning/chapter7/chapt7_ws/install/autopatrol_interfaces/local/lib/python3.10/dist-packages/autopatrol_interfaces/_autopatrol_interfaces_s.ep.rosidl_typesupport_c.c
[0.933s] -- Up-to-date: /home/zylyehuo/ROS2_learning/chapter7/chapt7_ws/install/autopatrol_interfaces/local/lib/python3.10/dist-packages/autopatrol_interfaces/libautopatrol_interfaces__rosidl_generator_py.so
[0.933s] -- Up-to-date: /home/zylyehuo/ROS2_learning/chapter7/chapt7_ws/install/autopatrol_interfaces/local/lib/python3.10/dist-packages/autopatrol_interfaces/autopatrol_interfaces_s__rosidl_typesupport_c.cpython-310-x86_64-linux-gnu.so
[0.991s] Listing '/home/zylyehuo/ROS2_learning/chapter7/chapt7_ws/install/autopatrol_interfaces/local/lib/python3.10/dist-packages/autopatrol_interfaces'...
[0.991s] Listing '/home/zylyehuo/ROS2_learning/chapter7/chapt7_ws/install/autopatrol_interfaces/local/lib/python3.10/dist-packages/autopatrol_interfaces/srv'...
[0.996s] -- Up-to-date: /home/zylyehuo/ROS2_learning/chapter7/chapt7_ws/install/autopatrol_interfaces/local/lib/python3.10/dist-packages/autopatrol_interfaces/autopatrol_interfaces_s__rosidl_typesupport_fastrtps_c.cpython-310-x86_64-linux-gnu.so
[0.996s] -- Up-to-date: /home/zylyehuo/ROS2_learning/chapter7/chapt7_ws/install/autopatrol_interfaces/local/lib/python3.10/dist-packages/autopatrol_interfaces/autopatrol_interfaces_s__rosidl_typesupport_introspection_c.cpython-310-x86_64-linux-gnu.so
[0.996s] -- Up-to-date: /home/zylyehuo/ROS2_learning/chapter7/chapt7_ws/install/autopatrol_interfaces/local/lib/python3.10/dist-packages/autopatrol_interfaces/autopatrol_interfaces_s__rosidl_typesupport_c.cpython-310-x86_64-linux-gnu.so
[0.998s] -- Up-to-date: /home/zylyehuo/ROS2_learning/chapter7/chapt7_ws/install/autopatrol_interfaces/lib/libautopatrol_interfaces__rosidl_generator_py.so
[0.998s] -- Up-to-date: /home/zylyehuo/ROS2_learning/chapter7/chapt7_ws/install/autopatrol_interfaces/share/autopatrol_interfaces/srv/SpeechText.idl
[0.998s] -- Up-to-date: /home/zylyehuo/ROS2_learning/chapter7/chapt7_ws/install/autopatrol_interfaces/share/autopatrol_interfaces/srv/SpeechText.srv
[0.998s] -- Up-to-date: /home/zylyehuo/ROS2_learning/chapter7/chapt7_ws/install/autopatrol_interfaces/share/autopatrol_interfaces/srv/SpeechText_Request.msg
[0.999s] -- Up-to-date: /home/zylyehuo/ROS2_learning/chapter7/chapt7_ws/install/autopatrol_interfaces/share/autopatrol_interfaces/srv/SpeechText_Response.msg
[0.999s] -- Up-to-date: /home/zylyehuo/ROS2_learning/chapter7/chapt7_ws/install/autopatrol_interfaces/share/ament_index/resource_index/package_run_dependencies/autopatrol_interfaces
[0.999s] -- Up-to-date: /home/zylyehuo/ROS2_learning/chapter7/chapt7_ws/install/autopatrol_interfaces/share/ament_index/resource_index/parent_prefix_path/autopatrol_interfaces
[0.999s] -- Up-to-date: /home/zylyehuo/ROS2_learning/chapter7/chapt7_ws/install/autopatrol_interfaces/share/autopatrol_interfaces/environment/ament_prefix_path.sh
[0.999s] -- Up-to-date: /home/zylyehuo/ROS2_learning/chapter7/chapt7_ws/install/autopatrol_interfaces/share/autopatrol_interfaces/environment/ament_prefix_path.dsv
[0.999s] -- Up-to-date: /home/zylyehuo/ROS2_learning/chapter7/chapt7_ws/install/autopatrol_interfaces/share/autopatrol_interfaces/environment/path.sh
[0.999s] -- Up-to-date: /home/zylyehuo/ROS2_learning/chapter7/chapt7_ws/install/autopatrol_interfaces/share/autopatrol_interfaces/environment/path.dsv
[0.999s] -- Up-to-date: /home/zylyehuo/ROS2_learning/chapter7/chapt7_ws/install/autopatrol_interfaces/share/autopatrol_interfaces/local_setup.bash
[1.007s] -- Up-to-date: /home/zylyehuo/ROS2_learning/chapter7/chapt7_ws/install/autopatrol_interfaces/share/autopatrol_interfaces/local_setup.sh
[1.008s] -- Up-to-date: /home/zylyehuo/ROS2_learning/chapter7/chapt7_ws/install/autopatrol_interfaces/share/autopatrol_interfaces/local_setup.zsh
[1.008s] -- Up-to-date: /home/zylyehuo/ROS2_learning/chapter7/chapt7_ws/install/autopatrol_interfaces/share/autopatrol_interfaces/local_setup.dsv
[1.008s] -- Installing: /home/zylyehuo/ROS2_learning/chapter7/chapt7_ws/install/autopatrol_interfaces/share/autopatrol_interfaces/package.dsv
[1.008s] -- Up-to-date: /home/zylyehuo/ROS2_learning/chapter7/chapt7_ws/install/autopatrol_interfaces/share/ament_index/resource_index/packages/autopatrol_interfaces
[1.009s] -- Up-to-date: /home/zylyehuo/ROS2_learning/chapter7/chapt7_ws/install/autopatrol_interfaces/share/autopatrol_interfaces/cmake/export_autopatrol_interfaces__rosidl_generator_cExport.cmake
[1.009s] -- Up-to-date: /home/zylyehuo/ROS2_learning/chapter7/chapt7_ws/install/autopatrol_interfaces/share/autopatrol_interfaces/cmake/export_autopatrol_interfaces__rosidl_generator_cExport-noconfig.cmake
[1.009s] -- Up-to-date: /home/zylyehuo/ROS2_learning/chapter7/chapt7_ws/install/autopatrol_interfaces/share/autopatrol_interfaces/cmake/export_autopatrol_interfaces__rosidl_typesupport_fastrtps_cExport.cmake
[1.009s] -- Up-to-date: /home/zylyehuo/ROS2_learning/chapter7/chapt7_ws/install/autopatrol_interfaces/share/autopatrol_interfaces/cmake/export_autopatrol_interfaces__rosidl_typesupport_fastrtps_cExport-noconfig.cmake
[1.009s] -- Up-to-date: /home/zylyehuo/ROS2_learning/chapter7/chapt7_ws/install/autopatrol_interfaces/share/autopatrol_interfaces/cmake/autopatrol_interfaces__rosidl_typesupport_introspection_cExport.cmake
[1.009s] -- Up-to-date: /home/zylyehuo/ROS2_learning/chapter7/chapt7_ws/install/autopatrol_interfaces/share/autopatrol_interfaces/cmake/autopatrol_interfaces__rosidl_typesupport_introspection_cExport-noconfig.cmake
[1.010s] -- Up-to-date: /home/zylyehuo/ROS2_learning/chapter7/chapt7_ws/install/autopatrol_interfaces/share/autopatrol_interfaces/cmake/autopatrol_interfaces__rosidl_typesupport_cExport.cmake
[1.010s] -- Up-to-date: /home/zylyehuo/ROS2_learning/chapter7/chapt7_ws/install/autopatrol_interfaces/share/autopatrol_interfaces/cmake/autopatrol_interfaces__rosidl_typesupport_cExport-noconfig.cmake
[1.010s] -- Up-to-date: /home/zylyehuo/ROS2_learning/chapter7/chapt7_ws/install/autopatrol_interfaces/share/autopatrol_interfaces/cmake/export_autopatrol_interfaces__rosidl_generator_cppExport.cmake
[1.011s] -- Up-to-date: /home/zylyehuo/ROS2_learning/chapter7/chapt7_ws/install/autopatrol_interfaces/share/autopatrol_interfaces/cmake/export_autopatrol_interfaces__rosidl_typesupport_fastrtps_cppExport.cmake
[1.012s] -- Up-to-date: /home/zylyehuo/ROS2_learning/chapter7/chapt7_ws/install/autopatrol_interfaces/share/autopatrol_interfaces/cmake/export_autopatrol_interfaces__rosidl_typesupport_fastrtps_cppExport-noconfig.cmake
[1.012s] -- Up-to-date: /home/zylyehuo/ROS2_learning/chapter7/chapt7_ws/install/autopatrol_interfaces/share/autopatrol_interfaces/cmake/autopatrol_interfaces__rosidl_typesupport_introspection_cppExport.cmake
[1.012s] -- Up-to-date: /home/zylyehuo/ROS2_learning/chapter7/chapt7_ws/install/autopatrol_interfaces/share/autopatrol_interfaces/cmake/autopatrol_interfaces__rosidl_typesupport_introspection_cppExport-noconfig.cmake
[1.012s] -- Up-to-date: /home/zylyehuo/ROS2_learning/chapter7/chapt7_ws/install/autopatrol_interfaces/share/autopatrol_interfaces/cmake/autopatrol_interfaces__rosidl_typesupport_cppExport.cmake
[1.012s] -- Up-to-date: /home/zylyehuo/ROS2_learning/chapter7/chapt7_ws/install/autopatrol_interfaces/share/autopatrol_interfaces/cmake/autopatrol_interfaces__rosidl_typesupport_cppExport-noconfig.cmake
[1.012s] -- Up-to-date: /home/zylyehuo/ROS2_learning/chapter7/chapt7_ws/install/autopatrol_interfaces/share/autopatrol_interfaces/cmake/export_autopatrol_interfaces__rosidl_generator_pyExport.cmake
[1.012s] -- Up-to-date: /home/zylyehuo/ROS2_learning/chapter7/chapt7_ws/install/autopatrol_interfaces/share/autopatrol_interfaces/cmake/export_autopatrol_interfaces__rosidl_generator_pyExport-noconfig.cmake
[1.012s] -- Up-to-date: /home/zylyehuo/ROS2_learning/chapter7/chapt7_ws/install/autopatrol_interfaces/share/autopatrol_interfaces/cmake/rosidl_cmake-extras.cmake
[1.013s] -- Up-to-date: /home/zylyehuo/ROS2_learning/chapter7/chapt7_ws/install/autopatrol_interfaces/share/autopatrol_interfaces/cmake/ament_cmake_export_include_directories-extras.cmake
[1.013s] -- Up-to-date: /home/zylyehuo/ROS2_learning/chapter7/chapt7_ws/install/autopatrol_interfaces/share/autopatrol_interfaces/cmake/ament_cmake_export_libraries-extras.cmake
[1.013s] -- Up-to-date: /home/zylyehuo/ROS2_learning/chapter7/chapt7_ws/install/autopatrol_interfaces/share/autopatrol_interfaces/cmake/ament_cmake_export_targets-extras.cmake
[1.016s] -- Up-to-date: /home/zylyehuo/ROS2_learning/chapter7/chapt7_ws/install/autopatrol_interfaces/share/autopatrol_interfaces/cmake/rosidl_cmake_export_typesupport_targets-extras.cmake
[1.017s] -- Up-to-date: /home/zylyehuo/ROS2_learning/chapter7/chapt7_ws/install/autopatrol_interfaces/share/autopatrol_interfaces/cmake/ament_cmake_export_dependencies-extras.cmake
[1.017s] -- Up-to-date: /home/zylyehuo/ROS2_learning/chapter7/chapt7_ws/install/autopatrol_interfaces/share/autopatrol_interfaces/cmake/rosidl_cmake_export_typesupport_libraries-extras.cmake
[1.017s] -- Up-to-date: /home/zylyehuo/ROS2_learning/chapter7/chapt7_ws/install/autopatrol_interfaces/share/autopatrol_interfaces/cmake/autopatrol_interfacesConfig.cmake
[1.018s] -- Up-to-date: /home/zylyehuo/ROS2_learning/chapter7/chapt7_ws/install/autopatrol_interfaces/share/autopatrol_interfaces/cmake/autopatrol_interfacesConfig-version.cmake
[1.018s] -- Up-to-date: /home/zylyehuo/ROS2_learning/chapter7/chapt7_ws/install/autopatrol_interfaces/share/autopatrol_interfaces/package.xml
[1.073s] Invoked command in '/home/zylyehuo/ROS2_learning/chapter7/chapt7_ws/build/autopatrol_interfaces' returned '0': CMAKE_PREFIX_PATH=/opt/ros/humble /usr/bin/cmake --install /home/zylyehuo/ROS2_learning/chapter7/chapt7_ws/build/autopatrol_interfaces
