[0.009s] Invoking command in '/home/zylyehuo/ROS2_learning/chapter4/chapt4_ws/build/chapt4_interfaces': CMAKE_PREFIX_PATH=/opt/ros/humble /usr/bin/cmake --build /home/zylyehuo/ROS2_learning/chapter4/chapt4_ws/build/chapt4_interfaces -- -j16 -l16
[0.026s] -- Found ament_cmake: 1.3.12 (/opt/ros/humble/share/ament_cmake/cmake)
[0.114s] -- Found sensor_msgs: 4.9.0 (/opt/ros/humble/share/sensor_msgs/cmake)
[0.416s] -- Found rosidl_generator_c: 3.1.7 (/opt/ros/humble/share/rosidl_generator_c/cmake)
[0.418s] -- Found rosidl_adapter: 3.1.7 (/opt/ros/humble/share/rosidl_adapter/cmake)
[0.422s] -- Found rosidl_generator_cpp: 3.1.7 (/opt/ros/humble/share/rosidl_generator_cpp/cmake)
[0.428s] -- Using all available rosidl_typesupport_c: rosidl_typesupport_fastrtps_c;rosidl_typesupport_introspection_c
[0.436s] -- Using all available rosidl_typesupport_cpp: rosidl_typesupport_fastrtps_cpp;rosidl_typesupport_introspection_cpp
[0.472s] -- Found rosidl_default_generators: 1.2.0 (/opt/ros/humble/share/rosidl_default_generators/cmake)
[0.709s] -- Found ament_cmake_ros: 0.10.0 (/opt/ros/humble/share/ament_cmake_ros/cmake)
[1.033s] -- Using all available rosidl_typesupport_c: rosidl_typesupport_fastrtps_c;rosidl_typesupport_introspection_c
[1.162s] -- Using all available rosidl_typesupport_cpp: rosidl_typesupport_fastrtps_cpp;rosidl_typesupport_introspection_cpp
[1.178s] -- Found python_cmake_module: 0.10.0 (/opt/ros/humble/share/python_cmake_module/cmake)
[1.193s] -- Using PYTHON_EXECUTABLE: /usr/bin/python3
[1.193s] -- Using PYTHON_INCLUDE_DIRS: /usr/include/python3.10
[1.194s] -- Using PYTHON_LIBRARIES: /usr/lib/x86_64-linux-gnu/libpython3.10.so
[1.226s] -- Found ament_lint_auto: 0.12.14 (/opt/ros/humble/share/ament_lint_auto/cmake)
[1.233s] -- Added test 'lint_cmake' to check CMake code style
[1.233s] -- Added test 'xmllint' to check XML markup files
[1.234s] -- Configuring done
[1.260s] -- Generating done
[1.269s] -- Build files have been written to: /home/zylyehuo/ROS2_learning/chapter4/chapt4_ws/build/chapt4_interfaces
[1.291s] [35m[1mConsolidate compiler generated dependencies of target chapt4_interfaces__rosidl_generator_c[0m
[1.299s] [  3%] Built target chapt4_interfaces__cpp
[1.299s] [ 12%] Built target chapt4_interfaces__rosidl_generator_c
[1.305s] [ 12%] Built target ament_cmake_python_copy_chapt4_interfaces
[1.306s] [35m[1mConsolidate compiler generated dependencies of target chapt4_interfaces__rosidl_typesupport_cpp[0m
[1.306s] [35m[1mConsolidate compiler generated dependencies of target chapt4_interfaces__rosidl_typesupport_fastrtps_cpp[0m
[1.307s] [35m[1mConsolidate compiler generated dependencies of target chapt4_interfaces__rosidl_typesupport_introspection_cpp[0m
[1.307s] [35m[1mConsolidate compiler generated dependencies of target chapt4_interfaces__rosidl_typesupport_c[0m
[1.307s] [35m[1mConsolidate compiler generated dependencies of target chapt4_interfaces__rosidl_typesupport_fastrtps_c[0m
[1.308s] [35m[1mConsolidate compiler generated dependencies of target chapt4_interfaces__rosidl_typesupport_introspection_c[0m
[1.317s] [ 22%] Built target chapt4_interfaces__rosidl_typesupport_cpp
[1.317s] [ 32%] Built target chapt4_interfaces__rosidl_typesupport_fastrtps_c
[1.318s] [ 41%] Built target chapt4_interfaces__rosidl_typesupport_fastrtps_cpp
[1.318s] [ 51%] Built target chapt4_interfaces__rosidl_typesupport_c
[1.318s] [ 61%] Built target chapt4_interfaces__rosidl_typesupport_introspection_cpp
[1.319s] [ 70%] Built target chapt4_interfaces__rosidl_typesupport_introspection_c
[1.338s] [ 70%] Built target chapt4_interfaces
[1.357s] [ 74%] Built target chapt4_interfaces__py
[1.366s] [35m[1mConsolidate compiler generated dependencies of target chapt4_interfaces__rosidl_generator_py[0m
[1.377s] [ 80%] Built target chapt4_interfaces__rosidl_generator_py
[1.386s] [35m[1mConsolidate compiler generated dependencies of target chapt4_interfaces__rosidl_typesupport_fastrtps_c__pyext[0m
[1.386s] [35m[1mConsolidate compiler generated dependencies of target chapt4_interfaces__rosidl_typesupport_c__pyext[0m
[1.387s] [35m[1mConsolidate compiler generated dependencies of target chapt4_interfaces__rosidl_typesupport_introspection_c__pyext[0m
[1.400s] [ 87%] Built target chapt4_interfaces__rosidl_typesupport_c__pyext
[1.400s] [ 93%] Built target chapt4_interfaces__rosidl_typesupport_fastrtps_c__pyext
[1.401s] [100%] Built target chapt4_interfaces__rosidl_typesupport_introspection_c__pyext
[1.504s] running egg_info
[1.505s] writing chapt4_interfaces.egg-info/PKG-INFO
[1.505s] writing dependency_links to chapt4_interfaces.egg-info/dependency_links.txt
[1.505s] writing top-level names to chapt4_interfaces.egg-info/top_level.txt
[1.506s] reading manifest file 'chapt4_interfaces.egg-info/SOURCES.txt'
[1.507s] writing manifest file 'chapt4_interfaces.egg-info/SOURCES.txt'
[1.528s] [100%] Built target ament_cmake_python_build_chapt4_interfaces_egg
[1.538s] Invoked command in '/home/zylyehuo/ROS2_learning/chapter4/chapt4_ws/build/chapt4_interfaces' returned '0': CMAKE_PREFIX_PATH=/opt/ros/humble /usr/bin/cmake --build /home/zylyehuo/ROS2_learning/chapter4/chapt4_ws/build/chapt4_interfaces -- -j16 -l16
[1.546s] Invoking command in '/home/zylyehuo/ROS2_learning/chapter4/chapt4_ws/build/chapt4_interfaces': CMAKE_PREFIX_PATH=/opt/ros/humble /usr/bin/cmake --install /home/zylyehuo/ROS2_learning/chapter4/chapt4_ws/build/chapt4_interfaces
[1.551s] -- Install configuration: ""
[1.551s] -- Up-to-date: /home/zylyehuo/ROS2_learning/chapter4/chapt4_ws/install/chapt4_interfaces/share/ament_index/resource_index/rosidl_interfaces/chapt4_interfaces
[1.551s] -- Up-to-date: /home/zylyehuo/ROS2_learning/chapter4/chapt4_ws/install/chapt4_interfaces/include/chapt4_interfaces/chapt4_interfaces
[1.551s] -- Up-to-date: /home/zylyehuo/ROS2_learning/chapter4/chapt4_ws/install/chapt4_interfaces/include/chapt4_interfaces/chapt4_interfaces/srv
[1.552s] -- Up-to-date: /home/zylyehuo/ROS2_learning/chapter4/chapt4_ws/install/chapt4_interfaces/include/chapt4_interfaces/chapt4_interfaces/srv/face_detector.h
[1.552s] -- Up-to-date: /home/zylyehuo/ROS2_learning/chapter4/chapt4_ws/install/chapt4_interfaces/include/chapt4_interfaces/chapt4_interfaces/srv/detail
[1.552s] -- Up-to-date: /home/zylyehuo/ROS2_learning/chapter4/chapt4_ws/install/chapt4_interfaces/include/chapt4_interfaces/chapt4_interfaces/srv/detail/face_detector__type_support.h
[1.552s] -- Up-to-date: /home/zylyehuo/ROS2_learning/chapter4/chapt4_ws/install/chapt4_interfaces/include/chapt4_interfaces/chapt4_interfaces/srv/detail/face_detector__struct.h
[1.552s] -- Up-to-date: /home/zylyehuo/ROS2_learning/chapter4/chapt4_ws/install/chapt4_interfaces/include/chapt4_interfaces/chapt4_interfaces/srv/detail/face_detector__functions.h
[1.552s] -- Up-to-date: /home/zylyehuo/ROS2_learning/chapter4/chapt4_ws/install/chapt4_interfaces/include/chapt4_interfaces/chapt4_interfaces/srv/detail/face_detector__functions.c
[1.552s] -- Up-to-date: /home/zylyehuo/ROS2_learning/chapter4/chapt4_ws/install/chapt4_interfaces/include/chapt4_interfaces/chapt4_interfaces/msg
[1.552s] -- Up-to-date: /home/zylyehuo/ROS2_learning/chapter4/chapt4_ws/install/chapt4_interfaces/include/chapt4_interfaces/chapt4_interfaces/msg/rosidl_generator_c__visibility_control.h
[1.553s] -- Up-to-date: /home/zylyehuo/ROS2_learning/chapter4/chapt4_ws/install/chapt4_interfaces/share/chapt4_interfaces/environment/library_path.sh
[1.553s] -- Installing: /home/zylyehuo/ROS2_learning/chapter4/chapt4_ws/install/chapt4_interfaces/share/chapt4_interfaces/environment/library_path.dsv
[1.553s] -- Up-to-date: /home/zylyehuo/ROS2_learning/chapter4/chapt4_ws/install/chapt4_interfaces/lib/libchapt4_interfaces__rosidl_generator_c.so
[1.553s] -- Up-to-date: /home/zylyehuo/ROS2_learning/chapter4/chapt4_ws/install/chapt4_interfaces/include/chapt4_interfaces/chapt4_interfaces
[1.553s] -- Up-to-date: /home/zylyehuo/ROS2_learning/chapter4/chapt4_ws/install/chapt4_interfaces/include/chapt4_interfaces/chapt4_interfaces/srv
[1.553s] -- Up-to-date: /home/zylyehuo/ROS2_learning/chapter4/chapt4_ws/install/chapt4_interfaces/include/chapt4_interfaces/chapt4_interfaces/srv/detail
[1.553s] -- Up-to-date: /home/zylyehuo/ROS2_learning/chapter4/chapt4_ws/install/chapt4_interfaces/include/chapt4_interfaces/chapt4_interfaces/srv/detail/face_detector__rosidl_typesupport_fastrtps_c.h
[1.553s] -- Up-to-date: /home/zylyehuo/ROS2_learning/chapter4/chapt4_ws/install/chapt4_interfaces/include/chapt4_interfaces/chapt4_interfaces/msg
[1.553s] -- Up-to-date: /home/zylyehuo/ROS2_learning/chapter4/chapt4_ws/install/chapt4_interfaces/include/chapt4_interfaces/chapt4_interfaces/msg/rosidl_typesupport_fastrtps_c__visibility_control.h
[1.554s] -- Up-to-date: /home/zylyehuo/ROS2_learning/chapter4/chapt4_ws/install/chapt4_interfaces/lib/libchapt4_interfaces__rosidl_typesupport_fastrtps_c.so
[1.554s] -- Up-to-date: /home/zylyehuo/ROS2_learning/chapter4/chapt4_ws/install/chapt4_interfaces/include/chapt4_interfaces/chapt4_interfaces
[1.554s] -- Up-to-date: /home/zylyehuo/ROS2_learning/chapter4/chapt4_ws/install/chapt4_interfaces/include/chapt4_interfaces/chapt4_interfaces/srv
[1.554s] -- Up-to-date: /home/zylyehuo/ROS2_learning/chapter4/chapt4_ws/install/chapt4_interfaces/include/chapt4_interfaces/chapt4_interfaces/srv/face_detector.hpp
[1.554s] -- Up-to-date: /home/zylyehuo/ROS2_learning/chapter4/chapt4_ws/install/chapt4_interfaces/include/chapt4_interfaces/chapt4_interfaces/srv/detail
[1.554s] -- Up-to-date: /home/zylyehuo/ROS2_learning/chapter4/chapt4_ws/install/chapt4_interfaces/include/chapt4_interfaces/chapt4_interfaces/srv/detail/face_detector__builder.hpp
[1.554s] -- Up-to-date: /home/zylyehuo/ROS2_learning/chapter4/chapt4_ws/install/chapt4_interfaces/include/chapt4_interfaces/chapt4_interfaces/srv/detail/face_detector__struct.hpp
[1.554s] -- Up-to-date: /home/zylyehuo/ROS2_learning/chapter4/chapt4_ws/install/chapt4_interfaces/include/chapt4_interfaces/chapt4_interfaces/srv/detail/face_detector__type_support.hpp
[1.554s] -- Up-to-date: /home/zylyehuo/ROS2_learning/chapter4/chapt4_ws/install/chapt4_interfaces/include/chapt4_interfaces/chapt4_interfaces/srv/detail/face_detector__traits.hpp
[1.555s] -- Up-to-date: /home/zylyehuo/ROS2_learning/chapter4/chapt4_ws/install/chapt4_interfaces/include/chapt4_interfaces/chapt4_interfaces/msg
[1.555s] -- Up-to-date: /home/zylyehuo/ROS2_learning/chapter4/chapt4_ws/install/chapt4_interfaces/include/chapt4_interfaces/chapt4_interfaces/msg/rosidl_generator_cpp__visibility_control.hpp
[1.555s] -- Up-to-date: /home/zylyehuo/ROS2_learning/chapter4/chapt4_ws/install/chapt4_interfaces/include/chapt4_interfaces/chapt4_interfaces
[1.555s] -- Up-to-date: /home/zylyehuo/ROS2_learning/chapter4/chapt4_ws/install/chapt4_interfaces/include/chapt4_interfaces/chapt4_interfaces/srv
[1.555s] -- Up-to-date: /home/zylyehuo/ROS2_learning/chapter4/chapt4_ws/install/chapt4_interfaces/include/chapt4_interfaces/chapt4_interfaces/srv/detail
[1.555s] -- Up-to-date: /home/zylyehuo/ROS2_learning/chapter4/chapt4_ws/install/chapt4_interfaces/include/chapt4_interfaces/chapt4_interfaces/srv/detail/dds_fastrtps
[1.555s] -- Up-to-date: /home/zylyehuo/ROS2_learning/chapter4/chapt4_ws/install/chapt4_interfaces/include/chapt4_interfaces/chapt4_interfaces/srv/detail/face_detector__rosidl_typesupport_fastrtps_cpp.hpp
[1.555s] -- Up-to-date: /home/zylyehuo/ROS2_learning/chapter4/chapt4_ws/install/chapt4_interfaces/include/chapt4_interfaces/chapt4_interfaces/msg
[1.555s] -- Up-to-date: /home/zylyehuo/ROS2_learning/chapter4/chapt4_ws/install/chapt4_interfaces/include/chapt4_interfaces/chapt4_interfaces/msg/rosidl_typesupport_fastrtps_cpp__visibility_control.h
[1.556s] -- Up-to-date: /home/zylyehuo/ROS2_learning/chapter4/chapt4_ws/install/chapt4_interfaces/lib/libchapt4_interfaces__rosidl_typesupport_fastrtps_cpp.so
[1.556s] -- Up-to-date: /home/zylyehuo/ROS2_learning/chapter4/chapt4_ws/install/chapt4_interfaces/include/chapt4_interfaces/chapt4_interfaces
[1.556s] -- Up-to-date: /home/zylyehuo/ROS2_learning/chapter4/chapt4_ws/install/chapt4_interfaces/include/chapt4_interfaces/chapt4_interfaces/srv
[1.556s] -- Up-to-date: /home/zylyehuo/ROS2_learning/chapter4/chapt4_ws/install/chapt4_interfaces/include/chapt4_interfaces/chapt4_interfaces/srv/detail
[1.556s] -- Up-to-date: /home/zylyehuo/ROS2_learning/chapter4/chapt4_ws/install/chapt4_interfaces/include/chapt4_interfaces/chapt4_interfaces/srv/detail/face_detector__rosidl_typesupport_introspection_c.h
[1.556s] -- Up-to-date: /home/zylyehuo/ROS2_learning/chapter4/chapt4_ws/install/chapt4_interfaces/include/chapt4_interfaces/chapt4_interfaces/srv/detail/face_detector__type_support.c
[1.556s] -- Up-to-date: /home/zylyehuo/ROS2_learning/chapter4/chapt4_ws/install/chapt4_interfaces/include/chapt4_interfaces/chapt4_interfaces/msg
[1.556s] -- Up-to-date: /home/zylyehuo/ROS2_learning/chapter4/chapt4_ws/install/chapt4_interfaces/include/chapt4_interfaces/chapt4_interfaces/msg/rosidl_typesupport_introspection_c__visibility_control.h
[1.556s] -- Up-to-date: /home/zylyehuo/ROS2_learning/chapter4/chapt4_ws/install/chapt4_interfaces/lib/libchapt4_interfaces__rosidl_typesupport_introspection_c.so
[1.556s] -- Up-to-date: /home/zylyehuo/ROS2_learning/chapter4/chapt4_ws/install/chapt4_interfaces/lib/libchapt4_interfaces__rosidl_typesupport_c.so
[1.556s] -- Up-to-date: /home/zylyehuo/ROS2_learning/chapter4/chapt4_ws/install/chapt4_interfaces/include/chapt4_interfaces/chapt4_interfaces
[1.556s] -- Up-to-date: /home/zylyehuo/ROS2_learning/chapter4/chapt4_ws/install/chapt4_interfaces/include/chapt4_interfaces/chapt4_interfaces/srv
[1.556s] -- Up-to-date: /home/zylyehuo/ROS2_learning/chapter4/chapt4_ws/install/chapt4_interfaces/include/chapt4_interfaces/chapt4_interfaces/srv/detail
[1.556s] -- Up-to-date: /home/zylyehuo/ROS2_learning/chapter4/chapt4_ws/install/chapt4_interfaces/include/chapt4_interfaces/chapt4_interfaces/srv/detail/face_detector__type_support.cpp
[1.556s] -- Up-to-date: /home/zylyehuo/ROS2_learning/chapter4/chapt4_ws/install/chapt4_interfaces/include/chapt4_interfaces/chapt4_interfaces/srv/detail/face_detector__rosidl_typesupport_introspection_cpp.hpp
[1.556s] -- Up-to-date: /home/zylyehuo/ROS2_learning/chapter4/chapt4_ws/install/chapt4_interfaces/lib/libchapt4_interfaces__rosidl_typesupport_introspection_cpp.so
[1.556s] -- Up-to-date: /home/zylyehuo/ROS2_learning/chapter4/chapt4_ws/install/chapt4_interfaces/lib/libchapt4_interfaces__rosidl_typesupport_cpp.so
[1.556s] -- Up-to-date: /home/zylyehuo/ROS2_learning/chapter4/chapt4_ws/install/chapt4_interfaces/share/chapt4_interfaces/environment/pythonpath.sh
[1.556s] -- Installing: /home/zylyehuo/ROS2_learning/chapter4/chapt4_ws/install/chapt4_interfaces/share/chapt4_interfaces/environment/pythonpath.dsv
[1.556s] -- Up-to-date: /home/zylyehuo/ROS2_learning/chapter4/chapt4_ws/install/chapt4_interfaces/local/lib/python3.10/dist-packages/chapt4_interfaces-0.0.0-py3.10.egg-info
[1.556s] -- Installing: /home/zylyehuo/ROS2_learning/chapter4/chapt4_ws/install/chapt4_interfaces/local/lib/python3.10/dist-packages/chapt4_interfaces-0.0.0-py3.10.egg-info/top_level.txt
[1.556s] -- Installing: /home/zylyehuo/ROS2_learning/chapter4/chapt4_ws/install/chapt4_interfaces/local/lib/python3.10/dist-packages/chapt4_interfaces-0.0.0-py3.10.egg-info/PKG-INFO
[1.556s] -- Installing: /home/zylyehuo/ROS2_learning/chapter4/chapt4_ws/install/chapt4_interfaces/local/lib/python3.10/dist-packages/chapt4_interfaces-0.0.0-py3.10.egg-info/dependency_links.txt
[1.556s] -- Installing: /home/zylyehuo/ROS2_learning/chapter4/chapt4_ws/install/chapt4_interfaces/local/lib/python3.10/dist-packages/chapt4_interfaces-0.0.0-py3.10.egg-info/SOURCES.txt
[1.556s] -- Up-to-date: /home/zylyehuo/ROS2_learning/chapter4/chapt4_ws/install/chapt4_interfaces/local/lib/python3.10/dist-packages/chapt4_interfaces
[1.556s] -- Up-to-date: /home/zylyehuo/ROS2_learning/chapter4/chapt4_ws/install/chapt4_interfaces/local/lib/python3.10/dist-packages/chapt4_interfaces/chapt4_interfaces_s__rosidl_typesupport_fastrtps_c.cpython-310-x86_64-linux-gnu.so
[1.556s] -- Up-to-date: /home/zylyehuo/ROS2_learning/chapter4/chapt4_ws/install/chapt4_interfaces/local/lib/python3.10/dist-packages/chapt4_interfaces/srv
[1.557s] -- Up-to-date: /home/zylyehuo/ROS2_learning/chapter4/chapt4_ws/install/chapt4_interfaces/local/lib/python3.10/dist-packages/chapt4_interfaces/srv/_face_detector_s.c
[1.557s] -- Up-to-date: /home/zylyehuo/ROS2_learning/chapter4/chapt4_ws/install/chapt4_interfaces/local/lib/python3.10/dist-packages/chapt4_interfaces/srv/__init__.py
[1.557s] -- Up-to-date: /home/zylyehuo/ROS2_learning/chapter4/chapt4_ws/install/chapt4_interfaces/local/lib/python3.10/dist-packages/chapt4_interfaces/srv/_face_detector.py
[1.557s] -- Up-to-date: /home/zylyehuo/ROS2_learning/chapter4/chapt4_ws/install/chapt4_interfaces/local/lib/python3.10/dist-packages/chapt4_interfaces/chapt4_interfaces_s__rosidl_typesupport_introspection_c.cpython-310-x86_64-linux-gnu.so
[1.557s] -- Up-to-date: /home/zylyehuo/ROS2_learning/chapter4/chapt4_ws/install/chapt4_interfaces/local/lib/python3.10/dist-packages/chapt4_interfaces/_chapt4_interfaces_s.ep.rosidl_typesupport_c.c
[1.557s] -- Installing: /home/zylyehuo/ROS2_learning/chapter4/chapt4_ws/install/chapt4_interfaces/local/lib/python3.10/dist-packages/chapt4_interfaces/__init__.py
[1.557s] -- Up-to-date: /home/zylyehuo/ROS2_learning/chapter4/chapt4_ws/install/chapt4_interfaces/local/lib/python3.10/dist-packages/chapt4_interfaces/_chapt4_interfaces_s.ep.rosidl_typesupport_fastrtps_c.c
[1.557s] -- Up-to-date: /home/zylyehuo/ROS2_learning/chapter4/chapt4_ws/install/chapt4_interfaces/local/lib/python3.10/dist-packages/chapt4_interfaces/_chapt4_interfaces_s.ep.rosidl_typesupport_introspection_c.c
[1.557s] -- Up-to-date: /home/zylyehuo/ROS2_learning/chapter4/chapt4_ws/install/chapt4_interfaces/local/lib/python3.10/dist-packages/chapt4_interfaces/libchapt4_interfaces__rosidl_generator_py.so
[1.557s] -- Up-to-date: /home/zylyehuo/ROS2_learning/chapter4/chapt4_ws/install/chapt4_interfaces/local/lib/python3.10/dist-packages/chapt4_interfaces/chapt4_interfaces_s__rosidl_typesupport_c.cpython-310-x86_64-linux-gnu.so
[1.580s] Listing '/home/zylyehuo/ROS2_learning/chapter4/chapt4_ws/install/chapt4_interfaces/local/lib/python3.10/dist-packages/chapt4_interfaces'...
[1.580s] Compiling '/home/zylyehuo/ROS2_learning/chapter4/chapt4_ws/install/chapt4_interfaces/local/lib/python3.10/dist-packages/chapt4_interfaces/__init__.py'...
[1.580s] Listing '/home/zylyehuo/ROS2_learning/chapter4/chapt4_ws/install/chapt4_interfaces/local/lib/python3.10/dist-packages/chapt4_interfaces/srv'...
[1.584s] -- Up-to-date: /home/zylyehuo/ROS2_learning/chapter4/chapt4_ws/install/chapt4_interfaces/local/lib/python3.10/dist-packages/chapt4_interfaces/chapt4_interfaces_s__rosidl_typesupport_fastrtps_c.cpython-310-x86_64-linux-gnu.so
[1.584s] -- Up-to-date: /home/zylyehuo/ROS2_learning/chapter4/chapt4_ws/install/chapt4_interfaces/local/lib/python3.10/dist-packages/chapt4_interfaces/chapt4_interfaces_s__rosidl_typesupport_introspection_c.cpython-310-x86_64-linux-gnu.so
[1.584s] -- Up-to-date: /home/zylyehuo/ROS2_learning/chapter4/chapt4_ws/install/chapt4_interfaces/local/lib/python3.10/dist-packages/chapt4_interfaces/chapt4_interfaces_s__rosidl_typesupport_c.cpython-310-x86_64-linux-gnu.so
[1.584s] -- Up-to-date: /home/zylyehuo/ROS2_learning/chapter4/chapt4_ws/install/chapt4_interfaces/lib/libchapt4_interfaces__rosidl_generator_py.so
[1.584s] -- Up-to-date: /home/zylyehuo/ROS2_learning/chapter4/chapt4_ws/install/chapt4_interfaces/share/chapt4_interfaces/srv/FaceDetector.idl
[1.585s] -- Installing: /home/zylyehuo/ROS2_learning/chapter4/chapt4_ws/install/chapt4_interfaces/share/chapt4_interfaces/srv/FaceDetector.srv
[1.585s] -- Installing: /home/zylyehuo/ROS2_learning/chapter4/chapt4_ws/install/chapt4_interfaces/share/chapt4_interfaces/srv/FaceDetector_Request.msg
[1.585s] -- Up-to-date: /home/zylyehuo/ROS2_learning/chapter4/chapt4_ws/install/chapt4_interfaces/share/chapt4_interfaces/srv/FaceDetector_Response.msg
[1.585s] -- Up-to-date: /home/zylyehuo/ROS2_learning/chapter4/chapt4_ws/install/chapt4_interfaces/share/ament_index/resource_index/package_run_dependencies/chapt4_interfaces
[1.585s] -- Up-to-date: /home/zylyehuo/ROS2_learning/chapter4/chapt4_ws/install/chapt4_interfaces/share/ament_index/resource_index/parent_prefix_path/chapt4_interfaces
[1.585s] -- Up-to-date: /home/zylyehuo/ROS2_learning/chapter4/chapt4_ws/install/chapt4_interfaces/share/chapt4_interfaces/environment/ament_prefix_path.sh
[1.585s] -- Installing: /home/zylyehuo/ROS2_learning/chapter4/chapt4_ws/install/chapt4_interfaces/share/chapt4_interfaces/environment/ament_prefix_path.dsv
[1.585s] -- Up-to-date: /home/zylyehuo/ROS2_learning/chapter4/chapt4_ws/install/chapt4_interfaces/share/chapt4_interfaces/environment/path.sh
[1.585s] -- Installing: /home/zylyehuo/ROS2_learning/chapter4/chapt4_ws/install/chapt4_interfaces/share/chapt4_interfaces/environment/path.dsv
[1.585s] -- Up-to-date: /home/zylyehuo/ROS2_learning/chapter4/chapt4_ws/install/chapt4_interfaces/share/chapt4_interfaces/local_setup.bash
[1.586s] -- Up-to-date: /home/zylyehuo/ROS2_learning/chapter4/chapt4_ws/install/chapt4_interfaces/share/chapt4_interfaces/local_setup.sh
[1.586s] -- Up-to-date: /home/zylyehuo/ROS2_learning/chapter4/chapt4_ws/install/chapt4_interfaces/share/chapt4_interfaces/local_setup.zsh
[1.586s] -- Installing: /home/zylyehuo/ROS2_learning/chapter4/chapt4_ws/install/chapt4_interfaces/share/chapt4_interfaces/local_setup.dsv
[1.586s] -- Installing: /home/zylyehuo/ROS2_learning/chapter4/chapt4_ws/install/chapt4_interfaces/share/chapt4_interfaces/package.dsv
[1.586s] -- Up-to-date: /home/zylyehuo/ROS2_learning/chapter4/chapt4_ws/install/chapt4_interfaces/share/ament_index/resource_index/packages/chapt4_interfaces
[1.586s] -- Up-to-date: /home/zylyehuo/ROS2_learning/chapter4/chapt4_ws/install/chapt4_interfaces/share/chapt4_interfaces/cmake/export_chapt4_interfaces__rosidl_generator_cExport.cmake
[1.586s] -- Up-to-date: /home/zylyehuo/ROS2_learning/chapter4/chapt4_ws/install/chapt4_interfaces/share/chapt4_interfaces/cmake/export_chapt4_interfaces__rosidl_generator_cExport-noconfig.cmake
[1.586s] -- Up-to-date: /home/zylyehuo/ROS2_learning/chapter4/chapt4_ws/install/chapt4_interfaces/share/chapt4_interfaces/cmake/export_chapt4_interfaces__rosidl_typesupport_fastrtps_cExport.cmake
[1.586s] -- Up-to-date: /home/zylyehuo/ROS2_learning/chapter4/chapt4_ws/install/chapt4_interfaces/share/chapt4_interfaces/cmake/export_chapt4_interfaces__rosidl_typesupport_fastrtps_cExport-noconfig.cmake
[1.587s] -- Up-to-date: /home/zylyehuo/ROS2_learning/chapter4/chapt4_ws/install/chapt4_interfaces/share/chapt4_interfaces/cmake/export_chapt4_interfaces__rosidl_generator_cppExport.cmake
[1.587s] -- Up-to-date: /home/zylyehuo/ROS2_learning/chapter4/chapt4_ws/install/chapt4_interfaces/share/chapt4_interfaces/cmake/export_chapt4_interfaces__rosidl_typesupport_fastrtps_cppExport.cmake
[1.587s] -- Up-to-date: /home/zylyehuo/ROS2_learning/chapter4/chapt4_ws/install/chapt4_interfaces/share/chapt4_interfaces/cmake/export_chapt4_interfaces__rosidl_typesupport_fastrtps_cppExport-noconfig.cmake
[1.587s] -- Up-to-date: /home/zylyehuo/ROS2_learning/chapter4/chapt4_ws/install/chapt4_interfaces/share/chapt4_interfaces/cmake/chapt4_interfaces__rosidl_typesupport_introspection_cExport.cmake
[1.587s] -- Up-to-date: /home/zylyehuo/ROS2_learning/chapter4/chapt4_ws/install/chapt4_interfaces/share/chapt4_interfaces/cmake/chapt4_interfaces__rosidl_typesupport_introspection_cExport-noconfig.cmake
[1.587s] -- Up-to-date: /home/zylyehuo/ROS2_learning/chapter4/chapt4_ws/install/chapt4_interfaces/share/chapt4_interfaces/cmake/chapt4_interfaces__rosidl_typesupport_cExport.cmake
[1.587s] -- Up-to-date: /home/zylyehuo/ROS2_learning/chapter4/chapt4_ws/install/chapt4_interfaces/share/chapt4_interfaces/cmake/chapt4_interfaces__rosidl_typesupport_cExport-noconfig.cmake
[1.587s] -- Up-to-date: /home/zylyehuo/ROS2_learning/chapter4/chapt4_ws/install/chapt4_interfaces/share/chapt4_interfaces/cmake/chapt4_interfaces__rosidl_typesupport_introspection_cppExport.cmake
[1.587s] -- Up-to-date: /home/zylyehuo/ROS2_learning/chapter4/chapt4_ws/install/chapt4_interfaces/share/chapt4_interfaces/cmake/chapt4_interfaces__rosidl_typesupport_introspection_cppExport-noconfig.cmake
[1.588s] -- Up-to-date: /home/zylyehuo/ROS2_learning/chapter4/chapt4_ws/install/chapt4_interfaces/share/chapt4_interfaces/cmake/chapt4_interfaces__rosidl_typesupport_cppExport.cmake
[1.588s] -- Up-to-date: /home/zylyehuo/ROS2_learning/chapter4/chapt4_ws/install/chapt4_interfaces/share/chapt4_interfaces/cmake/chapt4_interfaces__rosidl_typesupport_cppExport-noconfig.cmake
[1.588s] -- Up-to-date: /home/zylyehuo/ROS2_learning/chapter4/chapt4_ws/install/chapt4_interfaces/share/chapt4_interfaces/cmake/export_chapt4_interfaces__rosidl_generator_pyExport.cmake
[1.588s] -- Up-to-date: /home/zylyehuo/ROS2_learning/chapter4/chapt4_ws/install/chapt4_interfaces/share/chapt4_interfaces/cmake/export_chapt4_interfaces__rosidl_generator_pyExport-noconfig.cmake
[1.588s] -- Up-to-date: /home/zylyehuo/ROS2_learning/chapter4/chapt4_ws/install/chapt4_interfaces/share/chapt4_interfaces/cmake/rosidl_cmake-extras.cmake
[1.588s] -- Up-to-date: /home/zylyehuo/ROS2_learning/chapter4/chapt4_ws/install/chapt4_interfaces/share/chapt4_interfaces/cmake/ament_cmake_export_dependencies-extras.cmake
[1.588s] -- Up-to-date: /home/zylyehuo/ROS2_learning/chapter4/chapt4_ws/install/chapt4_interfaces/share/chapt4_interfaces/cmake/ament_cmake_export_include_directories-extras.cmake
[1.588s] -- Up-to-date: /home/zylyehuo/ROS2_learning/chapter4/chapt4_ws/install/chapt4_interfaces/share/chapt4_interfaces/cmake/ament_cmake_export_libraries-extras.cmake
[1.588s] -- Up-to-date: /home/zylyehuo/ROS2_learning/chapter4/chapt4_ws/install/chapt4_interfaces/share/chapt4_interfaces/cmake/ament_cmake_export_targets-extras.cmake
[1.588s] -- Up-to-date: /home/zylyehuo/ROS2_learning/chapter4/chapt4_ws/install/chapt4_interfaces/share/chapt4_interfaces/cmake/rosidl_cmake_export_typesupport_targets-extras.cmake
[1.588s] -- Up-to-date: /home/zylyehuo/ROS2_learning/chapter4/chapt4_ws/install/chapt4_interfaces/share/chapt4_interfaces/cmake/rosidl_cmake_export_typesupport_libraries-extras.cmake
[1.588s] -- Up-to-date: /home/zylyehuo/ROS2_learning/chapter4/chapt4_ws/install/chapt4_interfaces/share/chapt4_interfaces/cmake/chapt4_interfacesConfig.cmake
[1.588s] -- Up-to-date: /home/zylyehuo/ROS2_learning/chapter4/chapt4_ws/install/chapt4_interfaces/share/chapt4_interfaces/cmake/chapt4_interfacesConfig-version.cmake
[1.588s] -- Up-to-date: /home/zylyehuo/ROS2_learning/chapter4/chapt4_ws/install/chapt4_interfaces/share/chapt4_interfaces/package.xml
[1.589s] Invoked command in '/home/zylyehuo/ROS2_learning/chapter4/chapt4_ws/build/chapt4_interfaces' returned '0': CMAKE_PREFIX_PATH=/opt/ros/humble /usr/bin/cmake --install /home/zylyehuo/ROS2_learning/chapter4/chapt4_ws/build/chapt4_interfaces
