[0.009s] Invoking command in '/home/zylyehuo/ROS2_learning/chapter8/chapt8_ws/build/motion_control_system': CMAKE_PREFIX_PATH=${CMAKE_PREFIX_PATH}:/home/zylyehuo/ROS2_learning/chapter7/chapt7_ws/install/autopatrol_robot:/home/zylyehuo/ROS2_learning/chapter7/chapt7_ws/install/fishbot_application:/opt/ros/humble /usr/bin/cmake --build /home/zylyehuo/ROS2_learning/chapter8/chapt8_ws/build/motion_control_system -- -j16 -l16
[0.044s] [ 50%] Built target spin_motion_controller
[0.044s] [100%] Built target test_plugin
[0.052s] Invoked command in '/home/zylyehuo/ROS2_learning/chapter8/chapt8_ws/build/motion_control_system' returned '0': CMAKE_PREFIX_PATH=${CMAKE_PREFIX_PATH}:/home/zylyehuo/ROS2_learning/chapter7/chapt7_ws/install/autopatrol_robot:/home/zylyehuo/ROS2_learning/chapter7/chapt7_ws/install/fishbot_application:/opt/ros/humble /usr/bin/cmake --build /home/zylyehuo/ROS2_learning/chapter8/chapt8_ws/build/motion_control_system -- -j16 -l16
[0.058s] Invoking command in '/home/zylyehuo/ROS2_learning/chapter8/chapt8_ws/build/motion_control_system': CMAKE_PREFIX_PATH=${CMAKE_PREFIX_PATH}:/home/zylyehuo/ROS2_learning/chapter7/chapt7_ws/install/autopatrol_robot:/home/zylyehuo/ROS2_learning/chapter7/chapt7_ws/install/fishbot_application:/opt/ros/humble /usr/bin/cmake --install /home/zylyehuo/ROS2_learning/chapter8/chapt8_ws/build/motion_control_system
[0.063s] -- Install configuration: ""
[0.063s] -- Up-to-date: /home/zylyehuo/ROS2_learning/chapter8/chapt8_ws/install/motion_control_system/lib/libspin_motion_controller.so
[0.063s] -- Up-to-date: /home/zylyehuo/ROS2_learning/chapter8/chapt8_ws/install/motion_control_system/include/
[0.063s] -- Up-to-date: /home/zylyehuo/ROS2_learning/chapter8/chapt8_ws/install/motion_control_system/include//motion_control_system
[0.064s] -- Up-to-date: /home/zylyehuo/ROS2_learning/chapter8/chapt8_ws/install/motion_control_system/include//motion_control_system/motion_control_interface.hpp
[0.064s] -- Up-to-date: /home/zylyehuo/ROS2_learning/chapter8/chapt8_ws/install/motion_control_system/include//motion_control_system/spin_motion_controller.hpp
[0.064s] -- Up-to-date: /home/zylyehuo/ROS2_learning/chapter8/chapt8_ws/install/motion_control_system/share/motion_control_system/spin_motion_plugins.xml
[0.064s] -- Up-to-date: /home/zylyehuo/ROS2_learning/chapter8/chapt8_ws/install/motion_control_system/lib/motion_control_system/test_plugin
[0.064s] -- Up-to-date: /home/zylyehuo/ROS2_learning/chapter8/chapt8_ws/install/motion_control_system/share/ament_index/resource_index/package_run_dependencies/motion_control_system
[0.064s] -- Up-to-date: /home/zylyehuo/ROS2_learning/chapter8/chapt8_ws/install/motion_control_system/share/ament_index/resource_index/parent_prefix_path/motion_control_system
[0.064s] -- Up-to-date: /home/zylyehuo/ROS2_learning/chapter8/chapt8_ws/install/motion_control_system/share/motion_control_system/environment/ament_prefix_path.sh
[0.064s] -- Up-to-date: /home/zylyehuo/ROS2_learning/chapter8/chapt8_ws/install/motion_control_system/share/motion_control_system/environment/ament_prefix_path.dsv
[0.064s] -- Up-to-date: /home/zylyehuo/ROS2_learning/chapter8/chapt8_ws/install/motion_control_system/share/motion_control_system/environment/path.sh
[0.064s] -- Up-to-date: /home/zylyehuo/ROS2_learning/chapter8/chapt8_ws/install/motion_control_system/share/motion_control_system/environment/path.dsv
[0.065s] -- Up-to-date: /home/zylyehuo/ROS2_learning/chapter8/chapt8_ws/install/motion_control_system/share/motion_control_system/local_setup.bash
[0.065s] -- Up-to-date: /home/zylyehuo/ROS2_learning/chapter8/chapt8_ws/install/motion_control_system/share/motion_control_system/local_setup.sh
[0.065s] -- Up-to-date: /home/zylyehuo/ROS2_learning/chapter8/chapt8_ws/install/motion_control_system/share/motion_control_system/local_setup.zsh
[0.065s] -- Up-to-date: /home/zylyehuo/ROS2_learning/chapter8/chapt8_ws/install/motion_control_system/share/motion_control_system/local_setup.dsv
[0.065s] -- Installing: /home/zylyehuo/ROS2_learning/chapter8/chapt8_ws/install/motion_control_system/share/motion_control_system/package.dsv
[0.065s] -- Up-to-date: /home/zylyehuo/ROS2_learning/chapter8/chapt8_ws/install/motion_control_system/share/ament_index/resource_index/packages/motion_control_system
[0.065s] -- Up-to-date: /home/zylyehuo/ROS2_learning/chapter8/chapt8_ws/install/motion_control_system/share/ament_index/resource_index/motion_control_system__pluginlib__plugin/motion_control_system
[0.065s] -- Up-to-date: /home/zylyehuo/ROS2_learning/chapter8/chapt8_ws/install/motion_control_system/share/motion_control_system/cmake/motion_control_systemConfig.cmake
[0.065s] -- Up-to-date: /home/zylyehuo/ROS2_learning/chapter8/chapt8_ws/install/motion_control_system/share/motion_control_system/cmake/motion_control_systemConfig-version.cmake
[0.065s] -- Up-to-date: /home/zylyehuo/ROS2_learning/chapter8/chapt8_ws/install/motion_control_system/share/motion_control_system/package.xml
[0.066s] Invoked command in '/home/zylyehuo/ROS2_learning/chapter8/chapt8_ws/build/motion_control_system' returned '0': CMAKE_PREFIX_PATH=${CMAKE_PREFIX_PATH}:/home/zylyehuo/ROS2_learning/chapter7/chapt7_ws/install/autopatrol_robot:/home/zylyehuo/ROS2_learning/chapter7/chapt7_ws/install/fishbot_application:/opt/ros/humble /usr/bin/cmake --install /home/zylyehuo/ROS2_learning/chapter8/chapt8_ws/build/motion_control_system
