running egg_info
creating ../../build/demo_python_topic/demo_python_topic.egg-info
writing ../../build/demo_python_topic/demo_python_topic.egg-info/PKG-INFO
writing dependency_links to ../../build/demo_python_topic/demo_python_topic.egg-info/dependency_links.txt
writing entry points to ../../build/demo_python_topic/demo_python_topic.egg-info/entry_points.txt
writing requirements to ../../build/demo_python_topic/demo_python_topic.egg-info/requires.txt
writing top-level names to ../../build/demo_python_topic/demo_python_topic.egg-info/top_level.txt
writing manifest file '../../build/demo_python_topic/demo_python_topic.egg-info/SOURCES.txt'
reading manifest file '../../build/demo_python_topic/demo_python_topic.egg-info/SOURCES.txt'
adding license file 'LICENSE'
writing manifest file '../../build/demo_python_topic/demo_python_topic.egg-info/SOURCES.txt'
running build
running build_py
creating /home/zylyehuo/ROS2_learning/chapter3/topic_ws/build/demo_python_topic/build
creating /home/zylyehuo/ROS2_learning/chapter3/topic_ws/build/demo_python_topic/build/lib
creating /home/zylyehuo/ROS2_learning/chapter3/topic_ws/build/demo_python_topic/build/lib/demo_python_topic
copying demo_python_topic/__init__.py -> /home/zylyehuo/ROS2_learning/chapter3/topic_ws/build/demo_python_topic/build/lib/demo_python_topic
running install
running install_lib
creating /home/zylyehuo/ROS2_learning/chapter3/topic_ws/install/demo_python_topic/lib/python3.10/site-packages/demo_python_topic
copying /home/zylyehuo/ROS2_learning/chapter3/topic_ws/build/demo_python_topic/build/lib/demo_python_topic/__init__.py -> /home/zylyehuo/ROS2_learning/chapter3/topic_ws/install/demo_python_topic/lib/python3.10/site-packages/demo_python_topic
byte-compiling /home/zylyehuo/ROS2_learning/chapter3/topic_ws/install/demo_python_topic/lib/python3.10/site-packages/demo_python_topic/__init__.py to __init__.cpython-310.pyc
running install_data
creating /home/zylyehuo/ROS2_learning/chapter3/topic_ws/install/demo_python_topic/share/ament_index
creating /home/zylyehuo/ROS2_learning/chapter3/topic_ws/install/demo_python_topic/share/ament_index/resource_index
creating /home/zylyehuo/ROS2_learning/chapter3/topic_ws/install/demo_python_topic/share/ament_index/resource_index/packages
copying resource/demo_python_topic -> /home/zylyehuo/ROS2_learning/chapter3/topic_ws/install/demo_python_topic/share/ament_index/resource_index/packages
copying package.xml -> /home/zylyehuo/ROS2_learning/chapter3/topic_ws/install/demo_python_topic/share/demo_python_topic
running install_egg_info
Copying ../../build/demo_python_topic/demo_python_topic.egg-info to /home/zylyehuo/ROS2_learning/chapter3/topic_ws/install/demo_python_topic/lib/python3.10/site-packages/demo_python_topic-0.0.0-py3.10.egg-info
running install_scripts
writing list of installed files to '/home/zylyehuo/ROS2_learning/chapter3/topic_ws/build/demo_python_topic/install.log'
