[0.858s] Invoking command in '/home/zylyehuo/ROS2_learning/chapter8/chapt8_ws2/src/autopatrol_robot': PYTHONPATH=/home/zylyehuo/ROS2_learning/chapter8/chapt8_ws2/build/autopatrol_robot/prefix_override:/usr/lib/python3/dist-packages/colcon_core/task/python/colcon_distutils_commands:/home/zylyehuo/ROS2_learning/chapter8/chapt8_ws2/install/autopatrol_robot/lib/python3.10/site-packages:${PYTHONPATH} /usr/bin/python3 -W ignore:setup.py install is deprecated -W ignore:easy_install command is deprecated setup.py egg_info --egg-base ../../build/autopatrol_robot build --build-base /home/zylyehuo/ROS2_learning/chapter8/chapt8_ws2/build/autopatrol_robot/build install --record /home/zylyehuo/ROS2_learning/chapter8/chapt8_ws2/build/autopatrol_robot/install.log --single-version-externally-managed install_data
[1.071s] running egg_info
[1.072s] creating ../../build/autopatrol_robot/autopatrol_robot.egg-info
[1.073s] writing ../../build/autopatrol_robot/autopatrol_robot.egg-info/PKG-INFO
[1.073s] writing dependency_links to ../../build/autopatrol_robot/autopatrol_robot.egg-info/dependency_links.txt
[1.073s] writing entry points to ../../build/autopatrol_robot/autopatrol_robot.egg-info/entry_points.txt
[1.073s] writing requirements to ../../build/autopatrol_robot/autopatrol_robot.egg-info/requires.txt
[1.073s] writing top-level names to ../../build/autopatrol_robot/autopatrol_robot.egg-info/top_level.txt
[1.074s] writing manifest file '../../build/autopatrol_robot/autopatrol_robot.egg-info/SOURCES.txt'
[1.075s] reading manifest file '../../build/autopatrol_robot/autopatrol_robot.egg-info/SOURCES.txt'
[1.075s] adding license file 'LICENSE'
[1.075s] writing manifest file '../../build/autopatrol_robot/autopatrol_robot.egg-info/SOURCES.txt'
[1.075s] running build
[1.076s] running build_py
[1.076s] creating /home/zylyehuo/ROS2_learning/chapter8/chapt8_ws2/build/autopatrol_robot/build
[1.076s] creating /home/zylyehuo/ROS2_learning/chapter8/chapt8_ws2/build/autopatrol_robot/build/lib
[1.076s] creating /home/zylyehuo/ROS2_learning/chapter8/chapt8_ws2/build/autopatrol_robot/build/lib/autopatrol_robot
[1.076s] copying autopatrol_robot/patrol_speak_node.py -> /home/zylyehuo/ROS2_learning/chapter8/chapt8_ws2/build/autopatrol_robot/build/lib/autopatrol_robot
[1.077s] copying autopatrol_robot/patrol_node.py -> /home/zylyehuo/ROS2_learning/chapter8/chapt8_ws2/build/autopatrol_robot/build/lib/autopatrol_robot
[1.077s] copying autopatrol_robot/__init__.py -> /home/zylyehuo/ROS2_learning/chapter8/chapt8_ws2/build/autopatrol_robot/build/lib/autopatrol_robot
[1.078s] copying autopatrol_robot/patrol_speak_image_node.py -> /home/zylyehuo/ROS2_learning/chapter8/chapt8_ws2/build/autopatrol_robot/build/lib/autopatrol_robot
[1.078s] copying autopatrol_robot/speaker.py -> /home/zylyehuo/ROS2_learning/chapter8/chapt8_ws2/build/autopatrol_robot/build/lib/autopatrol_robot
[1.079s] running install
[1.079s] running install_lib
[1.080s] creating /home/zylyehuo/ROS2_learning/chapter8/chapt8_ws2/install/autopatrol_robot/lib/python3.10/site-packages/autopatrol_robot
[1.080s] copying /home/zylyehuo/ROS2_learning/chapter8/chapt8_ws2/build/autopatrol_robot/build/lib/autopatrol_robot/patrol_speak_node.py -> /home/zylyehuo/ROS2_learning/chapter8/chapt8_ws2/install/autopatrol_robot/lib/python3.10/site-packages/autopatrol_robot
[1.080s] copying /home/zylyehuo/ROS2_learning/chapter8/chapt8_ws2/build/autopatrol_robot/build/lib/autopatrol_robot/patrol_node.py -> /home/zylyehuo/ROS2_learning/chapter8/chapt8_ws2/install/autopatrol_robot/lib/python3.10/site-packages/autopatrol_robot
[1.080s] copying /home/zylyehuo/ROS2_learning/chapter8/chapt8_ws2/build/autopatrol_robot/build/lib/autopatrol_robot/__init__.py -> /home/zylyehuo/ROS2_learning/chapter8/chapt8_ws2/install/autopatrol_robot/lib/python3.10/site-packages/autopatrol_robot
[1.080s] copying /home/zylyehuo/ROS2_learning/chapter8/chapt8_ws2/build/autopatrol_robot/build/lib/autopatrol_robot/patrol_speak_image_node.py -> /home/zylyehuo/ROS2_learning/chapter8/chapt8_ws2/install/autopatrol_robot/lib/python3.10/site-packages/autopatrol_robot
[1.080s] copying /home/zylyehuo/ROS2_learning/chapter8/chapt8_ws2/build/autopatrol_robot/build/lib/autopatrol_robot/speaker.py -> /home/zylyehuo/ROS2_learning/chapter8/chapt8_ws2/install/autopatrol_robot/lib/python3.10/site-packages/autopatrol_robot
[1.081s] byte-compiling /home/zylyehuo/ROS2_learning/chapter8/chapt8_ws2/install/autopatrol_robot/lib/python3.10/site-packages/autopatrol_robot/patrol_speak_node.py to patrol_speak_node.cpython-310.pyc
[1.082s] byte-compiling /home/zylyehuo/ROS2_learning/chapter8/chapt8_ws2/install/autopatrol_robot/lib/python3.10/site-packages/autopatrol_robot/patrol_node.py to patrol_node.cpython-310.pyc
[1.083s] byte-compiling /home/zylyehuo/ROS2_learning/chapter8/chapt8_ws2/install/autopatrol_robot/lib/python3.10/site-packages/autopatrol_robot/__init__.py to __init__.cpython-310.pyc
[1.083s] byte-compiling /home/zylyehuo/ROS2_learning/chapter8/chapt8_ws2/install/autopatrol_robot/lib/python3.10/site-packages/autopatrol_robot/patrol_speak_image_node.py to patrol_speak_image_node.cpython-310.pyc
[1.085s] byte-compiling /home/zylyehuo/ROS2_learning/chapter8/chapt8_ws2/install/autopatrol_robot/lib/python3.10/site-packages/autopatrol_robot/speaker.py to speaker.cpython-310.pyc
[1.085s] running install_data
[1.085s] creating /home/zylyehuo/ROS2_learning/chapter8/chapt8_ws2/install/autopatrol_robot/share/ament_index
[1.085s] creating /home/zylyehuo/ROS2_learning/chapter8/chapt8_ws2/install/autopatrol_robot/share/ament_index/resource_index
[1.086s] creating /home/zylyehuo/ROS2_learning/chapter8/chapt8_ws2/install/autopatrol_robot/share/ament_index/resource_index/packages
[1.086s] copying resource/autopatrol_robot -> /home/zylyehuo/ROS2_learning/chapter8/chapt8_ws2/install/autopatrol_robot/share/ament_index/resource_index/packages
[1.086s] copying package.xml -> /home/zylyehuo/ROS2_learning/chapter8/chapt8_ws2/install/autopatrol_robot/share/autopatrol_robot
[1.086s] creating /home/zylyehuo/ROS2_learning/chapter8/chapt8_ws2/install/autopatrol_robot/share/autopatrol_robot/config
[1.086s] copying config/patrol_config.yaml -> /home/zylyehuo/ROS2_learning/chapter8/chapt8_ws2/install/autopatrol_robot/share/autopatrol_robot/config
[1.087s] creating /home/zylyehuo/ROS2_learning/chapter8/chapt8_ws2/install/autopatrol_robot/share/autopatrol_robot/launch
[1.087s] copying launch/autopatrol.launch.py -> /home/zylyehuo/ROS2_learning/chapter8/chapt8_ws2/install/autopatrol_robot/share/autopatrol_robot/launch
[1.088s] copying launch/autopatrol_image.launch.py -> /home/zylyehuo/ROS2_learning/chapter8/chapt8_ws2/install/autopatrol_robot/share/autopatrol_robot/launch
[1.088s] running install_egg_info
[1.091s] Copying ../../build/autopatrol_robot/autopatrol_robot.egg-info to /home/zylyehuo/ROS2_learning/chapter8/chapt8_ws2/install/autopatrol_robot/lib/python3.10/site-packages/autopatrol_robot-0.0.0-py3.10.egg-info
[1.092s] running install_scripts
[1.110s] Installing patrol_node script to /home/zylyehuo/ROS2_learning/chapter8/chapt8_ws2/install/autopatrol_robot/lib/autopatrol_robot
[1.111s] Installing patrol_speak_image_node script to /home/zylyehuo/ROS2_learning/chapter8/chapt8_ws2/install/autopatrol_robot/lib/autopatrol_robot
[1.111s] Installing patrol_speak_node script to /home/zylyehuo/ROS2_learning/chapter8/chapt8_ws2/install/autopatrol_robot/lib/autopatrol_robot
[1.111s] Installing speaker script to /home/zylyehuo/ROS2_learning/chapter8/chapt8_ws2/install/autopatrol_robot/lib/autopatrol_robot
[1.111s] writing list of installed files to '/home/zylyehuo/ROS2_learning/chapter8/chapt8_ws2/build/autopatrol_robot/install.log'
[1.137s] Invoked command in '/home/zylyehuo/ROS2_learning/chapter8/chapt8_ws2/src/autopatrol_robot' returned '0': PYTHONPATH=/home/zylyehuo/ROS2_learning/chapter8/chapt8_ws2/build/autopatrol_robot/prefix_override:/usr/lib/python3/dist-packages/colcon_core/task/python/colcon_distutils_commands:/home/zylyehuo/ROS2_learning/chapter8/chapt8_ws2/install/autopatrol_robot/lib/python3.10/site-packages:${PYTHONPATH} /usr/bin/python3 -W ignore:setup.py install is deprecated -W ignore:easy_install command is deprecated setup.py egg_info --egg-base ../../build/autopatrol_robot build --build-base /home/zylyehuo/ROS2_learning/chapter8/chapt8_ws2/build/autopatrol_robot/build install --record /home/zylyehuo/ROS2_learning/chapter8/chapt8_ws2/build/autopatrol_robot/install.log --single-version-externally-managed install_data
