[2.485s] Invoking command in '/home/zylyehuo/ROS2_learning/chapter8/chapt8_ws2/src/autopatrol_robot': PYTHONPATH=/home/zylyehuo/ROS2_learning/chapter8/chapt8_ws2/build/autopatrol_robot/prefix_override:/usr/lib/python3/dist-packages/colcon_core/task/python/colcon_distutils_commands:/home/zylyehuo/ROS2_learning/chapter8/chapt8_ws2/install/autopatrol_robot/lib/python3.10/site-packages:${PYTHONPATH} /usr/bin/python3 -W ignore:setup.py install is deprecated -W ignore:easy_install command is deprecated setup.py egg_info --egg-base ../../build/autopatrol_robot build --build-base /home/zylyehuo/ROS2_learning/chapter8/chapt8_ws2/build/autopatrol_robot/build install --record /home/zylyehuo/ROS2_learning/chapter8/chapt8_ws2/build/autopatrol_robot/install.log --single-version-externally-managed install_data
[2.639s] running egg_info
[2.639s] writing ../../build/autopatrol_robot/autopatrol_robot.egg-info/PKG-INFO
[2.640s] writing dependency_links to ../../build/autopatrol_robot/autopatrol_robot.egg-info/dependency_links.txt
[2.640s] writing entry points to ../../build/autopatrol_robot/autopatrol_robot.egg-info/entry_points.txt
[2.640s] writing requirements to ../../build/autopatrol_robot/autopatrol_robot.egg-info/requires.txt
[2.640s] writing top-level names to ../../build/autopatrol_robot/autopatrol_robot.egg-info/top_level.txt
[2.641s] reading manifest file '../../build/autopatrol_robot/autopatrol_robot.egg-info/SOURCES.txt'
[2.643s] adding license file 'LICENSE'
[2.643s] writing manifest file '../../build/autopatrol_robot/autopatrol_robot.egg-info/SOURCES.txt'
[2.643s] running build
[2.643s] running build_py
[2.644s] running install
[2.644s] running install_lib
[2.645s] running install_data
[2.645s] running install_egg_info
[2.647s] removing '/home/zylyehuo/ROS2_learning/chapter8/chapt8_ws2/install/autopatrol_robot/lib/python3.10/site-packages/autopatrol_robot-0.0.0-py3.10.egg-info' (and everything under it)
[2.647s] Copying ../../build/autopatrol_robot/autopatrol_robot.egg-info to /home/zylyehuo/ROS2_learning/chapter8/chapt8_ws2/install/autopatrol_robot/lib/python3.10/site-packages/autopatrol_robot-0.0.0-py3.10.egg-info
[2.652s] running install_scripts
[2.666s] Installing patrol_node script to /home/zylyehuo/ROS2_learning/chapter8/chapt8_ws2/install/autopatrol_robot/lib/autopatrol_robot
[2.666s] Installing patrol_speak_image_node script to /home/zylyehuo/ROS2_learning/chapter8/chapt8_ws2/install/autopatrol_robot/lib/autopatrol_robot
[2.666s] Installing patrol_speak_node script to /home/zylyehuo/ROS2_learning/chapter8/chapt8_ws2/install/autopatrol_robot/lib/autopatrol_robot
[2.666s] Installing speaker script to /home/zylyehuo/ROS2_learning/chapter8/chapt8_ws2/install/autopatrol_robot/lib/autopatrol_robot
[2.667s] writing list of installed files to '/home/zylyehuo/ROS2_learning/chapter8/chapt8_ws2/build/autopatrol_robot/install.log'
[2.686s] Invoked command in '/home/zylyehuo/ROS2_learning/chapter8/chapt8_ws2/src/autopatrol_robot' returned '0': PYTHONPATH=/home/zylyehuo/ROS2_learning/chapter8/chapt8_ws2/build/autopatrol_robot/prefix_override:/usr/lib/python3/dist-packages/colcon_core/task/python/colcon_distutils_commands:/home/zylyehuo/ROS2_learning/chapter8/chapt8_ws2/install/autopatrol_robot/lib/python3.10/site-packages:${PYTHONPATH} /usr/bin/python3 -W ignore:setup.py install is deprecated -W ignore:easy_install command is deprecated setup.py egg_info --egg-base ../../build/autopatrol_robot build --build-base /home/zylyehuo/ROS2_learning/chapter8/chapt8_ws2/build/autopatrol_robot/build install --record /home/zylyehuo/ROS2_learning/chapter8/chapt8_ws2/build/autopatrol_robot/install.log --single-version-externally-managed install_data
