[0.203s] Invoking command in '/home/zylyehuo/ROS2_learning/chapter4/chapt4_ws/build/demo_cpp_service': CMAKE_PREFIX_PATH=/home/zylyehuo/ROS2_learning/chapter4/chapt4_ws/install/chapt4_interfaces:/home/zylyehuo/ROS2_learning/chapter4/chapt4_ws/install/demo_cpp_service:/home/zylyehuo/ROS2_learning/chapter4/chapt4_ws/install/demo_python_service:/opt/ros/humble /usr/bin/cmake --build /home/zylyehuo/ROS2_learning/chapter4/chapt4_ws/build/demo_cpp_service -- -j16 -l16
[0.419s] [35m[1mConsolidate compiler generated dependencies of target patrol_client_set_other[0m
[0.419s] [ 60%] Built target turtle_control
[0.419s] [ 60%] Built target turtle_control_param_callback
[0.419s] [ 60%] Built target turtle_control_param
[0.419s] [ 80%] Built target patrol_client
[0.419s] [ 90%] [32mBuilding CXX object CMakeFiles/patrol_client_set_other.dir/src/patrol_client_set_other.cpp.o[0m
[4.015s] [100%] [32m[1mLinking CXX executable patrol_client_set_other[0m
[4.414s] [100%] Built target patrol_client_set_other
[4.424s] Invoked command in '/home/zylyehuo/ROS2_learning/chapter4/chapt4_ws/build/demo_cpp_service' returned '0': CMAKE_PREFIX_PATH=/home/zylyehuo/ROS2_learning/chapter4/chapt4_ws/install/chapt4_interfaces:/home/zylyehuo/ROS2_learning/chapter4/chapt4_ws/install/demo_cpp_service:/home/zylyehuo/ROS2_learning/chapter4/chapt4_ws/install/demo_python_service:/opt/ros/humble /usr/bin/cmake --build /home/zylyehuo/ROS2_learning/chapter4/chapt4_ws/build/demo_cpp_service -- -j16 -l16
[4.425s] Invoking command in '/home/zylyehuo/ROS2_learning/chapter4/chapt4_ws/build/demo_cpp_service': CMAKE_PREFIX_PATH=/home/zylyehuo/ROS2_learning/chapter4/chapt4_ws/install/chapt4_interfaces:/home/zylyehuo/ROS2_learning/chapter4/chapt4_ws/install/demo_cpp_service:/home/zylyehuo/ROS2_learning/chapter4/chapt4_ws/install/demo_python_service:/opt/ros/humble /usr/bin/cmake --install /home/zylyehuo/ROS2_learning/chapter4/chapt4_ws/build/demo_cpp_service
[4.431s] -- Install configuration: ""
[4.432s] -- Up-to-date: /home/zylyehuo/ROS2_learning/chapter4/chapt4_ws/install/demo_cpp_service/lib/demo_cpp_service/turtle_control
[4.434s] -- Up-to-date: /home/zylyehuo/ROS2_learning/chapter4/chapt4_ws/install/demo_cpp_service/lib/demo_cpp_service/patrol_client
[4.436s] -- Up-to-date: /home/zylyehuo/ROS2_learning/chapter4/chapt4_ws/install/demo_cpp_service/lib/demo_cpp_service/turtle_control_param
[4.436s] -- Up-to-date: /home/zylyehuo/ROS2_learning/chapter4/chapt4_ws/install/demo_cpp_service/lib/demo_cpp_service/turtle_control_param_callback
[4.436s] -- Installing: /home/zylyehuo/ROS2_learning/chapter4/chapt4_ws/install/demo_cpp_service/lib/demo_cpp_service/patrol_client_set_other
[4.438s] -- Set runtime path of "/home/zylyehuo/ROS2_learning/chapter4/chapt4_ws/install/demo_cpp_service/lib/demo_cpp_service/patrol_client_set_other" to ""
[4.438s] -- Up-to-date: /home/zylyehuo/ROS2_learning/chapter4/chapt4_ws/install/demo_cpp_service/share/ament_index/resource_index/package_run_dependencies/demo_cpp_service
[4.438s] -- Installing: /home/zylyehuo/ROS2_learning/chapter4/chapt4_ws/install/demo_cpp_service/share/ament_index/resource_index/parent_prefix_path/demo_cpp_service
[4.438s] -- Up-to-date: /home/zylyehuo/ROS2_learning/chapter4/chapt4_ws/install/demo_cpp_service/share/demo_cpp_service/environment/ament_prefix_path.sh
[4.438s] -- Installing: /home/zylyehuo/ROS2_learning/chapter4/chapt4_ws/install/demo_cpp_service/share/demo_cpp_service/environment/ament_prefix_path.dsv
[4.438s] -- Up-to-date: /home/zylyehuo/ROS2_learning/chapter4/chapt4_ws/install/demo_cpp_service/share/demo_cpp_service/environment/path.sh
[4.438s] -- Installing: /home/zylyehuo/ROS2_learning/chapter4/chapt4_ws/install/demo_cpp_service/share/demo_cpp_service/environment/path.dsv
[4.438s] -- Up-to-date: /home/zylyehuo/ROS2_learning/chapter4/chapt4_ws/install/demo_cpp_service/share/demo_cpp_service/local_setup.bash
[4.438s] -- Up-to-date: /home/zylyehuo/ROS2_learning/chapter4/chapt4_ws/install/demo_cpp_service/share/demo_cpp_service/local_setup.sh
[4.438s] -- Up-to-date: /home/zylyehuo/ROS2_learning/chapter4/chapt4_ws/install/demo_cpp_service/share/demo_cpp_service/local_setup.zsh
[4.439s] -- Installing: /home/zylyehuo/ROS2_learning/chapter4/chapt4_ws/install/demo_cpp_service/share/demo_cpp_service/local_setup.dsv
[4.439s] -- Installing: /home/zylyehuo/ROS2_learning/chapter4/chapt4_ws/install/demo_cpp_service/share/demo_cpp_service/package.dsv
[4.439s] -- Up-to-date: /home/zylyehuo/ROS2_learning/chapter4/chapt4_ws/install/demo_cpp_service/share/ament_index/resource_index/packages/demo_cpp_service
[4.439s] -- Up-to-date: /home/zylyehuo/ROS2_learning/chapter4/chapt4_ws/install/demo_cpp_service/share/demo_cpp_service/cmake/demo_cpp_serviceConfig.cmake
[4.439s] -- Up-to-date: /home/zylyehuo/ROS2_learning/chapter4/chapt4_ws/install/demo_cpp_service/share/demo_cpp_service/cmake/demo_cpp_serviceConfig-version.cmake
[4.439s] -- Up-to-date: /home/zylyehuo/ROS2_learning/chapter4/chapt4_ws/install/demo_cpp_service/share/demo_cpp_service/package.xml
[4.440s] Invoked command in '/home/zylyehuo/ROS2_learning/chapter4/chapt4_ws/build/demo_cpp_service' returned '0': CMAKE_PREFIX_PATH=/home/zylyehuo/ROS2_learning/chapter4/chapt4_ws/install/chapt4_interfaces:/home/zylyehuo/ROS2_learning/chapter4/chapt4_ws/install/demo_cpp_service:/home/zylyehuo/ROS2_learning/chapter4/chapt4_ws/install/demo_python_service:/opt/ros/humble /usr/bin/cmake --install /home/zylyehuo/ROS2_learning/chapter4/chapt4_ws/build/demo_cpp_service
