[0.201s] Invoking command in '/home/zylyehuo/ROS2_learning/chapter4/chapt4_ws/build/demo_cpp_service': CMAKE_PREFIX_PATH=${CMAKE_PREFIX_PATH}:/home/zylyehuo/ROS2_learning/chapter4/chapt4_ws/install/demo_python_service:/opt/ros/humble /usr/bin/cmake /home/zylyehuo/ROS2_learning/chapter4/chapt4_ws/src/demo_cpp_service -DCMAKE_INSTALL_PREFIX=/home/zylyehuo/ROS2_learning/chapter4/chapt4_ws/install/demo_cpp_service
[0.709s] -- The C compiler identification is GNU 11.4.0
[2.117s] -- The CXX compiler identification is GNU 11.4.0
[3.088s] -- Detecting C compiler ABI info
[3.392s] -- Detecting C compiler ABI info - done
[3.398s] -- Check for working C compiler: /usr/bin/cc - skipped
[3.399s] -- Detecting C compile features
[3.400s] -- Detecting C compile features - done
[3.405s] -- Detecting CXX compiler ABI info
[3.693s] -- Detecting CXX compiler ABI info - done
[3.701s] -- Check for working CXX compiler: /usr/bin/c++ - skipped
[3.702s] -- Detecting CXX compile features
[3.702s] -- Detecting CXX compile features - done
[3.727s] -- Found ament_cmake: 1.3.12 (/opt/ros/humble/share/ament_cmake/cmake)
[3.854s] -- Found Python3: /usr/bin/python3 (found version "3.10.12") found components: Interpreter 
[3.950s] -- Found chapt4_interfaces: 0.0.0 (/home/zylyehuo/ROS2_learning/chapter4/chapt4_ws/install/chapt4_interfaces/share/chapt4_interfaces/cmake)
[4.334s] -- Found rosidl_generator_c: 3.1.7 (/opt/ros/humble/share/rosidl_generator_c/cmake)
[4.346s] -- Found rosidl_adapter: 3.1.7 (/opt/ros/humble/share/rosidl_adapter/cmake)
[4.366s] -- Found rosidl_generator_cpp: 3.1.7 (/opt/ros/humble/share/rosidl_generator_cpp/cmake)
[4.395s] -- Using all available rosidl_typesupport_c: rosidl_typesupport_fastrtps_c;rosidl_typesupport_introspection_c
[4.422s] -- Using all available rosidl_typesupport_cpp: rosidl_typesupport_fastrtps_cpp;rosidl_typesupport_introspection_cpp
[4.534s] -- Found rclcpp: 16.0.16 (/opt/ros/humble/share/rclcpp/cmake)
[4.601s] -- Found rmw_implementation_cmake: 6.1.2 (/opt/ros/humble/share/rmw_implementation_cmake/cmake)
[4.605s] -- Found rmw_fastrtps_cpp: 6.2.9 (/opt/ros/humble/share/rmw_fastrtps_cpp/cmake)
[8.341s] -- Found OpenSSL: /usr/lib/x86_64-linux-gnu/libcrypto.so (found version "3.0.2")  
[12.140s] -- Found FastRTPS: /opt/ros/humble/include  
[18.672s] -- Using RMW implementation 'rmw_fastrtps_cpp' as default
[18.685s] -- Looking for pthread.h
[18.982s] -- Looking for pthread.h - found
[18.982s] -- Performing Test CMAKE_HAVE_LIBC_PTHREAD
[19.285s] -- Performing Test CMAKE_HAVE_LIBC_PTHREAD - Success
[19.285s] -- Found Threads: TRUE  
[19.341s] -- Found turtlesim: 1.4.3 (/opt/ros/humble/share/turtlesim/cmake)
[19.401s] -- Found ament_lint_auto: 0.12.14 (/opt/ros/humble/share/ament_lint_auto/cmake)
[19.469s] [31mCMake Error at CMakeLists.txt:30 (install):
[19.469s]   install does not recognize sub-command TARGET
[19.469s] 
[19.469s] [0m
[19.475s] -- Added test 'cppcheck' to perform static code analysis on C / C++ code
[19.475s] -- Configured cppcheck include dirs: 
[19.475s] -- Configured cppcheck exclude dirs and/or files: 
[19.476s] -- Added test 'lint_cmake' to check CMake code style
[19.478s] -- Added test 'uncrustify' to check C / C++ code style
[19.478s] -- Configured uncrustify additional arguments: 
[19.478s] -- Added test 'xmllint' to check XML markup files
[19.480s] -- Configuring incomplete, errors occurred!
[19.480s] See also "/home/zylyehuo/ROS2_learning/chapter4/chapt4_ws/build/demo_cpp_service/CMakeFiles/CMakeOutput.log".
[19.490s] Invoked command in '/home/zylyehuo/ROS2_learning/chapter4/chapt4_ws/build/demo_cpp_service' returned '1': CMAKE_PREFIX_PATH=${CMAKE_PREFIX_PATH}:/home/zylyehuo/ROS2_learning/chapter4/chapt4_ws/install/demo_python_service:/opt/ros/humble /usr/bin/cmake /home/zylyehuo/ROS2_learning/chapter4/chapt4_ws/src/demo_cpp_service -DCMAKE_INSTALL_PREFIX=/home/zylyehuo/ROS2_learning/chapter4/chapt4_ws/install/demo_cpp_service
