[0.316s] DEBUG:colcon:Command line arguments: ['/usr/bin/colcon', 'build']
[0.317s] DEBUG:colcon:Parsed command line arguments: Namespace(log_base=None, log_level=None, verb_name='build', build_base='build', install_base='install', merge_install=False, symlink_install=False, test_result_base=None, continue_on_error=False, executor='parallel', parallel_workers=16, event_handlers=None, ignore_user_meta=False, metas=['./colcon.meta'], base_paths=['.'], packages_ignore=None, packages_ignore_regex=None, paths=None, packages_up_to=None, packages_up_to_regex=None, packages_above=None, packages_above_and_dependencies=None, packages_above_depth=None, packages_select_by_dep=None, packages_skip_by_dep=None, packages_skip_up_to=None, packages_select_build_failed=False, packages_skip_build_finished=False, packages_select_test_failures=False, packages_skip_test_passed=False, packages_select=None, packages_skip=None, packages_select_regex=None, packages_skip_regex=None, packages_start=None, packages_end=None, allow_overriding=[], cmake_args=None, cmake_target=None, cmake_target_skip_unavailable=False, cmake_clean_cache=False, cmake_clean_first=False, cmake_force_configure=False, ament_cmake_args=None, catkin_cmake_args=None, catkin_skip_building_tests=False, verb_parser=<colcon_defaults.argument_parser.defaults.DefaultArgumentsDecorator object at 0x7620f0670b20>, verb_extension=<colcon_core.verb.build.BuildVerb object at 0x7620f0765ff0>, main=<bound method BuildVerb.main of <colcon_core.verb.build.BuildVerb object at 0x7620f0765ff0>>)
[0.447s] Level 1:colcon.colcon_core.package_discovery:discover_packages(colcon_meta) check parameters
[0.448s] Level 1:colcon.colcon_core.package_discovery:discover_packages(recursive) check parameters
[0.448s] Level 1:colcon.colcon_core.package_discovery:discover_packages(ignore) check parameters
[0.448s] Level 1:colcon.colcon_core.package_discovery:discover_packages(path) check parameters
[0.448s] Level 1:colcon.colcon_core.package_discovery:discover_packages(colcon_meta) discover
[0.448s] Level 1:colcon.colcon_core.package_discovery:discover_packages(recursive) discover
[0.448s] INFO:colcon.colcon_core.package_discovery:Crawling recursively for packages in '/home/zylyehuo/ROS2_learning/chapter7/chapt7_ws'
[0.448s] Level 1:colcon.colcon_core.package_identification:_identify(.) by extensions ['ignore', 'ignore_ament_install']
[0.448s] Level 1:colcon.colcon_core.package_identification:_identify(.) by extension 'ignore'
[0.448s] Level 1:colcon.colcon_core.package_identification:_identify(.) by extension 'ignore_ament_install'
[0.448s] Level 1:colcon.colcon_core.package_identification:_identify(.) by extensions ['colcon_pkg']
[0.448s] Level 1:colcon.colcon_core.package_identification:_identify(.) by extension 'colcon_pkg'
[0.448s] Level 1:colcon.colcon_core.package_identification:_identify(.) by extensions ['colcon_meta']
[0.448s] Level 1:colcon.colcon_core.package_identification:_identify(.) by extension 'colcon_meta'
[0.448s] Level 1:colcon.colcon_core.package_identification:_identify(.) by extensions ['ros']
[0.448s] Level 1:colcon.colcon_core.package_identification:_identify(.) by extension 'ros'
[0.458s] Level 1:colcon.colcon_core.package_identification:_identify(.) by extensions ['cmake', 'python']
[0.458s] Level 1:colcon.colcon_core.package_identification:_identify(.) by extension 'cmake'
[0.458s] Level 1:colcon.colcon_core.package_identification:_identify(.) by extension 'python'
[0.458s] Level 1:colcon.colcon_core.package_identification:_identify(.) by extensions ['python_setup_py']
[0.458s] Level 1:colcon.colcon_core.package_identification:_identify(.) by extension 'python_setup_py'
[0.459s] Level 1:colcon.colcon_core.package_identification:_identify(build) by extensions ['ignore', 'ignore_ament_install']
[0.459s] Level 1:colcon.colcon_core.package_identification:_identify(build) by extension 'ignore'
[0.459s] Level 1:colcon.colcon_core.package_identification:_identify(build) ignored
[0.459s] Level 1:colcon.colcon_core.package_identification:_identify(install) by extensions ['ignore', 'ignore_ament_install']
[0.459s] Level 1:colcon.colcon_core.package_identification:_identify(install) by extension 'ignore'
[0.459s] Level 1:colcon.colcon_core.package_identification:_identify(install) ignored
[0.459s] Level 1:colcon.colcon_core.package_identification:_identify(log) by extensions ['ignore', 'ignore_ament_install']
[0.459s] Level 1:colcon.colcon_core.package_identification:_identify(log) by extension 'ignore'
[0.459s] Level 1:colcon.colcon_core.package_identification:_identify(log) ignored
[0.459s] Level 1:colcon.colcon_core.package_identification:_identify(src) by extensions ['ignore', 'ignore_ament_install']
[0.459s] Level 1:colcon.colcon_core.package_identification:_identify(src) by extension 'ignore'
[0.459s] Level 1:colcon.colcon_core.package_identification:_identify(src) by extension 'ignore_ament_install'
[0.459s] Level 1:colcon.colcon_core.package_identification:_identify(src) by extensions ['colcon_pkg']
[0.459s] Level 1:colcon.colcon_core.package_identification:_identify(src) by extension 'colcon_pkg'
[0.459s] Level 1:colcon.colcon_core.package_identification:_identify(src) by extensions ['colcon_meta']
[0.459s] Level 1:colcon.colcon_core.package_identification:_identify(src) by extension 'colcon_meta'
[0.459s] Level 1:colcon.colcon_core.package_identification:_identify(src) by extensions ['ros']
[0.459s] Level 1:colcon.colcon_core.package_identification:_identify(src) by extension 'ros'
[0.459s] Level 1:colcon.colcon_core.package_identification:_identify(src) by extensions ['cmake', 'python']
[0.460s] Level 1:colcon.colcon_core.package_identification:_identify(src) by extension 'cmake'
[0.460s] Level 1:colcon.colcon_core.package_identification:_identify(src) by extension 'python'
[0.460s] Level 1:colcon.colcon_core.package_identification:_identify(src) by extensions ['python_setup_py']
[0.460s] Level 1:colcon.colcon_core.package_identification:_identify(src) by extension 'python_setup_py'
[0.460s] Level 1:colcon.colcon_core.package_identification:_identify(src/autopatrol_interfaces) by extensions ['ignore', 'ignore_ament_install']
[0.460s] Level 1:colcon.colcon_core.package_identification:_identify(src/autopatrol_interfaces) by extension 'ignore'
[0.460s] Level 1:colcon.colcon_core.package_identification:_identify(src/autopatrol_interfaces) by extension 'ignore_ament_install'
[0.460s] Level 1:colcon.colcon_core.package_identification:_identify(src/autopatrol_interfaces) by extensions ['colcon_pkg']
[0.460s] Level 1:colcon.colcon_core.package_identification:_identify(src/autopatrol_interfaces) by extension 'colcon_pkg'
[0.460s] Level 1:colcon.colcon_core.package_identification:_identify(src/autopatrol_interfaces) by extensions ['colcon_meta']
[0.460s] Level 1:colcon.colcon_core.package_identification:_identify(src/autopatrol_interfaces) by extension 'colcon_meta'
[0.460s] Level 1:colcon.colcon_core.package_identification:_identify(src/autopatrol_interfaces) by extensions ['ros']
[0.460s] Level 1:colcon.colcon_core.package_identification:_identify(src/autopatrol_interfaces) by extension 'ros'
[0.462s] DEBUG:colcon.colcon_core.package_identification:Package 'src/autopatrol_interfaces' with type 'ros.ament_cmake' and name 'autopatrol_interfaces'
[0.462s] Level 1:colcon.colcon_core.package_identification:_identify(src/autopatrol_robot) by extensions ['ignore', 'ignore_ament_install']
[0.462s] Level 1:colcon.colcon_core.package_identification:_identify(src/autopatrol_robot) by extension 'ignore'
[0.463s] Level 1:colcon.colcon_core.package_identification:_identify(src/autopatrol_robot) by extension 'ignore_ament_install'
[0.463s] Level 1:colcon.colcon_core.package_identification:_identify(src/autopatrol_robot) by extensions ['colcon_pkg']
[0.463s] Level 1:colcon.colcon_core.package_identification:_identify(src/autopatrol_robot) by extension 'colcon_pkg'
[0.463s] Level 1:colcon.colcon_core.package_identification:_identify(src/autopatrol_robot) by extensions ['colcon_meta']
[0.463s] Level 1:colcon.colcon_core.package_identification:_identify(src/autopatrol_robot) by extension 'colcon_meta'
[0.463s] Level 1:colcon.colcon_core.package_identification:_identify(src/autopatrol_robot) by extensions ['ros']
[0.463s] Level 1:colcon.colcon_core.package_identification:_identify(src/autopatrol_robot) by extension 'ros'
[0.463s] DEBUG:colcon.colcon_core.package_identification:Package 'src/autopatrol_robot' with type 'ros.ament_python' and name 'autopatrol_robot'
[0.463s] Level 1:colcon.colcon_core.package_identification:_identify(src/fishbot_application) by extensions ['ignore', 'ignore_ament_install']
[0.464s] Level 1:colcon.colcon_core.package_identification:_identify(src/fishbot_application) by extension 'ignore'
[0.464s] Level 1:colcon.colcon_core.package_identification:_identify(src/fishbot_application) by extension 'ignore_ament_install'
[0.464s] Level 1:colcon.colcon_core.package_identification:_identify(src/fishbot_application) by extensions ['colcon_pkg']
[0.464s] Level 1:colcon.colcon_core.package_identification:_identify(src/fishbot_application) by extension 'colcon_pkg'
[0.464s] Level 1:colcon.colcon_core.package_identification:_identify(src/fishbot_application) by extensions ['colcon_meta']
[0.464s] Level 1:colcon.colcon_core.package_identification:_identify(src/fishbot_application) by extension 'colcon_meta'
[0.464s] Level 1:colcon.colcon_core.package_identification:_identify(src/fishbot_application) by extensions ['ros']
[0.464s] Level 1:colcon.colcon_core.package_identification:_identify(src/fishbot_application) by extension 'ros'
[0.464s] DEBUG:colcon.colcon_core.package_identification:Package 'src/fishbot_application' with type 'ros.ament_python' and name 'fishbot_application'
[0.464s] Level 1:colcon.colcon_core.package_identification:_identify(src/fishbot_navigation2) by extensions ['ignore', 'ignore_ament_install']
[0.464s] Level 1:colcon.colcon_core.package_identification:_identify(src/fishbot_navigation2) by extension 'ignore'
[0.464s] Level 1:colcon.colcon_core.package_identification:_identify(src/fishbot_navigation2) by extension 'ignore_ament_install'
[0.464s] Level 1:colcon.colcon_core.package_identification:_identify(src/fishbot_navigation2) by extensions ['colcon_pkg']
[0.464s] Level 1:colcon.colcon_core.package_identification:_identify(src/fishbot_navigation2) by extension 'colcon_pkg'
[0.464s] Level 1:colcon.colcon_core.package_identification:_identify(src/fishbot_navigation2) by extensions ['colcon_meta']
[0.464s] Level 1:colcon.colcon_core.package_identification:_identify(src/fishbot_navigation2) by extension 'colcon_meta'
[0.464s] Level 1:colcon.colcon_core.package_identification:_identify(src/fishbot_navigation2) by extensions ['ros']
[0.464s] Level 1:colcon.colcon_core.package_identification:_identify(src/fishbot_navigation2) by extension 'ros'
[0.465s] DEBUG:colcon.colcon_core.package_identification:Package 'src/fishbot_navigation2' with type 'ros.ament_cmake' and name 'fishbot_navigation2'
[0.465s] Level 1:colcon.colcon_core.package_identification:_identify(src/robot_description2) by extensions ['ignore', 'ignore_ament_install']
[0.465s] Level 1:colcon.colcon_core.package_identification:_identify(src/robot_description2) by extension 'ignore'
[0.465s] Level 1:colcon.colcon_core.package_identification:_identify(src/robot_description2) by extension 'ignore_ament_install'
[0.465s] Level 1:colcon.colcon_core.package_identification:_identify(src/robot_description2) by extensions ['colcon_pkg']
[0.465s] Level 1:colcon.colcon_core.package_identification:_identify(src/robot_description2) by extension 'colcon_pkg'
[0.465s] Level 1:colcon.colcon_core.package_identification:_identify(src/robot_description2) by extensions ['colcon_meta']
[0.465s] Level 1:colcon.colcon_core.package_identification:_identify(src/robot_description2) by extension 'colcon_meta'
[0.465s] Level 1:colcon.colcon_core.package_identification:_identify(src/robot_description2) by extensions ['ros']
[0.465s] Level 1:colcon.colcon_core.package_identification:_identify(src/robot_description2) by extension 'ros'
[0.466s] DEBUG:colcon.colcon_core.package_identification:Package 'src/robot_description2' with type 'ros.ament_cmake' and name 'robot_description2'
[0.466s] Level 1:colcon.colcon_core.package_discovery:discover_packages(recursive) using defaults
[0.466s] Level 1:colcon.colcon_core.package_discovery:discover_packages(ignore) discover
[0.466s] Level 1:colcon.colcon_core.package_discovery:discover_packages(ignore) using defaults
[0.466s] Level 1:colcon.colcon_core.package_discovery:discover_packages(path) discover
[0.466s] Level 1:colcon.colcon_core.package_discovery:discover_packages(path) using defaults
[0.489s] Level 1:colcon.colcon_core.package_discovery:discover_packages(prefix_path) check parameters
[0.490s] Level 1:colcon.colcon_core.package_discovery:discover_packages(prefix_path) discover
[0.491s] DEBUG:colcon.colcon_installed_package_information.package_discovery:Found 5 installed packages in /home/zylyehuo/ROS2_learning/chapter7/chapt7_ws/install
[0.492s] DEBUG:colcon.colcon_installed_package_information.package_discovery:Found 387 installed packages in /opt/ros/humble
[0.493s] Level 1:colcon.colcon_core.package_discovery:discover_packages(prefix_path) using defaults
[0.529s] Level 5:colcon.colcon_core.verb:set package 'autopatrol_interfaces' build argument 'cmake_args' from command line to 'None'
[0.529s] Level 5:colcon.colcon_core.verb:set package 'autopatrol_interfaces' build argument 'cmake_target' from command line to 'None'
[0.529s] Level 5:colcon.colcon_core.verb:set package 'autopatrol_interfaces' build argument 'cmake_target_skip_unavailable' from command line to 'False'
[0.529s] Level 5:colcon.colcon_core.verb:set package 'autopatrol_interfaces' build argument 'cmake_clean_cache' from command line to 'False'
[0.529s] Level 5:colcon.colcon_core.verb:set package 'autopatrol_interfaces' build argument 'cmake_clean_first' from command line to 'False'
[0.529s] Level 5:colcon.colcon_core.verb:set package 'autopatrol_interfaces' build argument 'cmake_force_configure' from command line to 'False'
[0.529s] Level 5:colcon.colcon_core.verb:set package 'autopatrol_interfaces' build argument 'ament_cmake_args' from command line to 'None'
[0.529s] Level 5:colcon.colcon_core.verb:set package 'autopatrol_interfaces' build argument 'catkin_cmake_args' from command line to 'None'
[0.529s] Level 5:colcon.colcon_core.verb:set package 'autopatrol_interfaces' build argument 'catkin_skip_building_tests' from command line to 'False'
[0.529s] DEBUG:colcon.colcon_core.verb:Building package 'autopatrol_interfaces' with the following arguments: {'ament_cmake_args': None, 'build_base': '/home/zylyehuo/ROS2_learning/chapter7/chapt7_ws/build/autopatrol_interfaces', 'catkin_cmake_args': None, 'catkin_skip_building_tests': False, 'cmake_args': None, 'cmake_clean_cache': False, 'cmake_clean_first': False, 'cmake_force_configure': False, 'cmake_target': None, 'cmake_target_skip_unavailable': False, 'install_base': '/home/zylyehuo/ROS2_learning/chapter7/chapt7_ws/install/autopatrol_interfaces', 'merge_install': False, 'path': '/home/zylyehuo/ROS2_learning/chapter7/chapt7_ws/src/autopatrol_interfaces', 'symlink_install': False, 'test_result_base': None}
[0.529s] Level 5:colcon.colcon_core.verb:set package 'autopatrol_robot' build argument 'cmake_args' from command line to 'None'
[0.529s] Level 5:colcon.colcon_core.verb:set package 'autopatrol_robot' build argument 'cmake_target' from command line to 'None'
[0.529s] Level 5:colcon.colcon_core.verb:set package 'autopatrol_robot' build argument 'cmake_target_skip_unavailable' from command line to 'False'
[0.529s] Level 5:colcon.colcon_core.verb:set package 'autopatrol_robot' build argument 'cmake_clean_cache' from command line to 'False'
[0.530s] Level 5:colcon.colcon_core.verb:set package 'autopatrol_robot' build argument 'cmake_clean_first' from command line to 'False'
[0.530s] Level 5:colcon.colcon_core.verb:set package 'autopatrol_robot' build argument 'cmake_force_configure' from command line to 'False'
[0.530s] Level 5:colcon.colcon_core.verb:set package 'autopatrol_robot' build argument 'ament_cmake_args' from command line to 'None'
[0.530s] Level 5:colcon.colcon_core.verb:set package 'autopatrol_robot' build argument 'catkin_cmake_args' from command line to 'None'
[0.530s] Level 5:colcon.colcon_core.verb:set package 'autopatrol_robot' build argument 'catkin_skip_building_tests' from command line to 'False'
[0.530s] DEBUG:colcon.colcon_core.verb:Building package 'autopatrol_robot' with the following arguments: {'ament_cmake_args': None, 'build_base': '/home/zylyehuo/ROS2_learning/chapter7/chapt7_ws/build/autopatrol_robot', 'catkin_cmake_args': None, 'catkin_skip_building_tests': False, 'cmake_args': None, 'cmake_clean_cache': False, 'cmake_clean_first': False, 'cmake_force_configure': False, 'cmake_target': None, 'cmake_target_skip_unavailable': False, 'install_base': '/home/zylyehuo/ROS2_learning/chapter7/chapt7_ws/install/autopatrol_robot', 'merge_install': False, 'path': '/home/zylyehuo/ROS2_learning/chapter7/chapt7_ws/src/autopatrol_robot', 'symlink_install': False, 'test_result_base': None}
[0.530s] Level 5:colcon.colcon_core.verb:set package 'fishbot_application' build argument 'cmake_args' from command line to 'None'
[0.530s] Level 5:colcon.colcon_core.verb:set package 'fishbot_application' build argument 'cmake_target' from command line to 'None'
[0.530s] Level 5:colcon.colcon_core.verb:set package 'fishbot_application' build argument 'cmake_target_skip_unavailable' from command line to 'False'
[0.530s] Level 5:colcon.colcon_core.verb:set package 'fishbot_application' build argument 'cmake_clean_cache' from command line to 'False'
[0.530s] Level 5:colcon.colcon_core.verb:set package 'fishbot_application' build argument 'cmake_clean_first' from command line to 'False'
[0.530s] Level 5:colcon.colcon_core.verb:set package 'fishbot_application' build argument 'cmake_force_configure' from command line to 'False'
[0.530s] Level 5:colcon.colcon_core.verb:set package 'fishbot_application' build argument 'ament_cmake_args' from command line to 'None'
[0.530s] Level 5:colcon.colcon_core.verb:set package 'fishbot_application' build argument 'catkin_cmake_args' from command line to 'None'
[0.530s] Level 5:colcon.colcon_core.verb:set package 'fishbot_application' build argument 'catkin_skip_building_tests' from command line to 'False'
[0.530s] DEBUG:colcon.colcon_core.verb:Building package 'fishbot_application' with the following arguments: {'ament_cmake_args': None, 'build_base': '/home/zylyehuo/ROS2_learning/chapter7/chapt7_ws/build/fishbot_application', 'catkin_cmake_args': None, 'catkin_skip_building_tests': False, 'cmake_args': None, 'cmake_clean_cache': False, 'cmake_clean_first': False, 'cmake_force_configure': False, 'cmake_target': None, 'cmake_target_skip_unavailable': False, 'install_base': '/home/zylyehuo/ROS2_learning/chapter7/chapt7_ws/install/fishbot_application', 'merge_install': False, 'path': '/home/zylyehuo/ROS2_learning/chapter7/chapt7_ws/src/fishbot_application', 'symlink_install': False, 'test_result_base': None}
[0.530s] Level 5:colcon.colcon_core.verb:set package 'fishbot_navigation2' build argument 'cmake_args' from command line to 'None'
[0.530s] Level 5:colcon.colcon_core.verb:set package 'fishbot_navigation2' build argument 'cmake_target' from command line to 'None'
[0.530s] Level 5:colcon.colcon_core.verb:set package 'fishbot_navigation2' build argument 'cmake_target_skip_unavailable' from command line to 'False'
[0.530s] Level 5:colcon.colcon_core.verb:set package 'fishbot_navigation2' build argument 'cmake_clean_cache' from command line to 'False'
[0.530s] Level 5:colcon.colcon_core.verb:set package 'fishbot_navigation2' build argument 'cmake_clean_first' from command line to 'False'
[0.530s] Level 5:colcon.colcon_core.verb:set package 'fishbot_navigation2' build argument 'cmake_force_configure' from command line to 'False'
[0.530s] Level 5:colcon.colcon_core.verb:set package 'fishbot_navigation2' build argument 'ament_cmake_args' from command line to 'None'
[0.530s] Level 5:colcon.colcon_core.verb:set package 'fishbot_navigation2' build argument 'catkin_cmake_args' from command line to 'None'
[0.531s] Level 5:colcon.colcon_core.verb:set package 'fishbot_navigation2' build argument 'catkin_skip_building_tests' from command line to 'False'
[0.531s] DEBUG:colcon.colcon_core.verb:Building package 'fishbot_navigation2' with the following arguments: {'ament_cmake_args': None, 'build_base': '/home/zylyehuo/ROS2_learning/chapter7/chapt7_ws/build/fishbot_navigation2', 'catkin_cmake_args': None, 'catkin_skip_building_tests': False, 'cmake_args': None, 'cmake_clean_cache': False, 'cmake_clean_first': False, 'cmake_force_configure': False, 'cmake_target': None, 'cmake_target_skip_unavailable': False, 'install_base': '/home/zylyehuo/ROS2_learning/chapter7/chapt7_ws/install/fishbot_navigation2', 'merge_install': False, 'path': '/home/zylyehuo/ROS2_learning/chapter7/chapt7_ws/src/fishbot_navigation2', 'symlink_install': False, 'test_result_base': None}
[0.531s] Level 5:colcon.colcon_core.verb:set package 'robot_description2' build argument 'cmake_args' from command line to 'None'
[0.531s] Level 5:colcon.colcon_core.verb:set package 'robot_description2' build argument 'cmake_target' from command line to 'None'
[0.531s] Level 5:colcon.colcon_core.verb:set package 'robot_description2' build argument 'cmake_target_skip_unavailable' from command line to 'False'
[0.531s] Level 5:colcon.colcon_core.verb:set package 'robot_description2' build argument 'cmake_clean_cache' from command line to 'False'
[0.531s] Level 5:colcon.colcon_core.verb:set package 'robot_description2' build argument 'cmake_clean_first' from command line to 'False'
[0.531s] Level 5:colcon.colcon_core.verb:set package 'robot_description2' build argument 'cmake_force_configure' from command line to 'False'
[0.531s] Level 5:colcon.colcon_core.verb:set package 'robot_description2' build argument 'ament_cmake_args' from command line to 'None'
[0.531s] Level 5:colcon.colcon_core.verb:set package 'robot_description2' build argument 'catkin_cmake_args' from command line to 'None'
[0.531s] Level 5:colcon.colcon_core.verb:set package 'robot_description2' build argument 'catkin_skip_building_tests' from command line to 'False'
[0.531s] DEBUG:colcon.colcon_core.verb:Building package 'robot_description2' with the following arguments: {'ament_cmake_args': None, 'build_base': '/home/zylyehuo/ROS2_learning/chapter7/chapt7_ws/build/robot_description2', 'catkin_cmake_args': None, 'catkin_skip_building_tests': False, 'cmake_args': None, 'cmake_clean_cache': False, 'cmake_clean_first': False, 'cmake_force_configure': False, 'cmake_target': None, 'cmake_target_skip_unavailable': False, 'install_base': '/home/zylyehuo/ROS2_learning/chapter7/chapt7_ws/install/robot_description2', 'merge_install': False, 'path': '/home/zylyehuo/ROS2_learning/chapter7/chapt7_ws/src/robot_description2', 'symlink_install': False, 'test_result_base': None}
[0.531s] INFO:colcon.colcon_core.executor:Executing jobs using 'parallel' executor
[0.532s] DEBUG:colcon.colcon_parallel_executor.executor.parallel:run_until_complete
[0.533s] INFO:colcon.colcon_ros.task.ament_cmake.build:Building ROS package in '/home/zylyehuo/ROS2_learning/chapter7/chapt7_ws/src/autopatrol_interfaces' with build type 'ament_cmake'
[0.533s] INFO:colcon.colcon_cmake.task.cmake.build:Building CMake package in '/home/zylyehuo/ROS2_learning/chapter7/chapt7_ws/src/autopatrol_interfaces'
[0.535s] INFO:colcon.colcon_core.plugin_system:Skipping extension 'colcon_core.shell.bat': Not used on non-Windows systems
[0.535s] INFO:colcon.colcon_core.shell:Skip shell extension 'powershell' for command environment: Not usable outside of PowerShell
[0.536s] DEBUG:colcon.colcon_core.shell:Skip shell extension 'dsv' for command environment
[0.539s] INFO:colcon.colcon_ros.task.ament_python.build:Building ROS package in '/home/zylyehuo/ROS2_learning/chapter7/chapt7_ws/src/autopatrol_robot' with build type 'ament_python'
[0.539s] Level 1:colcon.colcon_core.shell:create_environment_hook('autopatrol_robot', 'ament_prefix_path')
[0.539s] INFO:colcon.colcon_core.shell:Creating environment hook '/home/zylyehuo/ROS2_learning/chapter7/chapt7_ws/install/autopatrol_robot/share/autopatrol_robot/hook/ament_prefix_path.ps1'
[0.540s] INFO:colcon.colcon_core.shell:Creating environment descriptor '/home/zylyehuo/ROS2_learning/chapter7/chapt7_ws/install/autopatrol_robot/share/autopatrol_robot/hook/ament_prefix_path.dsv'
[0.540s] INFO:colcon.colcon_core.shell:Creating environment hook '/home/zylyehuo/ROS2_learning/chapter7/chapt7_ws/install/autopatrol_robot/share/autopatrol_robot/hook/ament_prefix_path.sh'
[0.541s] INFO:colcon.colcon_core.shell:Skip shell extension 'powershell' for command environment: Not usable outside of PowerShell
[0.541s] DEBUG:colcon.colcon_core.shell:Skip shell extension 'dsv' for command environment
[0.545s] INFO:colcon.colcon_ros.task.ament_python.build:Building ROS package in '/home/zylyehuo/ROS2_learning/chapter7/chapt7_ws/src/fishbot_application' with build type 'ament_python'
[0.545s] Level 1:colcon.colcon_core.shell:create_environment_hook('fishbot_application', 'ament_prefix_path')
[0.545s] INFO:colcon.colcon_core.shell:Creating environment hook '/home/zylyehuo/ROS2_learning/chapter7/chapt7_ws/install/fishbot_application/share/fishbot_application/hook/ament_prefix_path.ps1'
[0.546s] INFO:colcon.colcon_core.shell:Creating environment descriptor '/home/zylyehuo/ROS2_learning/chapter7/chapt7_ws/install/fishbot_application/share/fishbot_application/hook/ament_prefix_path.dsv'
[0.546s] INFO:colcon.colcon_core.shell:Creating environment hook '/home/zylyehuo/ROS2_learning/chapter7/chapt7_ws/install/fishbot_application/share/fishbot_application/hook/ament_prefix_path.sh'
[0.546s] INFO:colcon.colcon_core.shell:Skip shell extension 'powershell' for command environment: Not usable outside of PowerShell
[0.547s] DEBUG:colcon.colcon_core.shell:Skip shell extension 'dsv' for command environment
[0.549s] INFO:colcon.colcon_ros.task.ament_cmake.build:Building ROS package in '/home/zylyehuo/ROS2_learning/chapter7/chapt7_ws/src/fishbot_navigation2' with build type 'ament_cmake'
[0.549s] INFO:colcon.colcon_cmake.task.cmake.build:Building CMake package in '/home/zylyehuo/ROS2_learning/chapter7/chapt7_ws/src/fishbot_navigation2'
[0.550s] INFO:colcon.colcon_core.shell:Skip shell extension 'powershell' for command environment: Not usable outside of PowerShell
[0.550s] DEBUG:colcon.colcon_core.shell:Skip shell extension 'dsv' for command environment
[0.553s] INFO:colcon.colcon_ros.task.ament_cmake.build:Building ROS package in '/home/zylyehuo/ROS2_learning/chapter7/chapt7_ws/src/robot_description2' with build type 'ament_cmake'
[0.553s] INFO:colcon.colcon_cmake.task.cmake.build:Building CMake package in '/home/zylyehuo/ROS2_learning/chapter7/chapt7_ws/src/robot_description2'
[0.553s] INFO:colcon.colcon_core.shell:Skip shell extension 'powershell' for command environment: Not usable outside of PowerShell
[0.553s] DEBUG:colcon.colcon_core.shell:Skip shell extension 'dsv' for command environment
[0.563s] DEBUG:colcon.colcon_core.event_handler.log_command:Invoking command in '/home/zylyehuo/ROS2_learning/chapter7/chapt7_ws/build/autopatrol_interfaces': CMAKE_PREFIX_PATH=${CMAKE_PREFIX_PATH}:/home/zylyehuo/ROS2_learning/chapter7/chapt7_ws/install/fishbot_application:/home/zylyehuo/ROS2_learning/chapter7/chapt7_ws/install/autopatrol_robot:/opt/ros/humble /usr/bin/cmake --build /home/zylyehuo/ROS2_learning/chapter7/chapt7_ws/build/autopatrol_interfaces -- -j16 -l16
[0.824s] INFO:colcon.colcon_core.task.python.build:Building Python package in '/home/zylyehuo/ROS2_learning/chapter7/chapt7_ws/src/autopatrol_robot'
[0.825s] INFO:colcon.colcon_core.shell:Skip shell extension 'powershell' for command environment: Not usable outside of PowerShell
[0.825s] DEBUG:colcon.colcon_core.shell:Skip shell extension 'dsv' for command environment
[1.040s] INFO:colcon.colcon_core.task.python.build:Building Python package in '/home/zylyehuo/ROS2_learning/chapter7/chapt7_ws/src/fishbot_application'
[1.041s] INFO:colcon.colcon_core.shell:Skip shell extension 'powershell' for command environment: Not usable outside of PowerShell
[1.041s] DEBUG:colcon.colcon_core.shell:Skip shell extension 'dsv' for command environment
[1.051s] DEBUG:colcon.colcon_core.event_handler.log_command:Invoking command in '/home/zylyehuo/ROS2_learning/chapter7/chapt7_ws/build/fishbot_navigation2': CMAKE_PREFIX_PATH=${CMAKE_PREFIX_PATH}:/home/zylyehuo/ROS2_learning/chapter7/chapt7_ws/install/fishbot_application:/home/zylyehuo/ROS2_learning/chapter7/chapt7_ws/install/autopatrol_robot:/opt/ros/humble /usr/bin/cmake --build /home/zylyehuo/ROS2_learning/chapter7/chapt7_ws/build/fishbot_navigation2 -- -j16 -l16
[1.056s] DEBUG:colcon.colcon_core.event_handler.log_command:Invoking command in '/home/zylyehuo/ROS2_learning/chapter7/chapt7_ws/build/robot_description2': CMAKE_PREFIX_PATH=${CMAKE_PREFIX_PATH}:/home/zylyehuo/ROS2_learning/chapter7/chapt7_ws/install/fishbot_application:/home/zylyehuo/ROS2_learning/chapter7/chapt7_ws/install/autopatrol_robot:/opt/ros/humble /usr/bin/cmake --build /home/zylyehuo/ROS2_learning/chapter7/chapt7_ws/build/robot_description2 -- -j16 -l16
[1.057s] DEBUG:colcon.colcon_core.event_handler.log_command:Invoked command in '/home/zylyehuo/ROS2_learning/chapter7/chapt7_ws/build/autopatrol_interfaces' returned '0': CMAKE_PREFIX_PATH=${CMAKE_PREFIX_PATH}:/home/zylyehuo/ROS2_learning/chapter7/chapt7_ws/install/fishbot_application:/home/zylyehuo/ROS2_learning/chapter7/chapt7_ws/install/autopatrol_robot:/opt/ros/humble /usr/bin/cmake --build /home/zylyehuo/ROS2_learning/chapter7/chapt7_ws/build/autopatrol_interfaces -- -j16 -l16
[1.065s] DEBUG:colcon.colcon_core.event_handler.log_command:Invoking command in '/home/zylyehuo/ROS2_learning/chapter7/chapt7_ws/build/autopatrol_interfaces': CMAKE_PREFIX_PATH=${CMAKE_PREFIX_PATH}:/home/zylyehuo/ROS2_learning/chapter7/chapt7_ws/install/fishbot_application:/home/zylyehuo/ROS2_learning/chapter7/chapt7_ws/install/autopatrol_robot:/opt/ros/humble /usr/bin/cmake --install /home/zylyehuo/ROS2_learning/chapter7/chapt7_ws/build/autopatrol_interfaces
[1.082s] DEBUG:colcon.colcon_core.event_handler.log_command:Invoked command in '/home/zylyehuo/ROS2_learning/chapter7/chapt7_ws/build/fishbot_navigation2' returned '0': CMAKE_PREFIX_PATH=${CMAKE_PREFIX_PATH}:/home/zylyehuo/ROS2_learning/chapter7/chapt7_ws/install/fishbot_application:/home/zylyehuo/ROS2_learning/chapter7/chapt7_ws/install/autopatrol_robot:/opt/ros/humble /usr/bin/cmake --build /home/zylyehuo/ROS2_learning/chapter7/chapt7_ws/build/fishbot_navigation2 -- -j16 -l16
[1.083s] DEBUG:colcon.colcon_core.event_handler.log_command:Invoking command in '/home/zylyehuo/ROS2_learning/chapter7/chapt7_ws/build/fishbot_navigation2': CMAKE_PREFIX_PATH=${CMAKE_PREFIX_PATH}:/home/zylyehuo/ROS2_learning/chapter7/chapt7_ws/install/fishbot_application:/home/zylyehuo/ROS2_learning/chapter7/chapt7_ws/install/autopatrol_robot:/opt/ros/humble /usr/bin/cmake --install /home/zylyehuo/ROS2_learning/chapter7/chapt7_ws/build/fishbot_navigation2
[1.091s] DEBUG:colcon.colcon_core.event_handler.log_command:Invoked command in '/home/zylyehuo/ROS2_learning/chapter7/chapt7_ws/build/robot_description2' returned '0': CMAKE_PREFIX_PATH=${CMAKE_PREFIX_PATH}:/home/zylyehuo/ROS2_learning/chapter7/chapt7_ws/install/fishbot_application:/home/zylyehuo/ROS2_learning/chapter7/chapt7_ws/install/autopatrol_robot:/opt/ros/humble /usr/bin/cmake --build /home/zylyehuo/ROS2_learning/chapter7/chapt7_ws/build/robot_description2 -- -j16 -l16
[1.093s] DEBUG:colcon.colcon_core.event_handler.log_command:Invoking command in '/home/zylyehuo/ROS2_learning/chapter7/chapt7_ws/build/robot_description2': CMAKE_PREFIX_PATH=${CMAKE_PREFIX_PATH}:/home/zylyehuo/ROS2_learning/chapter7/chapt7_ws/install/fishbot_application:/home/zylyehuo/ROS2_learning/chapter7/chapt7_ws/install/autopatrol_robot:/opt/ros/humble /usr/bin/cmake --install /home/zylyehuo/ROS2_learning/chapter7/chapt7_ws/build/robot_description2
[1.100s] Level 1:colcon.colcon_core.environment:create_environment_scripts_only(fishbot_navigation2)
[1.102s] DEBUG:colcon.colcon_core.event_handler.log_command:Invoked command in '/home/zylyehuo/ROS2_learning/chapter7/chapt7_ws/build/fishbot_navigation2' returned '0': CMAKE_PREFIX_PATH=${CMAKE_PREFIX_PATH}:/home/zylyehuo/ROS2_learning/chapter7/chapt7_ws/install/fishbot_application:/home/zylyehuo/ROS2_learning/chapter7/chapt7_ws/install/autopatrol_robot:/opt/ros/humble /usr/bin/cmake --install /home/zylyehuo/ROS2_learning/chapter7/chapt7_ws/build/fishbot_navigation2
[1.122s] Level 1:colcon.colcon_core.environment:checking '/home/zylyehuo/ROS2_learning/chapter7/chapt7_ws/install/fishbot_navigation2' for CMake module files
[1.122s] Level 1:colcon.colcon_core.environment:checking '/home/zylyehuo/ROS2_learning/chapter7/chapt7_ws/install/fishbot_navigation2' for CMake config files
[1.122s] Level 1:colcon.colcon_core.shell:create_environment_hook('fishbot_navigation2', 'cmake_prefix_path')
[1.122s] INFO:colcon.colcon_core.shell:Creating environment hook '/home/zylyehuo/ROS2_learning/chapter7/chapt7_ws/install/fishbot_navigation2/share/fishbot_navigation2/hook/cmake_prefix_path.ps1'
[1.123s] INFO:colcon.colcon_core.shell:Creating environment descriptor '/home/zylyehuo/ROS2_learning/chapter7/chapt7_ws/install/fishbot_navigation2/share/fishbot_navigation2/hook/cmake_prefix_path.dsv'
[1.124s] INFO:colcon.colcon_core.shell:Creating environment hook '/home/zylyehuo/ROS2_learning/chapter7/chapt7_ws/install/fishbot_navigation2/share/fishbot_navigation2/hook/cmake_prefix_path.sh'
[1.124s] Level 1:colcon.colcon_core.environment:checking '/home/zylyehuo/ROS2_learning/chapter7/chapt7_ws/install/fishbot_navigation2/bin'
[1.125s] Level 1:colcon.colcon_core.environment:checking '/home/zylyehuo/ROS2_learning/chapter7/chapt7_ws/install/fishbot_navigation2/lib/pkgconfig/fishbot_navigation2.pc'
[1.125s] Level 1:colcon.colcon_core.environment:checking '/home/zylyehuo/ROS2_learning/chapter7/chapt7_ws/install/fishbot_navigation2/lib/python3.10/site-packages'
[1.125s] Level 1:colcon.colcon_core.environment:checking '/home/zylyehuo/ROS2_learning/chapter7/chapt7_ws/install/fishbot_navigation2/bin'
[1.126s] INFO:colcon.colcon_core.shell:Creating package script '/home/zylyehuo/ROS2_learning/chapter7/chapt7_ws/install/fishbot_navigation2/share/fishbot_navigation2/package.ps1'
[1.133s] INFO:colcon.colcon_core.shell:Creating package descriptor '/home/zylyehuo/ROS2_learning/chapter7/chapt7_ws/install/fishbot_navigation2/share/fishbot_navigation2/package.dsv'
[1.136s] INFO:colcon.colcon_core.shell:Creating package script '/home/zylyehuo/ROS2_learning/chapter7/chapt7_ws/install/fishbot_navigation2/share/fishbot_navigation2/package.sh'
[1.138s] INFO:colcon.colcon_core.shell:Creating package script '/home/zylyehuo/ROS2_learning/chapter7/chapt7_ws/install/fishbot_navigation2/share/fishbot_navigation2/package.bash'
[1.139s] INFO:colcon.colcon_core.shell:Creating package script '/home/zylyehuo/ROS2_learning/chapter7/chapt7_ws/install/fishbot_navigation2/share/fishbot_navigation2/package.zsh'
[1.140s] Level 1:colcon.colcon_core.environment:create_file_with_runtime_dependencies(/home/zylyehuo/ROS2_learning/chapter7/chapt7_ws/install/fishbot_navigation2/share/colcon-core/packages/fishbot_navigation2)
[1.140s] Level 1:colcon.colcon_core.environment:create_environment_scripts_only(fishbot_navigation2)
[1.140s] Level 1:colcon.colcon_core.environment:checking '/home/zylyehuo/ROS2_learning/chapter7/chapt7_ws/install/fishbot_navigation2' for CMake module files
[1.141s] Level 1:colcon.colcon_core.environment:checking '/home/zylyehuo/ROS2_learning/chapter7/chapt7_ws/install/fishbot_navigation2' for CMake config files
[1.141s] Level 1:colcon.colcon_core.shell:create_environment_hook('fishbot_navigation2', 'cmake_prefix_path')
[1.142s] INFO:colcon.colcon_core.shell:Creating environment hook '/home/zylyehuo/ROS2_learning/chapter7/chapt7_ws/install/fishbot_navigation2/share/fishbot_navigation2/hook/cmake_prefix_path.ps1'
[1.142s] INFO:colcon.colcon_core.shell:Creating environment descriptor '/home/zylyehuo/ROS2_learning/chapter7/chapt7_ws/install/fishbot_navigation2/share/fishbot_navigation2/hook/cmake_prefix_path.dsv'
[1.142s] INFO:colcon.colcon_core.shell:Creating environment hook '/home/zylyehuo/ROS2_learning/chapter7/chapt7_ws/install/fishbot_navigation2/share/fishbot_navigation2/hook/cmake_prefix_path.sh'
[1.143s] Level 1:colcon.colcon_core.environment:checking '/home/zylyehuo/ROS2_learning/chapter7/chapt7_ws/install/fishbot_navigation2/bin'
[1.143s] Level 1:colcon.colcon_core.environment:checking '/home/zylyehuo/ROS2_learning/chapter7/chapt7_ws/install/fishbot_navigation2/lib/pkgconfig/fishbot_navigation2.pc'
[1.143s] Level 1:colcon.colcon_core.environment:checking '/home/zylyehuo/ROS2_learning/chapter7/chapt7_ws/install/fishbot_navigation2/lib/python3.10/site-packages'
[1.144s] Level 1:colcon.colcon_core.environment:checking '/home/zylyehuo/ROS2_learning/chapter7/chapt7_ws/install/fishbot_navigation2/bin'
[1.144s] INFO:colcon.colcon_core.shell:Creating package script '/home/zylyehuo/ROS2_learning/chapter7/chapt7_ws/install/fishbot_navigation2/share/fishbot_navigation2/package.ps1'
[1.144s] INFO:colcon.colcon_core.shell:Creating package descriptor '/home/zylyehuo/ROS2_learning/chapter7/chapt7_ws/install/fishbot_navigation2/share/fishbot_navigation2/package.dsv'
[1.145s] INFO:colcon.colcon_core.shell:Creating package script '/home/zylyehuo/ROS2_learning/chapter7/chapt7_ws/install/fishbot_navigation2/share/fishbot_navigation2/package.sh'
[1.146s] INFO:colcon.colcon_core.shell:Creating package script '/home/zylyehuo/ROS2_learning/chapter7/chapt7_ws/install/fishbot_navigation2/share/fishbot_navigation2/package.bash'
[1.146s] INFO:colcon.colcon_core.shell:Creating package script '/home/zylyehuo/ROS2_learning/chapter7/chapt7_ws/install/fishbot_navigation2/share/fishbot_navigation2/package.zsh'
[1.146s] Level 1:colcon.colcon_core.environment:create_file_with_runtime_dependencies(/home/zylyehuo/ROS2_learning/chapter7/chapt7_ws/install/fishbot_navigation2/share/colcon-core/packages/fishbot_navigation2)
[1.148s] Level 1:colcon.colcon_core.environment:create_environment_scripts_only(robot_description2)
[1.149s] Level 1:colcon.colcon_core.environment:checking '/home/zylyehuo/ROS2_learning/chapter7/chapt7_ws/install/robot_description2' for CMake module files
[1.150s] DEBUG:colcon.colcon_core.event_handler.log_command:Invoked command in '/home/zylyehuo/ROS2_learning/chapter7/chapt7_ws/build/robot_description2' returned '0': CMAKE_PREFIX_PATH=${CMAKE_PREFIX_PATH}:/home/zylyehuo/ROS2_learning/chapter7/chapt7_ws/install/fishbot_application:/home/zylyehuo/ROS2_learning/chapter7/chapt7_ws/install/autopatrol_robot:/opt/ros/humble /usr/bin/cmake --install /home/zylyehuo/ROS2_learning/chapter7/chapt7_ws/build/robot_description2
[1.151s] Level 1:colcon.colcon_core.environment:checking '/home/zylyehuo/ROS2_learning/chapter7/chapt7_ws/install/robot_description2' for CMake config files
[1.151s] Level 1:colcon.colcon_core.shell:create_environment_hook('robot_description2', 'cmake_prefix_path')
[1.151s] INFO:colcon.colcon_core.shell:Creating environment hook '/home/zylyehuo/ROS2_learning/chapter7/chapt7_ws/install/robot_description2/share/robot_description2/hook/cmake_prefix_path.ps1'
[1.151s] INFO:colcon.colcon_core.shell:Creating environment descriptor '/home/zylyehuo/ROS2_learning/chapter7/chapt7_ws/install/robot_description2/share/robot_description2/hook/cmake_prefix_path.dsv'
[1.152s] INFO:colcon.colcon_core.shell:Creating environment hook '/home/zylyehuo/ROS2_learning/chapter7/chapt7_ws/install/robot_description2/share/robot_description2/hook/cmake_prefix_path.sh'
[1.152s] Level 1:colcon.colcon_core.environment:checking '/home/zylyehuo/ROS2_learning/chapter7/chapt7_ws/install/robot_description2/bin'
[1.152s] Level 1:colcon.colcon_core.environment:checking '/home/zylyehuo/ROS2_learning/chapter7/chapt7_ws/install/robot_description2/lib/pkgconfig/robot_description2.pc'
[1.153s] Level 1:colcon.colcon_core.environment:checking '/home/zylyehuo/ROS2_learning/chapter7/chapt7_ws/install/robot_description2/lib/python3.10/site-packages'
[1.153s] Level 1:colcon.colcon_core.environment:checking '/home/zylyehuo/ROS2_learning/chapter7/chapt7_ws/install/robot_description2/bin'
[1.153s] INFO:colcon.colcon_core.shell:Creating package script '/home/zylyehuo/ROS2_learning/chapter7/chapt7_ws/install/robot_description2/share/robot_description2/package.ps1'
[1.154s] INFO:colcon.colcon_core.shell:Creating package descriptor '/home/zylyehuo/ROS2_learning/chapter7/chapt7_ws/install/robot_description2/share/robot_description2/package.dsv'
[1.154s] INFO:colcon.colcon_core.shell:Creating package script '/home/zylyehuo/ROS2_learning/chapter7/chapt7_ws/install/robot_description2/share/robot_description2/package.sh'
[1.154s] INFO:colcon.colcon_core.shell:Creating package script '/home/zylyehuo/ROS2_learning/chapter7/chapt7_ws/install/robot_description2/share/robot_description2/package.bash'
[1.155s] INFO:colcon.colcon_core.shell:Creating package script '/home/zylyehuo/ROS2_learning/chapter7/chapt7_ws/install/robot_description2/share/robot_description2/package.zsh'
[1.155s] Level 1:colcon.colcon_core.environment:create_file_with_runtime_dependencies(/home/zylyehuo/ROS2_learning/chapter7/chapt7_ws/install/robot_description2/share/colcon-core/packages/robot_description2)
[1.156s] Level 1:colcon.colcon_core.environment:create_environment_scripts_only(robot_description2)
[1.156s] Level 1:colcon.colcon_core.environment:checking '/home/zylyehuo/ROS2_learning/chapter7/chapt7_ws/install/robot_description2' for CMake module files
[1.156s] Level 1:colcon.colcon_core.environment:checking '/home/zylyehuo/ROS2_learning/chapter7/chapt7_ws/install/robot_description2' for CMake config files
[1.157s] Level 1:colcon.colcon_core.shell:create_environment_hook('robot_description2', 'cmake_prefix_path')
[1.157s] INFO:colcon.colcon_core.shell:Creating environment hook '/home/zylyehuo/ROS2_learning/chapter7/chapt7_ws/install/robot_description2/share/robot_description2/hook/cmake_prefix_path.ps1'
[1.158s] INFO:colcon.colcon_core.shell:Creating environment descriptor '/home/zylyehuo/ROS2_learning/chapter7/chapt7_ws/install/robot_description2/share/robot_description2/hook/cmake_prefix_path.dsv'
[1.158s] INFO:colcon.colcon_core.shell:Creating environment hook '/home/zylyehuo/ROS2_learning/chapter7/chapt7_ws/install/robot_description2/share/robot_description2/hook/cmake_prefix_path.sh'
[1.159s] Level 1:colcon.colcon_core.environment:checking '/home/zylyehuo/ROS2_learning/chapter7/chapt7_ws/install/robot_description2/bin'
[1.159s] Level 1:colcon.colcon_core.environment:checking '/home/zylyehuo/ROS2_learning/chapter7/chapt7_ws/install/robot_description2/lib/pkgconfig/robot_description2.pc'
[1.159s] Level 1:colcon.colcon_core.environment:checking '/home/zylyehuo/ROS2_learning/chapter7/chapt7_ws/install/robot_description2/lib/python3.10/site-packages'
[1.160s] Level 1:colcon.colcon_core.environment:checking '/home/zylyehuo/ROS2_learning/chapter7/chapt7_ws/install/robot_description2/bin'
[1.160s] INFO:colcon.colcon_core.shell:Creating package script '/home/zylyehuo/ROS2_learning/chapter7/chapt7_ws/install/robot_description2/share/robot_description2/package.ps1'
[1.161s] INFO:colcon.colcon_core.shell:Creating package descriptor '/home/zylyehuo/ROS2_learning/chapter7/chapt7_ws/install/robot_description2/share/robot_description2/package.dsv'
[1.161s] INFO:colcon.colcon_core.shell:Creating package script '/home/zylyehuo/ROS2_learning/chapter7/chapt7_ws/install/robot_description2/share/robot_description2/package.sh'
[1.162s] INFO:colcon.colcon_core.shell:Creating package script '/home/zylyehuo/ROS2_learning/chapter7/chapt7_ws/install/robot_description2/share/robot_description2/package.bash'
[1.162s] INFO:colcon.colcon_core.shell:Creating package script '/home/zylyehuo/ROS2_learning/chapter7/chapt7_ws/install/robot_description2/share/robot_description2/package.zsh'
[1.163s] Level 1:colcon.colcon_core.environment:create_file_with_runtime_dependencies(/home/zylyehuo/ROS2_learning/chapter7/chapt7_ws/install/robot_description2/share/colcon-core/packages/robot_description2)
[1.164s] Level 1:colcon.colcon_core.environment:create_environment_scripts_only(autopatrol_interfaces)
[1.164s] Level 1:colcon.colcon_core.environment:checking '/home/zylyehuo/ROS2_learning/chapter7/chapt7_ws/install/autopatrol_interfaces' for CMake module files
[1.166s] DEBUG:colcon.colcon_core.event_handler.log_command:Invoked command in '/home/zylyehuo/ROS2_learning/chapter7/chapt7_ws/build/autopatrol_interfaces' returned '0': CMAKE_PREFIX_PATH=${CMAKE_PREFIX_PATH}:/home/zylyehuo/ROS2_learning/chapter7/chapt7_ws/install/fishbot_application:/home/zylyehuo/ROS2_learning/chapter7/chapt7_ws/install/autopatrol_robot:/opt/ros/humble /usr/bin/cmake --install /home/zylyehuo/ROS2_learning/chapter7/chapt7_ws/build/autopatrol_interfaces
[1.166s] Level 1:colcon.colcon_core.environment:checking '/home/zylyehuo/ROS2_learning/chapter7/chapt7_ws/install/autopatrol_interfaces' for CMake config files
[1.166s] Level 1:colcon.colcon_core.shell:create_environment_hook('autopatrol_interfaces', 'cmake_prefix_path')
[1.167s] INFO:colcon.colcon_core.shell:Creating environment hook '/home/zylyehuo/ROS2_learning/chapter7/chapt7_ws/install/autopatrol_interfaces/share/autopatrol_interfaces/hook/cmake_prefix_path.ps1'
[1.167s] INFO:colcon.colcon_core.shell:Creating environment descriptor '/home/zylyehuo/ROS2_learning/chapter7/chapt7_ws/install/autopatrol_interfaces/share/autopatrol_interfaces/hook/cmake_prefix_path.dsv'
[1.167s] INFO:colcon.colcon_core.shell:Creating environment hook '/home/zylyehuo/ROS2_learning/chapter7/chapt7_ws/install/autopatrol_interfaces/share/autopatrol_interfaces/hook/cmake_prefix_path.sh'
[1.168s] Level 1:colcon.colcon_core.environment:checking '/home/zylyehuo/ROS2_learning/chapter7/chapt7_ws/install/autopatrol_interfaces/lib'
[1.168s] Level 1:colcon.colcon_core.shell:create_environment_hook('autopatrol_interfaces', 'ld_library_path_lib')
[1.168s] INFO:colcon.colcon_core.shell:Creating environment hook '/home/zylyehuo/ROS2_learning/chapter7/chapt7_ws/install/autopatrol_interfaces/share/autopatrol_interfaces/hook/ld_library_path_lib.ps1'
[1.169s] INFO:colcon.colcon_core.shell:Creating environment descriptor '/home/zylyehuo/ROS2_learning/chapter7/chapt7_ws/install/autopatrol_interfaces/share/autopatrol_interfaces/hook/ld_library_path_lib.dsv'
[1.169s] INFO:colcon.colcon_core.shell:Creating environment hook '/home/zylyehuo/ROS2_learning/chapter7/chapt7_ws/install/autopatrol_interfaces/share/autopatrol_interfaces/hook/ld_library_path_lib.sh'
[1.169s] Level 1:colcon.colcon_core.environment:checking '/home/zylyehuo/ROS2_learning/chapter7/chapt7_ws/install/autopatrol_interfaces/bin'
[1.169s] Level 1:colcon.colcon_core.environment:checking '/home/zylyehuo/ROS2_learning/chapter7/chapt7_ws/install/autopatrol_interfaces/lib/pkgconfig/autopatrol_interfaces.pc'
[1.170s] Level 1:colcon.colcon_core.environment:checking '/home/zylyehuo/ROS2_learning/chapter7/chapt7_ws/install/autopatrol_interfaces/lib/python3.10/site-packages'
[1.170s] Level 1:colcon.colcon_core.environment:checking '/home/zylyehuo/ROS2_learning/chapter7/chapt7_ws/install/autopatrol_interfaces/bin'
[1.170s] INFO:colcon.colcon_core.shell:Creating package script '/home/zylyehuo/ROS2_learning/chapter7/chapt7_ws/install/autopatrol_interfaces/share/autopatrol_interfaces/package.ps1'
[1.171s] INFO:colcon.colcon_core.shell:Creating package descriptor '/home/zylyehuo/ROS2_learning/chapter7/chapt7_ws/install/autopatrol_interfaces/share/autopatrol_interfaces/package.dsv'
[1.171s] INFO:colcon.colcon_core.shell:Creating package script '/home/zylyehuo/ROS2_learning/chapter7/chapt7_ws/install/autopatrol_interfaces/share/autopatrol_interfaces/package.sh'
[1.172s] INFO:colcon.colcon_core.shell:Creating package script '/home/zylyehuo/ROS2_learning/chapter7/chapt7_ws/install/autopatrol_interfaces/share/autopatrol_interfaces/package.bash'
[1.172s] INFO:colcon.colcon_core.shell:Creating package script '/home/zylyehuo/ROS2_learning/chapter7/chapt7_ws/install/autopatrol_interfaces/share/autopatrol_interfaces/package.zsh'
[1.173s] Level 1:colcon.colcon_core.environment:create_file_with_runtime_dependencies(/home/zylyehuo/ROS2_learning/chapter7/chapt7_ws/install/autopatrol_interfaces/share/colcon-core/packages/autopatrol_interfaces)
[1.173s] Level 1:colcon.colcon_core.environment:create_environment_scripts_only(autopatrol_interfaces)
[1.174s] Level 1:colcon.colcon_core.environment:checking '/home/zylyehuo/ROS2_learning/chapter7/chapt7_ws/install/autopatrol_interfaces' for CMake module files
[1.174s] Level 1:colcon.colcon_core.environment:checking '/home/zylyehuo/ROS2_learning/chapter7/chapt7_ws/install/autopatrol_interfaces' for CMake config files
[1.174s] Level 1:colcon.colcon_core.shell:create_environment_hook('autopatrol_interfaces', 'cmake_prefix_path')
[1.175s] INFO:colcon.colcon_core.shell:Creating environment hook '/home/zylyehuo/ROS2_learning/chapter7/chapt7_ws/install/autopatrol_interfaces/share/autopatrol_interfaces/hook/cmake_prefix_path.ps1'
[1.175s] INFO:colcon.colcon_core.shell:Creating environment descriptor '/home/zylyehuo/ROS2_learning/chapter7/chapt7_ws/install/autopatrol_interfaces/share/autopatrol_interfaces/hook/cmake_prefix_path.dsv'
[1.176s] INFO:colcon.colcon_core.shell:Creating environment hook '/home/zylyehuo/ROS2_learning/chapter7/chapt7_ws/install/autopatrol_interfaces/share/autopatrol_interfaces/hook/cmake_prefix_path.sh'
[1.176s] Level 1:colcon.colcon_core.environment:checking '/home/zylyehuo/ROS2_learning/chapter7/chapt7_ws/install/autopatrol_interfaces/lib'
[1.176s] Level 1:colcon.colcon_core.shell:create_environment_hook('autopatrol_interfaces', 'ld_library_path_lib')
[1.176s] INFO:colcon.colcon_core.shell:Creating environment hook '/home/zylyehuo/ROS2_learning/chapter7/chapt7_ws/install/autopatrol_interfaces/share/autopatrol_interfaces/hook/ld_library_path_lib.ps1'
[1.177s] INFO:colcon.colcon_core.shell:Creating environment descriptor '/home/zylyehuo/ROS2_learning/chapter7/chapt7_ws/install/autopatrol_interfaces/share/autopatrol_interfaces/hook/ld_library_path_lib.dsv'
[1.177s] INFO:colcon.colcon_core.shell:Creating environment hook '/home/zylyehuo/ROS2_learning/chapter7/chapt7_ws/install/autopatrol_interfaces/share/autopatrol_interfaces/hook/ld_library_path_lib.sh'
[1.177s] Level 1:colcon.colcon_core.environment:checking '/home/zylyehuo/ROS2_learning/chapter7/chapt7_ws/install/autopatrol_interfaces/bin'
[1.177s] Level 1:colcon.colcon_core.environment:checking '/home/zylyehuo/ROS2_learning/chapter7/chapt7_ws/install/autopatrol_interfaces/lib/pkgconfig/autopatrol_interfaces.pc'
[1.178s] Level 1:colcon.colcon_core.environment:checking '/home/zylyehuo/ROS2_learning/chapter7/chapt7_ws/install/autopatrol_interfaces/lib/python3.10/site-packages'
[1.178s] Level 1:colcon.colcon_core.environment:checking '/home/zylyehuo/ROS2_learning/chapter7/chapt7_ws/install/autopatrol_interfaces/bin'
[1.178s] INFO:colcon.colcon_core.shell:Creating package script '/home/zylyehuo/ROS2_learning/chapter7/chapt7_ws/install/autopatrol_interfaces/share/autopatrol_interfaces/package.ps1'
[1.179s] INFO:colcon.colcon_core.shell:Creating package descriptor '/home/zylyehuo/ROS2_learning/chapter7/chapt7_ws/install/autopatrol_interfaces/share/autopatrol_interfaces/package.dsv'
[1.179s] INFO:colcon.colcon_core.shell:Creating package script '/home/zylyehuo/ROS2_learning/chapter7/chapt7_ws/install/autopatrol_interfaces/share/autopatrol_interfaces/package.sh'
[1.180s] INFO:colcon.colcon_core.shell:Creating package script '/home/zylyehuo/ROS2_learning/chapter7/chapt7_ws/install/autopatrol_interfaces/share/autopatrol_interfaces/package.bash'
[1.180s] INFO:colcon.colcon_core.shell:Creating package script '/home/zylyehuo/ROS2_learning/chapter7/chapt7_ws/install/autopatrol_interfaces/share/autopatrol_interfaces/package.zsh'
[1.180s] Level 1:colcon.colcon_core.environment:create_file_with_runtime_dependencies(/home/zylyehuo/ROS2_learning/chapter7/chapt7_ws/install/autopatrol_interfaces/share/colcon-core/packages/autopatrol_interfaces)
[1.406s] DEBUG:colcon.colcon_core.event_handler.log_command:Invoking command in '/home/zylyehuo/ROS2_learning/chapter7/chapt7_ws/src/fishbot_application': PYTHONPATH=/home/zylyehuo/ROS2_learning/chapter7/chapt7_ws/build/fishbot_application/prefix_override:/usr/lib/python3/dist-packages/colcon_core/task/python/colcon_distutils_commands:/home/zylyehuo/ROS2_learning/chapter7/chapt7_ws/install/fishbot_application/lib/python3.10/site-packages:${PYTHONPATH} /usr/bin/python3 -W ignore:setup.py install is deprecated -W ignore:easy_install command is deprecated setup.py egg_info --egg-base ../../build/fishbot_application build --build-base /home/zylyehuo/ROS2_learning/chapter7/chapt7_ws/build/fishbot_application/build install --record /home/zylyehuo/ROS2_learning/chapter7/chapt7_ws/build/fishbot_application/install.log --single-version-externally-managed install_data
[1.429s] DEBUG:colcon.colcon_core.event_handler.log_command:Invoking command in '/home/zylyehuo/ROS2_learning/chapter7/chapt7_ws/src/autopatrol_robot': PYTHONPATH=/home/zylyehuo/ROS2_learning/chapter7/chapt7_ws/build/autopatrol_robot/prefix_override:/usr/lib/python3/dist-packages/colcon_core/task/python/colcon_distutils_commands:/home/zylyehuo/ROS2_learning/chapter7/chapt7_ws/install/autopatrol_robot/lib/python3.10/site-packages:${PYTHONPATH} /usr/bin/python3 -W ignore:setup.py install is deprecated -W ignore:easy_install command is deprecated setup.py egg_info --egg-base ../../build/autopatrol_robot build --build-base /home/zylyehuo/ROS2_learning/chapter7/chapt7_ws/build/autopatrol_robot/build install --record /home/zylyehuo/ROS2_learning/chapter7/chapt7_ws/build/autopatrol_robot/install.log --single-version-externally-managed install_data
[1.658s] Level 1:colcon.colcon_core.environment:checking '/home/zylyehuo/ROS2_learning/chapter7/chapt7_ws/install/fishbot_application' for CMake module files
[1.659s] DEBUG:colcon.colcon_core.event_handler.log_command:Invoked command in '/home/zylyehuo/ROS2_learning/chapter7/chapt7_ws/src/fishbot_application' returned '0': PYTHONPATH=/home/zylyehuo/ROS2_learning/chapter7/chapt7_ws/build/fishbot_application/prefix_override:/usr/lib/python3/dist-packages/colcon_core/task/python/colcon_distutils_commands:/home/zylyehuo/ROS2_learning/chapter7/chapt7_ws/install/fishbot_application/lib/python3.10/site-packages:${PYTHONPATH} /usr/bin/python3 -W ignore:setup.py install is deprecated -W ignore:easy_install command is deprecated setup.py egg_info --egg-base ../../build/fishbot_application build --build-base /home/zylyehuo/ROS2_learning/chapter7/chapt7_ws/build/fishbot_application/build install --record /home/zylyehuo/ROS2_learning/chapter7/chapt7_ws/build/fishbot_application/install.log --single-version-externally-managed install_data
[1.659s] Level 1:colcon.colcon_core.environment:checking '/home/zylyehuo/ROS2_learning/chapter7/chapt7_ws/install/fishbot_application' for CMake config files
[1.659s] Level 1:colcon.colcon_core.environment:checking '/home/zylyehuo/ROS2_learning/chapter7/chapt7_ws/install/fishbot_application/lib'
[1.659s] Level 1:colcon.colcon_core.environment:checking '/home/zylyehuo/ROS2_learning/chapter7/chapt7_ws/install/fishbot_application/bin'
[1.659s] Level 1:colcon.colcon_core.environment:checking '/home/zylyehuo/ROS2_learning/chapter7/chapt7_ws/install/fishbot_application/lib/pkgconfig/fishbot_application.pc'
[1.660s] Level 1:colcon.colcon_core.environment:checking '/home/zylyehuo/ROS2_learning/chapter7/chapt7_ws/install/fishbot_application/lib/python3.10/site-packages'
[1.660s] Level 1:colcon.colcon_core.shell:create_environment_hook('fishbot_application', 'pythonpath')
[1.660s] INFO:colcon.colcon_core.shell:Creating environment hook '/home/zylyehuo/ROS2_learning/chapter7/chapt7_ws/install/fishbot_application/share/fishbot_application/hook/pythonpath.ps1'
[1.660s] INFO:colcon.colcon_core.shell:Creating environment descriptor '/home/zylyehuo/ROS2_learning/chapter7/chapt7_ws/install/fishbot_application/share/fishbot_application/hook/pythonpath.dsv'
[1.661s] INFO:colcon.colcon_core.shell:Creating environment hook '/home/zylyehuo/ROS2_learning/chapter7/chapt7_ws/install/fishbot_application/share/fishbot_application/hook/pythonpath.sh'
[1.661s] Level 1:colcon.colcon_core.environment:checking '/home/zylyehuo/ROS2_learning/chapter7/chapt7_ws/install/fishbot_application/bin'
[1.661s] Level 1:colcon.colcon_core.environment:create_environment_scripts_only(fishbot_application)
[1.662s] INFO:colcon.colcon_core.shell:Creating package script '/home/zylyehuo/ROS2_learning/chapter7/chapt7_ws/install/fishbot_application/share/fishbot_application/package.ps1'
[1.663s] INFO:colcon.colcon_core.shell:Creating package descriptor '/home/zylyehuo/ROS2_learning/chapter7/chapt7_ws/install/fishbot_application/share/fishbot_application/package.dsv'
[1.664s] INFO:colcon.colcon_core.shell:Creating package script '/home/zylyehuo/ROS2_learning/chapter7/chapt7_ws/install/fishbot_application/share/fishbot_application/package.sh'
[1.665s] INFO:colcon.colcon_core.shell:Creating package script '/home/zylyehuo/ROS2_learning/chapter7/chapt7_ws/install/fishbot_application/share/fishbot_application/package.bash'
[1.665s] INFO:colcon.colcon_core.shell:Creating package script '/home/zylyehuo/ROS2_learning/chapter7/chapt7_ws/install/fishbot_application/share/fishbot_application/package.zsh'
[1.665s] Level 1:colcon.colcon_core.environment:create_file_with_runtime_dependencies(/home/zylyehuo/ROS2_learning/chapter7/chapt7_ws/install/fishbot_application/share/colcon-core/packages/fishbot_application)
[1.686s] Level 1:colcon.colcon_core.environment:checking '/home/zylyehuo/ROS2_learning/chapter7/chapt7_ws/install/autopatrol_robot' for CMake module files
[1.687s] DEBUG:colcon.colcon_core.event_handler.log_command:Invoked command in '/home/zylyehuo/ROS2_learning/chapter7/chapt7_ws/src/autopatrol_robot' returned '0': PYTHONPATH=/home/zylyehuo/ROS2_learning/chapter7/chapt7_ws/build/autopatrol_robot/prefix_override:/usr/lib/python3/dist-packages/colcon_core/task/python/colcon_distutils_commands:/home/zylyehuo/ROS2_learning/chapter7/chapt7_ws/install/autopatrol_robot/lib/python3.10/site-packages:${PYTHONPATH} /usr/bin/python3 -W ignore:setup.py install is deprecated -W ignore:easy_install command is deprecated setup.py egg_info --egg-base ../../build/autopatrol_robot build --build-base /home/zylyehuo/ROS2_learning/chapter7/chapt7_ws/build/autopatrol_robot/build install --record /home/zylyehuo/ROS2_learning/chapter7/chapt7_ws/build/autopatrol_robot/install.log --single-version-externally-managed install_data
[1.687s] Level 1:colcon.colcon_core.environment:checking '/home/zylyehuo/ROS2_learning/chapter7/chapt7_ws/install/autopatrol_robot' for CMake config files
[1.688s] Level 1:colcon.colcon_core.environment:checking '/home/zylyehuo/ROS2_learning/chapter7/chapt7_ws/install/autopatrol_robot/lib'
[1.688s] Level 1:colcon.colcon_core.environment:checking '/home/zylyehuo/ROS2_learning/chapter7/chapt7_ws/install/autopatrol_robot/bin'
[1.688s] Level 1:colcon.colcon_core.environment:checking '/home/zylyehuo/ROS2_learning/chapter7/chapt7_ws/install/autopatrol_robot/lib/pkgconfig/autopatrol_robot.pc'
[1.688s] Level 1:colcon.colcon_core.environment:checking '/home/zylyehuo/ROS2_learning/chapter7/chapt7_ws/install/autopatrol_robot/lib/python3.10/site-packages'
[1.689s] Level 1:colcon.colcon_core.shell:create_environment_hook('autopatrol_robot', 'pythonpath')
[1.689s] INFO:colcon.colcon_core.shell:Creating environment hook '/home/zylyehuo/ROS2_learning/chapter7/chapt7_ws/install/autopatrol_robot/share/autopatrol_robot/hook/pythonpath.ps1'
[1.689s] INFO:colcon.colcon_core.shell:Creating environment descriptor '/home/zylyehuo/ROS2_learning/chapter7/chapt7_ws/install/autopatrol_robot/share/autopatrol_robot/hook/pythonpath.dsv'
[1.690s] INFO:colcon.colcon_core.shell:Creating environment hook '/home/zylyehuo/ROS2_learning/chapter7/chapt7_ws/install/autopatrol_robot/share/autopatrol_robot/hook/pythonpath.sh'
[1.691s] Level 1:colcon.colcon_core.environment:checking '/home/zylyehuo/ROS2_learning/chapter7/chapt7_ws/install/autopatrol_robot/bin'
[1.691s] Level 1:colcon.colcon_core.environment:create_environment_scripts_only(autopatrol_robot)
[1.691s] INFO:colcon.colcon_core.shell:Creating package script '/home/zylyehuo/ROS2_learning/chapter7/chapt7_ws/install/autopatrol_robot/share/autopatrol_robot/package.ps1'
[1.692s] INFO:colcon.colcon_core.shell:Creating package descriptor '/home/zylyehuo/ROS2_learning/chapter7/chapt7_ws/install/autopatrol_robot/share/autopatrol_robot/package.dsv'
[1.692s] INFO:colcon.colcon_core.shell:Creating package script '/home/zylyehuo/ROS2_learning/chapter7/chapt7_ws/install/autopatrol_robot/share/autopatrol_robot/package.sh'
[1.693s] INFO:colcon.colcon_core.shell:Creating package script '/home/zylyehuo/ROS2_learning/chapter7/chapt7_ws/install/autopatrol_robot/share/autopatrol_robot/package.bash'
[1.693s] INFO:colcon.colcon_core.shell:Creating package script '/home/zylyehuo/ROS2_learning/chapter7/chapt7_ws/install/autopatrol_robot/share/autopatrol_robot/package.zsh'
[1.694s] Level 1:colcon.colcon_core.environment:create_file_with_runtime_dependencies(/home/zylyehuo/ROS2_learning/chapter7/chapt7_ws/install/autopatrol_robot/share/colcon-core/packages/autopatrol_robot)
[1.694s] DEBUG:colcon.colcon_parallel_executor.executor.parallel:closing loop
[1.695s] DEBUG:colcon.colcon_parallel_executor.executor.parallel:loop closed
[1.695s] DEBUG:colcon.colcon_parallel_executor.executor.parallel:run_until_complete finished with '0'
[1.695s] DEBUG:colcon.colcon_core.event_reactor:joining thread
[1.823s] INFO:colcon.colcon_core.plugin_system:Skipping extension 'colcon_notification.desktop_notification.notify_send': Could not find 'notify-send'
[1.823s] INFO:colcon.colcon_core.plugin_system:Skipping extension 'colcon_notification.desktop_notification.terminal_notifier': Not used on non-Darwin systems
[1.823s] INFO:colcon.colcon_core.plugin_system:Skipping extension 'colcon_notification.desktop_notification.win32': Not used on non-Windows systems
[1.823s] INFO:colcon.colcon_notification.desktop_notification:Sending desktop notification using 'notify2'
[1.823s] DEBUG:colcon.colcon_notification.desktop_notification.notify2:Failed to initialize notify2: org.freedesktop.DBus.Error.FileNotFound: Failed to connect to socket /run/user/1000/bus: No such file or directory
[1.824s] DEBUG:colcon.colcon_core.event_reactor:joined thread
[1.824s] INFO:colcon.colcon_core.shell:Creating prefix script '/home/zylyehuo/ROS2_learning/chapter7/chapt7_ws/install/local_setup.ps1'
[1.826s] INFO:colcon.colcon_core.shell:Creating prefix util module '/home/zylyehuo/ROS2_learning/chapter7/chapt7_ws/install/_local_setup_util_ps1.py'
[1.827s] INFO:colcon.colcon_core.shell:Creating prefix chain script '/home/zylyehuo/ROS2_learning/chapter7/chapt7_ws/install/setup.ps1'
[1.829s] INFO:colcon.colcon_core.shell:Creating prefix script '/home/zylyehuo/ROS2_learning/chapter7/chapt7_ws/install/local_setup.sh'
[1.829s] INFO:colcon.colcon_core.shell:Creating prefix util module '/home/zylyehuo/ROS2_learning/chapter7/chapt7_ws/install/_local_setup_util_sh.py'
[1.830s] INFO:colcon.colcon_core.shell:Creating prefix chain script '/home/zylyehuo/ROS2_learning/chapter7/chapt7_ws/install/setup.sh'
[1.831s] INFO:colcon.colcon_core.shell:Creating prefix script '/home/zylyehuo/ROS2_learning/chapter7/chapt7_ws/install/local_setup.bash'
[1.831s] INFO:colcon.colcon_core.shell:Creating prefix chain script '/home/zylyehuo/ROS2_learning/chapter7/chapt7_ws/install/setup.bash'
[1.832s] INFO:colcon.colcon_core.shell:Creating prefix script '/home/zylyehuo/ROS2_learning/chapter7/chapt7_ws/install/local_setup.zsh'
[1.833s] INFO:colcon.colcon_core.shell:Creating prefix chain script '/home/zylyehuo/ROS2_learning/chapter7/chapt7_ws/install/setup.zsh'
