[0.015s] Invoking command in '/home/zylyehuo/ROS2_learning/chapter3/topic_practice_ws/build/status_interfaces': CMAKE_PREFIX_PATH=/opt/ros/humble /usr/bin/cmake --build /home/zylyehuo/ROS2_learning/chapter3/topic_practice_ws/build/status_interfaces -- -j16 -l16
[0.136s] [  3%] Built target status_interfaces__cpp
[0.137s] [ 12%] Built target status_interfaces__rosidl_generator_c
[0.151s] [ 12%] Built target ament_cmake_python_copy_status_interfaces
[0.163s] [ 32%] Built target status_interfaces__rosidl_typesupport_cpp
[0.164s] [ 29%] Built target status_interfaces__rosidl_typesupport_introspection_c
[0.164s] [ 41%] Built target status_interfaces__rosidl_typesupport_fastrtps_cpp
[0.164s] [ 51%] Built target status_interfaces__rosidl_typesupport_introspection_cpp
[0.164s] [ 61%] Built target status_interfaces__rosidl_typesupport_c
[0.165s] [ 70%] Built target status_interfaces__rosidl_typesupport_fastrtps_c
[0.188s] [ 70%] Built target status_interfaces
[0.209s] [ 74%] Built target status_interfaces__py
[0.231s] [ 80%] Built target status_interfaces__rosidl_generator_py
[0.254s] [100%] Built target status_interfaces__rosidl_typesupport_introspection_c__pyext
[0.254s] [100%] Built target status_interfaces__rosidl_typesupport_c__pyext
[0.254s] [100%] Built target status_interfaces__rosidl_typesupport_fastrtps_c__pyext
[0.359s] running egg_info
[0.359s] writing status_interfaces.egg-info/PKG-INFO
[0.360s] writing dependency_links to status_interfaces.egg-info/dependency_links.txt
[0.360s] writing top-level names to status_interfaces.egg-info/top_level.txt
[0.362s] reading manifest file 'status_interfaces.egg-info/SOURCES.txt'
[0.363s] writing manifest file 'status_interfaces.egg-info/SOURCES.txt'
[0.385s] [100%] Built target ament_cmake_python_build_status_interfaces_egg
[0.395s] Invoked command in '/home/zylyehuo/ROS2_learning/chapter3/topic_practice_ws/build/status_interfaces' returned '0': CMAKE_PREFIX_PATH=/opt/ros/humble /usr/bin/cmake --build /home/zylyehuo/ROS2_learning/chapter3/topic_practice_ws/build/status_interfaces -- -j16 -l16
[0.403s] Invoking command in '/home/zylyehuo/ROS2_learning/chapter3/topic_practice_ws/build/status_interfaces': CMAKE_PREFIX_PATH=/opt/ros/humble /usr/bin/cmake --install /home/zylyehuo/ROS2_learning/chapter3/topic_practice_ws/build/status_interfaces
[0.412s] -- Install configuration: ""
[0.413s] -- Up-to-date: /home/zylyehuo/ROS2_learning/chapter3/topic_practice_ws/install/status_interfaces/share/ament_index/resource_index/rosidl_interfaces/status_interfaces
[0.413s] -- Up-to-date: /home/zylyehuo/ROS2_learning/chapter3/topic_practice_ws/install/status_interfaces/include/status_interfaces/status_interfaces
[0.413s] -- Up-to-date: /home/zylyehuo/ROS2_learning/chapter3/topic_practice_ws/install/status_interfaces/include/status_interfaces/status_interfaces/msg
[0.413s] -- Up-to-date: /home/zylyehuo/ROS2_learning/chapter3/topic_practice_ws/install/status_interfaces/include/status_interfaces/status_interfaces/msg/system_status.h
[0.413s] -- Up-to-date: /home/zylyehuo/ROS2_learning/chapter3/topic_practice_ws/install/status_interfaces/include/status_interfaces/status_interfaces/msg/rosidl_generator_c__visibility_control.h
[0.413s] -- Up-to-date: /home/zylyehuo/ROS2_learning/chapter3/topic_practice_ws/install/status_interfaces/include/status_interfaces/status_interfaces/msg/detail
[0.413s] -- Up-to-date: /home/zylyehuo/ROS2_learning/chapter3/topic_practice_ws/install/status_interfaces/include/status_interfaces/status_interfaces/msg/detail/system_status__functions.h
[0.413s] -- Up-to-date: /home/zylyehuo/ROS2_learning/chapter3/topic_practice_ws/install/status_interfaces/include/status_interfaces/status_interfaces/msg/detail/system_status__functions.c
[0.414s] -- Up-to-date: /home/zylyehuo/ROS2_learning/chapter3/topic_practice_ws/install/status_interfaces/include/status_interfaces/status_interfaces/msg/detail/system_status__type_support.h
[0.414s] -- Up-to-date: /home/zylyehuo/ROS2_learning/chapter3/topic_practice_ws/install/status_interfaces/include/status_interfaces/status_interfaces/msg/detail/system_status__struct.h
[0.414s] -- Up-to-date: /home/zylyehuo/ROS2_learning/chapter3/topic_practice_ws/install/status_interfaces/share/status_interfaces/environment/library_path.sh
[0.414s] -- Up-to-date: /home/zylyehuo/ROS2_learning/chapter3/topic_practice_ws/install/status_interfaces/share/status_interfaces/environment/library_path.dsv
[0.414s] -- Up-to-date: /home/zylyehuo/ROS2_learning/chapter3/topic_practice_ws/install/status_interfaces/lib/libstatus_interfaces__rosidl_generator_c.so
[0.414s] -- Up-to-date: /home/zylyehuo/ROS2_learning/chapter3/topic_practice_ws/install/status_interfaces/include/status_interfaces/status_interfaces
[0.414s] -- Up-to-date: /home/zylyehuo/ROS2_learning/chapter3/topic_practice_ws/install/status_interfaces/include/status_interfaces/status_interfaces/msg
[0.414s] -- Up-to-date: /home/zylyehuo/ROS2_learning/chapter3/topic_practice_ws/install/status_interfaces/include/status_interfaces/status_interfaces/msg/rosidl_typesupport_fastrtps_c__visibility_control.h
[0.414s] -- Up-to-date: /home/zylyehuo/ROS2_learning/chapter3/topic_practice_ws/install/status_interfaces/include/status_interfaces/status_interfaces/msg/detail
[0.414s] -- Up-to-date: /home/zylyehuo/ROS2_learning/chapter3/topic_practice_ws/install/status_interfaces/include/status_interfaces/status_interfaces/msg/detail/system_status__rosidl_typesupport_fastrtps_c.h
[0.415s] -- Up-to-date: /home/zylyehuo/ROS2_learning/chapter3/topic_practice_ws/install/status_interfaces/lib/libstatus_interfaces__rosidl_typesupport_fastrtps_c.so
[0.415s] -- Up-to-date: /home/zylyehuo/ROS2_learning/chapter3/topic_practice_ws/install/status_interfaces/include/status_interfaces/status_interfaces
[0.415s] -- Up-to-date: /home/zylyehuo/ROS2_learning/chapter3/topic_practice_ws/install/status_interfaces/include/status_interfaces/status_interfaces/msg
[0.415s] -- Up-to-date: /home/zylyehuo/ROS2_learning/chapter3/topic_practice_ws/install/status_interfaces/include/status_interfaces/status_interfaces/msg/system_status.hpp
[0.415s] -- Up-to-date: /home/zylyehuo/ROS2_learning/chapter3/topic_practice_ws/install/status_interfaces/include/status_interfaces/status_interfaces/msg/detail
[0.415s] -- Up-to-date: /home/zylyehuo/ROS2_learning/chapter3/topic_practice_ws/install/status_interfaces/include/status_interfaces/status_interfaces/msg/detail/system_status__builder.hpp
[0.415s] -- Up-to-date: /home/zylyehuo/ROS2_learning/chapter3/topic_practice_ws/install/status_interfaces/include/status_interfaces/status_interfaces/msg/detail/system_status__struct.hpp
[0.415s] -- Up-to-date: /home/zylyehuo/ROS2_learning/chapter3/topic_practice_ws/install/status_interfaces/include/status_interfaces/status_interfaces/msg/detail/system_status__traits.hpp
[0.415s] -- Up-to-date: /home/zylyehuo/ROS2_learning/chapter3/topic_practice_ws/install/status_interfaces/include/status_interfaces/status_interfaces/msg/detail/system_status__type_support.hpp
[0.415s] -- Up-to-date: /home/zylyehuo/ROS2_learning/chapter3/topic_practice_ws/install/status_interfaces/include/status_interfaces/status_interfaces/msg/rosidl_generator_cpp__visibility_control.hpp
[0.416s] -- Up-to-date: /home/zylyehuo/ROS2_learning/chapter3/topic_practice_ws/install/status_interfaces/include/status_interfaces/status_interfaces
[0.416s] -- Up-to-date: /home/zylyehuo/ROS2_learning/chapter3/topic_practice_ws/install/status_interfaces/include/status_interfaces/status_interfaces/msg
[0.416s] -- Up-to-date: /home/zylyehuo/ROS2_learning/chapter3/topic_practice_ws/install/status_interfaces/include/status_interfaces/status_interfaces/msg/rosidl_typesupport_fastrtps_cpp__visibility_control.h
[0.416s] -- Up-to-date: /home/zylyehuo/ROS2_learning/chapter3/topic_practice_ws/install/status_interfaces/include/status_interfaces/status_interfaces/msg/detail
[0.416s] -- Up-to-date: /home/zylyehuo/ROS2_learning/chapter3/topic_practice_ws/install/status_interfaces/include/status_interfaces/status_interfaces/msg/detail/system_status__rosidl_typesupport_fastrtps_cpp.hpp
[0.416s] -- Up-to-date: /home/zylyehuo/ROS2_learning/chapter3/topic_practice_ws/install/status_interfaces/include/status_interfaces/status_interfaces/msg/detail/dds_fastrtps
[0.416s] -- Up-to-date: /home/zylyehuo/ROS2_learning/chapter3/topic_practice_ws/install/status_interfaces/lib/libstatus_interfaces__rosidl_typesupport_fastrtps_cpp.so
[0.416s] -- Up-to-date: /home/zylyehuo/ROS2_learning/chapter3/topic_practice_ws/install/status_interfaces/include/status_interfaces/status_interfaces
[0.416s] -- Up-to-date: /home/zylyehuo/ROS2_learning/chapter3/topic_practice_ws/install/status_interfaces/include/status_interfaces/status_interfaces/msg
[0.417s] -- Up-to-date: /home/zylyehuo/ROS2_learning/chapter3/topic_practice_ws/install/status_interfaces/include/status_interfaces/status_interfaces/msg/rosidl_typesupport_introspection_c__visibility_control.h
[0.417s] -- Up-to-date: /home/zylyehuo/ROS2_learning/chapter3/topic_practice_ws/install/status_interfaces/include/status_interfaces/status_interfaces/msg/detail
[0.417s] -- Up-to-date: /home/zylyehuo/ROS2_learning/chapter3/topic_practice_ws/install/status_interfaces/include/status_interfaces/status_interfaces/msg/detail/system_status__rosidl_typesupport_introspection_c.h
[0.417s] -- Up-to-date: /home/zylyehuo/ROS2_learning/chapter3/topic_practice_ws/install/status_interfaces/include/status_interfaces/status_interfaces/msg/detail/system_status__type_support.c
[0.417s] -- Up-to-date: /home/zylyehuo/ROS2_learning/chapter3/topic_practice_ws/install/status_interfaces/lib/libstatus_interfaces__rosidl_typesupport_introspection_c.so
[0.417s] -- Up-to-date: /home/zylyehuo/ROS2_learning/chapter3/topic_practice_ws/install/status_interfaces/lib/libstatus_interfaces__rosidl_typesupport_c.so
[0.417s] -- Up-to-date: /home/zylyehuo/ROS2_learning/chapter3/topic_practice_ws/install/status_interfaces/include/status_interfaces/status_interfaces
[0.417s] -- Up-to-date: /home/zylyehuo/ROS2_learning/chapter3/topic_practice_ws/install/status_interfaces/include/status_interfaces/status_interfaces/msg
[0.417s] -- Up-to-date: /home/zylyehuo/ROS2_learning/chapter3/topic_practice_ws/install/status_interfaces/include/status_interfaces/status_interfaces/msg/detail
[0.417s] -- Up-to-date: /home/zylyehuo/ROS2_learning/chapter3/topic_practice_ws/install/status_interfaces/include/status_interfaces/status_interfaces/msg/detail/system_status__type_support.cpp
[0.417s] -- Up-to-date: /home/zylyehuo/ROS2_learning/chapter3/topic_practice_ws/install/status_interfaces/include/status_interfaces/status_interfaces/msg/detail/system_status__rosidl_typesupport_introspection_cpp.hpp
[0.417s] -- Up-to-date: /home/zylyehuo/ROS2_learning/chapter3/topic_practice_ws/install/status_interfaces/lib/libstatus_interfaces__rosidl_typesupport_introspection_cpp.so
[0.417s] -- Up-to-date: /home/zylyehuo/ROS2_learning/chapter3/topic_practice_ws/install/status_interfaces/lib/libstatus_interfaces__rosidl_typesupport_cpp.so
[0.418s] -- Up-to-date: /home/zylyehuo/ROS2_learning/chapter3/topic_practice_ws/install/status_interfaces/share/status_interfaces/environment/pythonpath.sh
[0.418s] -- Up-to-date: /home/zylyehuo/ROS2_learning/chapter3/topic_practice_ws/install/status_interfaces/share/status_interfaces/environment/pythonpath.dsv
[0.418s] -- Up-to-date: /home/zylyehuo/ROS2_learning/chapter3/topic_practice_ws/install/status_interfaces/local/lib/python3.10/dist-packages/status_interfaces-0.0.0-py3.10.egg-info
[0.418s] -- Installing: /home/zylyehuo/ROS2_learning/chapter3/topic_practice_ws/install/status_interfaces/local/lib/python3.10/dist-packages/status_interfaces-0.0.0-py3.10.egg-info/top_level.txt
[0.418s] -- Installing: /home/zylyehuo/ROS2_learning/chapter3/topic_practice_ws/install/status_interfaces/local/lib/python3.10/dist-packages/status_interfaces-0.0.0-py3.10.egg-info/PKG-INFO
[0.418s] -- Installing: /home/zylyehuo/ROS2_learning/chapter3/topic_practice_ws/install/status_interfaces/local/lib/python3.10/dist-packages/status_interfaces-0.0.0-py3.10.egg-info/dependency_links.txt
[0.418s] -- Installing: /home/zylyehuo/ROS2_learning/chapter3/topic_practice_ws/install/status_interfaces/local/lib/python3.10/dist-packages/status_interfaces-0.0.0-py3.10.egg-info/SOURCES.txt
[0.418s] -- Up-to-date: /home/zylyehuo/ROS2_learning/chapter3/topic_practice_ws/install/status_interfaces/local/lib/python3.10/dist-packages/status_interfaces
[0.418s] -- Up-to-date: /home/zylyehuo/ROS2_learning/chapter3/topic_practice_ws/install/status_interfaces/local/lib/python3.10/dist-packages/status_interfaces/status_interfaces_s__rosidl_typesupport_c.cpython-310-x86_64-linux-gnu.so
[0.418s] -- Up-to-date: /home/zylyehuo/ROS2_learning/chapter3/topic_practice_ws/install/status_interfaces/local/lib/python3.10/dist-packages/status_interfaces/msg
[0.418s] -- Up-to-date: /home/zylyehuo/ROS2_learning/chapter3/topic_practice_ws/install/status_interfaces/local/lib/python3.10/dist-packages/status_interfaces/msg/__init__.py
[0.418s] -- Up-to-date: /home/zylyehuo/ROS2_learning/chapter3/topic_practice_ws/install/status_interfaces/local/lib/python3.10/dist-packages/status_interfaces/msg/_system_status.py
[0.418s] -- Up-to-date: /home/zylyehuo/ROS2_learning/chapter3/topic_practice_ws/install/status_interfaces/local/lib/python3.10/dist-packages/status_interfaces/msg/_system_status_s.c
[0.418s] -- Up-to-date: /home/zylyehuo/ROS2_learning/chapter3/topic_practice_ws/install/status_interfaces/local/lib/python3.10/dist-packages/status_interfaces/_status_interfaces_s.ep.rosidl_typesupport_fastrtps_c.c
[0.418s] -- Up-to-date: /home/zylyehuo/ROS2_learning/chapter3/topic_practice_ws/install/status_interfaces/local/lib/python3.10/dist-packages/status_interfaces/_status_interfaces_s.ep.rosidl_typesupport_introspection_c.c
[0.418s] -- Up-to-date: /home/zylyehuo/ROS2_learning/chapter3/topic_practice_ws/install/status_interfaces/local/lib/python3.10/dist-packages/status_interfaces/__init__.py
[0.418s] -- Up-to-date: /home/zylyehuo/ROS2_learning/chapter3/topic_practice_ws/install/status_interfaces/local/lib/python3.10/dist-packages/status_interfaces/status_interfaces_s__rosidl_typesupport_introspection_c.cpython-310-x86_64-linux-gnu.so
[0.418s] -- Up-to-date: /home/zylyehuo/ROS2_learning/chapter3/topic_practice_ws/install/status_interfaces/local/lib/python3.10/dist-packages/status_interfaces/status_interfaces_s__rosidl_typesupport_fastrtps_c.cpython-310-x86_64-linux-gnu.so
[0.418s] -- Up-to-date: /home/zylyehuo/ROS2_learning/chapter3/topic_practice_ws/install/status_interfaces/local/lib/python3.10/dist-packages/status_interfaces/_status_interfaces_s.ep.rosidl_typesupport_c.c
[0.418s] -- Up-to-date: /home/zylyehuo/ROS2_learning/chapter3/topic_practice_ws/install/status_interfaces/local/lib/python3.10/dist-packages/status_interfaces/libstatus_interfaces__rosidl_generator_py.so
[0.443s] Listing '/home/zylyehuo/ROS2_learning/chapter3/topic_practice_ws/install/status_interfaces/local/lib/python3.10/dist-packages/status_interfaces'...
[0.444s] Listing '/home/zylyehuo/ROS2_learning/chapter3/topic_practice_ws/install/status_interfaces/local/lib/python3.10/dist-packages/status_interfaces/msg'...
[0.447s] -- Up-to-date: /home/zylyehuo/ROS2_learning/chapter3/topic_practice_ws/install/status_interfaces/local/lib/python3.10/dist-packages/status_interfaces/status_interfaces_s__rosidl_typesupport_fastrtps_c.cpython-310-x86_64-linux-gnu.so
[0.447s] -- Up-to-date: /home/zylyehuo/ROS2_learning/chapter3/topic_practice_ws/install/status_interfaces/local/lib/python3.10/dist-packages/status_interfaces/status_interfaces_s__rosidl_typesupport_introspection_c.cpython-310-x86_64-linux-gnu.so
[0.447s] -- Up-to-date: /home/zylyehuo/ROS2_learning/chapter3/topic_practice_ws/install/status_interfaces/local/lib/python3.10/dist-packages/status_interfaces/status_interfaces_s__rosidl_typesupport_c.cpython-310-x86_64-linux-gnu.so
[0.448s] -- Up-to-date: /home/zylyehuo/ROS2_learning/chapter3/topic_practice_ws/install/status_interfaces/lib/libstatus_interfaces__rosidl_generator_py.so
[0.448s] -- Up-to-date: /home/zylyehuo/ROS2_learning/chapter3/topic_practice_ws/install/status_interfaces/share/status_interfaces/msg/SystemStatus.idl
[0.448s] -- Up-to-date: /home/zylyehuo/ROS2_learning/chapter3/topic_practice_ws/install/status_interfaces/share/status_interfaces/msg/SystemStatus.msg
[0.448s] -- Up-to-date: /home/zylyehuo/ROS2_learning/chapter3/topic_practice_ws/install/status_interfaces/share/ament_index/resource_index/package_run_dependencies/status_interfaces
[0.448s] -- Up-to-date: /home/zylyehuo/ROS2_learning/chapter3/topic_practice_ws/install/status_interfaces/share/ament_index/resource_index/parent_prefix_path/status_interfaces
[0.448s] -- Up-to-date: /home/zylyehuo/ROS2_learning/chapter3/topic_practice_ws/install/status_interfaces/share/status_interfaces/environment/ament_prefix_path.sh
[0.448s] -- Up-to-date: /home/zylyehuo/ROS2_learning/chapter3/topic_practice_ws/install/status_interfaces/share/status_interfaces/environment/ament_prefix_path.dsv
[0.449s] -- Up-to-date: /home/zylyehuo/ROS2_learning/chapter3/topic_practice_ws/install/status_interfaces/share/status_interfaces/environment/path.sh
[0.449s] -- Up-to-date: /home/zylyehuo/ROS2_learning/chapter3/topic_practice_ws/install/status_interfaces/share/status_interfaces/environment/path.dsv
[0.449s] -- Up-to-date: /home/zylyehuo/ROS2_learning/chapter3/topic_practice_ws/install/status_interfaces/share/status_interfaces/local_setup.bash
[0.449s] -- Up-to-date: /home/zylyehuo/ROS2_learning/chapter3/topic_practice_ws/install/status_interfaces/share/status_interfaces/local_setup.sh
[0.449s] -- Up-to-date: /home/zylyehuo/ROS2_learning/chapter3/topic_practice_ws/install/status_interfaces/share/status_interfaces/local_setup.zsh
[0.449s] -- Up-to-date: /home/zylyehuo/ROS2_learning/chapter3/topic_practice_ws/install/status_interfaces/share/status_interfaces/local_setup.dsv
[0.449s] -- Installing: /home/zylyehuo/ROS2_learning/chapter3/topic_practice_ws/install/status_interfaces/share/status_interfaces/package.dsv
[0.449s] -- Up-to-date: /home/zylyehuo/ROS2_learning/chapter3/topic_practice_ws/install/status_interfaces/share/ament_index/resource_index/packages/status_interfaces
[0.449s] -- Up-to-date: /home/zylyehuo/ROS2_learning/chapter3/topic_practice_ws/install/status_interfaces/share/status_interfaces/cmake/export_status_interfaces__rosidl_generator_cExport.cmake
[0.449s] -- Up-to-date: /home/zylyehuo/ROS2_learning/chapter3/topic_practice_ws/install/status_interfaces/share/status_interfaces/cmake/export_status_interfaces__rosidl_generator_cExport-noconfig.cmake
[0.450s] -- Up-to-date: /home/zylyehuo/ROS2_learning/chapter3/topic_practice_ws/install/status_interfaces/share/status_interfaces/cmake/export_status_interfaces__rosidl_typesupport_fastrtps_cExport.cmake
[0.450s] -- Up-to-date: /home/zylyehuo/ROS2_learning/chapter3/topic_practice_ws/install/status_interfaces/share/status_interfaces/cmake/export_status_interfaces__rosidl_typesupport_fastrtps_cExport-noconfig.cmake
[0.450s] -- Up-to-date: /home/zylyehuo/ROS2_learning/chapter3/topic_practice_ws/install/status_interfaces/share/status_interfaces/cmake/export_status_interfaces__rosidl_generator_cppExport.cmake
[0.451s] -- Up-to-date: /home/zylyehuo/ROS2_learning/chapter3/topic_practice_ws/install/status_interfaces/share/status_interfaces/cmake/export_status_interfaces__rosidl_typesupport_fastrtps_cppExport.cmake
[0.451s] -- Up-to-date: /home/zylyehuo/ROS2_learning/chapter3/topic_practice_ws/install/status_interfaces/share/status_interfaces/cmake/export_status_interfaces__rosidl_typesupport_fastrtps_cppExport-noconfig.cmake
[0.451s] -- Up-to-date: /home/zylyehuo/ROS2_learning/chapter3/topic_practice_ws/install/status_interfaces/share/status_interfaces/cmake/status_interfaces__rosidl_typesupport_introspection_cExport.cmake
[0.451s] -- Up-to-date: /home/zylyehuo/ROS2_learning/chapter3/topic_practice_ws/install/status_interfaces/share/status_interfaces/cmake/status_interfaces__rosidl_typesupport_introspection_cExport-noconfig.cmake
[0.452s] -- Up-to-date: /home/zylyehuo/ROS2_learning/chapter3/topic_practice_ws/install/status_interfaces/share/status_interfaces/cmake/status_interfaces__rosidl_typesupport_cExport.cmake
[0.452s] -- Up-to-date: /home/zylyehuo/ROS2_learning/chapter3/topic_practice_ws/install/status_interfaces/share/status_interfaces/cmake/status_interfaces__rosidl_typesupport_cExport-noconfig.cmake
[0.452s] -- Up-to-date: /home/zylyehuo/ROS2_learning/chapter3/topic_practice_ws/install/status_interfaces/share/status_interfaces/cmake/status_interfaces__rosidl_typesupport_introspection_cppExport.cmake
[0.452s] -- Up-to-date: /home/zylyehuo/ROS2_learning/chapter3/topic_practice_ws/install/status_interfaces/share/status_interfaces/cmake/status_interfaces__rosidl_typesupport_introspection_cppExport-noconfig.cmake
[0.453s] -- Up-to-date: /home/zylyehuo/ROS2_learning/chapter3/topic_practice_ws/install/status_interfaces/share/status_interfaces/cmake/status_interfaces__rosidl_typesupport_cppExport.cmake
[0.453s] -- Up-to-date: /home/zylyehuo/ROS2_learning/chapter3/topic_practice_ws/install/status_interfaces/share/status_interfaces/cmake/status_interfaces__rosidl_typesupport_cppExport-noconfig.cmake
[0.453s] -- Up-to-date: /home/zylyehuo/ROS2_learning/chapter3/topic_practice_ws/install/status_interfaces/share/status_interfaces/cmake/export_status_interfaces__rosidl_generator_pyExport.cmake
[0.453s] -- Up-to-date: /home/zylyehuo/ROS2_learning/chapter3/topic_practice_ws/install/status_interfaces/share/status_interfaces/cmake/export_status_interfaces__rosidl_generator_pyExport-noconfig.cmake
[0.453s] -- Up-to-date: /home/zylyehuo/ROS2_learning/chapter3/topic_practice_ws/install/status_interfaces/share/status_interfaces/cmake/rosidl_cmake-extras.cmake
[0.453s] -- Up-to-date: /home/zylyehuo/ROS2_learning/chapter3/topic_practice_ws/install/status_interfaces/share/status_interfaces/cmake/ament_cmake_export_dependencies-extras.cmake
[0.454s] -- Up-to-date: /home/zylyehuo/ROS2_learning/chapter3/topic_practice_ws/install/status_interfaces/share/status_interfaces/cmake/ament_cmake_export_include_directories-extras.cmake
[0.454s] -- Up-to-date: /home/zylyehuo/ROS2_learning/chapter3/topic_practice_ws/install/status_interfaces/share/status_interfaces/cmake/ament_cmake_export_libraries-extras.cmake
[0.454s] -- Up-to-date: /home/zylyehuo/ROS2_learning/chapter3/topic_practice_ws/install/status_interfaces/share/status_interfaces/cmake/ament_cmake_export_targets-extras.cmake
[0.454s] -- Up-to-date: /home/zylyehuo/ROS2_learning/chapter3/topic_practice_ws/install/status_interfaces/share/status_interfaces/cmake/rosidl_cmake_export_typesupport_targets-extras.cmake
[0.454s] -- Up-to-date: /home/zylyehuo/ROS2_learning/chapter3/topic_practice_ws/install/status_interfaces/share/status_interfaces/cmake/rosidl_cmake_export_typesupport_libraries-extras.cmake
[0.454s] -- Up-to-date: /home/zylyehuo/ROS2_learning/chapter3/topic_practice_ws/install/status_interfaces/share/status_interfaces/cmake/status_interfacesConfig.cmake
[0.454s] -- Up-to-date: /home/zylyehuo/ROS2_learning/chapter3/topic_practice_ws/install/status_interfaces/share/status_interfaces/cmake/status_interfacesConfig-version.cmake
[0.454s] -- Up-to-date: /home/zylyehuo/ROS2_learning/chapter3/topic_practice_ws/install/status_interfaces/share/status_interfaces/package.xml
[0.457s] Invoked command in '/home/zylyehuo/ROS2_learning/chapter3/topic_practice_ws/build/status_interfaces' returned '0': CMAKE_PREFIX_PATH=/opt/ros/humble /usr/bin/cmake --install /home/zylyehuo/ROS2_learning/chapter3/topic_practice_ws/build/status_interfaces
