running egg_info
writing ../../build/demo_python_service/demo_python_service.egg-info/PKG-INFO
writing dependency_links to ../../build/demo_python_service/demo_python_service.egg-info/dependency_links.txt
writing entry points to ../../build/demo_python_service/demo_python_service.egg-info/entry_points.txt
writing requirements to ../../build/demo_python_service/demo_python_service.egg-info/requires.txt
writing top-level names to ../../build/demo_python_service/demo_python_service.egg-info/top_level.txt
reading manifest file '../../build/demo_python_service/demo_python_service.egg-info/SOURCES.txt'
adding license file 'LICENSE'
writing manifest file '../../build/demo_python_service/demo_python_service.egg-info/SOURCES.txt'
running build
running build_py
copying demo_python_service/face_detect_param_node.py -> /home/zylyehuo/ROS2_learning/chapter4/chapt4_ws/build/demo_python_service/build/lib/demo_python_service
running install
running install_lib
copying /home/zylyehuo/ROS2_learning/chapter4/chapt4_ws/build/demo_python_service/build/lib/demo_python_service/face_detect_param_node.py -> /home/zylyehuo/ROS2_learning/chapter4/chapt4_ws/install/demo_python_service/lib/python3.10/site-packages/demo_python_service
byte-compiling /home/zylyehuo/ROS2_learning/chapter4/chapt4_ws/install/demo_python_service/lib/python3.10/site-packages/demo_python_service/face_detect_param_node.py to face_detect_param_node.cpython-310.pyc
running install_data
running install_egg_info
removing '/home/zylyehuo/ROS2_learning/chapter4/chapt4_ws/install/demo_python_service/lib/python3.10/site-packages/demo_python_service-0.0.0-py3.10.egg-info' (and everything under it)
Copying ../../build/demo_python_service/demo_python_service.egg-info to /home/zylyehuo/ROS2_learning/chapter4/chapt4_ws/install/demo_python_service/lib/python3.10/site-packages/demo_python_service-0.0.0-py3.10.egg-info
running install_scripts
Installing face_detect_client_node script to /home/zylyehuo/ROS2_learning/chapter4/chapt4_ws/install/demo_python_service/lib/demo_python_service
Installing face_detect_node script to /home/zylyehuo/ROS2_learning/chapter4/chapt4_ws/install/demo_python_service/lib/demo_python_service
Installing face_detect_param_node script to /home/zylyehuo/ROS2_learning/chapter4/chapt4_ws/install/demo_python_service/lib/demo_python_service
Installing learn_face_detect script to /home/zylyehuo/ROS2_learning/chapter4/chapt4_ws/install/demo_python_service/lib/demo_python_service
writing list of installed files to '/home/zylyehuo/ROS2_learning/chapter4/chapt4_ws/build/demo_python_service/install.log'
