[0.651s] Invoking command in '/home/zylyehuo/ROS2_learning/chapter3/topic_ws/src/demo_python_topic': PYTHONPATH=/home/zylyehuo/ROS2_learning/chapter3/topic_ws/build/demo_python_topic/prefix_override:/usr/lib/python3/dist-packages/colcon_core/task/python/colcon_distutils_commands:/home/zylyehuo/ROS2_learning/chapter3/topic_ws/install/demo_python_topic/lib/python3.10/site-packages:${PYTHONPATH} /usr/bin/python3 -W ignore:setup.py install is deprecated -W ignore:easy_install command is deprecated setup.py egg_info --egg-base ../../build/demo_python_topic build --build-base /home/zylyehuo/ROS2_learning/chapter3/topic_ws/build/demo_python_topic/build install --record /home/zylyehuo/ROS2_learning/chapter3/topic_ws/build/demo_python_topic/install.log --single-version-externally-managed install_data
[0.813s] running egg_info
[0.813s] writing ../../build/demo_python_topic/demo_python_topic.egg-info/PKG-INFO
[0.814s] writing dependency_links to ../../build/demo_python_topic/demo_python_topic.egg-info/dependency_links.txt
[0.814s] writing entry points to ../../build/demo_python_topic/demo_python_topic.egg-info/entry_points.txt
[0.814s] writing requirements to ../../build/demo_python_topic/demo_python_topic.egg-info/requires.txt
[0.814s] writing top-level names to ../../build/demo_python_topic/demo_python_topic.egg-info/top_level.txt
[0.815s] reading manifest file '../../build/demo_python_topic/demo_python_topic.egg-info/SOURCES.txt'
[0.816s] adding license file 'LICENSE'
[0.816s] writing manifest file '../../build/demo_python_topic/demo_python_topic.egg-info/SOURCES.txt'
[0.817s] running build
[0.817s] running build_py
[0.817s] running install
[0.817s] running install_lib
[0.818s] running install_data
[0.818s] running install_egg_info
[0.819s] removing '/home/zylyehuo/ROS2_learning/chapter3/topic_ws/install/demo_python_topic/lib/python3.10/site-packages/demo_python_topic-0.0.0-py3.10.egg-info' (and everything under it)
[0.820s] Copying ../../build/demo_python_topic/demo_python_topic.egg-info to /home/zylyehuo/ROS2_learning/chapter3/topic_ws/install/demo_python_topic/lib/python3.10/site-packages/demo_python_topic-0.0.0-py3.10.egg-info
[0.821s] running install_scripts
[0.836s] Installing novel_pub_node script to /home/zylyehuo/ROS2_learning/chapter3/topic_ws/install/demo_python_topic/lib/demo_python_topic
[0.837s] Installing novel_sub_node script to /home/zylyehuo/ROS2_learning/chapter3/topic_ws/install/demo_python_topic/lib/demo_python_topic
[0.837s] writing list of installed files to '/home/zylyehuo/ROS2_learning/chapter3/topic_ws/build/demo_python_topic/install.log'
[0.853s] Invoked command in '/home/zylyehuo/ROS2_learning/chapter3/topic_ws/src/demo_python_topic' returned '0': PYTHONPATH=/home/zylyehuo/ROS2_learning/chapter3/topic_ws/build/demo_python_topic/prefix_override:/usr/lib/python3/dist-packages/colcon_core/task/python/colcon_distutils_commands:/home/zylyehuo/ROS2_learning/chapter3/topic_ws/install/demo_python_topic/lib/python3.10/site-packages:${PYTHONPATH} /usr/bin/python3 -W ignore:setup.py install is deprecated -W ignore:easy_install command is deprecated setup.py egg_info --egg-base ../../build/demo_python_topic build --build-base /home/zylyehuo/ROS2_learning/chapter3/topic_ws/build/demo_python_topic/build install --record /home/zylyehuo/ROS2_learning/chapter3/topic_ws/build/demo_python_topic/install.log --single-version-externally-managed install_data
