[0.679s] Invoking command in '/home/zylyehuo/ROS2_learning/chapter7/chapt7_ws/src/fishbot_application': PYTHONPATH=/home/zylyehuo/ROS2_learning/chapter7/chapt7_ws/build/fishbot_application/prefix_override:/usr/lib/python3/dist-packages/colcon_core/task/python/colcon_distutils_commands:/home/zylyehuo/ROS2_learning/chapter7/chapt7_ws/install/fishbot_application/lib/python3.10/site-packages:${PYTHONPATH} /usr/bin/python3 -W ignore:setup.py install is deprecated -W ignore:easy_install command is deprecated setup.py egg_info --egg-base ../../build/fishbot_application build --build-base /home/zylyehuo/ROS2_learning/chapter7/chapt7_ws/build/fishbot_application/build install --record /home/zylyehuo/ROS2_learning/chapter7/chapt7_ws/build/fishbot_application/install.log --single-version-externally-managed install_data
[0.914s] running egg_info
[0.914s] writing ../../build/fishbot_application/fishbot_application.egg-info/PKG-INFO
[0.915s] writing dependency_links to ../../build/fishbot_application/fishbot_application.egg-info/dependency_links.txt
[0.915s] writing entry points to ../../build/fishbot_application/fishbot_application.egg-info/entry_points.txt
[0.915s] writing requirements to ../../build/fishbot_application/fishbot_application.egg-info/requires.txt
[0.916s] writing top-level names to ../../build/fishbot_application/fishbot_application.egg-info/top_level.txt
[0.918s] reading manifest file '../../build/fishbot_application/fishbot_application.egg-info/SOURCES.txt'
[0.919s] adding license file 'LICENSE'
[0.919s] writing manifest file '../../build/fishbot_application/fishbot_application.egg-info/SOURCES.txt'
[0.919s] running build
[0.919s] running build_py
[0.920s] copying fishbot_application/waypoints_follower.py -> /home/zylyehuo/ROS2_learning/chapter7/chapt7_ws/build/fishbot_application/build/lib/fishbot_application
[0.920s] running install
[0.921s] running install_lib
[0.922s] copying /home/zylyehuo/ROS2_learning/chapter7/chapt7_ws/build/fishbot_application/build/lib/fishbot_application/waypoints_follower.py -> /home/zylyehuo/ROS2_learning/chapter7/chapt7_ws/install/fishbot_application/lib/python3.10/site-packages/fishbot_application
[0.922s] byte-compiling /home/zylyehuo/ROS2_learning/chapter7/chapt7_ws/install/fishbot_application/lib/python3.10/site-packages/fishbot_application/waypoints_follower.py to waypoints_follower.cpython-310.pyc
[0.924s] running install_data
[0.924s] running install_egg_info
[0.926s] removing '/home/zylyehuo/ROS2_learning/chapter7/chapt7_ws/install/fishbot_application/lib/python3.10/site-packages/fishbot_application-0.0.0-py3.10.egg-info' (and everything under it)
[0.926s] Copying ../../build/fishbot_application/fishbot_application.egg-info to /home/zylyehuo/ROS2_learning/chapter7/chapt7_ws/install/fishbot_application/lib/python3.10/site-packages/fishbot_application-0.0.0-py3.10.egg-info
[0.928s] running install_scripts
[0.949s] Installing get_robot_pose script to /home/zylyehuo/ROS2_learning/chapter7/chapt7_ws/install/fishbot_application/lib/fishbot_application
[0.949s] Installing init_robot_pose script to /home/zylyehuo/ROS2_learning/chapter7/chapt7_ws/install/fishbot_application/lib/fishbot_application
[0.950s] Installing nav_to_pose script to /home/zylyehuo/ROS2_learning/chapter7/chapt7_ws/install/fishbot_application/lib/fishbot_application
[0.950s] Installing waypoints_follower script to /home/zylyehuo/ROS2_learning/chapter7/chapt7_ws/install/fishbot_application/lib/fishbot_application
[0.950s] writing list of installed files to '/home/zylyehuo/ROS2_learning/chapter7/chapt7_ws/build/fishbot_application/install.log'
[0.980s] Invoked command in '/home/zylyehuo/ROS2_learning/chapter7/chapt7_ws/src/fishbot_application' returned '0': PYTHONPATH=/home/zylyehuo/ROS2_learning/chapter7/chapt7_ws/build/fishbot_application/prefix_override:/usr/lib/python3/dist-packages/colcon_core/task/python/colcon_distutils_commands:/home/zylyehuo/ROS2_learning/chapter7/chapt7_ws/install/fishbot_application/lib/python3.10/site-packages:${PYTHONPATH} /usr/bin/python3 -W ignore:setup.py install is deprecated -W ignore:easy_install command is deprecated setup.py egg_info --egg-base ../../build/fishbot_application build --build-base /home/zylyehuo/ROS2_learning/chapter7/chapt7_ws/build/fishbot_application/build install --record /home/zylyehuo/ROS2_learning/chapter7/chapt7_ws/build/fishbot_application/install.log --single-version-externally-managed install_data
