[1.555s] DEBUG:colcon:Command line arguments: ['/usr/bin/colcon', 'build']
[1.555s] DEBUG:colcon:Parsed command line arguments: Namespace(log_base=None, log_level=None, verb_name='build', build_base='build', install_base='install', merge_install=False, symlink_install=False, test_result_base=None, continue_on_error=False, executor='parallel', parallel_workers=16, event_handlers=None, ignore_user_meta=False, metas=['./colcon.meta'], base_paths=['.'], packages_ignore=None, packages_ignore_regex=None, paths=None, packages_up_to=None, packages_up_to_regex=None, packages_above=None, packages_above_and_dependencies=None, packages_above_depth=None, packages_select_by_dep=None, packages_skip_by_dep=None, packages_skip_up_to=None, packages_select_build_failed=False, packages_skip_build_finished=False, packages_select_test_failures=False, packages_skip_test_passed=False, packages_select=None, packages_skip=None, packages_select_regex=None, packages_skip_regex=None, packages_start=None, packages_end=None, allow_overriding=[], cmake_args=None, cmake_target=None, cmake_target_skip_unavailable=False, cmake_clean_cache=False, cmake_clean_first=False, cmake_force_configure=False, ament_cmake_args=None, catkin_cmake_args=None, catkin_skip_building_tests=False, verb_parser=<colcon_defaults.argument_parser.defaults.DefaultArgumentsDecorator object at 0x743d19137940>, verb_extension=<colcon_core.verb.build.BuildVerb object at 0x743d19137370>, main=<bound method BuildVerb.main of <colcon_core.verb.build.BuildVerb object at 0x743d19137370>>)
[3.797s] Level 1:colcon.colcon_core.package_discovery:discover_packages(colcon_meta) check parameters
[3.797s] Level 1:colcon.colcon_core.package_discovery:discover_packages(recursive) check parameters
[3.797s] Level 1:colcon.colcon_core.package_discovery:discover_packages(ignore) check parameters
[3.797s] Level 1:colcon.colcon_core.package_discovery:discover_packages(path) check parameters
[3.797s] Level 1:colcon.colcon_core.package_discovery:discover_packages(colcon_meta) discover
[3.797s] Level 1:colcon.colcon_core.package_discovery:discover_packages(recursive) discover
[3.797s] INFO:colcon.colcon_core.package_discovery:Crawling recursively for packages in '/home/zylyehuo/ROS2_learning/chapter5/chapt5_ws'
[3.797s] Level 1:colcon.colcon_core.package_identification:_identify(.) by extensions ['ignore', 'ignore_ament_install']
[3.797s] Level 1:colcon.colcon_core.package_identification:_identify(.) by extension 'ignore'
[3.797s] Level 1:colcon.colcon_core.package_identification:_identify(.) by extension 'ignore_ament_install'
[3.798s] Level 1:colcon.colcon_core.package_identification:_identify(.) by extensions ['colcon_pkg']
[3.798s] Level 1:colcon.colcon_core.package_identification:_identify(.) by extension 'colcon_pkg'
[3.798s] Level 1:colcon.colcon_core.package_identification:_identify(.) by extensions ['colcon_meta']
[3.798s] Level 1:colcon.colcon_core.package_identification:_identify(.) by extension 'colcon_meta'
[3.798s] Level 1:colcon.colcon_core.package_identification:_identify(.) by extensions ['ros']
[3.798s] Level 1:colcon.colcon_core.package_identification:_identify(.) by extension 'ros'
[3.854s] Level 1:colcon.colcon_core.package_identification:_identify(.) by extensions ['cmake', 'python']
[3.854s] Level 1:colcon.colcon_core.package_identification:_identify(.) by extension 'cmake'
[3.854s] Level 1:colcon.colcon_core.package_identification:_identify(.) by extension 'python'
[3.854s] Level 1:colcon.colcon_core.package_identification:_identify(.) by extensions ['python_setup_py']
[3.854s] Level 1:colcon.colcon_core.package_identification:_identify(.) by extension 'python_setup_py'
[3.854s] Level 1:colcon.colcon_core.package_identification:_identify(build) by extensions ['ignore', 'ignore_ament_install']
[3.854s] Level 1:colcon.colcon_core.package_identification:_identify(build) by extension 'ignore'
[3.854s] Level 1:colcon.colcon_core.package_identification:_identify(build) ignored
[3.854s] Level 1:colcon.colcon_core.package_identification:_identify(install) by extensions ['ignore', 'ignore_ament_install']
[3.855s] Level 1:colcon.colcon_core.package_identification:_identify(install) by extension 'ignore'
[3.855s] Level 1:colcon.colcon_core.package_identification:_identify(install) ignored
[3.855s] Level 1:colcon.colcon_core.package_identification:_identify(log) by extensions ['ignore', 'ignore_ament_install']
[3.855s] Level 1:colcon.colcon_core.package_identification:_identify(log) by extension 'ignore'
[3.855s] Level 1:colcon.colcon_core.package_identification:_identify(log) ignored
[3.855s] Level 1:colcon.colcon_core.package_identification:_identify(src) by extensions ['ignore', 'ignore_ament_install']
[3.855s] Level 1:colcon.colcon_core.package_identification:_identify(src) by extension 'ignore'
[3.855s] Level 1:colcon.colcon_core.package_identification:_identify(src) by extension 'ignore_ament_install'
[3.855s] Level 1:colcon.colcon_core.package_identification:_identify(src) by extensions ['colcon_pkg']
[3.855s] Level 1:colcon.colcon_core.package_identification:_identify(src) by extension 'colcon_pkg'
[3.855s] Level 1:colcon.colcon_core.package_identification:_identify(src) by extensions ['colcon_meta']
[3.855s] Level 1:colcon.colcon_core.package_identification:_identify(src) by extension 'colcon_meta'
[3.855s] Level 1:colcon.colcon_core.package_identification:_identify(src) by extensions ['ros']
[3.855s] Level 1:colcon.colcon_core.package_identification:_identify(src) by extension 'ros'
[3.855s] Level 1:colcon.colcon_core.package_identification:_identify(src) by extensions ['cmake', 'python']
[3.855s] Level 1:colcon.colcon_core.package_identification:_identify(src) by extension 'cmake'
[3.855s] Level 1:colcon.colcon_core.package_identification:_identify(src) by extension 'python'
[3.855s] Level 1:colcon.colcon_core.package_identification:_identify(src) by extensions ['python_setup_py']
[3.855s] Level 1:colcon.colcon_core.package_identification:_identify(src) by extension 'python_setup_py'
[3.855s] Level 1:colcon.colcon_core.package_identification:_identify(src/demo_cpp_tf) by extensions ['ignore', 'ignore_ament_install']
[3.855s] Level 1:colcon.colcon_core.package_identification:_identify(src/demo_cpp_tf) by extension 'ignore'
[3.855s] Level 1:colcon.colcon_core.package_identification:_identify(src/demo_cpp_tf) by extension 'ignore_ament_install'
[3.855s] Level 1:colcon.colcon_core.package_identification:_identify(src/demo_cpp_tf) by extensions ['colcon_pkg']
[3.855s] Level 1:colcon.colcon_core.package_identification:_identify(src/demo_cpp_tf) by extension 'colcon_pkg'
[3.855s] Level 1:colcon.colcon_core.package_identification:_identify(src/demo_cpp_tf) by extensions ['colcon_meta']
[3.855s] Level 1:colcon.colcon_core.package_identification:_identify(src/demo_cpp_tf) by extension 'colcon_meta'
[3.855s] Level 1:colcon.colcon_core.package_identification:_identify(src/demo_cpp_tf) by extensions ['ros']
[3.855s] Level 1:colcon.colcon_core.package_identification:_identify(src/demo_cpp_tf) by extension 'ros'
[3.865s] DEBUG:colcon.colcon_core.package_identification:Package 'src/demo_cpp_tf' with type 'ros.ament_cmake' and name 'demo_cpp_tf'
[3.866s] Level 1:colcon.colcon_core.package_identification:_identify(src/demo_python_tf) by extensions ['ignore', 'ignore_ament_install']
[3.866s] Level 1:colcon.colcon_core.package_identification:_identify(src/demo_python_tf) by extension 'ignore'
[3.866s] Level 1:colcon.colcon_core.package_identification:_identify(src/demo_python_tf) by extension 'ignore_ament_install'
[3.866s] Level 1:colcon.colcon_core.package_identification:_identify(src/demo_python_tf) by extensions ['colcon_pkg']
[3.866s] Level 1:colcon.colcon_core.package_identification:_identify(src/demo_python_tf) by extension 'colcon_pkg'
[3.866s] Level 1:colcon.colcon_core.package_identification:_identify(src/demo_python_tf) by extensions ['colcon_meta']
[3.866s] Level 1:colcon.colcon_core.package_identification:_identify(src/demo_python_tf) by extension 'colcon_meta'
[3.866s] Level 1:colcon.colcon_core.package_identification:_identify(src/demo_python_tf) by extensions ['ros']
[3.866s] Level 1:colcon.colcon_core.package_identification:_identify(src/demo_python_tf) by extension 'ros'
[3.870s] DEBUG:colcon.colcon_core.package_identification:Package 'src/demo_python_tf' with type 'ros.ament_python' and name 'demo_python_tf'
[3.870s] Level 1:colcon.colcon_core.package_discovery:discover_packages(recursive) using defaults
[3.870s] Level 1:colcon.colcon_core.package_discovery:discover_packages(ignore) discover
[3.870s] Level 1:colcon.colcon_core.package_discovery:discover_packages(ignore) using defaults
[3.870s] Level 1:colcon.colcon_core.package_discovery:discover_packages(path) discover
[3.870s] Level 1:colcon.colcon_core.package_discovery:discover_packages(path) using defaults
[4.019s] Level 1:colcon.colcon_core.package_discovery:discover_packages(prefix_path) check parameters
[4.019s] Level 1:colcon.colcon_core.package_discovery:discover_packages(prefix_path) discover
[4.044s] DEBUG:colcon.colcon_installed_package_information.package_discovery:Found 2 installed packages in /home/zylyehuo/ROS2_learning/chapter5/chapt5_ws/install
[4.055s] DEBUG:colcon.colcon_installed_package_information.package_discovery:Found 306 installed packages in /opt/ros/humble
[4.067s] Level 1:colcon.colcon_core.package_discovery:discover_packages(prefix_path) using defaults
[4.788s] Level 5:colcon.colcon_core.verb:set package 'demo_cpp_tf' build argument 'cmake_args' from command line to 'None'
[4.789s] Level 5:colcon.colcon_core.verb:set package 'demo_cpp_tf' build argument 'cmake_target' from command line to 'None'
[4.789s] Level 5:colcon.colcon_core.verb:set package 'demo_cpp_tf' build argument 'cmake_target_skip_unavailable' from command line to 'False'
[4.789s] Level 5:colcon.colcon_core.verb:set package 'demo_cpp_tf' build argument 'cmake_clean_cache' from command line to 'False'
[4.789s] Level 5:colcon.colcon_core.verb:set package 'demo_cpp_tf' build argument 'cmake_clean_first' from command line to 'False'
[4.789s] Level 5:colcon.colcon_core.verb:set package 'demo_cpp_tf' build argument 'cmake_force_configure' from command line to 'False'
[4.789s] Level 5:colcon.colcon_core.verb:set package 'demo_cpp_tf' build argument 'ament_cmake_args' from command line to 'None'
[4.789s] Level 5:colcon.colcon_core.verb:set package 'demo_cpp_tf' build argument 'catkin_cmake_args' from command line to 'None'
[4.789s] Level 5:colcon.colcon_core.verb:set package 'demo_cpp_tf' build argument 'catkin_skip_building_tests' from command line to 'False'
[4.789s] DEBUG:colcon.colcon_core.verb:Building package 'demo_cpp_tf' with the following arguments: {'ament_cmake_args': None, 'build_base': '/home/zylyehuo/ROS2_learning/chapter5/chapt5_ws/build/demo_cpp_tf', 'catkin_cmake_args': None, 'catkin_skip_building_tests': False, 'cmake_args': None, 'cmake_clean_cache': False, 'cmake_clean_first': False, 'cmake_force_configure': False, 'cmake_target': None, 'cmake_target_skip_unavailable': False, 'install_base': '/home/zylyehuo/ROS2_learning/chapter5/chapt5_ws/install/demo_cpp_tf', 'merge_install': False, 'path': '/home/zylyehuo/ROS2_learning/chapter5/chapt5_ws/src/demo_cpp_tf', 'symlink_install': False, 'test_result_base': None}
[4.789s] Level 5:colcon.colcon_core.verb:set package 'demo_python_tf' build argument 'cmake_args' from command line to 'None'
[4.789s] Level 5:colcon.colcon_core.verb:set package 'demo_python_tf' build argument 'cmake_target' from command line to 'None'
[4.789s] Level 5:colcon.colcon_core.verb:set package 'demo_python_tf' build argument 'cmake_target_skip_unavailable' from command line to 'False'
[4.789s] Level 5:colcon.colcon_core.verb:set package 'demo_python_tf' build argument 'cmake_clean_cache' from command line to 'False'
[4.789s] Level 5:colcon.colcon_core.verb:set package 'demo_python_tf' build argument 'cmake_clean_first' from command line to 'False'
[4.789s] Level 5:colcon.colcon_core.verb:set package 'demo_python_tf' build argument 'cmake_force_configure' from command line to 'False'
[4.789s] Level 5:colcon.colcon_core.verb:set package 'demo_python_tf' build argument 'ament_cmake_args' from command line to 'None'
[4.789s] Level 5:colcon.colcon_core.verb:set package 'demo_python_tf' build argument 'catkin_cmake_args' from command line to 'None'
[4.789s] Level 5:colcon.colcon_core.verb:set package 'demo_python_tf' build argument 'catkin_skip_building_tests' from command line to 'False'
[4.789s] DEBUG:colcon.colcon_core.verb:Building package 'demo_python_tf' with the following arguments: {'ament_cmake_args': None, 'build_base': '/home/zylyehuo/ROS2_learning/chapter5/chapt5_ws/build/demo_python_tf', 'catkin_cmake_args': None, 'catkin_skip_building_tests': False, 'cmake_args': None, 'cmake_clean_cache': False, 'cmake_clean_first': False, 'cmake_force_configure': False, 'cmake_target': None, 'cmake_target_skip_unavailable': False, 'install_base': '/home/zylyehuo/ROS2_learning/chapter5/chapt5_ws/install/demo_python_tf', 'merge_install': False, 'path': '/home/zylyehuo/ROS2_learning/chapter5/chapt5_ws/src/demo_python_tf', 'symlink_install': False, 'test_result_base': None}
[4.789s] INFO:colcon.colcon_core.executor:Executing jobs using 'parallel' executor
[4.790s] DEBUG:colcon.colcon_parallel_executor.executor.parallel:run_until_complete
[4.791s] INFO:colcon.colcon_ros.task.ament_cmake.build:Building ROS package in '/home/zylyehuo/ROS2_learning/chapter5/chapt5_ws/src/demo_cpp_tf' with build type 'ament_cmake'
[4.791s] INFO:colcon.colcon_cmake.task.cmake.build:Building CMake package in '/home/zylyehuo/ROS2_learning/chapter5/chapt5_ws/src/demo_cpp_tf'
[4.838s] INFO:colcon.colcon_core.plugin_system:Skipping extension 'colcon_core.shell.bat': Not used on non-Windows systems
[4.838s] INFO:colcon.colcon_core.shell:Skip shell extension 'powershell' for command environment: Not usable outside of PowerShell
[4.838s] DEBUG:colcon.colcon_core.shell:Skip shell extension 'dsv' for command environment
[4.848s] INFO:colcon.colcon_ros.task.ament_python.build:Building ROS package in '/home/zylyehuo/ROS2_learning/chapter5/chapt5_ws/src/demo_python_tf' with build type 'ament_python'
[4.848s] Level 1:colcon.colcon_core.shell:create_environment_hook('demo_python_tf', 'ament_prefix_path')
[4.849s] INFO:colcon.colcon_core.shell:Creating environment hook '/home/zylyehuo/ROS2_learning/chapter5/chapt5_ws/install/demo_python_tf/share/demo_python_tf/hook/ament_prefix_path.ps1'
[4.854s] INFO:colcon.colcon_core.shell:Creating environment descriptor '/home/zylyehuo/ROS2_learning/chapter5/chapt5_ws/install/demo_python_tf/share/demo_python_tf/hook/ament_prefix_path.dsv'
[4.858s] INFO:colcon.colcon_core.shell:Creating environment hook '/home/zylyehuo/ROS2_learning/chapter5/chapt5_ws/install/demo_python_tf/share/demo_python_tf/hook/ament_prefix_path.sh'
[4.864s] INFO:colcon.colcon_core.shell:Skip shell extension 'powershell' for command environment: Not usable outside of PowerShell
[4.864s] DEBUG:colcon.colcon_core.shell:Skip shell extension 'dsv' for command environment
[4.876s] DEBUG:colcon.colcon_core.event_handler.log_command:Invoking command in '/home/zylyehuo/ROS2_learning/chapter5/chapt5_ws/build/demo_cpp_tf': CMAKE_PREFIX_PATH=${CMAKE_PREFIX_PATH}:/home/zylyehuo/ROS2_learning/chapter5/chapt5_ws/install/demo_python_tf:/opt/ros/humble /usr/bin/cmake --build /home/zylyehuo/ROS2_learning/chapter5/chapt5_ws/build/demo_cpp_tf -- -j16 -l16
[5.142s] INFO:colcon.colcon_core.task.python.build:Building Python package in '/home/zylyehuo/ROS2_learning/chapter5/chapt5_ws/src/demo_python_tf'
[5.142s] INFO:colcon.colcon_core.shell:Skip shell extension 'powershell' for command environment: Not usable outside of PowerShell
[5.142s] DEBUG:colcon.colcon_core.shell:Skip shell extension 'dsv' for command environment
[7.425s] DEBUG:colcon.colcon_core.event_handler.log_command:Invoking command in '/home/zylyehuo/ROS2_learning/chapter5/chapt5_ws/src/demo_python_tf': PYTHONPATH=/home/zylyehuo/ROS2_learning/chapter5/chapt5_ws/build/demo_python_tf/prefix_override:/usr/lib/python3/dist-packages/colcon_core/task/python/colcon_distutils_commands:/home/zylyehuo/ROS2_learning/chapter5/chapt5_ws/install/demo_python_tf/lib/python3.10/site-packages:${PYTHONPATH} /usr/bin/python3 -W ignore:setup.py install is deprecated -W ignore:easy_install command is deprecated setup.py egg_info --egg-base ../../build/demo_python_tf build --build-base /home/zylyehuo/ROS2_learning/chapter5/chapt5_ws/build/demo_python_tf/build install --record /home/zylyehuo/ROS2_learning/chapter5/chapt5_ws/build/demo_python_tf/install.log --single-version-externally-managed install_data
[7.644s] DEBUG:colcon.colcon_core.event_handler.log_command:Invoked command in '/home/zylyehuo/ROS2_learning/chapter5/chapt5_ws/src/demo_python_tf' returned '0': PYTHONPATH=/home/zylyehuo/ROS2_learning/chapter5/chapt5_ws/build/demo_python_tf/prefix_override:/usr/lib/python3/dist-packages/colcon_core/task/python/colcon_distutils_commands:/home/zylyehuo/ROS2_learning/chapter5/chapt5_ws/install/demo_python_tf/lib/python3.10/site-packages:${PYTHONPATH} /usr/bin/python3 -W ignore:setup.py install is deprecated -W ignore:easy_install command is deprecated setup.py egg_info --egg-base ../../build/demo_python_tf build --build-base /home/zylyehuo/ROS2_learning/chapter5/chapt5_ws/build/demo_python_tf/build install --record /home/zylyehuo/ROS2_learning/chapter5/chapt5_ws/build/demo_python_tf/install.log --single-version-externally-managed install_data
[7.695s] Level 1:colcon.colcon_core.environment:checking '/home/zylyehuo/ROS2_learning/chapter5/chapt5_ws/install/demo_python_tf' for CMake module files
[7.696s] Level 1:colcon.colcon_core.environment:checking '/home/zylyehuo/ROS2_learning/chapter5/chapt5_ws/install/demo_python_tf' for CMake config files
[7.696s] Level 1:colcon.colcon_core.environment:checking '/home/zylyehuo/ROS2_learning/chapter5/chapt5_ws/install/demo_python_tf/lib'
[7.697s] Level 1:colcon.colcon_core.environment:checking '/home/zylyehuo/ROS2_learning/chapter5/chapt5_ws/install/demo_python_tf/bin'
[7.697s] Level 1:colcon.colcon_core.environment:checking '/home/zylyehuo/ROS2_learning/chapter5/chapt5_ws/install/demo_python_tf/lib/pkgconfig/demo_python_tf.pc'
[7.697s] Level 1:colcon.colcon_core.environment:checking '/home/zylyehuo/ROS2_learning/chapter5/chapt5_ws/install/demo_python_tf/lib/python3.10/site-packages'
[7.697s] Level 1:colcon.colcon_core.shell:create_environment_hook('demo_python_tf', 'pythonpath')
[7.697s] INFO:colcon.colcon_core.shell:Creating environment hook '/home/zylyehuo/ROS2_learning/chapter5/chapt5_ws/install/demo_python_tf/share/demo_python_tf/hook/pythonpath.ps1'
[7.698s] INFO:colcon.colcon_core.shell:Creating environment descriptor '/home/zylyehuo/ROS2_learning/chapter5/chapt5_ws/install/demo_python_tf/share/demo_python_tf/hook/pythonpath.dsv'
[7.698s] INFO:colcon.colcon_core.shell:Creating environment hook '/home/zylyehuo/ROS2_learning/chapter5/chapt5_ws/install/demo_python_tf/share/demo_python_tf/hook/pythonpath.sh'
[7.698s] Level 1:colcon.colcon_core.environment:checking '/home/zylyehuo/ROS2_learning/chapter5/chapt5_ws/install/demo_python_tf/bin'
[7.698s] Level 1:colcon.colcon_core.environment:create_environment_scripts_only(demo_python_tf)
[7.699s] INFO:colcon.colcon_core.shell:Creating package script '/home/zylyehuo/ROS2_learning/chapter5/chapt5_ws/install/demo_python_tf/share/demo_python_tf/package.ps1'
[7.701s] INFO:colcon.colcon_core.shell:Creating package descriptor '/home/zylyehuo/ROS2_learning/chapter5/chapt5_ws/install/demo_python_tf/share/demo_python_tf/package.dsv'
[7.706s] INFO:colcon.colcon_core.shell:Creating package script '/home/zylyehuo/ROS2_learning/chapter5/chapt5_ws/install/demo_python_tf/share/demo_python_tf/package.sh'
[7.710s] INFO:colcon.colcon_core.shell:Creating package script '/home/zylyehuo/ROS2_learning/chapter5/chapt5_ws/install/demo_python_tf/share/demo_python_tf/package.bash'
[7.715s] INFO:colcon.colcon_core.shell:Creating package script '/home/zylyehuo/ROS2_learning/chapter5/chapt5_ws/install/demo_python_tf/share/demo_python_tf/package.zsh'
[7.721s] Level 1:colcon.colcon_core.environment:create_file_with_runtime_dependencies(/home/zylyehuo/ROS2_learning/chapter5/chapt5_ws/install/demo_python_tf/share/colcon-core/packages/demo_python_tf)
[25.109s] DEBUG:colcon.colcon_core.event_handler.log_command:Invoked command in '/home/zylyehuo/ROS2_learning/chapter5/chapt5_ws/build/demo_cpp_tf' returned '0': CMAKE_PREFIX_PATH=${CMAKE_PREFIX_PATH}:/home/zylyehuo/ROS2_learning/chapter5/chapt5_ws/install/demo_python_tf:/opt/ros/humble /usr/bin/cmake --build /home/zylyehuo/ROS2_learning/chapter5/chapt5_ws/build/demo_cpp_tf -- -j16 -l16
[25.117s] DEBUG:colcon.colcon_core.event_handler.log_command:Invoking command in '/home/zylyehuo/ROS2_learning/chapter5/chapt5_ws/build/demo_cpp_tf': CMAKE_PREFIX_PATH=${CMAKE_PREFIX_PATH}:/home/zylyehuo/ROS2_learning/chapter5/chapt5_ws/install/demo_python_tf:/opt/ros/humble /usr/bin/cmake --install /home/zylyehuo/ROS2_learning/chapter5/chapt5_ws/build/demo_cpp_tf
[25.132s] Level 1:colcon.colcon_core.environment:create_environment_scripts_only(demo_cpp_tf)
[25.133s] Level 1:colcon.colcon_core.environment:checking '/home/zylyehuo/ROS2_learning/chapter5/chapt5_ws/install/demo_cpp_tf' for CMake module files
[25.133s] DEBUG:colcon.colcon_core.event_handler.log_command:Invoked command in '/home/zylyehuo/ROS2_learning/chapter5/chapt5_ws/build/demo_cpp_tf' returned '0': CMAKE_PREFIX_PATH=${CMAKE_PREFIX_PATH}:/home/zylyehuo/ROS2_learning/chapter5/chapt5_ws/install/demo_python_tf:/opt/ros/humble /usr/bin/cmake --install /home/zylyehuo/ROS2_learning/chapter5/chapt5_ws/build/demo_cpp_tf
[25.134s] Level 1:colcon.colcon_core.environment:checking '/home/zylyehuo/ROS2_learning/chapter5/chapt5_ws/install/demo_cpp_tf' for CMake config files
[25.134s] Level 1:colcon.colcon_core.shell:create_environment_hook('demo_cpp_tf', 'cmake_prefix_path')
[25.134s] INFO:colcon.colcon_core.shell:Creating environment hook '/home/zylyehuo/ROS2_learning/chapter5/chapt5_ws/install/demo_cpp_tf/share/demo_cpp_tf/hook/cmake_prefix_path.ps1'
[25.134s] INFO:colcon.colcon_core.shell:Creating environment descriptor '/home/zylyehuo/ROS2_learning/chapter5/chapt5_ws/install/demo_cpp_tf/share/demo_cpp_tf/hook/cmake_prefix_path.dsv'
[25.135s] INFO:colcon.colcon_core.shell:Creating environment hook '/home/zylyehuo/ROS2_learning/chapter5/chapt5_ws/install/demo_cpp_tf/share/demo_cpp_tf/hook/cmake_prefix_path.sh'
[25.135s] Level 1:colcon.colcon_core.environment:checking '/home/zylyehuo/ROS2_learning/chapter5/chapt5_ws/install/demo_cpp_tf/lib'
[25.135s] Level 1:colcon.colcon_core.environment:checking '/home/zylyehuo/ROS2_learning/chapter5/chapt5_ws/install/demo_cpp_tf/bin'
[25.135s] Level 1:colcon.colcon_core.environment:checking '/home/zylyehuo/ROS2_learning/chapter5/chapt5_ws/install/demo_cpp_tf/lib/pkgconfig/demo_cpp_tf.pc'
[25.135s] Level 1:colcon.colcon_core.environment:checking '/home/zylyehuo/ROS2_learning/chapter5/chapt5_ws/install/demo_cpp_tf/lib/python3.10/site-packages'
[25.135s] Level 1:colcon.colcon_core.environment:checking '/home/zylyehuo/ROS2_learning/chapter5/chapt5_ws/install/demo_cpp_tf/bin'
[25.136s] INFO:colcon.colcon_core.shell:Creating package script '/home/zylyehuo/ROS2_learning/chapter5/chapt5_ws/install/demo_cpp_tf/share/demo_cpp_tf/package.ps1'
[25.136s] INFO:colcon.colcon_core.shell:Creating package descriptor '/home/zylyehuo/ROS2_learning/chapter5/chapt5_ws/install/demo_cpp_tf/share/demo_cpp_tf/package.dsv'
[25.136s] INFO:colcon.colcon_core.shell:Creating package script '/home/zylyehuo/ROS2_learning/chapter5/chapt5_ws/install/demo_cpp_tf/share/demo_cpp_tf/package.sh'
[25.137s] INFO:colcon.colcon_core.shell:Creating package script '/home/zylyehuo/ROS2_learning/chapter5/chapt5_ws/install/demo_cpp_tf/share/demo_cpp_tf/package.bash'
[25.137s] INFO:colcon.colcon_core.shell:Creating package script '/home/zylyehuo/ROS2_learning/chapter5/chapt5_ws/install/demo_cpp_tf/share/demo_cpp_tf/package.zsh'
[25.137s] Level 1:colcon.colcon_core.environment:create_file_with_runtime_dependencies(/home/zylyehuo/ROS2_learning/chapter5/chapt5_ws/install/demo_cpp_tf/share/colcon-core/packages/demo_cpp_tf)
[25.137s] Level 1:colcon.colcon_core.environment:create_environment_scripts_only(demo_cpp_tf)
[25.138s] Level 1:colcon.colcon_core.environment:checking '/home/zylyehuo/ROS2_learning/chapter5/chapt5_ws/install/demo_cpp_tf' for CMake module files
[25.138s] Level 1:colcon.colcon_core.environment:checking '/home/zylyehuo/ROS2_learning/chapter5/chapt5_ws/install/demo_cpp_tf' for CMake config files
[25.138s] Level 1:colcon.colcon_core.shell:create_environment_hook('demo_cpp_tf', 'cmake_prefix_path')
[25.138s] INFO:colcon.colcon_core.shell:Creating environment hook '/home/zylyehuo/ROS2_learning/chapter5/chapt5_ws/install/demo_cpp_tf/share/demo_cpp_tf/hook/cmake_prefix_path.ps1'
[25.138s] INFO:colcon.colcon_core.shell:Creating environment descriptor '/home/zylyehuo/ROS2_learning/chapter5/chapt5_ws/install/demo_cpp_tf/share/demo_cpp_tf/hook/cmake_prefix_path.dsv'
[25.139s] INFO:colcon.colcon_core.shell:Creating environment hook '/home/zylyehuo/ROS2_learning/chapter5/chapt5_ws/install/demo_cpp_tf/share/demo_cpp_tf/hook/cmake_prefix_path.sh'
[25.139s] Level 1:colcon.colcon_core.environment:checking '/home/zylyehuo/ROS2_learning/chapter5/chapt5_ws/install/demo_cpp_tf/lib'
[25.139s] Level 1:colcon.colcon_core.environment:checking '/home/zylyehuo/ROS2_learning/chapter5/chapt5_ws/install/demo_cpp_tf/bin'
[25.139s] Level 1:colcon.colcon_core.environment:checking '/home/zylyehuo/ROS2_learning/chapter5/chapt5_ws/install/demo_cpp_tf/lib/pkgconfig/demo_cpp_tf.pc'
[25.139s] Level 1:colcon.colcon_core.environment:checking '/home/zylyehuo/ROS2_learning/chapter5/chapt5_ws/install/demo_cpp_tf/lib/python3.10/site-packages'
[25.139s] Level 1:colcon.colcon_core.environment:checking '/home/zylyehuo/ROS2_learning/chapter5/chapt5_ws/install/demo_cpp_tf/bin'
[25.140s] INFO:colcon.colcon_core.shell:Creating package script '/home/zylyehuo/ROS2_learning/chapter5/chapt5_ws/install/demo_cpp_tf/share/demo_cpp_tf/package.ps1'
[25.140s] INFO:colcon.colcon_core.shell:Creating package descriptor '/home/zylyehuo/ROS2_learning/chapter5/chapt5_ws/install/demo_cpp_tf/share/demo_cpp_tf/package.dsv'
[25.140s] INFO:colcon.colcon_core.shell:Creating package script '/home/zylyehuo/ROS2_learning/chapter5/chapt5_ws/install/demo_cpp_tf/share/demo_cpp_tf/package.sh'
[25.141s] INFO:colcon.colcon_core.shell:Creating package script '/home/zylyehuo/ROS2_learning/chapter5/chapt5_ws/install/demo_cpp_tf/share/demo_cpp_tf/package.bash'
[25.141s] INFO:colcon.colcon_core.shell:Creating package script '/home/zylyehuo/ROS2_learning/chapter5/chapt5_ws/install/demo_cpp_tf/share/demo_cpp_tf/package.zsh'
[25.141s] Level 1:colcon.colcon_core.environment:create_file_with_runtime_dependencies(/home/zylyehuo/ROS2_learning/chapter5/chapt5_ws/install/demo_cpp_tf/share/colcon-core/packages/demo_cpp_tf)
[25.141s] DEBUG:colcon.colcon_parallel_executor.executor.parallel:closing loop
[25.142s] DEBUG:colcon.colcon_parallel_executor.executor.parallel:loop closed
[25.142s] DEBUG:colcon.colcon_parallel_executor.executor.parallel:run_until_complete finished with '0'
[25.142s] DEBUG:colcon.colcon_core.event_reactor:joining thread
[25.270s] INFO:colcon.colcon_core.plugin_system:Skipping extension 'colcon_notification.desktop_notification.notify_send': Could not find 'notify-send'
[25.270s] INFO:colcon.colcon_core.plugin_system:Skipping extension 'colcon_notification.desktop_notification.terminal_notifier': Not used on non-Darwin systems
[25.270s] INFO:colcon.colcon_core.plugin_system:Skipping extension 'colcon_notification.desktop_notification.win32': Not used on non-Windows systems
[25.270s] INFO:colcon.colcon_notification.desktop_notification:Sending desktop notification using 'notify2'
[25.270s] DEBUG:colcon.colcon_notification.desktop_notification.notify2:Failed to initialize notify2: org.freedesktop.DBus.Error.FileNotFound: Failed to connect to socket /run/user/1000/bus: No such file or directory
[25.270s] DEBUG:colcon.colcon_core.event_reactor:joined thread
[25.271s] INFO:colcon.colcon_core.shell:Creating prefix script '/home/zylyehuo/ROS2_learning/chapter5/chapt5_ws/install/local_setup.ps1'
[25.276s] INFO:colcon.colcon_core.shell:Creating prefix util module '/home/zylyehuo/ROS2_learning/chapter5/chapt5_ws/install/_local_setup_util_ps1.py'
[25.281s] INFO:colcon.colcon_core.shell:Creating prefix chain script '/home/zylyehuo/ROS2_learning/chapter5/chapt5_ws/install/setup.ps1'
[25.285s] INFO:colcon.colcon_core.shell:Creating prefix script '/home/zylyehuo/ROS2_learning/chapter5/chapt5_ws/install/local_setup.sh'
[25.291s] INFO:colcon.colcon_core.shell:Creating prefix util module '/home/zylyehuo/ROS2_learning/chapter5/chapt5_ws/install/_local_setup_util_sh.py'
[25.291s] INFO:colcon.colcon_core.shell:Creating prefix chain script '/home/zylyehuo/ROS2_learning/chapter5/chapt5_ws/install/setup.sh'
[25.296s] INFO:colcon.colcon_core.shell:Creating prefix script '/home/zylyehuo/ROS2_learning/chapter5/chapt5_ws/install/local_setup.bash'
[25.300s] INFO:colcon.colcon_core.shell:Creating prefix chain script '/home/zylyehuo/ROS2_learning/chapter5/chapt5_ws/install/setup.bash'
[25.306s] INFO:colcon.colcon_core.shell:Creating prefix script '/home/zylyehuo/ROS2_learning/chapter5/chapt5_ws/install/local_setup.zsh'
[25.311s] INFO:colcon.colcon_core.shell:Creating prefix chain script '/home/zylyehuo/ROS2_learning/chapter5/chapt5_ws/install/setup.zsh'
