[2.470s] Invoking command in '/home/zylyehuo/ROS2_learning/chapter8/chapt8_ws2/src/fishbot_application': PYTHONPATH=/home/zylyehuo/ROS2_learning/chapter8/chapt8_ws2/build/fishbot_application/prefix_override:/usr/lib/python3/dist-packages/colcon_core/task/python/colcon_distutils_commands:/home/zylyehuo/ROS2_learning/chapter8/chapt8_ws2/install/fishbot_application/lib/python3.10/site-packages:${PYTHONPATH} /usr/bin/python3 -W ignore:setup.py install is deprecated -W ignore:easy_install command is deprecated setup.py egg_info --egg-base ../../build/fishbot_application build --build-base /home/zylyehuo/ROS2_learning/chapter8/chapt8_ws2/build/fishbot_application/build install --record /home/zylyehuo/ROS2_learning/chapter8/chapt8_ws2/build/fishbot_application/install.log --single-version-externally-managed install_data
[2.623s] running egg_info
[2.627s] writing ../../build/fishbot_application/fishbot_application.egg-info/PKG-INFO
[2.627s] writing dependency_links to ../../build/fishbot_application/fishbot_application.egg-info/dependency_links.txt
[2.627s] writing entry points to ../../build/fishbot_application/fishbot_application.egg-info/entry_points.txt
[2.627s] writing requirements to ../../build/fishbot_application/fishbot_application.egg-info/requires.txt
[2.628s] writing top-level names to ../../build/fishbot_application/fishbot_application.egg-info/top_level.txt
[2.628s] reading manifest file '../../build/fishbot_application/fishbot_application.egg-info/SOURCES.txt'
[2.632s] adding license file 'LICENSE'
[2.633s] writing manifest file '../../build/fishbot_application/fishbot_application.egg-info/SOURCES.txt'
[2.633s] running build
[2.633s] running build_py
[2.633s] running install
[2.633s] running install_lib
[2.634s] running install_data
[2.634s] running install_egg_info
[2.636s] removing '/home/zylyehuo/ROS2_learning/chapter8/chapt8_ws2/install/fishbot_application/lib/python3.10/site-packages/fishbot_application-0.0.0-py3.10.egg-info' (and everything under it)
[2.637s] Copying ../../build/fishbot_application/fishbot_application.egg-info to /home/zylyehuo/ROS2_learning/chapter8/chapt8_ws2/install/fishbot_application/lib/python3.10/site-packages/fishbot_application-0.0.0-py3.10.egg-info
[2.642s] running install_scripts
[2.656s] Installing get_robot_pose script to /home/zylyehuo/ROS2_learning/chapter8/chapt8_ws2/install/fishbot_application/lib/fishbot_application
[2.656s] Installing init_robot_pose script to /home/zylyehuo/ROS2_learning/chapter8/chapt8_ws2/install/fishbot_application/lib/fishbot_application
[2.656s] Installing nav_to_pose script to /home/zylyehuo/ROS2_learning/chapter8/chapt8_ws2/install/fishbot_application/lib/fishbot_application
[2.656s] Installing waypoints_follower script to /home/zylyehuo/ROS2_learning/chapter8/chapt8_ws2/install/fishbot_application/lib/fishbot_application
[2.656s] writing list of installed files to '/home/zylyehuo/ROS2_learning/chapter8/chapt8_ws2/build/fishbot_application/install.log'
[2.679s] Invoked command in '/home/zylyehuo/ROS2_learning/chapter8/chapt8_ws2/src/fishbot_application' returned '0': PYTHONPATH=/home/zylyehuo/ROS2_learning/chapter8/chapt8_ws2/build/fishbot_application/prefix_override:/usr/lib/python3/dist-packages/colcon_core/task/python/colcon_distutils_commands:/home/zylyehuo/ROS2_learning/chapter8/chapt8_ws2/install/fishbot_application/lib/python3.10/site-packages:${PYTHONPATH} /usr/bin/python3 -W ignore:setup.py install is deprecated -W ignore:easy_install command is deprecated setup.py egg_info --egg-base ../../build/fishbot_application build --build-base /home/zylyehuo/ROS2_learning/chapter8/chapt8_ws2/build/fishbot_application/build install --record /home/zylyehuo/ROS2_learning/chapter8/chapt8_ws2/build/fishbot_application/install.log --single-version-externally-managed install_data
