[1.051s] Invoking command in '/home/zylyehuo/ROS2_learning/chapter8/chapt8_ws2/src/fishbot_application': PYTHONPATH=/home/zylyehuo/ROS2_learning/chapter8/chapt8_ws2/build/fishbot_application/prefix_override:/usr/lib/python3/dist-packages/colcon_core/task/python/colcon_distutils_commands:/home/zylyehuo/ROS2_learning/chapter8/chapt8_ws2/install/fishbot_application/lib/python3.10/site-packages:${PYTHONPATH} /usr/bin/python3 -W ignore:setup.py install is deprecated -W ignore:easy_install command is deprecated setup.py egg_info --egg-base ../../build/fishbot_application build --build-base /home/zylyehuo/ROS2_learning/chapter8/chapt8_ws2/build/fishbot_application/build install --record /home/zylyehuo/ROS2_learning/chapter8/chapt8_ws2/build/fishbot_application/install.log --single-version-externally-managed install_data
[1.284s] running egg_info
[1.285s] writing ../../build/fishbot_application/fishbot_application.egg-info/PKG-INFO
[1.285s] writing dependency_links to ../../build/fishbot_application/fishbot_application.egg-info/dependency_links.txt
[1.285s] writing entry points to ../../build/fishbot_application/fishbot_application.egg-info/entry_points.txt
[1.286s] writing requirements to ../../build/fishbot_application/fishbot_application.egg-info/requires.txt
[1.286s] writing top-level names to ../../build/fishbot_application/fishbot_application.egg-info/top_level.txt
[1.287s] reading manifest file '../../build/fishbot_application/fishbot_application.egg-info/SOURCES.txt'
[1.287s] adding license file 'LICENSE'
[1.288s] writing manifest file '../../build/fishbot_application/fishbot_application.egg-info/SOURCES.txt'
[1.288s] running build
[1.288s] running build_py
[1.289s] running install
[1.289s] running install_lib
[1.290s] running install_data
[1.291s] running install_egg_info
[1.293s] removing '/home/zylyehuo/ROS2_learning/chapter8/chapt8_ws2/install/fishbot_application/lib/python3.10/site-packages/fishbot_application-0.0.0-py3.10.egg-info' (and everything under it)
[1.294s] Copying ../../build/fishbot_application/fishbot_application.egg-info to /home/zylyehuo/ROS2_learning/chapter8/chapt8_ws2/install/fishbot_application/lib/python3.10/site-packages/fishbot_application-0.0.0-py3.10.egg-info
[1.295s] running install_scripts
[1.319s] Installing get_robot_pose script to /home/zylyehuo/ROS2_learning/chapter8/chapt8_ws2/install/fishbot_application/lib/fishbot_application
[1.319s] Installing init_robot_pose script to /home/zylyehuo/ROS2_learning/chapter8/chapt8_ws2/install/fishbot_application/lib/fishbot_application
[1.320s] Installing nav_to_pose script to /home/zylyehuo/ROS2_learning/chapter8/chapt8_ws2/install/fishbot_application/lib/fishbot_application
[1.320s] Installing waypoints_follower script to /home/zylyehuo/ROS2_learning/chapter8/chapt8_ws2/install/fishbot_application/lib/fishbot_application
[1.320s] writing list of installed files to '/home/zylyehuo/ROS2_learning/chapter8/chapt8_ws2/build/fishbot_application/install.log'
[1.351s] Invoked command in '/home/zylyehuo/ROS2_learning/chapter8/chapt8_ws2/src/fishbot_application' returned '0': PYTHONPATH=/home/zylyehuo/ROS2_learning/chapter8/chapt8_ws2/build/fishbot_application/prefix_override:/usr/lib/python3/dist-packages/colcon_core/task/python/colcon_distutils_commands:/home/zylyehuo/ROS2_learning/chapter8/chapt8_ws2/install/fishbot_application/lib/python3.10/site-packages:${PYTHONPATH} /usr/bin/python3 -W ignore:setup.py install is deprecated -W ignore:easy_install command is deprecated setup.py egg_info --egg-base ../../build/fishbot_application build --build-base /home/zylyehuo/ROS2_learning/chapter8/chapt8_ws2/build/fishbot_application/build install --record /home/zylyehuo/ROS2_learning/chapter8/chapt8_ws2/build/fishbot_application/install.log --single-version-externally-managed install_data
