[0.287s] DEBUG:colcon:Command line arguments: ['/usr/bin/colcon', 'build']
[0.287s] DEBUG:colcon:Parsed command line arguments: Namespace(log_base=None, log_level=None, verb_name='build', build_base='build', install_base='install', merge_install=False, symlink_install=False, test_result_base=None, continue_on_error=False, executor='parallel', parallel_workers=16, event_handlers=None, ignore_user_meta=False, metas=['./colcon.meta'], base_paths=['.'], packages_ignore=None, packages_ignore_regex=None, paths=None, packages_up_to=None, packages_up_to_regex=None, packages_above=None, packages_above_and_dependencies=None, packages_above_depth=None, packages_select_by_dep=None, packages_skip_by_dep=None, packages_skip_up_to=None, packages_select_build_failed=False, packages_skip_build_finished=False, packages_select_test_failures=False, packages_skip_test_passed=False, packages_select=None, packages_skip=None, packages_select_regex=None, packages_skip_regex=None, packages_start=None, packages_end=None, allow_overriding=[], cmake_args=None, cmake_target=None, cmake_target_skip_unavailable=False, cmake_clean_cache=False, cmake_clean_first=False, cmake_force_configure=False, ament_cmake_args=None, catkin_cmake_args=None, catkin_skip_building_tests=False, verb_parser=<colcon_defaults.argument_parser.defaults.DefaultArgumentsDecorator object at 0x73894742bc10>, verb_extension=<colcon_core.verb.build.BuildVerb object at 0x73894742b640>, main=<bound method BuildVerb.main of <colcon_core.verb.build.BuildVerb object at 0x73894742b640>>)
[0.390s] Level 1:colcon.colcon_core.package_discovery:discover_packages(colcon_meta) check parameters
[0.390s] Level 1:colcon.colcon_core.package_discovery:discover_packages(recursive) check parameters
[0.390s] Level 1:colcon.colcon_core.package_discovery:discover_packages(ignore) check parameters
[0.390s] Level 1:colcon.colcon_core.package_discovery:discover_packages(path) check parameters
[0.390s] Level 1:colcon.colcon_core.package_discovery:discover_packages(colcon_meta) discover
[0.390s] Level 1:colcon.colcon_core.package_discovery:discover_packages(recursive) discover
[0.390s] INFO:colcon.colcon_core.package_discovery:Crawling recursively for packages in '/home/zylyehuo/ROS2_learning/chapter4/chapt4_ws'
[0.390s] Level 1:colcon.colcon_core.package_identification:_identify(.) by extensions ['ignore', 'ignore_ament_install']
[0.391s] Level 1:colcon.colcon_core.package_identification:_identify(.) by extension 'ignore'
[0.391s] Level 1:colcon.colcon_core.package_identification:_identify(.) by extension 'ignore_ament_install'
[0.391s] Level 1:colcon.colcon_core.package_identification:_identify(.) by extensions ['colcon_pkg']
[0.391s] Level 1:colcon.colcon_core.package_identification:_identify(.) by extension 'colcon_pkg'
[0.391s] Level 1:colcon.colcon_core.package_identification:_identify(.) by extensions ['colcon_meta']
[0.391s] Level 1:colcon.colcon_core.package_identification:_identify(.) by extension 'colcon_meta'
[0.391s] Level 1:colcon.colcon_core.package_identification:_identify(.) by extensions ['ros']
[0.391s] Level 1:colcon.colcon_core.package_identification:_identify(.) by extension 'ros'
[0.398s] Level 1:colcon.colcon_core.package_identification:_identify(.) by extensions ['cmake', 'python']
[0.398s] Level 1:colcon.colcon_core.package_identification:_identify(.) by extension 'cmake'
[0.398s] Level 1:colcon.colcon_core.package_identification:_identify(.) by extension 'python'
[0.398s] Level 1:colcon.colcon_core.package_identification:_identify(.) by extensions ['python_setup_py']
[0.398s] Level 1:colcon.colcon_core.package_identification:_identify(.) by extension 'python_setup_py'
[0.398s] Level 1:colcon.colcon_core.package_identification:_identify(build) by extensions ['ignore', 'ignore_ament_install']
[0.398s] Level 1:colcon.colcon_core.package_identification:_identify(build) by extension 'ignore'
[0.398s] Level 1:colcon.colcon_core.package_identification:_identify(build) ignored
[0.398s] Level 1:colcon.colcon_core.package_identification:_identify(install) by extensions ['ignore', 'ignore_ament_install']
[0.398s] Level 1:colcon.colcon_core.package_identification:_identify(install) by extension 'ignore'
[0.398s] Level 1:colcon.colcon_core.package_identification:_identify(install) ignored
[0.398s] Level 1:colcon.colcon_core.package_identification:_identify(log) by extensions ['ignore', 'ignore_ament_install']
[0.398s] Level 1:colcon.colcon_core.package_identification:_identify(log) by extension 'ignore'
[0.398s] Level 1:colcon.colcon_core.package_identification:_identify(log) ignored
[0.398s] Level 1:colcon.colcon_core.package_identification:_identify(src) by extensions ['ignore', 'ignore_ament_install']
[0.398s] Level 1:colcon.colcon_core.package_identification:_identify(src) by extension 'ignore'
[0.398s] Level 1:colcon.colcon_core.package_identification:_identify(src) by extension 'ignore_ament_install'
[0.398s] Level 1:colcon.colcon_core.package_identification:_identify(src) by extensions ['colcon_pkg']
[0.398s] Level 1:colcon.colcon_core.package_identification:_identify(src) by extension 'colcon_pkg'
[0.398s] Level 1:colcon.colcon_core.package_identification:_identify(src) by extensions ['colcon_meta']
[0.398s] Level 1:colcon.colcon_core.package_identification:_identify(src) by extension 'colcon_meta'
[0.399s] Level 1:colcon.colcon_core.package_identification:_identify(src) by extensions ['ros']
[0.399s] Level 1:colcon.colcon_core.package_identification:_identify(src) by extension 'ros'
[0.399s] Level 1:colcon.colcon_core.package_identification:_identify(src) by extensions ['cmake', 'python']
[0.399s] Level 1:colcon.colcon_core.package_identification:_identify(src) by extension 'cmake'
[0.399s] Level 1:colcon.colcon_core.package_identification:_identify(src) by extension 'python'
[0.399s] Level 1:colcon.colcon_core.package_identification:_identify(src) by extensions ['python_setup_py']
[0.399s] Level 1:colcon.colcon_core.package_identification:_identify(src) by extension 'python_setup_py'
[0.399s] Level 1:colcon.colcon_core.package_identification:_identify(src/chapt4_interfaces) by extensions ['ignore', 'ignore_ament_install']
[0.399s] Level 1:colcon.colcon_core.package_identification:_identify(src/chapt4_interfaces) by extension 'ignore'
[0.399s] Level 1:colcon.colcon_core.package_identification:_identify(src/chapt4_interfaces) by extension 'ignore_ament_install'
[0.399s] Level 1:colcon.colcon_core.package_identification:_identify(src/chapt4_interfaces) by extensions ['colcon_pkg']
[0.399s] Level 1:colcon.colcon_core.package_identification:_identify(src/chapt4_interfaces) by extension 'colcon_pkg'
[0.399s] Level 1:colcon.colcon_core.package_identification:_identify(src/chapt4_interfaces) by extensions ['colcon_meta']
[0.399s] Level 1:colcon.colcon_core.package_identification:_identify(src/chapt4_interfaces) by extension 'colcon_meta'
[0.399s] Level 1:colcon.colcon_core.package_identification:_identify(src/chapt4_interfaces) by extensions ['ros']
[0.399s] Level 1:colcon.colcon_core.package_identification:_identify(src/chapt4_interfaces) by extension 'ros'
[0.400s] DEBUG:colcon.colcon_core.package_identification:Package 'src/chapt4_interfaces' with type 'ros.ament_cmake' and name 'chapt4_interfaces'
[0.401s] Level 1:colcon.colcon_core.package_identification:_identify(src/demo_cpp_service) by extensions ['ignore', 'ignore_ament_install']
[0.401s] Level 1:colcon.colcon_core.package_identification:_identify(src/demo_cpp_service) by extension 'ignore'
[0.401s] Level 1:colcon.colcon_core.package_identification:_identify(src/demo_cpp_service) by extension 'ignore_ament_install'
[0.401s] Level 1:colcon.colcon_core.package_identification:_identify(src/demo_cpp_service) by extensions ['colcon_pkg']
[0.401s] Level 1:colcon.colcon_core.package_identification:_identify(src/demo_cpp_service) by extension 'colcon_pkg'
[0.401s] Level 1:colcon.colcon_core.package_identification:_identify(src/demo_cpp_service) by extensions ['colcon_meta']
[0.401s] Level 1:colcon.colcon_core.package_identification:_identify(src/demo_cpp_service) by extension 'colcon_meta'
[0.401s] Level 1:colcon.colcon_core.package_identification:_identify(src/demo_cpp_service) by extensions ['ros']
[0.401s] Level 1:colcon.colcon_core.package_identification:_identify(src/demo_cpp_service) by extension 'ros'
[0.401s] DEBUG:colcon.colcon_core.package_identification:Package 'src/demo_cpp_service' with type 'ros.ament_cmake' and name 'demo_cpp_service'
[0.401s] Level 1:colcon.colcon_core.package_identification:_identify(src/demo_python_service) by extensions ['ignore', 'ignore_ament_install']
[0.401s] Level 1:colcon.colcon_core.package_identification:_identify(src/demo_python_service) by extension 'ignore'
[0.401s] Level 1:colcon.colcon_core.package_identification:_identify(src/demo_python_service) by extension 'ignore_ament_install'
[0.401s] Level 1:colcon.colcon_core.package_identification:_identify(src/demo_python_service) by extensions ['colcon_pkg']
[0.401s] Level 1:colcon.colcon_core.package_identification:_identify(src/demo_python_service) by extension 'colcon_pkg'
[0.401s] Level 1:colcon.colcon_core.package_identification:_identify(src/demo_python_service) by extensions ['colcon_meta']
[0.401s] Level 1:colcon.colcon_core.package_identification:_identify(src/demo_python_service) by extension 'colcon_meta'
[0.401s] Level 1:colcon.colcon_core.package_identification:_identify(src/demo_python_service) by extensions ['ros']
[0.402s] Level 1:colcon.colcon_core.package_identification:_identify(src/demo_python_service) by extension 'ros'
[0.402s] DEBUG:colcon.colcon_core.package_identification:Package 'src/demo_python_service' with type 'ros.ament_python' and name 'demo_python_service'
[0.402s] Level 1:colcon.colcon_core.package_discovery:discover_packages(recursive) using defaults
[0.402s] Level 1:colcon.colcon_core.package_discovery:discover_packages(ignore) discover
[0.402s] Level 1:colcon.colcon_core.package_discovery:discover_packages(ignore) using defaults
[0.402s] Level 1:colcon.colcon_core.package_discovery:discover_packages(path) discover
[0.402s] Level 1:colcon.colcon_core.package_discovery:discover_packages(path) using defaults
[0.415s] Level 1:colcon.colcon_core.package_discovery:discover_packages(prefix_path) check parameters
[0.415s] Level 1:colcon.colcon_core.package_discovery:discover_packages(prefix_path) discover
[0.416s] DEBUG:colcon.colcon_installed_package_information.package_discovery:Found 3 installed packages in /home/zylyehuo/ROS2_learning/chapter4/chapt4_ws/install
[0.417s] DEBUG:colcon.colcon_installed_package_information.package_discovery:Found 305 installed packages in /opt/ros/humble
[0.425s] Level 1:colcon.colcon_core.package_discovery:discover_packages(prefix_path) using defaults
[0.449s] Level 5:colcon.colcon_core.verb:set package 'chapt4_interfaces' build argument 'cmake_args' from command line to 'None'
[0.449s] Level 5:colcon.colcon_core.verb:set package 'chapt4_interfaces' build argument 'cmake_target' from command line to 'None'
[0.449s] Level 5:colcon.colcon_core.verb:set package 'chapt4_interfaces' build argument 'cmake_target_skip_unavailable' from command line to 'False'
[0.449s] Level 5:colcon.colcon_core.verb:set package 'chapt4_interfaces' build argument 'cmake_clean_cache' from command line to 'False'
[0.449s] Level 5:colcon.colcon_core.verb:set package 'chapt4_interfaces' build argument 'cmake_clean_first' from command line to 'False'
[0.449s] Level 5:colcon.colcon_core.verb:set package 'chapt4_interfaces' build argument 'cmake_force_configure' from command line to 'False'
[0.449s] Level 5:colcon.colcon_core.verb:set package 'chapt4_interfaces' build argument 'ament_cmake_args' from command line to 'None'
[0.449s] Level 5:colcon.colcon_core.verb:set package 'chapt4_interfaces' build argument 'catkin_cmake_args' from command line to 'None'
[0.449s] Level 5:colcon.colcon_core.verb:set package 'chapt4_interfaces' build argument 'catkin_skip_building_tests' from command line to 'False'
[0.450s] DEBUG:colcon.colcon_core.verb:Building package 'chapt4_interfaces' with the following arguments: {'ament_cmake_args': None, 'build_base': '/home/zylyehuo/ROS2_learning/chapter4/chapt4_ws/build/chapt4_interfaces', 'catkin_cmake_args': None, 'catkin_skip_building_tests': False, 'cmake_args': None, 'cmake_clean_cache': False, 'cmake_clean_first': False, 'cmake_force_configure': False, 'cmake_target': None, 'cmake_target_skip_unavailable': False, 'install_base': '/home/zylyehuo/ROS2_learning/chapter4/chapt4_ws/install/chapt4_interfaces', 'merge_install': False, 'path': '/home/zylyehuo/ROS2_learning/chapter4/chapt4_ws/src/chapt4_interfaces', 'symlink_install': False, 'test_result_base': None}
[0.450s] Level 5:colcon.colcon_core.verb:set package 'demo_cpp_service' build argument 'cmake_args' from command line to 'None'
[0.450s] Level 5:colcon.colcon_core.verb:set package 'demo_cpp_service' build argument 'cmake_target' from command line to 'None'
[0.450s] Level 5:colcon.colcon_core.verb:set package 'demo_cpp_service' build argument 'cmake_target_skip_unavailable' from command line to 'False'
[0.450s] Level 5:colcon.colcon_core.verb:set package 'demo_cpp_service' build argument 'cmake_clean_cache' from command line to 'False'
[0.450s] Level 5:colcon.colcon_core.verb:set package 'demo_cpp_service' build argument 'cmake_clean_first' from command line to 'False'
[0.450s] Level 5:colcon.colcon_core.verb:set package 'demo_cpp_service' build argument 'cmake_force_configure' from command line to 'False'
[0.450s] Level 5:colcon.colcon_core.verb:set package 'demo_cpp_service' build argument 'ament_cmake_args' from command line to 'None'
[0.450s] Level 5:colcon.colcon_core.verb:set package 'demo_cpp_service' build argument 'catkin_cmake_args' from command line to 'None'
[0.450s] Level 5:colcon.colcon_core.verb:set package 'demo_cpp_service' build argument 'catkin_skip_building_tests' from command line to 'False'
[0.450s] DEBUG:colcon.colcon_core.verb:Building package 'demo_cpp_service' with the following arguments: {'ament_cmake_args': None, 'build_base': '/home/zylyehuo/ROS2_learning/chapter4/chapt4_ws/build/demo_cpp_service', 'catkin_cmake_args': None, 'catkin_skip_building_tests': False, 'cmake_args': None, 'cmake_clean_cache': False, 'cmake_clean_first': False, 'cmake_force_configure': False, 'cmake_target': None, 'cmake_target_skip_unavailable': False, 'install_base': '/home/zylyehuo/ROS2_learning/chapter4/chapt4_ws/install/demo_cpp_service', 'merge_install': False, 'path': '/home/zylyehuo/ROS2_learning/chapter4/chapt4_ws/src/demo_cpp_service', 'symlink_install': False, 'test_result_base': None}
[0.450s] Level 5:colcon.colcon_core.verb:set package 'demo_python_service' build argument 'cmake_args' from command line to 'None'
[0.450s] Level 5:colcon.colcon_core.verb:set package 'demo_python_service' build argument 'cmake_target' from command line to 'None'
[0.450s] Level 5:colcon.colcon_core.verb:set package 'demo_python_service' build argument 'cmake_target_skip_unavailable' from command line to 'False'
[0.450s] Level 5:colcon.colcon_core.verb:set package 'demo_python_service' build argument 'cmake_clean_cache' from command line to 'False'
[0.450s] Level 5:colcon.colcon_core.verb:set package 'demo_python_service' build argument 'cmake_clean_first' from command line to 'False'
[0.450s] Level 5:colcon.colcon_core.verb:set package 'demo_python_service' build argument 'cmake_force_configure' from command line to 'False'
[0.450s] Level 5:colcon.colcon_core.verb:set package 'demo_python_service' build argument 'ament_cmake_args' from command line to 'None'
[0.450s] Level 5:colcon.colcon_core.verb:set package 'demo_python_service' build argument 'catkin_cmake_args' from command line to 'None'
[0.450s] Level 5:colcon.colcon_core.verb:set package 'demo_python_service' build argument 'catkin_skip_building_tests' from command line to 'False'
[0.450s] DEBUG:colcon.colcon_core.verb:Building package 'demo_python_service' with the following arguments: {'ament_cmake_args': None, 'build_base': '/home/zylyehuo/ROS2_learning/chapter4/chapt4_ws/build/demo_python_service', 'catkin_cmake_args': None, 'catkin_skip_building_tests': False, 'cmake_args': None, 'cmake_clean_cache': False, 'cmake_clean_first': False, 'cmake_force_configure': False, 'cmake_target': None, 'cmake_target_skip_unavailable': False, 'install_base': '/home/zylyehuo/ROS2_learning/chapter4/chapt4_ws/install/demo_python_service', 'merge_install': False, 'path': '/home/zylyehuo/ROS2_learning/chapter4/chapt4_ws/src/demo_python_service', 'symlink_install': False, 'test_result_base': None}
[0.451s] INFO:colcon.colcon_core.executor:Executing jobs using 'parallel' executor
[0.452s] DEBUG:colcon.colcon_parallel_executor.executor.parallel:run_until_complete
[0.452s] INFO:colcon.colcon_ros.task.ament_cmake.build:Building ROS package in '/home/zylyehuo/ROS2_learning/chapter4/chapt4_ws/src/chapt4_interfaces' with build type 'ament_cmake'
[0.452s] INFO:colcon.colcon_cmake.task.cmake.build:Building CMake package in '/home/zylyehuo/ROS2_learning/chapter4/chapt4_ws/src/chapt4_interfaces'
[0.455s] INFO:colcon.colcon_core.plugin_system:Skipping extension 'colcon_core.shell.bat': Not used on non-Windows systems
[0.455s] INFO:colcon.colcon_core.shell:Skip shell extension 'powershell' for command environment: Not usable outside of PowerShell
[0.455s] DEBUG:colcon.colcon_core.shell:Skip shell extension 'dsv' for command environment
[0.463s] DEBUG:colcon.colcon_core.event_handler.log_command:Invoking command in '/home/zylyehuo/ROS2_learning/chapter4/chapt4_ws/build/chapt4_interfaces': CMAKE_PREFIX_PATH=${CMAKE_PREFIX_PATH}:/home/zylyehuo/ROS2_learning/chapter4/chapt4_ws/install/demo_python_service:/opt/ros/humble /usr/bin/cmake --build /home/zylyehuo/ROS2_learning/chapter4/chapt4_ws/build/chapt4_interfaces -- -j16 -l16
[0.703s] DEBUG:colcon.colcon_core.event_handler.log_command:Invoked command in '/home/zylyehuo/ROS2_learning/chapter4/chapt4_ws/build/chapt4_interfaces' returned '0': CMAKE_PREFIX_PATH=${CMAKE_PREFIX_PATH}:/home/zylyehuo/ROS2_learning/chapter4/chapt4_ws/install/demo_python_service:/opt/ros/humble /usr/bin/cmake --build /home/zylyehuo/ROS2_learning/chapter4/chapt4_ws/build/chapt4_interfaces -- -j16 -l16
[0.711s] DEBUG:colcon.colcon_core.event_handler.log_command:Invoking command in '/home/zylyehuo/ROS2_learning/chapter4/chapt4_ws/build/chapt4_interfaces': CMAKE_PREFIX_PATH=${CMAKE_PREFIX_PATH}:/home/zylyehuo/ROS2_learning/chapter4/chapt4_ws/install/demo_python_service:/opt/ros/humble /usr/bin/cmake --install /home/zylyehuo/ROS2_learning/chapter4/chapt4_ws/build/chapt4_interfaces
[0.750s] Level 1:colcon.colcon_core.environment:create_environment_scripts_only(chapt4_interfaces)
[0.751s] DEBUG:colcon.colcon_core.event_handler.log_command:Invoked command in '/home/zylyehuo/ROS2_learning/chapter4/chapt4_ws/build/chapt4_interfaces' returned '0': CMAKE_PREFIX_PATH=${CMAKE_PREFIX_PATH}:/home/zylyehuo/ROS2_learning/chapter4/chapt4_ws/install/demo_python_service:/opt/ros/humble /usr/bin/cmake --install /home/zylyehuo/ROS2_learning/chapter4/chapt4_ws/build/chapt4_interfaces
[0.753s] Level 1:colcon.colcon_core.environment:checking '/home/zylyehuo/ROS2_learning/chapter4/chapt4_ws/install/chapt4_interfaces' for CMake module files
[0.753s] Level 1:colcon.colcon_core.environment:checking '/home/zylyehuo/ROS2_learning/chapter4/chapt4_ws/install/chapt4_interfaces' for CMake config files
[0.753s] Level 1:colcon.colcon_core.shell:create_environment_hook('chapt4_interfaces', 'cmake_prefix_path')
[0.753s] INFO:colcon.colcon_core.shell:Creating environment hook '/home/zylyehuo/ROS2_learning/chapter4/chapt4_ws/install/chapt4_interfaces/share/chapt4_interfaces/hook/cmake_prefix_path.ps1'
[0.754s] INFO:colcon.colcon_core.shell:Creating environment descriptor '/home/zylyehuo/ROS2_learning/chapter4/chapt4_ws/install/chapt4_interfaces/share/chapt4_interfaces/hook/cmake_prefix_path.dsv'
[0.754s] INFO:colcon.colcon_core.shell:Creating environment hook '/home/zylyehuo/ROS2_learning/chapter4/chapt4_ws/install/chapt4_interfaces/share/chapt4_interfaces/hook/cmake_prefix_path.sh'
[0.755s] Level 1:colcon.colcon_core.environment:checking '/home/zylyehuo/ROS2_learning/chapter4/chapt4_ws/install/chapt4_interfaces/lib'
[0.755s] Level 1:colcon.colcon_core.shell:create_environment_hook('chapt4_interfaces', 'ld_library_path_lib')
[0.755s] INFO:colcon.colcon_core.shell:Creating environment hook '/home/zylyehuo/ROS2_learning/chapter4/chapt4_ws/install/chapt4_interfaces/share/chapt4_interfaces/hook/ld_library_path_lib.ps1'
[0.755s] INFO:colcon.colcon_core.shell:Creating environment descriptor '/home/zylyehuo/ROS2_learning/chapter4/chapt4_ws/install/chapt4_interfaces/share/chapt4_interfaces/hook/ld_library_path_lib.dsv'
[0.755s] INFO:colcon.colcon_core.shell:Creating environment hook '/home/zylyehuo/ROS2_learning/chapter4/chapt4_ws/install/chapt4_interfaces/share/chapt4_interfaces/hook/ld_library_path_lib.sh'
[0.756s] Level 1:colcon.colcon_core.environment:checking '/home/zylyehuo/ROS2_learning/chapter4/chapt4_ws/install/chapt4_interfaces/bin'
[0.756s] Level 1:colcon.colcon_core.environment:checking '/home/zylyehuo/ROS2_learning/chapter4/chapt4_ws/install/chapt4_interfaces/lib/pkgconfig/chapt4_interfaces.pc'
[0.756s] Level 1:colcon.colcon_core.environment:checking '/home/zylyehuo/ROS2_learning/chapter4/chapt4_ws/install/chapt4_interfaces/lib/python3.10/site-packages'
[0.756s] Level 1:colcon.colcon_core.environment:checking '/home/zylyehuo/ROS2_learning/chapter4/chapt4_ws/install/chapt4_interfaces/bin'
[0.756s] INFO:colcon.colcon_core.shell:Creating package script '/home/zylyehuo/ROS2_learning/chapter4/chapt4_ws/install/chapt4_interfaces/share/chapt4_interfaces/package.ps1'
[0.757s] INFO:colcon.colcon_core.shell:Creating package descriptor '/home/zylyehuo/ROS2_learning/chapter4/chapt4_ws/install/chapt4_interfaces/share/chapt4_interfaces/package.dsv'
[0.757s] INFO:colcon.colcon_core.shell:Creating package script '/home/zylyehuo/ROS2_learning/chapter4/chapt4_ws/install/chapt4_interfaces/share/chapt4_interfaces/package.sh'
[0.758s] INFO:colcon.colcon_core.shell:Creating package script '/home/zylyehuo/ROS2_learning/chapter4/chapt4_ws/install/chapt4_interfaces/share/chapt4_interfaces/package.bash'
[0.759s] INFO:colcon.colcon_core.shell:Creating package script '/home/zylyehuo/ROS2_learning/chapter4/chapt4_ws/install/chapt4_interfaces/share/chapt4_interfaces/package.zsh'
[0.759s] Level 1:colcon.colcon_core.environment:create_file_with_runtime_dependencies(/home/zylyehuo/ROS2_learning/chapter4/chapt4_ws/install/chapt4_interfaces/share/colcon-core/packages/chapt4_interfaces)
[0.760s] Level 1:colcon.colcon_core.environment:create_environment_scripts_only(chapt4_interfaces)
[0.760s] Level 1:colcon.colcon_core.environment:checking '/home/zylyehuo/ROS2_learning/chapter4/chapt4_ws/install/chapt4_interfaces' for CMake module files
[0.760s] Level 1:colcon.colcon_core.environment:checking '/home/zylyehuo/ROS2_learning/chapter4/chapt4_ws/install/chapt4_interfaces' for CMake config files
[0.760s] Level 1:colcon.colcon_core.shell:create_environment_hook('chapt4_interfaces', 'cmake_prefix_path')
[0.760s] INFO:colcon.colcon_core.shell:Creating environment hook '/home/zylyehuo/ROS2_learning/chapter4/chapt4_ws/install/chapt4_interfaces/share/chapt4_interfaces/hook/cmake_prefix_path.ps1'
[0.761s] INFO:colcon.colcon_core.shell:Creating environment descriptor '/home/zylyehuo/ROS2_learning/chapter4/chapt4_ws/install/chapt4_interfaces/share/chapt4_interfaces/hook/cmake_prefix_path.dsv'
[0.761s] INFO:colcon.colcon_core.shell:Creating environment hook '/home/zylyehuo/ROS2_learning/chapter4/chapt4_ws/install/chapt4_interfaces/share/chapt4_interfaces/hook/cmake_prefix_path.sh'
[0.762s] Level 1:colcon.colcon_core.environment:checking '/home/zylyehuo/ROS2_learning/chapter4/chapt4_ws/install/chapt4_interfaces/lib'
[0.762s] Level 1:colcon.colcon_core.shell:create_environment_hook('chapt4_interfaces', 'ld_library_path_lib')
[0.762s] INFO:colcon.colcon_core.shell:Creating environment hook '/home/zylyehuo/ROS2_learning/chapter4/chapt4_ws/install/chapt4_interfaces/share/chapt4_interfaces/hook/ld_library_path_lib.ps1'
[0.762s] INFO:colcon.colcon_core.shell:Creating environment descriptor '/home/zylyehuo/ROS2_learning/chapter4/chapt4_ws/install/chapt4_interfaces/share/chapt4_interfaces/hook/ld_library_path_lib.dsv'
[0.763s] INFO:colcon.colcon_core.shell:Creating environment hook '/home/zylyehuo/ROS2_learning/chapter4/chapt4_ws/install/chapt4_interfaces/share/chapt4_interfaces/hook/ld_library_path_lib.sh'
[0.763s] Level 1:colcon.colcon_core.environment:checking '/home/zylyehuo/ROS2_learning/chapter4/chapt4_ws/install/chapt4_interfaces/bin'
[0.763s] Level 1:colcon.colcon_core.environment:checking '/home/zylyehuo/ROS2_learning/chapter4/chapt4_ws/install/chapt4_interfaces/lib/pkgconfig/chapt4_interfaces.pc'
[0.764s] Level 1:colcon.colcon_core.environment:checking '/home/zylyehuo/ROS2_learning/chapter4/chapt4_ws/install/chapt4_interfaces/lib/python3.10/site-packages'
[0.764s] Level 1:colcon.colcon_core.environment:checking '/home/zylyehuo/ROS2_learning/chapter4/chapt4_ws/install/chapt4_interfaces/bin'
[0.764s] INFO:colcon.colcon_core.shell:Creating package script '/home/zylyehuo/ROS2_learning/chapter4/chapt4_ws/install/chapt4_interfaces/share/chapt4_interfaces/package.ps1'
[0.764s] INFO:colcon.colcon_core.shell:Creating package descriptor '/home/zylyehuo/ROS2_learning/chapter4/chapt4_ws/install/chapt4_interfaces/share/chapt4_interfaces/package.dsv'
[0.765s] INFO:colcon.colcon_core.shell:Creating package script '/home/zylyehuo/ROS2_learning/chapter4/chapt4_ws/install/chapt4_interfaces/share/chapt4_interfaces/package.sh'
[0.765s] INFO:colcon.colcon_core.shell:Creating package script '/home/zylyehuo/ROS2_learning/chapter4/chapt4_ws/install/chapt4_interfaces/share/chapt4_interfaces/package.bash'
[0.765s] INFO:colcon.colcon_core.shell:Creating package script '/home/zylyehuo/ROS2_learning/chapter4/chapt4_ws/install/chapt4_interfaces/share/chapt4_interfaces/package.zsh'
[0.765s] Level 1:colcon.colcon_core.environment:create_file_with_runtime_dependencies(/home/zylyehuo/ROS2_learning/chapter4/chapt4_ws/install/chapt4_interfaces/share/colcon-core/packages/chapt4_interfaces)
[0.766s] INFO:colcon.colcon_ros.task.ament_cmake.build:Building ROS package in '/home/zylyehuo/ROS2_learning/chapter4/chapt4_ws/src/demo_cpp_service' with build type 'ament_cmake'
[0.766s] INFO:colcon.colcon_cmake.task.cmake.build:Building CMake package in '/home/zylyehuo/ROS2_learning/chapter4/chapt4_ws/src/demo_cpp_service'
[0.766s] INFO:colcon.colcon_core.shell:Skip shell extension 'powershell' for command environment: Not usable outside of PowerShell
[0.767s] DEBUG:colcon.colcon_core.shell:Skip shell extension 'dsv' for command environment
[0.769s] INFO:colcon.colcon_ros.task.ament_python.build:Building ROS package in '/home/zylyehuo/ROS2_learning/chapter4/chapt4_ws/src/demo_python_service' with build type 'ament_python'
[0.769s] Level 1:colcon.colcon_core.shell:create_environment_hook('demo_python_service', 'ament_prefix_path')
[0.770s] INFO:colcon.colcon_core.shell:Creating environment hook '/home/zylyehuo/ROS2_learning/chapter4/chapt4_ws/install/demo_python_service/share/demo_python_service/hook/ament_prefix_path.ps1'
[0.770s] INFO:colcon.colcon_core.shell:Creating environment descriptor '/home/zylyehuo/ROS2_learning/chapter4/chapt4_ws/install/demo_python_service/share/demo_python_service/hook/ament_prefix_path.dsv'
[0.770s] INFO:colcon.colcon_core.shell:Creating environment hook '/home/zylyehuo/ROS2_learning/chapter4/chapt4_ws/install/demo_python_service/share/demo_python_service/hook/ament_prefix_path.sh'
[0.770s] INFO:colcon.colcon_core.shell:Skip shell extension 'powershell' for command environment: Not usable outside of PowerShell
[0.770s] DEBUG:colcon.colcon_core.shell:Skip shell extension 'dsv' for command environment
[1.108s] INFO:colcon.colcon_core.task.python.build:Building Python package in '/home/zylyehuo/ROS2_learning/chapter4/chapt4_ws/src/demo_python_service'
[1.108s] INFO:colcon.colcon_core.shell:Skip shell extension 'powershell' for command environment: Not usable outside of PowerShell
[1.108s] DEBUG:colcon.colcon_core.shell:Skip shell extension 'dsv' for command environment
[1.114s] DEBUG:colcon.colcon_core.event_handler.log_command:Invoking command in '/home/zylyehuo/ROS2_learning/chapter4/chapt4_ws/build/demo_cpp_service': CMAKE_PREFIX_PATH=/home/zylyehuo/ROS2_learning/chapter4/chapt4_ws/install/chapt4_interfaces:/home/zylyehuo/ROS2_learning/chapter4/chapt4_ws/install/demo_cpp_service:/home/zylyehuo/ROS2_learning/chapter4/chapt4_ws/install/demo_python_service:/opt/ros/humble /usr/bin/cmake --build /home/zylyehuo/ROS2_learning/chapter4/chapt4_ws/build/demo_cpp_service -- -j16 -l16
[1.166s] DEBUG:colcon.colcon_core.event_handler.log_command:Invoked command in '/home/zylyehuo/ROS2_learning/chapter4/chapt4_ws/build/demo_cpp_service' returned '0': CMAKE_PREFIX_PATH=/home/zylyehuo/ROS2_learning/chapter4/chapt4_ws/install/chapt4_interfaces:/home/zylyehuo/ROS2_learning/chapter4/chapt4_ws/install/demo_cpp_service:/home/zylyehuo/ROS2_learning/chapter4/chapt4_ws/install/demo_python_service:/opt/ros/humble /usr/bin/cmake --build /home/zylyehuo/ROS2_learning/chapter4/chapt4_ws/build/demo_cpp_service -- -j16 -l16
[1.168s] DEBUG:colcon.colcon_core.event_handler.log_command:Invoking command in '/home/zylyehuo/ROS2_learning/chapter4/chapt4_ws/build/demo_cpp_service': CMAKE_PREFIX_PATH=/home/zylyehuo/ROS2_learning/chapter4/chapt4_ws/install/chapt4_interfaces:/home/zylyehuo/ROS2_learning/chapter4/chapt4_ws/install/demo_cpp_service:/home/zylyehuo/ROS2_learning/chapter4/chapt4_ws/install/demo_python_service:/opt/ros/humble /usr/bin/cmake --install /home/zylyehuo/ROS2_learning/chapter4/chapt4_ws/build/demo_cpp_service
[1.177s] Level 1:colcon.colcon_core.environment:create_environment_scripts_only(demo_cpp_service)
[1.177s] Level 1:colcon.colcon_core.environment:checking '/home/zylyehuo/ROS2_learning/chapter4/chapt4_ws/install/demo_cpp_service' for CMake module files
[1.178s] DEBUG:colcon.colcon_core.event_handler.log_command:Invoked command in '/home/zylyehuo/ROS2_learning/chapter4/chapt4_ws/build/demo_cpp_service' returned '0': CMAKE_PREFIX_PATH=/home/zylyehuo/ROS2_learning/chapter4/chapt4_ws/install/chapt4_interfaces:/home/zylyehuo/ROS2_learning/chapter4/chapt4_ws/install/demo_cpp_service:/home/zylyehuo/ROS2_learning/chapter4/chapt4_ws/install/demo_python_service:/opt/ros/humble /usr/bin/cmake --install /home/zylyehuo/ROS2_learning/chapter4/chapt4_ws/build/demo_cpp_service
[1.178s] Level 1:colcon.colcon_core.environment:checking '/home/zylyehuo/ROS2_learning/chapter4/chapt4_ws/install/demo_cpp_service' for CMake config files
[1.178s] Level 1:colcon.colcon_core.shell:create_environment_hook('demo_cpp_service', 'cmake_prefix_path')
[1.178s] INFO:colcon.colcon_core.shell:Creating environment hook '/home/zylyehuo/ROS2_learning/chapter4/chapt4_ws/install/demo_cpp_service/share/demo_cpp_service/hook/cmake_prefix_path.ps1'
[1.179s] INFO:colcon.colcon_core.shell:Creating environment descriptor '/home/zylyehuo/ROS2_learning/chapter4/chapt4_ws/install/demo_cpp_service/share/demo_cpp_service/hook/cmake_prefix_path.dsv'
[1.179s] INFO:colcon.colcon_core.shell:Creating environment hook '/home/zylyehuo/ROS2_learning/chapter4/chapt4_ws/install/demo_cpp_service/share/demo_cpp_service/hook/cmake_prefix_path.sh'
[1.179s] Level 1:colcon.colcon_core.environment:checking '/home/zylyehuo/ROS2_learning/chapter4/chapt4_ws/install/demo_cpp_service/lib'
[1.179s] Level 1:colcon.colcon_core.environment:checking '/home/zylyehuo/ROS2_learning/chapter4/chapt4_ws/install/demo_cpp_service/bin'
[1.179s] Level 1:colcon.colcon_core.environment:checking '/home/zylyehuo/ROS2_learning/chapter4/chapt4_ws/install/demo_cpp_service/lib/pkgconfig/demo_cpp_service.pc'
[1.179s] Level 1:colcon.colcon_core.environment:checking '/home/zylyehuo/ROS2_learning/chapter4/chapt4_ws/install/demo_cpp_service/lib/python3.10/site-packages'
[1.180s] Level 1:colcon.colcon_core.environment:checking '/home/zylyehuo/ROS2_learning/chapter4/chapt4_ws/install/demo_cpp_service/bin'
[1.180s] INFO:colcon.colcon_core.shell:Creating package script '/home/zylyehuo/ROS2_learning/chapter4/chapt4_ws/install/demo_cpp_service/share/demo_cpp_service/package.ps1'
[1.180s] INFO:colcon.colcon_core.shell:Creating package descriptor '/home/zylyehuo/ROS2_learning/chapter4/chapt4_ws/install/demo_cpp_service/share/demo_cpp_service/package.dsv'
[1.180s] INFO:colcon.colcon_core.shell:Creating package script '/home/zylyehuo/ROS2_learning/chapter4/chapt4_ws/install/demo_cpp_service/share/demo_cpp_service/package.sh'
[1.181s] INFO:colcon.colcon_core.shell:Creating package script '/home/zylyehuo/ROS2_learning/chapter4/chapt4_ws/install/demo_cpp_service/share/demo_cpp_service/package.bash'
[1.181s] INFO:colcon.colcon_core.shell:Creating package script '/home/zylyehuo/ROS2_learning/chapter4/chapt4_ws/install/demo_cpp_service/share/demo_cpp_service/package.zsh'
[1.181s] Level 1:colcon.colcon_core.environment:create_file_with_runtime_dependencies(/home/zylyehuo/ROS2_learning/chapter4/chapt4_ws/install/demo_cpp_service/share/colcon-core/packages/demo_cpp_service)
[1.182s] Level 1:colcon.colcon_core.environment:create_environment_scripts_only(demo_cpp_service)
[1.182s] Level 1:colcon.colcon_core.environment:checking '/home/zylyehuo/ROS2_learning/chapter4/chapt4_ws/install/demo_cpp_service' for CMake module files
[1.182s] Level 1:colcon.colcon_core.environment:checking '/home/zylyehuo/ROS2_learning/chapter4/chapt4_ws/install/demo_cpp_service' for CMake config files
[1.182s] Level 1:colcon.colcon_core.shell:create_environment_hook('demo_cpp_service', 'cmake_prefix_path')
[1.182s] INFO:colcon.colcon_core.shell:Creating environment hook '/home/zylyehuo/ROS2_learning/chapter4/chapt4_ws/install/demo_cpp_service/share/demo_cpp_service/hook/cmake_prefix_path.ps1'
[1.183s] INFO:colcon.colcon_core.shell:Creating environment descriptor '/home/zylyehuo/ROS2_learning/chapter4/chapt4_ws/install/demo_cpp_service/share/demo_cpp_service/hook/cmake_prefix_path.dsv'
[1.183s] INFO:colcon.colcon_core.shell:Creating environment hook '/home/zylyehuo/ROS2_learning/chapter4/chapt4_ws/install/demo_cpp_service/share/demo_cpp_service/hook/cmake_prefix_path.sh'
[1.183s] Level 1:colcon.colcon_core.environment:checking '/home/zylyehuo/ROS2_learning/chapter4/chapt4_ws/install/demo_cpp_service/lib'
[1.183s] Level 1:colcon.colcon_core.environment:checking '/home/zylyehuo/ROS2_learning/chapter4/chapt4_ws/install/demo_cpp_service/bin'
[1.183s] Level 1:colcon.colcon_core.environment:checking '/home/zylyehuo/ROS2_learning/chapter4/chapt4_ws/install/demo_cpp_service/lib/pkgconfig/demo_cpp_service.pc'
[1.183s] Level 1:colcon.colcon_core.environment:checking '/home/zylyehuo/ROS2_learning/chapter4/chapt4_ws/install/demo_cpp_service/lib/python3.10/site-packages'
[1.184s] Level 1:colcon.colcon_core.environment:checking '/home/zylyehuo/ROS2_learning/chapter4/chapt4_ws/install/demo_cpp_service/bin'
[1.184s] INFO:colcon.colcon_core.shell:Creating package script '/home/zylyehuo/ROS2_learning/chapter4/chapt4_ws/install/demo_cpp_service/share/demo_cpp_service/package.ps1'
[1.184s] INFO:colcon.colcon_core.shell:Creating package descriptor '/home/zylyehuo/ROS2_learning/chapter4/chapt4_ws/install/demo_cpp_service/share/demo_cpp_service/package.dsv'
[1.185s] INFO:colcon.colcon_core.shell:Creating package script '/home/zylyehuo/ROS2_learning/chapter4/chapt4_ws/install/demo_cpp_service/share/demo_cpp_service/package.sh'
[1.185s] INFO:colcon.colcon_core.shell:Creating package script '/home/zylyehuo/ROS2_learning/chapter4/chapt4_ws/install/demo_cpp_service/share/demo_cpp_service/package.bash'
[1.185s] INFO:colcon.colcon_core.shell:Creating package script '/home/zylyehuo/ROS2_learning/chapter4/chapt4_ws/install/demo_cpp_service/share/demo_cpp_service/package.zsh'
[1.185s] Level 1:colcon.colcon_core.environment:create_file_with_runtime_dependencies(/home/zylyehuo/ROS2_learning/chapter4/chapt4_ws/install/demo_cpp_service/share/colcon-core/packages/demo_cpp_service)
[1.585s] DEBUG:colcon.colcon_core.event_handler.log_command:Invoking command in '/home/zylyehuo/ROS2_learning/chapter4/chapt4_ws/src/demo_python_service': CMAKE_PREFIX_PATH=/home/zylyehuo/ROS2_learning/chapter4/chapt4_ws/install/chapt4_interfaces:/home/zylyehuo/ROS2_learning/chapter4/chapt4_ws/install/demo_cpp_service PYTHONPATH=/home/zylyehuo/ROS2_learning/chapter4/chapt4_ws/build/demo_python_service/prefix_override:/usr/lib/python3/dist-packages/colcon_core/task/python/colcon_distutils_commands:/home/zylyehuo/ROS2_learning/chapter4/chapt4_ws/install/demo_python_service/lib/python3.10/site-packages:${PYTHONPATH} /usr/bin/python3 -W ignore:setup.py install is deprecated -W ignore:easy_install command is deprecated setup.py egg_info --egg-base ../../build/demo_python_service build --build-base /home/zylyehuo/ROS2_learning/chapter4/chapt4_ws/build/demo_python_service/build install --record /home/zylyehuo/ROS2_learning/chapter4/chapt4_ws/build/demo_python_service/install.log --single-version-externally-managed install_data
[1.781s] Level 1:colcon.colcon_core.environment:checking '/home/zylyehuo/ROS2_learning/chapter4/chapt4_ws/install/demo_python_service' for CMake module files
[1.782s] DEBUG:colcon.colcon_core.event_handler.log_command:Invoked command in '/home/zylyehuo/ROS2_learning/chapter4/chapt4_ws/src/demo_python_service' returned '0': CMAKE_PREFIX_PATH=/home/zylyehuo/ROS2_learning/chapter4/chapt4_ws/install/chapt4_interfaces:/home/zylyehuo/ROS2_learning/chapter4/chapt4_ws/install/demo_cpp_service PYTHONPATH=/home/zylyehuo/ROS2_learning/chapter4/chapt4_ws/build/demo_python_service/prefix_override:/usr/lib/python3/dist-packages/colcon_core/task/python/colcon_distutils_commands:/home/zylyehuo/ROS2_learning/chapter4/chapt4_ws/install/demo_python_service/lib/python3.10/site-packages:${PYTHONPATH} /usr/bin/python3 -W ignore:setup.py install is deprecated -W ignore:easy_install command is deprecated setup.py egg_info --egg-base ../../build/demo_python_service build --build-base /home/zylyehuo/ROS2_learning/chapter4/chapt4_ws/build/demo_python_service/build install --record /home/zylyehuo/ROS2_learning/chapter4/chapt4_ws/build/demo_python_service/install.log --single-version-externally-managed install_data
[1.782s] Level 1:colcon.colcon_core.environment:checking '/home/zylyehuo/ROS2_learning/chapter4/chapt4_ws/install/demo_python_service' for CMake config files
[1.782s] Level 1:colcon.colcon_core.environment:checking '/home/zylyehuo/ROS2_learning/chapter4/chapt4_ws/install/demo_python_service/lib'
[1.782s] Level 1:colcon.colcon_core.environment:checking '/home/zylyehuo/ROS2_learning/chapter4/chapt4_ws/install/demo_python_service/bin'
[1.782s] Level 1:colcon.colcon_core.environment:checking '/home/zylyehuo/ROS2_learning/chapter4/chapt4_ws/install/demo_python_service/lib/pkgconfig/demo_python_service.pc'
[1.782s] Level 1:colcon.colcon_core.environment:checking '/home/zylyehuo/ROS2_learning/chapter4/chapt4_ws/install/demo_python_service/lib/python3.10/site-packages'
[1.783s] Level 1:colcon.colcon_core.shell:create_environment_hook('demo_python_service', 'pythonpath')
[1.783s] INFO:colcon.colcon_core.shell:Creating environment hook '/home/zylyehuo/ROS2_learning/chapter4/chapt4_ws/install/demo_python_service/share/demo_python_service/hook/pythonpath.ps1'
[1.783s] INFO:colcon.colcon_core.shell:Creating environment descriptor '/home/zylyehuo/ROS2_learning/chapter4/chapt4_ws/install/demo_python_service/share/demo_python_service/hook/pythonpath.dsv'
[1.783s] INFO:colcon.colcon_core.shell:Creating environment hook '/home/zylyehuo/ROS2_learning/chapter4/chapt4_ws/install/demo_python_service/share/demo_python_service/hook/pythonpath.sh'
[1.784s] Level 1:colcon.colcon_core.environment:checking '/home/zylyehuo/ROS2_learning/chapter4/chapt4_ws/install/demo_python_service/bin'
[1.784s] Level 1:colcon.colcon_core.environment:create_environment_scripts_only(demo_python_service)
[1.784s] INFO:colcon.colcon_core.shell:Creating package script '/home/zylyehuo/ROS2_learning/chapter4/chapt4_ws/install/demo_python_service/share/demo_python_service/package.ps1'
[1.784s] INFO:colcon.colcon_core.shell:Creating package descriptor '/home/zylyehuo/ROS2_learning/chapter4/chapt4_ws/install/demo_python_service/share/demo_python_service/package.dsv'
[1.785s] INFO:colcon.colcon_core.shell:Creating package script '/home/zylyehuo/ROS2_learning/chapter4/chapt4_ws/install/demo_python_service/share/demo_python_service/package.sh'
[1.785s] INFO:colcon.colcon_core.shell:Creating package script '/home/zylyehuo/ROS2_learning/chapter4/chapt4_ws/install/demo_python_service/share/demo_python_service/package.bash'
[1.785s] INFO:colcon.colcon_core.shell:Creating package script '/home/zylyehuo/ROS2_learning/chapter4/chapt4_ws/install/demo_python_service/share/demo_python_service/package.zsh'
[1.786s] Level 1:colcon.colcon_core.environment:create_file_with_runtime_dependencies(/home/zylyehuo/ROS2_learning/chapter4/chapt4_ws/install/demo_python_service/share/colcon-core/packages/demo_python_service)
[1.786s] DEBUG:colcon.colcon_parallel_executor.executor.parallel:closing loop
[1.786s] DEBUG:colcon.colcon_parallel_executor.executor.parallel:loop closed
[1.786s] DEBUG:colcon.colcon_parallel_executor.executor.parallel:run_until_complete finished with '0'
[1.786s] DEBUG:colcon.colcon_core.event_reactor:joining thread
[1.888s] INFO:colcon.colcon_core.plugin_system:Skipping extension 'colcon_notification.desktop_notification.notify_send': Could not find 'notify-send'
[1.888s] INFO:colcon.colcon_core.plugin_system:Skipping extension 'colcon_notification.desktop_notification.terminal_notifier': Not used on non-Darwin systems
[1.888s] INFO:colcon.colcon_core.plugin_system:Skipping extension 'colcon_notification.desktop_notification.win32': Not used on non-Windows systems
[1.888s] INFO:colcon.colcon_notification.desktop_notification:Sending desktop notification using 'notify2'
[1.889s] DEBUG:colcon.colcon_notification.desktop_notification.notify2:Failed to initialize notify2: org.freedesktop.DBus.Error.FileNotFound: Failed to connect to socket /run/user/1000/bus: No such file or directory
[1.889s] DEBUG:colcon.colcon_core.event_reactor:joined thread
[1.889s] INFO:colcon.colcon_core.shell:Creating prefix script '/home/zylyehuo/ROS2_learning/chapter4/chapt4_ws/install/local_setup.ps1'
[1.890s] INFO:colcon.colcon_core.shell:Creating prefix util module '/home/zylyehuo/ROS2_learning/chapter4/chapt4_ws/install/_local_setup_util_ps1.py'
[1.891s] INFO:colcon.colcon_core.shell:Creating prefix chain script '/home/zylyehuo/ROS2_learning/chapter4/chapt4_ws/install/setup.ps1'
[1.891s] INFO:colcon.colcon_core.shell:Creating prefix script '/home/zylyehuo/ROS2_learning/chapter4/chapt4_ws/install/local_setup.sh'
[1.892s] INFO:colcon.colcon_core.shell:Creating prefix util module '/home/zylyehuo/ROS2_learning/chapter4/chapt4_ws/install/_local_setup_util_sh.py'
[1.892s] INFO:colcon.colcon_core.shell:Creating prefix chain script '/home/zylyehuo/ROS2_learning/chapter4/chapt4_ws/install/setup.sh'
[1.893s] INFO:colcon.colcon_core.shell:Creating prefix script '/home/zylyehuo/ROS2_learning/chapter4/chapt4_ws/install/local_setup.bash'
[1.893s] INFO:colcon.colcon_core.shell:Creating prefix chain script '/home/zylyehuo/ROS2_learning/chapter4/chapt4_ws/install/setup.bash'
[1.894s] INFO:colcon.colcon_core.shell:Creating prefix script '/home/zylyehuo/ROS2_learning/chapter4/chapt4_ws/install/local_setup.zsh'
[1.894s] INFO:colcon.colcon_core.shell:Creating prefix chain script '/home/zylyehuo/ROS2_learning/chapter4/chapt4_ws/install/setup.zsh'
