[0.009s] Invoking command in '/home/zylyehuo/ROS2_learning/chapter2/chapter2.3/build/demo_cpp_pkg': CMAKE_PREFIX_PATH=${CMAKE_PREFIX_PATH}:/opt/ros/humble /usr/bin/cmake --build /home/zylyehuo/ROS2_learning/chapter2/chapter2.3/build/demo_cpp_pkg -- -j16 -l16
[0.027s] -- Found ament_cmake: 1.3.12 (/opt/ros/humble/share/ament_cmake/cmake)
[0.113s] -- Found rclcpp: 16.0.16 (/opt/ros/humble/share/rclcpp/cmake)
[0.414s] -- Found rosidl_generator_c: 3.1.7 (/opt/ros/humble/share/rosidl_generator_c/cmake)
[0.416s] -- Found rosidl_adapter: 3.1.7 (/opt/ros/humble/share/rosidl_adapter/cmake)
[0.419s] -- Found rosidl_generator_cpp: 3.1.7 (/opt/ros/humble/share/rosidl_generator_cpp/cmake)
[0.425s] -- Using all available rosidl_typesupport_c: rosidl_typesupport_fastrtps_c;rosidl_typesupport_introspection_c
[0.435s] -- Using all available rosidl_typesupport_cpp: rosidl_typesupport_fastrtps_cpp;rosidl_typesupport_introspection_cpp
[0.455s] -- Found rmw_implementation_cmake: 6.1.2 (/opt/ros/humble/share/rmw_implementation_cmake/cmake)
[0.456s] -- Found rmw_fastrtps_cpp: 6.2.9 (/opt/ros/humble/share/rmw_fastrtps_cpp/cmake)
[15.044s] -- Using RMW implementation 'rmw_fastrtps_cpp' as default
[15.094s] -- Found ament_lint_auto: 0.12.14 (/opt/ros/humble/share/ament_lint_auto/cmake)
[15.165s] -- Added test 'cppcheck' to perform static code analysis on C / C++ code
[15.165s] -- Configured cppcheck include dirs: 
[15.165s] -- Configured cppcheck exclude dirs and/or files: 
[15.166s] -- Added test 'lint_cmake' to check CMake code style
[15.170s] -- Added test 'uncrustify' to check C / C++ code style
[15.170s] -- Configured uncrustify additional arguments: 
[15.170s] -- Added test 'xmllint' to check XML markup files
[15.171s] -- Configuring done
[15.251s] -- Generating done
[15.253s] -- Build files have been written to: /home/zylyehuo/ROS2_learning/chapter2/chapter2.3/build/demo_cpp_pkg
[15.281s] [35m[1mConsolidate compiler generated dependencies of target cpp_node[0m
[15.293s] [ 50%] [32m[1mLinking CXX executable cpp_node[0m
[16.439s] [100%] Built target cpp_node
[16.448s] Invoked command in '/home/zylyehuo/ROS2_learning/chapter2/chapter2.3/build/demo_cpp_pkg' returned '0': CMAKE_PREFIX_PATH=${CMAKE_PREFIX_PATH}:/opt/ros/humble /usr/bin/cmake --build /home/zylyehuo/ROS2_learning/chapter2/chapter2.3/build/demo_cpp_pkg -- -j16 -l16
[16.456s] Invoking command in '/home/zylyehuo/ROS2_learning/chapter2/chapter2.3/build/demo_cpp_pkg': CMAKE_PREFIX_PATH=${CMAKE_PREFIX_PATH}:/opt/ros/humble /usr/bin/cmake --install /home/zylyehuo/ROS2_learning/chapter2/chapter2.3/build/demo_cpp_pkg
[16.462s] -- Install configuration: ""
[16.462s] -- Installing: /home/zylyehuo/ROS2_learning/chapter2/chapter2.3/install/demo_cpp_pkg/lib/demo_cpp_pkg/cpp_node
[16.462s] -- Set runtime path of "/home/zylyehuo/ROS2_learning/chapter2/chapter2.3/install/demo_cpp_pkg/lib/demo_cpp_pkg/cpp_node" to ""
[16.462s] -- Up-to-date: /home/zylyehuo/ROS2_learning/chapter2/chapter2.3/install/demo_cpp_pkg/share/ament_index/resource_index/package_run_dependencies/demo_cpp_pkg
[16.463s] -- Installing: /home/zylyehuo/ROS2_learning/chapter2/chapter2.3/install/demo_cpp_pkg/share/ament_index/resource_index/parent_prefix_path/demo_cpp_pkg
[16.463s] -- Up-to-date: /home/zylyehuo/ROS2_learning/chapter2/chapter2.3/install/demo_cpp_pkg/share/demo_cpp_pkg/environment/ament_prefix_path.sh
[16.463s] -- Installing: /home/zylyehuo/ROS2_learning/chapter2/chapter2.3/install/demo_cpp_pkg/share/demo_cpp_pkg/environment/ament_prefix_path.dsv
[16.463s] -- Up-to-date: /home/zylyehuo/ROS2_learning/chapter2/chapter2.3/install/demo_cpp_pkg/share/demo_cpp_pkg/environment/path.sh
[16.463s] -- Installing: /home/zylyehuo/ROS2_learning/chapter2/chapter2.3/install/demo_cpp_pkg/share/demo_cpp_pkg/environment/path.dsv
[16.463s] -- Up-to-date: /home/zylyehuo/ROS2_learning/chapter2/chapter2.3/install/demo_cpp_pkg/share/demo_cpp_pkg/local_setup.bash
[16.463s] -- Up-to-date: /home/zylyehuo/ROS2_learning/chapter2/chapter2.3/install/demo_cpp_pkg/share/demo_cpp_pkg/local_setup.sh
[16.463s] -- Up-to-date: /home/zylyehuo/ROS2_learning/chapter2/chapter2.3/install/demo_cpp_pkg/share/demo_cpp_pkg/local_setup.zsh
[16.464s] -- Installing: /home/zylyehuo/ROS2_learning/chapter2/chapter2.3/install/demo_cpp_pkg/share/demo_cpp_pkg/local_setup.dsv
[16.464s] -- Installing: /home/zylyehuo/ROS2_learning/chapter2/chapter2.3/install/demo_cpp_pkg/share/demo_cpp_pkg/package.dsv
[16.464s] -- Up-to-date: /home/zylyehuo/ROS2_learning/chapter2/chapter2.3/install/demo_cpp_pkg/share/ament_index/resource_index/packages/demo_cpp_pkg
[16.464s] -- Up-to-date: /home/zylyehuo/ROS2_learning/chapter2/chapter2.3/install/demo_cpp_pkg/share/demo_cpp_pkg/cmake/demo_cpp_pkgConfig.cmake
[16.464s] -- Up-to-date: /home/zylyehuo/ROS2_learning/chapter2/chapter2.3/install/demo_cpp_pkg/share/demo_cpp_pkg/cmake/demo_cpp_pkgConfig-version.cmake
[16.464s] -- Up-to-date: /home/zylyehuo/ROS2_learning/chapter2/chapter2.3/install/demo_cpp_pkg/share/demo_cpp_pkg/package.xml
[16.466s] Invoked command in '/home/zylyehuo/ROS2_learning/chapter2/chapter2.3/build/demo_cpp_pkg' returned '0': CMAKE_PREFIX_PATH=${CMAKE_PREFIX_PATH}:/opt/ros/humble /usr/bin/cmake --install /home/zylyehuo/ROS2_learning/chapter2/chapter2.3/build/demo_cpp_pkg
