[35m[1mConsolidate compiler generated dependencies of target learn_lambda[0m
[ 20%] [32mBuilding CXX object CMakeFiles/learn_lambda.dir/src/learn_lambda.cpp.o[0m
[ 30%] Built target learn_shared_ptr
[ 50%] Built target person_node
[ 70%] Built target cpp_node
[ 90%] Built target learn_auto
[100%] [32m[1mLinking CXX executable learn_lambda[0m
[100%] Built target learn_lambda
-- Install configuration: ""
-- Up-to-date: /home/zylyehuo/ROS2_learning/chapter2/chapter2.5/chapt2_ws/install/demo_cpp_pkg/lib/demo_cpp_pkg/cpp_node
-- Up-to-date: /home/zylyehuo/ROS2_learning/chapter2/chapter2.5/chapt2_ws/install/demo_cpp_pkg/lib/demo_cpp_pkg/person_node
-- Up-to-date: /home/zylyehuo/ROS2_learning/chapter2/chapter2.5/chapt2_ws/install/demo_cpp_pkg/lib/demo_cpp_pkg/learn_auto
-- Up-to-date: /home/zylyehuo/ROS2_learning/chapter2/chapter2.5/chapt2_ws/install/demo_cpp_pkg/lib/demo_cpp_pkg/learn_shared_ptr
-- Installing: /home/zylyehuo/ROS2_learning/chapter2/chapter2.5/chapt2_ws/install/demo_cpp_pkg/lib/demo_cpp_pkg/learn_lambda
-- Set runtime path of "/home/zylyehuo/ROS2_learning/chapter2/chapter2.5/chapt2_ws/install/demo_cpp_pkg/lib/demo_cpp_pkg/learn_lambda" to ""
-- Up-to-date: /home/zylyehuo/ROS2_learning/chapter2/chapter2.5/chapt2_ws/install/demo_cpp_pkg/share/ament_index/resource_index/package_run_dependencies/demo_cpp_pkg
-- Up-to-date: /home/zylyehuo/ROS2_learning/chapter2/chapter2.5/chapt2_ws/install/demo_cpp_pkg/share/ament_index/resource_index/parent_prefix_path/demo_cpp_pkg
-- Up-to-date: /home/zylyehuo/ROS2_learning/chapter2/chapter2.5/chapt2_ws/install/demo_cpp_pkg/share/demo_cpp_pkg/environment/ament_prefix_path.sh
-- Up-to-date: /home/zylyehuo/ROS2_learning/chapter2/chapter2.5/chapt2_ws/install/demo_cpp_pkg/share/demo_cpp_pkg/environment/ament_prefix_path.dsv
-- Up-to-date: /home/zylyehuo/ROS2_learning/chapter2/chapter2.5/chapt2_ws/install/demo_cpp_pkg/share/demo_cpp_pkg/environment/path.sh
-- Up-to-date: /home/zylyehuo/ROS2_learning/chapter2/chapter2.5/chapt2_ws/install/demo_cpp_pkg/share/demo_cpp_pkg/environment/path.dsv
-- Up-to-date: /home/zylyehuo/ROS2_learning/chapter2/chapter2.5/chapt2_ws/install/demo_cpp_pkg/share/demo_cpp_pkg/local_setup.bash
-- Up-to-date: /home/zylyehuo/ROS2_learning/chapter2/chapter2.5/chapt2_ws/install/demo_cpp_pkg/share/demo_cpp_pkg/local_setup.sh
-- Up-to-date: /home/zylyehuo/ROS2_learning/chapter2/chapter2.5/chapt2_ws/install/demo_cpp_pkg/share/demo_cpp_pkg/local_setup.zsh
-- Up-to-date: /home/zylyehuo/ROS2_learning/chapter2/chapter2.5/chapt2_ws/install/demo_cpp_pkg/share/demo_cpp_pkg/local_setup.dsv
-- Up-to-date: /home/zylyehuo/ROS2_learning/chapter2/chapter2.5/chapt2_ws/install/demo_cpp_pkg/share/demo_cpp_pkg/package.dsv
-- Up-to-date: /home/zylyehuo/ROS2_learning/chapter2/chapter2.5/chapt2_ws/install/demo_cpp_pkg/share/ament_index/resource_index/packages/demo_cpp_pkg
-- Up-to-date: /home/zylyehuo/ROS2_learning/chapter2/chapter2.5/chapt2_ws/install/demo_cpp_pkg/share/demo_cpp_pkg/cmake/demo_cpp_pkgConfig.cmake
-- Up-to-date: /home/zylyehuo/ROS2_learning/chapter2/chapter2.5/chapt2_ws/install/demo_cpp_pkg/share/demo_cpp_pkg/cmake/demo_cpp_pkgConfig-version.cmake
-- Up-to-date: /home/zylyehuo/ROS2_learning/chapter2/chapter2.5/chapt2_ws/install/demo_cpp_pkg/share/demo_cpp_pkg/package.xml
