[0.748s] Invoking command in '/home/zylyehuo/ROS2_learning/chapter2/chapter2.5/chapt2_ws/src/demo_python_pkg': PYTHONPATH=/home/zylyehuo/ROS2_learning/chapter2/chapter2.5/chapt2_ws/build/demo_python_pkg/prefix_override:/usr/lib/python3/dist-packages/colcon_core/task/python/colcon_distutils_commands:/home/zylyehuo/ROS2_learning/chapter2/chapter2.5/chapt2_ws/install/demo_python_pkg/lib/python3.10/site-packages:${PYTHONPATH} /usr/bin/python3 -W ignore:setup.py install is deprecated -W ignore:easy_install command is deprecated setup.py egg_info --egg-base ../../build/demo_python_pkg build --build-base /home/zylyehuo/ROS2_learning/chapter2/chapter2.5/chapt2_ws/build/demo_python_pkg/build install --record /home/zylyehuo/ROS2_learning/chapter2/chapter2.5/chapt2_ws/build/demo_python_pkg/install.log --single-version-externally-managed install_data
[0.942s] running egg_info
[0.942s] writing ../../build/demo_python_pkg/demo_python_pkg.egg-info/PKG-INFO
[0.943s] writing dependency_links to ../../build/demo_python_pkg/demo_python_pkg.egg-info/dependency_links.txt
[0.943s] writing entry points to ../../build/demo_python_pkg/demo_python_pkg.egg-info/entry_points.txt
[0.943s] writing requirements to ../../build/demo_python_pkg/demo_python_pkg.egg-info/requires.txt
[0.943s] writing top-level names to ../../build/demo_python_pkg/demo_python_pkg.egg-info/top_level.txt
[0.945s] reading manifest file '../../build/demo_python_pkg/demo_python_pkg.egg-info/SOURCES.txt'
[0.945s] adding license file 'LICENSE'
[0.946s] writing manifest file '../../build/demo_python_pkg/demo_python_pkg.egg-info/SOURCES.txt'
[0.946s] running build
[0.946s] running build_py
[0.946s] running install
[0.946s] running install_lib
[0.948s] running install_data
[0.948s] running install_egg_info
[0.949s] removing '/home/zylyehuo/ROS2_learning/chapter2/chapter2.5/chapt2_ws/install/demo_python_pkg/lib/python3.10/site-packages/demo_python_pkg-0.0.0-py3.10.egg-info' (and everything under it)
[0.950s] Copying ../../build/demo_python_pkg/demo_python_pkg.egg-info to /home/zylyehuo/ROS2_learning/chapter2/chapter2.5/chapt2_ws/install/demo_python_pkg/lib/python3.10/site-packages/demo_python_pkg-0.0.0-py3.10.egg-info
[0.951s] running install_scripts
[0.968s] Installing person_node script to /home/zylyehuo/ROS2_learning/chapter2/chapter2.5/chapt2_ws/install/demo_python_pkg/lib/demo_python_pkg
[0.969s] Installing python_node script to /home/zylyehuo/ROS2_learning/chapter2/chapter2.5/chapt2_ws/install/demo_python_pkg/lib/demo_python_pkg
[0.969s] Installing writer_node script to /home/zylyehuo/ROS2_learning/chapter2/chapter2.5/chapt2_ws/install/demo_python_pkg/lib/demo_python_pkg
[0.969s] writing list of installed files to '/home/zylyehuo/ROS2_learning/chapter2/chapter2.5/chapt2_ws/build/demo_python_pkg/install.log'
[0.991s] Invoked command in '/home/zylyehuo/ROS2_learning/chapter2/chapter2.5/chapt2_ws/src/demo_python_pkg' returned '0': PYTHONPATH=/home/zylyehuo/ROS2_learning/chapter2/chapter2.5/chapt2_ws/build/demo_python_pkg/prefix_override:/usr/lib/python3/dist-packages/colcon_core/task/python/colcon_distutils_commands:/home/zylyehuo/ROS2_learning/chapter2/chapter2.5/chapt2_ws/install/demo_python_pkg/lib/python3.10/site-packages:${PYTHONPATH} /usr/bin/python3 -W ignore:setup.py install is deprecated -W ignore:easy_install command is deprecated setup.py egg_info --egg-base ../../build/demo_python_pkg build --build-base /home/zylyehuo/ROS2_learning/chapter2/chapter2.5/chapt2_ws/build/demo_python_pkg/build install --record /home/zylyehuo/ROS2_learning/chapter2/chapter2.5/chapt2_ws/build/demo_python_pkg/install.log --single-version-externally-managed install_data
