[0.406s] Invoking command in '/home/zylyehuo/ROS2_learning/chapter5/chapt5_ws/src/demo_python_tf': PYTHONPATH=/home/zylyehuo/ROS2_learning/chapter5/chapt5_ws/build/demo_python_tf/prefix_override:/usr/lib/python3/dist-packages/colcon_core/task/python/colcon_distutils_commands:/home/zylyehuo/ROS2_learning/chapter5/chapt5_ws/install/demo_python_tf/lib/python3.10/site-packages:${PYTHONPATH} /usr/bin/python3 -W ignore:setup.py install is deprecated -W ignore:easy_install command is deprecated setup.py egg_info --egg-base ../../build/demo_python_tf build --build-base /home/zylyehuo/ROS2_learning/chapter5/chapt5_ws/build/demo_python_tf/build install --record /home/zylyehuo/ROS2_learning/chapter5/chapt5_ws/build/demo_python_tf/install.log --single-version-externally-managed install_data
[0.558s] running egg_info
[0.558s] writing ../../build/demo_python_tf/demo_python_tf.egg-info/PKG-INFO
[0.559s] writing dependency_links to ../../build/demo_python_tf/demo_python_tf.egg-info/dependency_links.txt
[0.559s] writing entry points to ../../build/demo_python_tf/demo_python_tf.egg-info/entry_points.txt
[0.559s] writing requirements to ../../build/demo_python_tf/demo_python_tf.egg-info/requires.txt
[0.559s] writing top-level names to ../../build/demo_python_tf/demo_python_tf.egg-info/top_level.txt
[0.560s] reading manifest file '../../build/demo_python_tf/demo_python_tf.egg-info/SOURCES.txt'
[0.560s] adding license file 'LICENSE'
[0.561s] writing manifest file '../../build/demo_python_tf/demo_python_tf.egg-info/SOURCES.txt'
[0.561s] running build
[0.561s] running build_py
[0.561s] copying demo_python_tf/tf_listener.py -> /home/zylyehuo/ROS2_learning/chapter5/chapt5_ws/build/demo_python_tf/build/lib/demo_python_tf
[0.561s] copying demo_python_tf/dynamic_tf_broadcaster.py -> /home/zylyehuo/ROS2_learning/chapter5/chapt5_ws/build/demo_python_tf/build/lib/demo_python_tf
[0.561s] running install
[0.562s] running install_lib
[0.562s] copying /home/zylyehuo/ROS2_learning/chapter5/chapt5_ws/build/demo_python_tf/build/lib/demo_python_tf/tf_listener.py -> /home/zylyehuo/ROS2_learning/chapter5/chapt5_ws/install/demo_python_tf/lib/python3.10/site-packages/demo_python_tf
[0.562s] copying /home/zylyehuo/ROS2_learning/chapter5/chapt5_ws/build/demo_python_tf/build/lib/demo_python_tf/dynamic_tf_broadcaster.py -> /home/zylyehuo/ROS2_learning/chapter5/chapt5_ws/install/demo_python_tf/lib/python3.10/site-packages/demo_python_tf
[0.563s] byte-compiling /home/zylyehuo/ROS2_learning/chapter5/chapt5_ws/install/demo_python_tf/lib/python3.10/site-packages/demo_python_tf/tf_listener.py to tf_listener.cpython-310.pyc
[0.563s] byte-compiling /home/zylyehuo/ROS2_learning/chapter5/chapt5_ws/install/demo_python_tf/lib/python3.10/site-packages/demo_python_tf/dynamic_tf_broadcaster.py to dynamic_tf_broadcaster.cpython-310.pyc
[0.563s] running install_data
[0.563s] running install_egg_info
[0.565s] removing '/home/zylyehuo/ROS2_learning/chapter5/chapt5_ws/install/demo_python_tf/lib/python3.10/site-packages/demo_python_tf-0.0.0-py3.10.egg-info' (and everything under it)
[0.565s] Copying ../../build/demo_python_tf/demo_python_tf.egg-info to /home/zylyehuo/ROS2_learning/chapter5/chapt5_ws/install/demo_python_tf/lib/python3.10/site-packages/demo_python_tf-0.0.0-py3.10.egg-info
[0.566s] running install_scripts
[0.580s] Installing dynamic_tf_broadcaster script to /home/zylyehuo/ROS2_learning/chapter5/chapt5_ws/install/demo_python_tf/lib/demo_python_tf
[0.580s] Installing static_tf_broadcaster script to /home/zylyehuo/ROS2_learning/chapter5/chapt5_ws/install/demo_python_tf/lib/demo_python_tf
[0.581s] Installing tf_listener script to /home/zylyehuo/ROS2_learning/chapter5/chapt5_ws/install/demo_python_tf/lib/demo_python_tf
[0.581s] writing list of installed files to '/home/zylyehuo/ROS2_learning/chapter5/chapt5_ws/build/demo_python_tf/install.log'
[0.598s] Invoked command in '/home/zylyehuo/ROS2_learning/chapter5/chapt5_ws/src/demo_python_tf' returned '0': PYTHONPATH=/home/zylyehuo/ROS2_learning/chapter5/chapt5_ws/build/demo_python_tf/prefix_override:/usr/lib/python3/dist-packages/colcon_core/task/python/colcon_distutils_commands:/home/zylyehuo/ROS2_learning/chapter5/chapt5_ws/install/demo_python_tf/lib/python3.10/site-packages:${PYTHONPATH} /usr/bin/python3 -W ignore:setup.py install is deprecated -W ignore:easy_install command is deprecated setup.py egg_info --egg-base ../../build/demo_python_tf build --build-base /home/zylyehuo/ROS2_learning/chapter5/chapt5_ws/build/demo_python_tf/build install --record /home/zylyehuo/ROS2_learning/chapter5/chapt5_ws/build/demo_python_tf/install.log --single-version-externally-managed install_data
