[2.669s] Invoking command in '/home/zylyehuo/ROS2_learning/chapter2/chapter2.5/chapt2_ws/src/demo_python_pkg': PYTHONPATH=/home/zylyehuo/ROS2_learning/chapter2/chapter2.5/chapt2_ws/build/demo_python_pkg/prefix_override:/usr/lib/python3/dist-packages/colcon_core/task/python/colcon_distutils_commands:/home/zylyehuo/ROS2_learning/chapter2/chapter2.5/chapt2_ws/install/demo_python_pkg/lib/python3.10/site-packages:${PYTHONPATH} /usr/bin/python3 -W ignore:setup.py install is deprecated -W ignore:easy_install command is deprecated setup.py egg_info --egg-base ../../build/demo_python_pkg build --build-base /home/zylyehuo/ROS2_learning/chapter2/chapter2.5/chapt2_ws/build/demo_python_pkg/build install --record /home/zylyehuo/ROS2_learning/chapter2/chapter2.5/chapt2_ws/build/demo_python_pkg/install.log --single-version-externally-managed install_data
[2.845s] running egg_info
[2.845s] writing ../../build/demo_python_pkg/demo_python_pkg.egg-info/PKG-INFO
[2.846s] writing dependency_links to ../../build/demo_python_pkg/demo_python_pkg.egg-info/dependency_links.txt
[2.846s] writing entry points to ../../build/demo_python_pkg/demo_python_pkg.egg-info/entry_points.txt
[2.846s] writing requirements to ../../build/demo_python_pkg/demo_python_pkg.egg-info/requires.txt
[2.846s] writing top-level names to ../../build/demo_python_pkg/demo_python_pkg.egg-info/top_level.txt
[2.847s] reading manifest file '../../build/demo_python_pkg/demo_python_pkg.egg-info/SOURCES.txt'
[2.851s] adding license file 'LICENSE'
[2.852s] writing manifest file '../../build/demo_python_pkg/demo_python_pkg.egg-info/SOURCES.txt'
[2.852s] running build
[2.852s] running build_py
[2.852s] copying demo_python_pkg/writer_node.py -> /home/zylyehuo/ROS2_learning/chapter2/chapter2.5/chapt2_ws/build/demo_python_pkg/build/lib/demo_python_pkg
[2.857s] copying demo_python_pkg/person_node.py -> /home/zylyehuo/ROS2_learning/chapter2/chapter2.5/chapt2_ws/build/demo_python_pkg/build/lib/demo_python_pkg
[2.858s] running install
[2.858s] running install_lib
[2.858s] copying /home/zylyehuo/ROS2_learning/chapter2/chapter2.5/chapt2_ws/build/demo_python_pkg/build/lib/demo_python_pkg/writer_node.py -> /home/zylyehuo/ROS2_learning/chapter2/chapter2.5/chapt2_ws/install/demo_python_pkg/lib/python3.10/site-packages/demo_python_pkg
[2.859s] copying /home/zylyehuo/ROS2_learning/chapter2/chapter2.5/chapt2_ws/build/demo_python_pkg/build/lib/demo_python_pkg/person_node.py -> /home/zylyehuo/ROS2_learning/chapter2/chapter2.5/chapt2_ws/install/demo_python_pkg/lib/python3.10/site-packages/demo_python_pkg
[2.859s] byte-compiling /home/zylyehuo/ROS2_learning/chapter2/chapter2.5/chapt2_ws/install/demo_python_pkg/lib/python3.10/site-packages/demo_python_pkg/writer_node.py to writer_node.cpython-310.pyc
[2.859s] byte-compiling /home/zylyehuo/ROS2_learning/chapter2/chapter2.5/chapt2_ws/install/demo_python_pkg/lib/python3.10/site-packages/demo_python_pkg/person_node.py to person_node.cpython-310.pyc
[2.863s] running install_data
[2.863s] running install_egg_info
[2.865s] removing '/home/zylyehuo/ROS2_learning/chapter2/chapter2.5/chapt2_ws/install/demo_python_pkg/lib/python3.10/site-packages/demo_python_pkg-0.0.0-py3.10.egg-info' (and everything under it)
[2.865s] Copying ../../build/demo_python_pkg/demo_python_pkg.egg-info to /home/zylyehuo/ROS2_learning/chapter2/chapter2.5/chapt2_ws/install/demo_python_pkg/lib/python3.10/site-packages/demo_python_pkg-0.0.0-py3.10.egg-info
[2.868s] running install_scripts
[2.885s] Installing person_node script to /home/zylyehuo/ROS2_learning/chapter2/chapter2.5/chapt2_ws/install/demo_python_pkg/lib/demo_python_pkg
[2.885s] Installing python_node script to /home/zylyehuo/ROS2_learning/chapter2/chapter2.5/chapt2_ws/install/demo_python_pkg/lib/demo_python_pkg
[2.885s] Installing writer_node script to /home/zylyehuo/ROS2_learning/chapter2/chapter2.5/chapt2_ws/install/demo_python_pkg/lib/demo_python_pkg
[2.885s] writing list of installed files to '/home/zylyehuo/ROS2_learning/chapter2/chapter2.5/chapt2_ws/build/demo_python_pkg/install.log'
[2.905s] Invoked command in '/home/zylyehuo/ROS2_learning/chapter2/chapter2.5/chapt2_ws/src/demo_python_pkg' returned '0': PYTHONPATH=/home/zylyehuo/ROS2_learning/chapter2/chapter2.5/chapt2_ws/build/demo_python_pkg/prefix_override:/usr/lib/python3/dist-packages/colcon_core/task/python/colcon_distutils_commands:/home/zylyehuo/ROS2_learning/chapter2/chapter2.5/chapt2_ws/install/demo_python_pkg/lib/python3.10/site-packages:${PYTHONPATH} /usr/bin/python3 -W ignore:setup.py install is deprecated -W ignore:easy_install command is deprecated setup.py egg_info --egg-base ../../build/demo_python_pkg build --build-base /home/zylyehuo/ROS2_learning/chapter2/chapter2.5/chapt2_ws/build/demo_python_pkg/build install --record /home/zylyehuo/ROS2_learning/chapter2/chapter2.5/chapt2_ws/build/demo_python_pkg/install.log --single-version-externally-managed install_data
