[1.660s] Invoking command in '/home/zylyehuo/ROS2_learning/chapter7/chapt7_ws/src/autopatrol_robot': PYTHONPATH=/home/zylyehuo/ROS2_learning/chapter7/chapt7_ws/build/autopatrol_robot/prefix_override:/usr/lib/python3/dist-packages/colcon_core/task/python/colcon_distutils_commands:/home/zylyehuo/ROS2_learning/chapter7/chapt7_ws/install/autopatrol_robot/lib/python3.10/site-packages:${PYTHONPATH} /usr/bin/python3 -W ignore:setup.py install is deprecated -W ignore:easy_install command is deprecated setup.py egg_info --egg-base ../../build/autopatrol_robot build --build-base /home/zylyehuo/ROS2_learning/chapter7/chapt7_ws/build/autopatrol_robot/build install --record /home/zylyehuo/ROS2_learning/chapter7/chapt7_ws/build/autopatrol_robot/install.log --single-version-externally-managed install_data
[2.133s] running egg_info
[2.136s] writing ../../build/autopatrol_robot/autopatrol_robot.egg-info/PKG-INFO
[2.137s] writing dependency_links to ../../build/autopatrol_robot/autopatrol_robot.egg-info/dependency_links.txt
[2.140s] writing entry points to ../../build/autopatrol_robot/autopatrol_robot.egg-info/entry_points.txt
[2.140s] writing requirements to ../../build/autopatrol_robot/autopatrol_robot.egg-info/requires.txt
[2.140s] writing top-level names to ../../build/autopatrol_robot/autopatrol_robot.egg-info/top_level.txt
[2.144s] reading manifest file '../../build/autopatrol_robot/autopatrol_robot.egg-info/SOURCES.txt'
[2.144s] adding license file 'LICENSE'
[2.145s] writing manifest file '../../build/autopatrol_robot/autopatrol_robot.egg-info/SOURCES.txt'
[2.146s] running build
[2.146s] running build_py
[2.146s] copying autopatrol_robot/speaker.py -> /home/zylyehuo/ROS2_learning/chapter7/chapt7_ws/build/autopatrol_robot/build/lib/autopatrol_robot
[2.149s] running install
[2.150s] running install_lib
[2.152s] copying /home/zylyehuo/ROS2_learning/chapter7/chapt7_ws/build/autopatrol_robot/build/lib/autopatrol_robot/speaker.py -> /home/zylyehuo/ROS2_learning/chapter7/chapt7_ws/install/autopatrol_robot/lib/python3.10/site-packages/autopatrol_robot
[2.156s] byte-compiling /home/zylyehuo/ROS2_learning/chapter7/chapt7_ws/install/autopatrol_robot/lib/python3.10/site-packages/autopatrol_robot/speaker.py to speaker.cpython-310.pyc
[2.157s] running install_data
[2.157s] running install_egg_info
[2.160s] removing '/home/zylyehuo/ROS2_learning/chapter7/chapt7_ws/install/autopatrol_robot/lib/python3.10/site-packages/autopatrol_robot-0.0.0-py3.10.egg-info' (and everything under it)
[2.165s] Copying ../../build/autopatrol_robot/autopatrol_robot.egg-info to /home/zylyehuo/ROS2_learning/chapter7/chapt7_ws/install/autopatrol_robot/lib/python3.10/site-packages/autopatrol_robot-0.0.0-py3.10.egg-info
[2.165s] running install_scripts
[2.206s] Installing patrol_node script to /home/zylyehuo/ROS2_learning/chapter7/chapt7_ws/install/autopatrol_robot/lib/autopatrol_robot
[2.207s] Installing speaker script to /home/zylyehuo/ROS2_learning/chapter7/chapt7_ws/install/autopatrol_robot/lib/autopatrol_robot
[2.207s] writing list of installed files to '/home/zylyehuo/ROS2_learning/chapter7/chapt7_ws/build/autopatrol_robot/install.log'
[2.280s] Invoked command in '/home/zylyehuo/ROS2_learning/chapter7/chapt7_ws/src/autopatrol_robot' returned '0': PYTHONPATH=/home/zylyehuo/ROS2_learning/chapter7/chapt7_ws/build/autopatrol_robot/prefix_override:/usr/lib/python3/dist-packages/colcon_core/task/python/colcon_distutils_commands:/home/zylyehuo/ROS2_learning/chapter7/chapt7_ws/install/autopatrol_robot/lib/python3.10/site-packages:${PYTHONPATH} /usr/bin/python3 -W ignore:setup.py install is deprecated -W ignore:easy_install command is deprecated setup.py egg_info --egg-base ../../build/autopatrol_robot build --build-base /home/zylyehuo/ROS2_learning/chapter7/chapt7_ws/build/autopatrol_robot/build install --record /home/zylyehuo/ROS2_learning/chapter7/chapt7_ws/build/autopatrol_robot/install.log --single-version-externally-managed install_data
