[0.749s] Invoking command in '/home/zylyehuo/ROS2_learning/chapter7/chapt7_ws/src/fishbot_application': PYTHONPATH=/home/zylyehuo/ROS2_learning/chapter7/chapt7_ws/build/fishbot_application/prefix_override:/usr/lib/python3/dist-packages/colcon_core/task/python/colcon_distutils_commands:/home/zylyehuo/ROS2_learning/chapter7/chapt7_ws/install/fishbot_application/lib/python3.10/site-packages:${PYTHONPATH} /usr/bin/python3 -W ignore:setup.py install is deprecated -W ignore:easy_install command is deprecated setup.py egg_info --egg-base ../../build/fishbot_application build --build-base /home/zylyehuo/ROS2_learning/chapter7/chapt7_ws/build/fishbot_application/build install --record /home/zylyehuo/ROS2_learning/chapter7/chapt7_ws/build/fishbot_application/install.log --single-version-externally-managed install_data
[1.001s] running egg_info
[1.001s] writing ../../build/fishbot_application/fishbot_application.egg-info/PKG-INFO
[1.002s] writing dependency_links to ../../build/fishbot_application/fishbot_application.egg-info/dependency_links.txt
[1.002s] writing entry points to ../../build/fishbot_application/fishbot_application.egg-info/entry_points.txt
[1.002s] writing requirements to ../../build/fishbot_application/fishbot_application.egg-info/requires.txt
[1.002s] writing top-level names to ../../build/fishbot_application/fishbot_application.egg-info/top_level.txt
[1.005s] reading manifest file '../../build/fishbot_application/fishbot_application.egg-info/SOURCES.txt'
[1.005s] adding license file 'LICENSE'
[1.006s] writing manifest file '../../build/fishbot_application/fishbot_application.egg-info/SOURCES.txt'
[1.006s] running build
[1.006s] running build_py
[1.006s] copying fishbot_application/get_robot_pose.py -> /home/zylyehuo/ROS2_learning/chapter7/chapt7_ws/build/fishbot_application/build/lib/fishbot_application
[1.006s] running install
[1.007s] running install_lib
[1.007s] copying /home/zylyehuo/ROS2_learning/chapter7/chapt7_ws/build/fishbot_application/build/lib/fishbot_application/get_robot_pose.py -> /home/zylyehuo/ROS2_learning/chapter7/chapt7_ws/install/fishbot_application/lib/python3.10/site-packages/fishbot_application
[1.008s] byte-compiling /home/zylyehuo/ROS2_learning/chapter7/chapt7_ws/install/fishbot_application/lib/python3.10/site-packages/fishbot_application/get_robot_pose.py to get_robot_pose.cpython-310.pyc
[1.009s] running install_data
[1.009s] running install_egg_info
[1.012s] removing '/home/zylyehuo/ROS2_learning/chapter7/chapt7_ws/install/fishbot_application/lib/python3.10/site-packages/fishbot_application-0.0.0-py3.10.egg-info' (and everything under it)
[1.012s] Copying ../../build/fishbot_application/fishbot_application.egg-info to /home/zylyehuo/ROS2_learning/chapter7/chapt7_ws/install/fishbot_application/lib/python3.10/site-packages/fishbot_application-0.0.0-py3.10.egg-info
[1.013s] running install_scripts
[1.039s] Installing get_robot_pose script to /home/zylyehuo/ROS2_learning/chapter7/chapt7_ws/install/fishbot_application/lib/fishbot_application
[1.040s] Installing init_robot_pose script to /home/zylyehuo/ROS2_learning/chapter7/chapt7_ws/install/fishbot_application/lib/fishbot_application
[1.040s] writing list of installed files to '/home/zylyehuo/ROS2_learning/chapter7/chapt7_ws/build/fishbot_application/install.log'
[1.071s] Invoked command in '/home/zylyehuo/ROS2_learning/chapter7/chapt7_ws/src/fishbot_application' returned '0': PYTHONPATH=/home/zylyehuo/ROS2_learning/chapter7/chapt7_ws/build/fishbot_application/prefix_override:/usr/lib/python3/dist-packages/colcon_core/task/python/colcon_distutils_commands:/home/zylyehuo/ROS2_learning/chapter7/chapt7_ws/install/fishbot_application/lib/python3.10/site-packages:${PYTHONPATH} /usr/bin/python3 -W ignore:setup.py install is deprecated -W ignore:easy_install command is deprecated setup.py egg_info --egg-base ../../build/fishbot_application build --build-base /home/zylyehuo/ROS2_learning/chapter7/chapt7_ws/build/fishbot_application/build install --record /home/zylyehuo/ROS2_learning/chapter7/chapt7_ws/build/fishbot_application/install.log --single-version-externally-managed install_data
