[0.707s] Invoking command in '/home/zylyehuo/ROS2_learning/chapter7/chapt7_ws/src/autopatrol_robot': PYTHONPATH=/home/zylyehuo/ROS2_learning/chapter7/chapt7_ws/build/autopatrol_robot/prefix_override:/usr/lib/python3/dist-packages/colcon_core/task/python/colcon_distutils_commands:/home/zylyehuo/ROS2_learning/chapter7/chapt7_ws/install/autopatrol_robot/lib/python3.10/site-packages:${PYTHONPATH} /usr/bin/python3 -W ignore:setup.py install is deprecated -W ignore:easy_install command is deprecated setup.py egg_info --egg-base ../../build/autopatrol_robot build --build-base /home/zylyehuo/ROS2_learning/chapter7/chapt7_ws/build/autopatrol_robot/build install --record /home/zylyehuo/ROS2_learning/chapter7/chapt7_ws/build/autopatrol_robot/install.log --single-version-externally-managed install_data
[0.880s] running egg_info
[0.881s] writing ../../build/autopatrol_robot/autopatrol_robot.egg-info/PKG-INFO
[0.881s] writing dependency_links to ../../build/autopatrol_robot/autopatrol_robot.egg-info/dependency_links.txt
[0.881s] writing entry points to ../../build/autopatrol_robot/autopatrol_robot.egg-info/entry_points.txt
[0.881s] writing requirements to ../../build/autopatrol_robot/autopatrol_robot.egg-info/requires.txt
[0.881s] writing top-level names to ../../build/autopatrol_robot/autopatrol_robot.egg-info/top_level.txt
[0.883s] reading manifest file '../../build/autopatrol_robot/autopatrol_robot.egg-info/SOURCES.txt'
[0.883s] adding license file 'LICENSE'
[0.883s] writing manifest file '../../build/autopatrol_robot/autopatrol_robot.egg-info/SOURCES.txt'
[0.883s] running build
[0.883s] running build_py
[0.884s] running install
[0.884s] running install_lib
[0.885s] running install_data
[0.885s] creating /home/zylyehuo/ROS2_learning/chapter7/chapt7_ws/install/autopatrol_robot/share/autopatrol_robot/launch
[0.885s] copying launch/autopatrol.launch.py -> /home/zylyehuo/ROS2_learning/chapter7/chapt7_ws/install/autopatrol_robot/share/autopatrol_robot/launch
[0.885s] running install_egg_info
[0.887s] removing '/home/zylyehuo/ROS2_learning/chapter7/chapt7_ws/install/autopatrol_robot/lib/python3.10/site-packages/autopatrol_robot-0.0.0-py3.10.egg-info' (and everything under it)
[0.887s] Copying ../../build/autopatrol_robot/autopatrol_robot.egg-info to /home/zylyehuo/ROS2_learning/chapter7/chapt7_ws/install/autopatrol_robot/lib/python3.10/site-packages/autopatrol_robot-0.0.0-py3.10.egg-info
[0.888s] running install_scripts
[0.907s] Installing patrol_node script to /home/zylyehuo/ROS2_learning/chapter7/chapt7_ws/install/autopatrol_robot/lib/autopatrol_robot
[0.908s] Installing patrol_speak_node script to /home/zylyehuo/ROS2_learning/chapter7/chapt7_ws/install/autopatrol_robot/lib/autopatrol_robot
[0.908s] Installing speaker script to /home/zylyehuo/ROS2_learning/chapter7/chapt7_ws/install/autopatrol_robot/lib/autopatrol_robot
[0.908s] writing list of installed files to '/home/zylyehuo/ROS2_learning/chapter7/chapt7_ws/build/autopatrol_robot/install.log'
[0.930s] Invoked command in '/home/zylyehuo/ROS2_learning/chapter7/chapt7_ws/src/autopatrol_robot' returned '0': PYTHONPATH=/home/zylyehuo/ROS2_learning/chapter7/chapt7_ws/build/autopatrol_robot/prefix_override:/usr/lib/python3/dist-packages/colcon_core/task/python/colcon_distutils_commands:/home/zylyehuo/ROS2_learning/chapter7/chapt7_ws/install/autopatrol_robot/lib/python3.10/site-packages:${PYTHONPATH} /usr/bin/python3 -W ignore:setup.py install is deprecated -W ignore:easy_install command is deprecated setup.py egg_info --egg-base ../../build/autopatrol_robot build --build-base /home/zylyehuo/ROS2_learning/chapter7/chapt7_ws/build/autopatrol_robot/build install --record /home/zylyehuo/ROS2_learning/chapter7/chapt7_ws/build/autopatrol_robot/install.log --single-version-externally-managed install_data
