[0.816s] Invoking command in '/home/zylyehuo/ROS2_learning/chapter3/topic_ws/src/demo_python_topic': PYTHONPATH=/home/zylyehuo/ROS2_learning/chapter3/topic_ws/build/demo_python_topic/prefix_override:/usr/lib/python3/dist-packages/colcon_core/task/python/colcon_distutils_commands:/home/zylyehuo/ROS2_learning/chapter3/topic_ws/install/demo_python_topic/lib/python3.10/site-packages:${PYTHONPATH} /usr/bin/python3 -W ignore:setup.py install is deprecated -W ignore:easy_install command is deprecated setup.py egg_info --egg-base ../../build/demo_python_topic build --build-base /home/zylyehuo/ROS2_learning/chapter3/topic_ws/build/demo_python_topic/build install --record /home/zylyehuo/ROS2_learning/chapter3/topic_ws/build/demo_python_topic/install.log --single-version-externally-managed install_data
[1.027s] running egg_info
[1.028s] writing ../../build/demo_python_topic/demo_python_topic.egg-info/PKG-INFO
[1.028s] writing dependency_links to ../../build/demo_python_topic/demo_python_topic.egg-info/dependency_links.txt
[1.028s] writing entry points to ../../build/demo_python_topic/demo_python_topic.egg-info/entry_points.txt
[1.029s] writing requirements to ../../build/demo_python_topic/demo_python_topic.egg-info/requires.txt
[1.029s] writing top-level names to ../../build/demo_python_topic/demo_python_topic.egg-info/top_level.txt
[1.030s] reading manifest file '../../build/demo_python_topic/demo_python_topic.egg-info/SOURCES.txt'
[1.031s] adding license file 'LICENSE'
[1.031s] writing manifest file '../../build/demo_python_topic/demo_python_topic.egg-info/SOURCES.txt'
[1.032s] running build
[1.032s] running build_py
[1.032s] copying demo_python_topic/novel_sub_node.py -> /home/zylyehuo/ROS2_learning/chapter3/topic_ws/build/demo_python_topic/build/lib/demo_python_topic
[1.032s] running install
[1.033s] running install_lib
[1.033s] copying /home/zylyehuo/ROS2_learning/chapter3/topic_ws/build/demo_python_topic/build/lib/demo_python_topic/novel_sub_node.py -> /home/zylyehuo/ROS2_learning/chapter3/topic_ws/install/demo_python_topic/lib/python3.10/site-packages/demo_python_topic
[1.034s] byte-compiling /home/zylyehuo/ROS2_learning/chapter3/topic_ws/install/demo_python_topic/lib/python3.10/site-packages/demo_python_topic/novel_sub_node.py to novel_sub_node.cpython-310.pyc
[1.034s] running install_data
[1.035s] running install_egg_info
[1.036s] removing '/home/zylyehuo/ROS2_learning/chapter3/topic_ws/install/demo_python_topic/lib/python3.10/site-packages/demo_python_topic-0.0.0-py3.10.egg-info' (and everything under it)
[1.037s] Copying ../../build/demo_python_topic/demo_python_topic.egg-info to /home/zylyehuo/ROS2_learning/chapter3/topic_ws/install/demo_python_topic/lib/python3.10/site-packages/demo_python_topic-0.0.0-py3.10.egg-info
[1.038s] running install_scripts
[1.061s] Installing novel_pub_node = demo_python_topic.novel_pub_node:mainnovel_sub_node script to /home/zylyehuo/ROS2_learning/chapter3/topic_ws/install/demo_python_topic/lib/demo_python_topic
[1.062s] writing list of installed files to '/home/zylyehuo/ROS2_learning/chapter3/topic_ws/build/demo_python_topic/install.log'
[1.087s] Invoked command in '/home/zylyehuo/ROS2_learning/chapter3/topic_ws/src/demo_python_topic' returned '0': PYTHONPATH=/home/zylyehuo/ROS2_learning/chapter3/topic_ws/build/demo_python_topic/prefix_override:/usr/lib/python3/dist-packages/colcon_core/task/python/colcon_distutils_commands:/home/zylyehuo/ROS2_learning/chapter3/topic_ws/install/demo_python_topic/lib/python3.10/site-packages:${PYTHONPATH} /usr/bin/python3 -W ignore:setup.py install is deprecated -W ignore:easy_install command is deprecated setup.py egg_info --egg-base ../../build/demo_python_topic build --build-base /home/zylyehuo/ROS2_learning/chapter3/topic_ws/build/demo_python_topic/build install --record /home/zylyehuo/ROS2_learning/chapter3/topic_ws/build/demo_python_topic/install.log --single-version-externally-managed install_data
