[0.013s] Invoking command in '/home/zylyehuo/ROS2_learning/chapter6/chapt6_ws/build/robot_description2': CMAKE_PREFIX_PATH=${CMAKE_PREFIX_PATH}:/opt/ros/humble /usr/bin/cmake /home/zylyehuo/ROS2_learning/chapter6/chapt6_ws/src/robot_description2 -DCMAKE_INSTALL_PREFIX=/home/zylyehuo/ROS2_learning/chapter6/chapt6_ws/install/robot_description2
[0.449s] -- The C compiler identification is GNU 11.4.0
[1.683s] -- The CXX compiler identification is GNU 11.4.0
[2.556s] -- Detecting C compiler ABI info
[2.823s] -- Detecting C compiler ABI info - done
[2.828s] -- Check for working C compiler: /usr/bin/cc - skipped
[2.830s] -- Detecting C compile features
[2.830s] -- Detecting C compile features - done
[2.833s] -- Detecting CXX compiler ABI info
[3.098s] -- Detecting CXX compiler ABI info - done
[3.102s] -- Check for working CXX compiler: /usr/bin/c++ - skipped
[3.102s] -- Detecting CXX compile features
[3.103s] -- Detecting CXX compile features - done
[3.117s] -- Found ament_cmake: 1.3.12 (/opt/ros/humble/share/ament_cmake/cmake)
[3.227s] -- Found Python3: /usr/bin/python3 (found version "3.10.12") found components: Interpreter 
[3.313s] -- Found ament_lint_auto: 0.12.14 (/opt/ros/humble/share/ament_lint_auto/cmake)
[3.377s] -- Added test 'lint_cmake' to check CMake code style
[3.379s] -- Added test 'xmllint' to check XML markup files
[3.381s] -- Configuring done
[3.384s] -- Generating done
[3.385s] -- Build files have been written to: /home/zylyehuo/ROS2_learning/chapter6/chapt6_ws/build/robot_description2
[3.389s] Invoked command in '/home/zylyehuo/ROS2_learning/chapter6/chapt6_ws/build/robot_description2' returned '0': CMAKE_PREFIX_PATH=${CMAKE_PREFIX_PATH}:/opt/ros/humble /usr/bin/cmake /home/zylyehuo/ROS2_learning/chapter6/chapt6_ws/src/robot_description2 -DCMAKE_INSTALL_PREFIX=/home/zylyehuo/ROS2_learning/chapter6/chapt6_ws/install/robot_description2
[3.391s] Invoking command in '/home/zylyehuo/ROS2_learning/chapter6/chapt6_ws/build/robot_description2': CMAKE_PREFIX_PATH=${CMAKE_PREFIX_PATH}:/opt/ros/humble /usr/bin/cmake --build /home/zylyehuo/ROS2_learning/chapter6/chapt6_ws/build/robot_description2 -- -j16 -l16
[3.418s] Invoked command in '/home/zylyehuo/ROS2_learning/chapter6/chapt6_ws/build/robot_description2' returned '0': CMAKE_PREFIX_PATH=${CMAKE_PREFIX_PATH}:/opt/ros/humble /usr/bin/cmake --build /home/zylyehuo/ROS2_learning/chapter6/chapt6_ws/build/robot_description2 -- -j16 -l16
[3.419s] Invoking command in '/home/zylyehuo/ROS2_learning/chapter6/chapt6_ws/build/robot_description2': CMAKE_PREFIX_PATH=${CMAKE_PREFIX_PATH}:/opt/ros/humble /usr/bin/cmake --install /home/zylyehuo/ROS2_learning/chapter6/chapt6_ws/build/robot_description2
[3.423s] -- Install configuration: ""
[3.423s] -- Installing: /home/zylyehuo/ROS2_learning/chapter6/chapt6_ws/install/robot_description2/share/robot_description2/launch
[3.424s] -- Installing: /home/zylyehuo/ROS2_learning/chapter6/chapt6_ws/install/robot_description2/share/robot_description2/urdf
[3.424s] -- Installing: /home/zylyehuo/ROS2_learning/chapter6/chapt6_ws/install/robot_description2/share/robot_description2/urdf/xacro.md
[3.424s] -- Installing: /home/zylyehuo/ROS2_learning/chapter6/chapt6_ws/install/robot_description2/share/robot_description2/urdf/robot
[3.425s] -- Installing: /home/zylyehuo/ROS2_learning/chapter6/chapt6_ws/install/robot_description2/share/robot_description2/urdf/robot/sensor
[3.425s] -- Installing: /home/zylyehuo/ROS2_learning/chapter6/chapt6_ws/install/robot_description2/share/robot_description2/urdf/robot/sensor/laser.urdf.xacro
[3.425s] -- Installing: /home/zylyehuo/ROS2_learning/chapter6/chapt6_ws/install/robot_description2/share/robot_description2/urdf/robot/sensor/imu.urdf.xacro
[3.425s] -- Installing: /home/zylyehuo/ROS2_learning/chapter6/chapt6_ws/install/robot_description2/share/robot_description2/urdf/robot/sensor/camera.urdf.xacro
[3.425s] -- Installing: /home/zylyehuo/ROS2_learning/chapter6/chapt6_ws/install/robot_description2/share/robot_description2/urdf/robot/robot.urdf.xacro
[3.425s] -- Installing: /home/zylyehuo/ROS2_learning/chapter6/chapt6_ws/install/robot_description2/share/robot_description2/urdf/robot/base.urdf.xacro
[3.425s] -- Installing: /home/zylyehuo/ROS2_learning/chapter6/chapt6_ws/install/robot_description2/share/robot_description2/urdf/urdf.md
[3.425s] -- Installing: /home/zylyehuo/ROS2_learning/chapter6/chapt6_ws/install/robot_description2/share/robot_description2/config
[3.426s] -- Installing: /home/zylyehuo/ROS2_learning/chapter6/chapt6_ws/install/robot_description2/share/robot_description2/config/display_robot_model.rviz
[3.426s] -- Installing: /home/zylyehuo/ROS2_learning/chapter6/chapt6_ws/install/robot_description2/share/ament_index/resource_index/package_run_dependencies/robot_description2
[3.427s] -- Installing: /home/zylyehuo/ROS2_learning/chapter6/chapt6_ws/install/robot_description2/share/ament_index/resource_index/parent_prefix_path/robot_description2
[3.427s] -- Installing: /home/zylyehuo/ROS2_learning/chapter6/chapt6_ws/install/robot_description2/share/robot_description2/environment/ament_prefix_path.sh
[3.427s] -- Installing: /home/zylyehuo/ROS2_learning/chapter6/chapt6_ws/install/robot_description2/share/robot_description2/environment/ament_prefix_path.dsv
[3.427s] -- Installing: /home/zylyehuo/ROS2_learning/chapter6/chapt6_ws/install/robot_description2/share/robot_description2/environment/path.sh
[3.427s] -- Installing: /home/zylyehuo/ROS2_learning/chapter6/chapt6_ws/install/robot_description2/share/robot_description2/environment/path.dsv
[3.427s] -- Installing: /home/zylyehuo/ROS2_learning/chapter6/chapt6_ws/install/robot_description2/share/robot_description2/local_setup.bash
[3.427s] -- Installing: /home/zylyehuo/ROS2_learning/chapter6/chapt6_ws/install/robot_description2/share/robot_description2/local_setup.sh
[3.427s] -- Installing: /home/zylyehuo/ROS2_learning/chapter6/chapt6_ws/install/robot_description2/share/robot_description2/local_setup.zsh
[3.427s] -- Installing: /home/zylyehuo/ROS2_learning/chapter6/chapt6_ws/install/robot_description2/share/robot_description2/local_setup.dsv
[3.427s] -- Installing: /home/zylyehuo/ROS2_learning/chapter6/chapt6_ws/install/robot_description2/share/robot_description2/package.dsv
[3.428s] -- Installing: /home/zylyehuo/ROS2_learning/chapter6/chapt6_ws/install/robot_description2/share/ament_index/resource_index/packages/robot_description2
[3.428s] -- Installing: /home/zylyehuo/ROS2_learning/chapter6/chapt6_ws/install/robot_description2/share/robot_description2/cmake/robot_description2Config.cmake
[3.428s] -- Installing: /home/zylyehuo/ROS2_learning/chapter6/chapt6_ws/install/robot_description2/share/robot_description2/cmake/robot_description2Config-version.cmake
[3.428s] -- Installing: /home/zylyehuo/ROS2_learning/chapter6/chapt6_ws/install/robot_description2/share/robot_description2/package.xml
[3.430s] Invoked command in '/home/zylyehuo/ROS2_learning/chapter6/chapt6_ws/build/robot_description2' returned '0': CMAKE_PREFIX_PATH=${CMAKE_PREFIX_PATH}:/opt/ros/humble /usr/bin/cmake --install /home/zylyehuo/ROS2_learning/chapter6/chapt6_ws/build/robot_description2
