[1.715s] DEBUG:colcon:Command line arguments: ['/usr/bin/colcon', 'build']
[1.715s] DEBUG:colcon:Parsed command line arguments: Namespace(log_base=None, log_level=None, verb_name='build', build_base='build', install_base='install', merge_install=False, symlink_install=False, test_result_base=None, continue_on_error=False, executor='parallel', parallel_workers=16, event_handlers=None, ignore_user_meta=False, metas=['./colcon.meta'], base_paths=['.'], packages_ignore=None, packages_ignore_regex=None, paths=None, packages_up_to=None, packages_up_to_regex=None, packages_above=None, packages_above_and_dependencies=None, packages_above_depth=None, packages_select_by_dep=None, packages_skip_by_dep=None, packages_skip_up_to=None, packages_select_build_failed=False, packages_skip_build_finished=False, packages_select_test_failures=False, packages_skip_test_passed=False, packages_select=None, packages_skip=None, packages_select_regex=None, packages_skip_regex=None, packages_start=None, packages_end=None, allow_overriding=[], cmake_args=None, cmake_target=None, cmake_target_skip_unavailable=False, cmake_clean_cache=False, cmake_clean_first=False, cmake_force_configure=False, ament_cmake_args=None, catkin_cmake_args=None, catkin_skip_building_tests=False, verb_parser=<colcon_defaults.argument_parser.defaults.DefaultArgumentsDecorator object at 0x7a1ad33335e0>, verb_extension=<colcon_core.verb.build.BuildVerb object at 0x7a1ad3333010>, main=<bound method BuildVerb.main of <colcon_core.verb.build.BuildVerb object at 0x7a1ad3333010>>)
[3.778s] Level 1:colcon.colcon_core.package_discovery:discover_packages(colcon_meta) check parameters
[3.778s] Level 1:colcon.colcon_core.package_discovery:discover_packages(recursive) check parameters
[3.778s] Level 1:colcon.colcon_core.package_discovery:discover_packages(ignore) check parameters
[3.778s] Level 1:colcon.colcon_core.package_discovery:discover_packages(path) check parameters
[3.778s] Level 1:colcon.colcon_core.package_discovery:discover_packages(colcon_meta) discover
[3.778s] Level 1:colcon.colcon_core.package_discovery:discover_packages(recursive) discover
[3.778s] INFO:colcon.colcon_core.package_discovery:Crawling recursively for packages in '/home/zylyehuo/ROS2_learning/chapter6/chapt6_ws'
[3.778s] Level 1:colcon.colcon_core.package_identification:_identify(.) by extensions ['ignore', 'ignore_ament_install']
[3.778s] Level 1:colcon.colcon_core.package_identification:_identify(.) by extension 'ignore'
[3.778s] Level 1:colcon.colcon_core.package_identification:_identify(.) by extension 'ignore_ament_install'
[3.778s] Level 1:colcon.colcon_core.package_identification:_identify(.) by extensions ['colcon_pkg']
[3.778s] Level 1:colcon.colcon_core.package_identification:_identify(.) by extension 'colcon_pkg'
[3.778s] Level 1:colcon.colcon_core.package_identification:_identify(.) by extensions ['colcon_meta']
[3.778s] Level 1:colcon.colcon_core.package_identification:_identify(.) by extension 'colcon_meta'
[3.778s] Level 1:colcon.colcon_core.package_identification:_identify(.) by extensions ['ros']
[3.778s] Level 1:colcon.colcon_core.package_identification:_identify(.) by extension 'ros'
[3.792s] Level 1:colcon.colcon_core.package_identification:_identify(.) by extensions ['cmake', 'python']
[3.792s] Level 1:colcon.colcon_core.package_identification:_identify(.) by extension 'cmake'
[3.792s] Level 1:colcon.colcon_core.package_identification:_identify(.) by extension 'python'
[3.792s] Level 1:colcon.colcon_core.package_identification:_identify(.) by extensions ['python_setup_py']
[3.792s] Level 1:colcon.colcon_core.package_identification:_identify(.) by extension 'python_setup_py'
[3.792s] Level 1:colcon.colcon_core.package_identification:_identify(build) by extensions ['ignore', 'ignore_ament_install']
[3.792s] Level 1:colcon.colcon_core.package_identification:_identify(build) by extension 'ignore'
[3.792s] Level 1:colcon.colcon_core.package_identification:_identify(build) ignored
[3.792s] Level 1:colcon.colcon_core.package_identification:_identify(install) by extensions ['ignore', 'ignore_ament_install']
[3.792s] Level 1:colcon.colcon_core.package_identification:_identify(install) by extension 'ignore'
[3.792s] Level 1:colcon.colcon_core.package_identification:_identify(install) ignored
[3.792s] Level 1:colcon.colcon_core.package_identification:_identify(log) by extensions ['ignore', 'ignore_ament_install']
[3.792s] Level 1:colcon.colcon_core.package_identification:_identify(log) by extension 'ignore'
[3.792s] Level 1:colcon.colcon_core.package_identification:_identify(log) ignored
[3.792s] Level 1:colcon.colcon_core.package_identification:_identify(src) by extensions ['ignore', 'ignore_ament_install']
[3.792s] Level 1:colcon.colcon_core.package_identification:_identify(src) by extension 'ignore'
[3.792s] Level 1:colcon.colcon_core.package_identification:_identify(src) by extension 'ignore_ament_install'
[3.792s] Level 1:colcon.colcon_core.package_identification:_identify(src) by extensions ['colcon_pkg']
[3.792s] Level 1:colcon.colcon_core.package_identification:_identify(src) by extension 'colcon_pkg'
[3.792s] Level 1:colcon.colcon_core.package_identification:_identify(src) by extensions ['colcon_meta']
[3.792s] Level 1:colcon.colcon_core.package_identification:_identify(src) by extension 'colcon_meta'
[3.793s] Level 1:colcon.colcon_core.package_identification:_identify(src) by extensions ['ros']
[3.793s] Level 1:colcon.colcon_core.package_identification:_identify(src) by extension 'ros'
[3.793s] Level 1:colcon.colcon_core.package_identification:_identify(src) by extensions ['cmake', 'python']
[3.793s] Level 1:colcon.colcon_core.package_identification:_identify(src) by extension 'cmake'
[3.793s] Level 1:colcon.colcon_core.package_identification:_identify(src) by extension 'python'
[3.793s] Level 1:colcon.colcon_core.package_identification:_identify(src) by extensions ['python_setup_py']
[3.793s] Level 1:colcon.colcon_core.package_identification:_identify(src) by extension 'python_setup_py'
[3.793s] Level 1:colcon.colcon_core.package_identification:_identify(src/robot_description) by extensions ['ignore', 'ignore_ament_install']
[3.793s] Level 1:colcon.colcon_core.package_identification:_identify(src/robot_description) by extension 'ignore'
[3.793s] Level 1:colcon.colcon_core.package_identification:_identify(src/robot_description) by extension 'ignore_ament_install'
[3.793s] Level 1:colcon.colcon_core.package_identification:_identify(src/robot_description) by extensions ['colcon_pkg']
[3.793s] Level 1:colcon.colcon_core.package_identification:_identify(src/robot_description) by extension 'colcon_pkg'
[3.793s] Level 1:colcon.colcon_core.package_identification:_identify(src/robot_description) by extensions ['colcon_meta']
[3.793s] Level 1:colcon.colcon_core.package_identification:_identify(src/robot_description) by extension 'colcon_meta'
[3.793s] Level 1:colcon.colcon_core.package_identification:_identify(src/robot_description) by extensions ['ros']
[3.793s] Level 1:colcon.colcon_core.package_identification:_identify(src/robot_description) by extension 'ros'
[3.796s] DEBUG:colcon.colcon_core.package_identification:Package 'src/robot_description' with type 'ros.ament_cmake' and name 'robot_description'
[3.796s] Level 1:colcon.colcon_core.package_identification:_identify(src/robot_description2) by extensions ['ignore', 'ignore_ament_install']
[3.796s] Level 1:colcon.colcon_core.package_identification:_identify(src/robot_description2) by extension 'ignore'
[3.796s] Level 1:colcon.colcon_core.package_identification:_identify(src/robot_description2) by extension 'ignore_ament_install'
[3.796s] Level 1:colcon.colcon_core.package_identification:_identify(src/robot_description2) by extensions ['colcon_pkg']
[3.796s] Level 1:colcon.colcon_core.package_identification:_identify(src/robot_description2) by extension 'colcon_pkg'
[3.796s] Level 1:colcon.colcon_core.package_identification:_identify(src/robot_description2) by extensions ['colcon_meta']
[3.796s] Level 1:colcon.colcon_core.package_identification:_identify(src/robot_description2) by extension 'colcon_meta'
[3.796s] Level 1:colcon.colcon_core.package_identification:_identify(src/robot_description2) by extensions ['ros']
[3.796s] Level 1:colcon.colcon_core.package_identification:_identify(src/robot_description2) by extension 'ros'
[3.797s] DEBUG:colcon.colcon_core.package_identification:Package 'src/robot_description2' with type 'ros.ament_cmake' and name 'robot_description2'
[3.797s] Level 1:colcon.colcon_core.package_discovery:discover_packages(recursive) using defaults
[3.797s] Level 1:colcon.colcon_core.package_discovery:discover_packages(ignore) discover
[3.797s] Level 1:colcon.colcon_core.package_discovery:discover_packages(ignore) using defaults
[3.797s] Level 1:colcon.colcon_core.package_discovery:discover_packages(path) discover
[3.797s] Level 1:colcon.colcon_core.package_discovery:discover_packages(path) using defaults
[3.826s] Level 1:colcon.colcon_core.package_discovery:discover_packages(prefix_path) check parameters
[3.826s] Level 1:colcon.colcon_core.package_discovery:discover_packages(prefix_path) discover
[3.829s] DEBUG:colcon.colcon_installed_package_information.package_discovery:Found 2 installed packages in /home/zylyehuo/ROS2_learning/chapter6/chapt6_ws/install
[3.831s] DEBUG:colcon.colcon_installed_package_information.package_discovery:Found 307 installed packages in /opt/ros/humble
[3.839s] Level 1:colcon.colcon_core.package_discovery:discover_packages(prefix_path) using defaults
[3.918s] Level 5:colcon.colcon_core.verb:set package 'robot_description' build argument 'cmake_args' from command line to 'None'
[3.918s] Level 5:colcon.colcon_core.verb:set package 'robot_description' build argument 'cmake_target' from command line to 'None'
[3.918s] Level 5:colcon.colcon_core.verb:set package 'robot_description' build argument 'cmake_target_skip_unavailable' from command line to 'False'
[3.918s] Level 5:colcon.colcon_core.verb:set package 'robot_description' build argument 'cmake_clean_cache' from command line to 'False'
[3.918s] Level 5:colcon.colcon_core.verb:set package 'robot_description' build argument 'cmake_clean_first' from command line to 'False'
[3.918s] Level 5:colcon.colcon_core.verb:set package 'robot_description' build argument 'cmake_force_configure' from command line to 'False'
[3.918s] Level 5:colcon.colcon_core.verb:set package 'robot_description' build argument 'ament_cmake_args' from command line to 'None'
[3.918s] Level 5:colcon.colcon_core.verb:set package 'robot_description' build argument 'catkin_cmake_args' from command line to 'None'
[3.918s] Level 5:colcon.colcon_core.verb:set package 'robot_description' build argument 'catkin_skip_building_tests' from command line to 'False'
[3.918s] DEBUG:colcon.colcon_core.verb:Building package 'robot_description' with the following arguments: {'ament_cmake_args': None, 'build_base': '/home/zylyehuo/ROS2_learning/chapter6/chapt6_ws/build/robot_description', 'catkin_cmake_args': None, 'catkin_skip_building_tests': False, 'cmake_args': None, 'cmake_clean_cache': False, 'cmake_clean_first': False, 'cmake_force_configure': False, 'cmake_target': None, 'cmake_target_skip_unavailable': False, 'install_base': '/home/zylyehuo/ROS2_learning/chapter6/chapt6_ws/install/robot_description', 'merge_install': False, 'path': '/home/zylyehuo/ROS2_learning/chapter6/chapt6_ws/src/robot_description', 'symlink_install': False, 'test_result_base': None}
[3.918s] Level 5:colcon.colcon_core.verb:set package 'robot_description2' build argument 'cmake_args' from command line to 'None'
[3.918s] Level 5:colcon.colcon_core.verb:set package 'robot_description2' build argument 'cmake_target' from command line to 'None'
[3.918s] Level 5:colcon.colcon_core.verb:set package 'robot_description2' build argument 'cmake_target_skip_unavailable' from command line to 'False'
[3.918s] Level 5:colcon.colcon_core.verb:set package 'robot_description2' build argument 'cmake_clean_cache' from command line to 'False'
[3.918s] Level 5:colcon.colcon_core.verb:set package 'robot_description2' build argument 'cmake_clean_first' from command line to 'False'
[3.918s] Level 5:colcon.colcon_core.verb:set package 'robot_description2' build argument 'cmake_force_configure' from command line to 'False'
[3.918s] Level 5:colcon.colcon_core.verb:set package 'robot_description2' build argument 'ament_cmake_args' from command line to 'None'
[3.918s] Level 5:colcon.colcon_core.verb:set package 'robot_description2' build argument 'catkin_cmake_args' from command line to 'None'
[3.918s] Level 5:colcon.colcon_core.verb:set package 'robot_description2' build argument 'catkin_skip_building_tests' from command line to 'False'
[3.918s] DEBUG:colcon.colcon_core.verb:Building package 'robot_description2' with the following arguments: {'ament_cmake_args': None, 'build_base': '/home/zylyehuo/ROS2_learning/chapter6/chapt6_ws/build/robot_description2', 'catkin_cmake_args': None, 'catkin_skip_building_tests': False, 'cmake_args': None, 'cmake_clean_cache': False, 'cmake_clean_first': False, 'cmake_force_configure': False, 'cmake_target': None, 'cmake_target_skip_unavailable': False, 'install_base': '/home/zylyehuo/ROS2_learning/chapter6/chapt6_ws/install/robot_description2', 'merge_install': False, 'path': '/home/zylyehuo/ROS2_learning/chapter6/chapt6_ws/src/robot_description2', 'symlink_install': False, 'test_result_base': None}
[3.918s] INFO:colcon.colcon_core.executor:Executing jobs using 'parallel' executor
[3.919s] DEBUG:colcon.colcon_parallel_executor.executor.parallel:run_until_complete
[3.920s] INFO:colcon.colcon_ros.task.ament_cmake.build:Building ROS package in '/home/zylyehuo/ROS2_learning/chapter6/chapt6_ws/src/robot_description' with build type 'ament_cmake'
[3.920s] INFO:colcon.colcon_cmake.task.cmake.build:Building CMake package in '/home/zylyehuo/ROS2_learning/chapter6/chapt6_ws/src/robot_description'
[3.925s] INFO:colcon.colcon_core.plugin_system:Skipping extension 'colcon_core.shell.bat': Not used on non-Windows systems
[3.925s] INFO:colcon.colcon_core.shell:Skip shell extension 'powershell' for command environment: Not usable outside of PowerShell
[3.925s] DEBUG:colcon.colcon_core.shell:Skip shell extension 'dsv' for command environment
[3.928s] INFO:colcon.colcon_ros.task.ament_cmake.build:Building ROS package in '/home/zylyehuo/ROS2_learning/chapter6/chapt6_ws/src/robot_description2' with build type 'ament_cmake'
[3.928s] INFO:colcon.colcon_cmake.task.cmake.build:Building CMake package in '/home/zylyehuo/ROS2_learning/chapter6/chapt6_ws/src/robot_description2'
[3.928s] INFO:colcon.colcon_core.shell:Skip shell extension 'powershell' for command environment: Not usable outside of PowerShell
[3.928s] DEBUG:colcon.colcon_core.shell:Skip shell extension 'dsv' for command environment
[3.934s] DEBUG:colcon.colcon_core.event_handler.log_command:Invoking command in '/home/zylyehuo/ROS2_learning/chapter6/chapt6_ws/build/robot_description': CMAKE_PREFIX_PATH=${CMAKE_PREFIX_PATH}:/opt/ros/humble /usr/bin/cmake --build /home/zylyehuo/ROS2_learning/chapter6/chapt6_ws/build/robot_description -- -j16 -l16
[3.940s] DEBUG:colcon.colcon_core.event_handler.log_command:Invoking command in '/home/zylyehuo/ROS2_learning/chapter6/chapt6_ws/build/robot_description2': CMAKE_PREFIX_PATH=${CMAKE_PREFIX_PATH}:/opt/ros/humble /usr/bin/cmake --build /home/zylyehuo/ROS2_learning/chapter6/chapt6_ws/build/robot_description2 -- -j16 -l16
[4.046s] DEBUG:colcon.colcon_core.event_handler.log_command:Invoked command in '/home/zylyehuo/ROS2_learning/chapter6/chapt6_ws/build/robot_description2' returned '0': CMAKE_PREFIX_PATH=${CMAKE_PREFIX_PATH}:/opt/ros/humble /usr/bin/cmake --build /home/zylyehuo/ROS2_learning/chapter6/chapt6_ws/build/robot_description2 -- -j16 -l16
[4.054s] DEBUG:colcon.colcon_core.event_handler.log_command:Invoking command in '/home/zylyehuo/ROS2_learning/chapter6/chapt6_ws/build/robot_description2': CMAKE_PREFIX_PATH=${CMAKE_PREFIX_PATH}:/opt/ros/humble /usr/bin/cmake --install /home/zylyehuo/ROS2_learning/chapter6/chapt6_ws/build/robot_description2
[4.054s] DEBUG:colcon.colcon_core.event_handler.log_command:Invoked command in '/home/zylyehuo/ROS2_learning/chapter6/chapt6_ws/build/robot_description' returned '0': CMAKE_PREFIX_PATH=${CMAKE_PREFIX_PATH}:/opt/ros/humble /usr/bin/cmake --build /home/zylyehuo/ROS2_learning/chapter6/chapt6_ws/build/robot_description -- -j16 -l16
[4.056s] DEBUG:colcon.colcon_core.event_handler.log_command:Invoking command in '/home/zylyehuo/ROS2_learning/chapter6/chapt6_ws/build/robot_description': CMAKE_PREFIX_PATH=${CMAKE_PREFIX_PATH}:/opt/ros/humble /usr/bin/cmake --install /home/zylyehuo/ROS2_learning/chapter6/chapt6_ws/build/robot_description
[4.067s] Level 1:colcon.colcon_core.environment:create_environment_scripts_only(robot_description2)
[4.067s] DEBUG:colcon.colcon_core.event_handler.log_command:Invoked command in '/home/zylyehuo/ROS2_learning/chapter6/chapt6_ws/build/robot_description2' returned '0': CMAKE_PREFIX_PATH=${CMAKE_PREFIX_PATH}:/opt/ros/humble /usr/bin/cmake --install /home/zylyehuo/ROS2_learning/chapter6/chapt6_ws/build/robot_description2
[4.074s] Level 1:colcon.colcon_core.environment:checking '/home/zylyehuo/ROS2_learning/chapter6/chapt6_ws/install/robot_description2' for CMake module files
[4.074s] Level 1:colcon.colcon_core.environment:checking '/home/zylyehuo/ROS2_learning/chapter6/chapt6_ws/install/robot_description2' for CMake config files
[4.075s] Level 1:colcon.colcon_core.shell:create_environment_hook('robot_description2', 'cmake_prefix_path')
[4.075s] INFO:colcon.colcon_core.shell:Creating environment hook '/home/zylyehuo/ROS2_learning/chapter6/chapt6_ws/install/robot_description2/share/robot_description2/hook/cmake_prefix_path.ps1'
[4.076s] INFO:colcon.colcon_core.shell:Creating environment descriptor '/home/zylyehuo/ROS2_learning/chapter6/chapt6_ws/install/robot_description2/share/robot_description2/hook/cmake_prefix_path.dsv'
[4.076s] INFO:colcon.colcon_core.shell:Creating environment hook '/home/zylyehuo/ROS2_learning/chapter6/chapt6_ws/install/robot_description2/share/robot_description2/hook/cmake_prefix_path.sh'
[4.077s] Level 1:colcon.colcon_core.environment:checking '/home/zylyehuo/ROS2_learning/chapter6/chapt6_ws/install/robot_description2/bin'
[4.077s] Level 1:colcon.colcon_core.environment:checking '/home/zylyehuo/ROS2_learning/chapter6/chapt6_ws/install/robot_description2/lib/pkgconfig/robot_description2.pc'
[4.077s] Level 1:colcon.colcon_core.environment:checking '/home/zylyehuo/ROS2_learning/chapter6/chapt6_ws/install/robot_description2/lib/python3.10/site-packages'
[4.078s] Level 1:colcon.colcon_core.environment:checking '/home/zylyehuo/ROS2_learning/chapter6/chapt6_ws/install/robot_description2/bin'
[4.078s] INFO:colcon.colcon_core.shell:Creating package script '/home/zylyehuo/ROS2_learning/chapter6/chapt6_ws/install/robot_description2/share/robot_description2/package.ps1'
[4.079s] INFO:colcon.colcon_core.shell:Creating package descriptor '/home/zylyehuo/ROS2_learning/chapter6/chapt6_ws/install/robot_description2/share/robot_description2/package.dsv'
[4.079s] INFO:colcon.colcon_core.shell:Creating package script '/home/zylyehuo/ROS2_learning/chapter6/chapt6_ws/install/robot_description2/share/robot_description2/package.sh'
[4.080s] INFO:colcon.colcon_core.shell:Creating package script '/home/zylyehuo/ROS2_learning/chapter6/chapt6_ws/install/robot_description2/share/robot_description2/package.bash'
[4.081s] INFO:colcon.colcon_core.shell:Creating package script '/home/zylyehuo/ROS2_learning/chapter6/chapt6_ws/install/robot_description2/share/robot_description2/package.zsh'
[4.082s] Level 1:colcon.colcon_core.environment:create_file_with_runtime_dependencies(/home/zylyehuo/ROS2_learning/chapter6/chapt6_ws/install/robot_description2/share/colcon-core/packages/robot_description2)
[4.082s] Level 1:colcon.colcon_core.environment:create_environment_scripts_only(robot_description2)
[4.083s] Level 1:colcon.colcon_core.environment:checking '/home/zylyehuo/ROS2_learning/chapter6/chapt6_ws/install/robot_description2' for CMake module files
[4.083s] Level 1:colcon.colcon_core.environment:checking '/home/zylyehuo/ROS2_learning/chapter6/chapt6_ws/install/robot_description2' for CMake config files
[4.083s] Level 1:colcon.colcon_core.shell:create_environment_hook('robot_description2', 'cmake_prefix_path')
[4.083s] INFO:colcon.colcon_core.shell:Creating environment hook '/home/zylyehuo/ROS2_learning/chapter6/chapt6_ws/install/robot_description2/share/robot_description2/hook/cmake_prefix_path.ps1'
[4.084s] INFO:colcon.colcon_core.shell:Creating environment descriptor '/home/zylyehuo/ROS2_learning/chapter6/chapt6_ws/install/robot_description2/share/robot_description2/hook/cmake_prefix_path.dsv'
[4.084s] INFO:colcon.colcon_core.shell:Creating environment hook '/home/zylyehuo/ROS2_learning/chapter6/chapt6_ws/install/robot_description2/share/robot_description2/hook/cmake_prefix_path.sh'
[4.084s] Level 1:colcon.colcon_core.environment:checking '/home/zylyehuo/ROS2_learning/chapter6/chapt6_ws/install/robot_description2/bin'
[4.084s] Level 1:colcon.colcon_core.environment:checking '/home/zylyehuo/ROS2_learning/chapter6/chapt6_ws/install/robot_description2/lib/pkgconfig/robot_description2.pc'
[4.084s] Level 1:colcon.colcon_core.environment:checking '/home/zylyehuo/ROS2_learning/chapter6/chapt6_ws/install/robot_description2/lib/python3.10/site-packages'
[4.085s] Level 1:colcon.colcon_core.environment:checking '/home/zylyehuo/ROS2_learning/chapter6/chapt6_ws/install/robot_description2/bin'
[4.085s] INFO:colcon.colcon_core.shell:Creating package script '/home/zylyehuo/ROS2_learning/chapter6/chapt6_ws/install/robot_description2/share/robot_description2/package.ps1'
[4.085s] INFO:colcon.colcon_core.shell:Creating package descriptor '/home/zylyehuo/ROS2_learning/chapter6/chapt6_ws/install/robot_description2/share/robot_description2/package.dsv'
[4.086s] INFO:colcon.colcon_core.shell:Creating package script '/home/zylyehuo/ROS2_learning/chapter6/chapt6_ws/install/robot_description2/share/robot_description2/package.sh'
[4.086s] INFO:colcon.colcon_core.shell:Creating package script '/home/zylyehuo/ROS2_learning/chapter6/chapt6_ws/install/robot_description2/share/robot_description2/package.bash'
[4.086s] INFO:colcon.colcon_core.shell:Creating package script '/home/zylyehuo/ROS2_learning/chapter6/chapt6_ws/install/robot_description2/share/robot_description2/package.zsh'
[4.086s] Level 1:colcon.colcon_core.environment:create_file_with_runtime_dependencies(/home/zylyehuo/ROS2_learning/chapter6/chapt6_ws/install/robot_description2/share/colcon-core/packages/robot_description2)
[4.087s] Level 1:colcon.colcon_core.environment:create_environment_scripts_only(robot_description)
[4.087s] Level 1:colcon.colcon_core.environment:checking '/home/zylyehuo/ROS2_learning/chapter6/chapt6_ws/install/robot_description' for CMake module files
[4.088s] Level 1:colcon.colcon_core.environment:checking '/home/zylyehuo/ROS2_learning/chapter6/chapt6_ws/install/robot_description' for CMake config files
[4.088s] DEBUG:colcon.colcon_core.event_handler.log_command:Invoked command in '/home/zylyehuo/ROS2_learning/chapter6/chapt6_ws/build/robot_description' returned '0': CMAKE_PREFIX_PATH=${CMAKE_PREFIX_PATH}:/opt/ros/humble /usr/bin/cmake --install /home/zylyehuo/ROS2_learning/chapter6/chapt6_ws/build/robot_description
[4.089s] Level 1:colcon.colcon_core.shell:create_environment_hook('robot_description', 'cmake_prefix_path')
[4.089s] INFO:colcon.colcon_core.shell:Creating environment hook '/home/zylyehuo/ROS2_learning/chapter6/chapt6_ws/install/robot_description/share/robot_description/hook/cmake_prefix_path.ps1'
[4.089s] INFO:colcon.colcon_core.shell:Creating environment descriptor '/home/zylyehuo/ROS2_learning/chapter6/chapt6_ws/install/robot_description/share/robot_description/hook/cmake_prefix_path.dsv'
[4.089s] INFO:colcon.colcon_core.shell:Creating environment hook '/home/zylyehuo/ROS2_learning/chapter6/chapt6_ws/install/robot_description/share/robot_description/hook/cmake_prefix_path.sh'
[4.090s] Level 1:colcon.colcon_core.environment:checking '/home/zylyehuo/ROS2_learning/chapter6/chapt6_ws/install/robot_description/bin'
[4.090s] Level 1:colcon.colcon_core.environment:checking '/home/zylyehuo/ROS2_learning/chapter6/chapt6_ws/install/robot_description/lib/pkgconfig/robot_description.pc'
[4.090s] Level 1:colcon.colcon_core.environment:checking '/home/zylyehuo/ROS2_learning/chapter6/chapt6_ws/install/robot_description/lib/python3.10/site-packages'
[4.090s] Level 1:colcon.colcon_core.environment:checking '/home/zylyehuo/ROS2_learning/chapter6/chapt6_ws/install/robot_description/bin'
[4.091s] INFO:colcon.colcon_core.shell:Creating package script '/home/zylyehuo/ROS2_learning/chapter6/chapt6_ws/install/robot_description/share/robot_description/package.ps1'
[4.091s] INFO:colcon.colcon_core.shell:Creating package descriptor '/home/zylyehuo/ROS2_learning/chapter6/chapt6_ws/install/robot_description/share/robot_description/package.dsv'
[4.091s] INFO:colcon.colcon_core.shell:Creating package script '/home/zylyehuo/ROS2_learning/chapter6/chapt6_ws/install/robot_description/share/robot_description/package.sh'
[4.092s] INFO:colcon.colcon_core.shell:Creating package script '/home/zylyehuo/ROS2_learning/chapter6/chapt6_ws/install/robot_description/share/robot_description/package.bash'
[4.092s] INFO:colcon.colcon_core.shell:Creating package script '/home/zylyehuo/ROS2_learning/chapter6/chapt6_ws/install/robot_description/share/robot_description/package.zsh'
[4.092s] Level 1:colcon.colcon_core.environment:create_file_with_runtime_dependencies(/home/zylyehuo/ROS2_learning/chapter6/chapt6_ws/install/robot_description/share/colcon-core/packages/robot_description)
[4.092s] Level 1:colcon.colcon_core.environment:create_environment_scripts_only(robot_description)
[4.093s] Level 1:colcon.colcon_core.environment:checking '/home/zylyehuo/ROS2_learning/chapter6/chapt6_ws/install/robot_description' for CMake module files
[4.093s] Level 1:colcon.colcon_core.environment:checking '/home/zylyehuo/ROS2_learning/chapter6/chapt6_ws/install/robot_description' for CMake config files
[4.093s] Level 1:colcon.colcon_core.shell:create_environment_hook('robot_description', 'cmake_prefix_path')
[4.093s] INFO:colcon.colcon_core.shell:Creating environment hook '/home/zylyehuo/ROS2_learning/chapter6/chapt6_ws/install/robot_description/share/robot_description/hook/cmake_prefix_path.ps1'
[4.093s] INFO:colcon.colcon_core.shell:Creating environment descriptor '/home/zylyehuo/ROS2_learning/chapter6/chapt6_ws/install/robot_description/share/robot_description/hook/cmake_prefix_path.dsv'
[4.094s] INFO:colcon.colcon_core.shell:Creating environment hook '/home/zylyehuo/ROS2_learning/chapter6/chapt6_ws/install/robot_description/share/robot_description/hook/cmake_prefix_path.sh'
[4.094s] Level 1:colcon.colcon_core.environment:checking '/home/zylyehuo/ROS2_learning/chapter6/chapt6_ws/install/robot_description/bin'
[4.094s] Level 1:colcon.colcon_core.environment:checking '/home/zylyehuo/ROS2_learning/chapter6/chapt6_ws/install/robot_description/lib/pkgconfig/robot_description.pc'
[4.094s] Level 1:colcon.colcon_core.environment:checking '/home/zylyehuo/ROS2_learning/chapter6/chapt6_ws/install/robot_description/lib/python3.10/site-packages'
[4.095s] Level 1:colcon.colcon_core.environment:checking '/home/zylyehuo/ROS2_learning/chapter6/chapt6_ws/install/robot_description/bin'
[4.095s] INFO:colcon.colcon_core.shell:Creating package script '/home/zylyehuo/ROS2_learning/chapter6/chapt6_ws/install/robot_description/share/robot_description/package.ps1'
[4.095s] INFO:colcon.colcon_core.shell:Creating package descriptor '/home/zylyehuo/ROS2_learning/chapter6/chapt6_ws/install/robot_description/share/robot_description/package.dsv'
[4.095s] INFO:colcon.colcon_core.shell:Creating package script '/home/zylyehuo/ROS2_learning/chapter6/chapt6_ws/install/robot_description/share/robot_description/package.sh'
[4.096s] INFO:colcon.colcon_core.shell:Creating package script '/home/zylyehuo/ROS2_learning/chapter6/chapt6_ws/install/robot_description/share/robot_description/package.bash'
[4.096s] INFO:colcon.colcon_core.shell:Creating package script '/home/zylyehuo/ROS2_learning/chapter6/chapt6_ws/install/robot_description/share/robot_description/package.zsh'
[4.096s] Level 1:colcon.colcon_core.environment:create_file_with_runtime_dependencies(/home/zylyehuo/ROS2_learning/chapter6/chapt6_ws/install/robot_description/share/colcon-core/packages/robot_description)
[4.097s] DEBUG:colcon.colcon_parallel_executor.executor.parallel:closing loop
[4.097s] DEBUG:colcon.colcon_parallel_executor.executor.parallel:loop closed
[4.097s] DEBUG:colcon.colcon_parallel_executor.executor.parallel:run_until_complete finished with '0'
[4.097s] DEBUG:colcon.colcon_core.event_reactor:joining thread
[4.205s] INFO:colcon.colcon_core.plugin_system:Skipping extension 'colcon_notification.desktop_notification.notify_send': Could not find 'notify-send'
[4.206s] INFO:colcon.colcon_core.plugin_system:Skipping extension 'colcon_notification.desktop_notification.terminal_notifier': Not used on non-Darwin systems
[4.206s] INFO:colcon.colcon_core.plugin_system:Skipping extension 'colcon_notification.desktop_notification.win32': Not used on non-Windows systems
[4.206s] INFO:colcon.colcon_notification.desktop_notification:Sending desktop notification using 'notify2'
[4.206s] DEBUG:colcon.colcon_notification.desktop_notification.notify2:Failed to initialize notify2: org.freedesktop.DBus.Error.FileNotFound: Failed to connect to socket /run/user/1000/bus: No such file or directory
[4.206s] DEBUG:colcon.colcon_core.event_reactor:joined thread
[4.206s] INFO:colcon.colcon_core.shell:Creating prefix script '/home/zylyehuo/ROS2_learning/chapter6/chapt6_ws/install/local_setup.ps1'
[4.208s] INFO:colcon.colcon_core.shell:Creating prefix util module '/home/zylyehuo/ROS2_learning/chapter6/chapt6_ws/install/_local_setup_util_ps1.py'
[4.210s] INFO:colcon.colcon_core.shell:Creating prefix chain script '/home/zylyehuo/ROS2_learning/chapter6/chapt6_ws/install/setup.ps1'
[4.211s] INFO:colcon.colcon_core.shell:Creating prefix script '/home/zylyehuo/ROS2_learning/chapter6/chapt6_ws/install/local_setup.sh'
[4.212s] INFO:colcon.colcon_core.shell:Creating prefix util module '/home/zylyehuo/ROS2_learning/chapter6/chapt6_ws/install/_local_setup_util_sh.py'
[4.212s] INFO:colcon.colcon_core.shell:Creating prefix chain script '/home/zylyehuo/ROS2_learning/chapter6/chapt6_ws/install/setup.sh'
[4.213s] INFO:colcon.colcon_core.shell:Creating prefix script '/home/zylyehuo/ROS2_learning/chapter6/chapt6_ws/install/local_setup.bash'
[4.213s] INFO:colcon.colcon_core.shell:Creating prefix chain script '/home/zylyehuo/ROS2_learning/chapter6/chapt6_ws/install/setup.bash'
[4.215s] INFO:colcon.colcon_core.shell:Creating prefix script '/home/zylyehuo/ROS2_learning/chapter6/chapt6_ws/install/local_setup.zsh'
[4.215s] INFO:colcon.colcon_core.shell:Creating prefix chain script '/home/zylyehuo/ROS2_learning/chapter6/chapt6_ws/install/setup.zsh'
