[1.028s] Invoking command in '/home/zylyehuo/ROS2_learning/chapter7/chapt7_ws/src/fishbot_application': PYTHONPATH=/home/zylyehuo/ROS2_learning/chapter7/chapt7_ws/build/fishbot_application/prefix_override:/usr/lib/python3/dist-packages/colcon_core/task/python/colcon_distutils_commands:/home/zylyehuo/ROS2_learning/chapter7/chapt7_ws/install/fishbot_application/lib/python3.10/site-packages:${PYTHONPATH} /usr/bin/python3 -W ignore:setup.py install is deprecated -W ignore:easy_install command is deprecated setup.py egg_info --egg-base ../../build/fishbot_application build --build-base /home/zylyehuo/ROS2_learning/chapter7/chapt7_ws/build/fishbot_application/build install --record /home/zylyehuo/ROS2_learning/chapter7/chapt7_ws/build/fishbot_application/install.log --single-version-externally-managed install_data
[1.255s] running egg_info
[1.256s] writing ../../build/fishbot_application/fishbot_application.egg-info/PKG-INFO
[1.256s] writing dependency_links to ../../build/fishbot_application/fishbot_application.egg-info/dependency_links.txt
[1.257s] writing entry points to ../../build/fishbot_application/fishbot_application.egg-info/entry_points.txt
[1.257s] writing requirements to ../../build/fishbot_application/fishbot_application.egg-info/requires.txt
[1.257s] writing top-level names to ../../build/fishbot_application/fishbot_application.egg-info/top_level.txt
[1.259s] reading manifest file '../../build/fishbot_application/fishbot_application.egg-info/SOURCES.txt'
[1.259s] adding license file 'LICENSE'
[1.260s] writing manifest file '../../build/fishbot_application/fishbot_application.egg-info/SOURCES.txt'
[1.260s] running build
[1.261s] running build_py
[1.261s] running install
[1.262s] running install_lib
[1.264s] running install_data
[1.265s] running install_egg_info
[1.269s] removing '/home/zylyehuo/ROS2_learning/chapter7/chapt7_ws/install/fishbot_application/lib/python3.10/site-packages/fishbot_application-0.0.0-py3.10.egg-info' (and everything under it)
[1.270s] Copying ../../build/fishbot_application/fishbot_application.egg-info to /home/zylyehuo/ROS2_learning/chapter7/chapt7_ws/install/fishbot_application/lib/python3.10/site-packages/fishbot_application-0.0.0-py3.10.egg-info
[1.271s] running install_scripts
[1.293s] Installing get_robot_pose script to /home/zylyehuo/ROS2_learning/chapter7/chapt7_ws/install/fishbot_application/lib/fishbot_application
[1.294s] Installing init_robot_pose script to /home/zylyehuo/ROS2_learning/chapter7/chapt7_ws/install/fishbot_application/lib/fishbot_application
[1.294s] Installing nav_to_pose script to /home/zylyehuo/ROS2_learning/chapter7/chapt7_ws/install/fishbot_application/lib/fishbot_application
[1.294s] Installing waypoints_follower script to /home/zylyehuo/ROS2_learning/chapter7/chapt7_ws/install/fishbot_application/lib/fishbot_application
[1.294s] writing list of installed files to '/home/zylyehuo/ROS2_learning/chapter7/chapt7_ws/build/fishbot_application/install.log'
[1.333s] Invoked command in '/home/zylyehuo/ROS2_learning/chapter7/chapt7_ws/src/fishbot_application' returned '0': PYTHONPATH=/home/zylyehuo/ROS2_learning/chapter7/chapt7_ws/build/fishbot_application/prefix_override:/usr/lib/python3/dist-packages/colcon_core/task/python/colcon_distutils_commands:/home/zylyehuo/ROS2_learning/chapter7/chapt7_ws/install/fishbot_application/lib/python3.10/site-packages:${PYTHONPATH} /usr/bin/python3 -W ignore:setup.py install is deprecated -W ignore:easy_install command is deprecated setup.py egg_info --egg-base ../../build/fishbot_application build --build-base /home/zylyehuo/ROS2_learning/chapter7/chapt7_ws/build/fishbot_application/build install --record /home/zylyehuo/ROS2_learning/chapter7/chapt7_ws/build/fishbot_application/install.log --single-version-externally-managed install_data
