[0.466s] DEBUG:colcon:Command line arguments: ['/usr/bin/colcon', 'build']
[0.466s] DEBUG:colcon:Parsed command line arguments: Namespace(log_base=None, log_level=None, verb_name='build', build_base='build', install_base='install', merge_install=False, symlink_install=False, test_result_base=None, continue_on_error=False, executor='parallel', parallel_workers=16, event_handlers=None, ignore_user_meta=False, metas=['./colcon.meta'], base_paths=['.'], packages_ignore=None, packages_ignore_regex=None, paths=None, packages_up_to=None, packages_up_to_regex=None, packages_above=None, packages_above_and_dependencies=None, packages_above_depth=None, packages_select_by_dep=None, packages_skip_by_dep=None, packages_skip_up_to=None, packages_select_build_failed=False, packages_skip_build_finished=False, packages_select_test_failures=False, packages_skip_test_passed=False, packages_select=None, packages_skip=None, packages_select_regex=None, packages_skip_regex=None, packages_start=None, packages_end=None, allow_overriding=[], cmake_args=None, cmake_target=None, cmake_target_skip_unavailable=False, cmake_clean_cache=False, cmake_clean_first=False, cmake_force_configure=False, ament_cmake_args=None, catkin_cmake_args=None, catkin_skip_building_tests=False, verb_parser=<colcon_defaults.argument_parser.defaults.DefaultArgumentsDecorator object at 0x739fae737e80>, verb_extension=<colcon_core.verb.build.BuildVerb object at 0x739fae737940>, main=<bound method BuildVerb.main of <colcon_core.verb.build.BuildVerb object at 0x739fae737940>>)
[0.643s] Level 1:colcon.colcon_core.package_discovery:discover_packages(colcon_meta) check parameters
[0.644s] Level 1:colcon.colcon_core.package_discovery:discover_packages(recursive) check parameters
[0.644s] Level 1:colcon.colcon_core.package_discovery:discover_packages(ignore) check parameters
[0.644s] Level 1:colcon.colcon_core.package_discovery:discover_packages(path) check parameters
[0.644s] Level 1:colcon.colcon_core.package_discovery:discover_packages(colcon_meta) discover
[0.644s] Level 1:colcon.colcon_core.package_discovery:discover_packages(recursive) discover
[0.644s] INFO:colcon.colcon_core.package_discovery:Crawling recursively for packages in '/home/zylyehuo/ROS2_learning/chapter7/chapt7_ws'
[0.644s] Level 1:colcon.colcon_core.package_identification:_identify(.) by extensions ['ignore', 'ignore_ament_install']
[0.644s] Level 1:colcon.colcon_core.package_identification:_identify(.) by extension 'ignore'
[0.644s] Level 1:colcon.colcon_core.package_identification:_identify(.) by extension 'ignore_ament_install'
[0.644s] Level 1:colcon.colcon_core.package_identification:_identify(.) by extensions ['colcon_pkg']
[0.644s] Level 1:colcon.colcon_core.package_identification:_identify(.) by extension 'colcon_pkg'
[0.644s] Level 1:colcon.colcon_core.package_identification:_identify(.) by extensions ['colcon_meta']
[0.644s] Level 1:colcon.colcon_core.package_identification:_identify(.) by extension 'colcon_meta'
[0.644s] Level 1:colcon.colcon_core.package_identification:_identify(.) by extensions ['ros']
[0.644s] Level 1:colcon.colcon_core.package_identification:_identify(.) by extension 'ros'
[0.656s] Level 1:colcon.colcon_core.package_identification:_identify(.) by extensions ['cmake', 'python']
[0.656s] Level 1:colcon.colcon_core.package_identification:_identify(.) by extension 'cmake'
[0.656s] Level 1:colcon.colcon_core.package_identification:_identify(.) by extension 'python'
[0.657s] Level 1:colcon.colcon_core.package_identification:_identify(.) by extensions ['python_setup_py']
[0.657s] Level 1:colcon.colcon_core.package_identification:_identify(.) by extension 'python_setup_py'
[0.657s] Level 1:colcon.colcon_core.package_identification:_identify(build) by extensions ['ignore', 'ignore_ament_install']
[0.657s] Level 1:colcon.colcon_core.package_identification:_identify(build) by extension 'ignore'
[0.657s] Level 1:colcon.colcon_core.package_identification:_identify(build) ignored
[0.657s] Level 1:colcon.colcon_core.package_identification:_identify(install) by extensions ['ignore', 'ignore_ament_install']
[0.657s] Level 1:colcon.colcon_core.package_identification:_identify(install) by extension 'ignore'
[0.657s] Level 1:colcon.colcon_core.package_identification:_identify(install) ignored
[0.657s] Level 1:colcon.colcon_core.package_identification:_identify(log) by extensions ['ignore', 'ignore_ament_install']
[0.657s] Level 1:colcon.colcon_core.package_identification:_identify(log) by extension 'ignore'
[0.657s] Level 1:colcon.colcon_core.package_identification:_identify(log) ignored
[0.657s] Level 1:colcon.colcon_core.package_identification:_identify(src) by extensions ['ignore', 'ignore_ament_install']
[0.657s] Level 1:colcon.colcon_core.package_identification:_identify(src) by extension 'ignore'
[0.658s] Level 1:colcon.colcon_core.package_identification:_identify(src) by extension 'ignore_ament_install'
[0.658s] Level 1:colcon.colcon_core.package_identification:_identify(src) by extensions ['colcon_pkg']
[0.658s] Level 1:colcon.colcon_core.package_identification:_identify(src) by extension 'colcon_pkg'
[0.658s] Level 1:colcon.colcon_core.package_identification:_identify(src) by extensions ['colcon_meta']
[0.658s] Level 1:colcon.colcon_core.package_identification:_identify(src) by extension 'colcon_meta'
[0.658s] Level 1:colcon.colcon_core.package_identification:_identify(src) by extensions ['ros']
[0.658s] Level 1:colcon.colcon_core.package_identification:_identify(src) by extension 'ros'
[0.658s] Level 1:colcon.colcon_core.package_identification:_identify(src) by extensions ['cmake', 'python']
[0.658s] Level 1:colcon.colcon_core.package_identification:_identify(src) by extension 'cmake'
[0.658s] Level 1:colcon.colcon_core.package_identification:_identify(src) by extension 'python'
[0.658s] Level 1:colcon.colcon_core.package_identification:_identify(src) by extensions ['python_setup_py']
[0.658s] Level 1:colcon.colcon_core.package_identification:_identify(src) by extension 'python_setup_py'
[0.658s] Level 1:colcon.colcon_core.package_identification:_identify(src/fishbot_application) by extensions ['ignore', 'ignore_ament_install']
[0.658s] Level 1:colcon.colcon_core.package_identification:_identify(src/fishbot_application) by extension 'ignore'
[0.658s] Level 1:colcon.colcon_core.package_identification:_identify(src/fishbot_application) by extension 'ignore_ament_install'
[0.658s] Level 1:colcon.colcon_core.package_identification:_identify(src/fishbot_application) by extensions ['colcon_pkg']
[0.658s] Level 1:colcon.colcon_core.package_identification:_identify(src/fishbot_application) by extension 'colcon_pkg'
[0.658s] Level 1:colcon.colcon_core.package_identification:_identify(src/fishbot_application) by extensions ['colcon_meta']
[0.658s] Level 1:colcon.colcon_core.package_identification:_identify(src/fishbot_application) by extension 'colcon_meta'
[0.658s] Level 1:colcon.colcon_core.package_identification:_identify(src/fishbot_application) by extensions ['ros']
[0.658s] Level 1:colcon.colcon_core.package_identification:_identify(src/fishbot_application) by extension 'ros'
[0.661s] DEBUG:colcon.colcon_core.package_identification:Package 'src/fishbot_application' with type 'ros.ament_python' and name 'fishbot_application'
[0.661s] Level 1:colcon.colcon_core.package_identification:_identify(src/fishbot_navigation2) by extensions ['ignore', 'ignore_ament_install']
[0.661s] Level 1:colcon.colcon_core.package_identification:_identify(src/fishbot_navigation2) by extension 'ignore'
[0.661s] Level 1:colcon.colcon_core.package_identification:_identify(src/fishbot_navigation2) by extension 'ignore_ament_install'
[0.661s] Level 1:colcon.colcon_core.package_identification:_identify(src/fishbot_navigation2) by extensions ['colcon_pkg']
[0.661s] Level 1:colcon.colcon_core.package_identification:_identify(src/fishbot_navigation2) by extension 'colcon_pkg'
[0.661s] Level 1:colcon.colcon_core.package_identification:_identify(src/fishbot_navigation2) by extensions ['colcon_meta']
[0.661s] Level 1:colcon.colcon_core.package_identification:_identify(src/fishbot_navigation2) by extension 'colcon_meta'
[0.662s] Level 1:colcon.colcon_core.package_identification:_identify(src/fishbot_navigation2) by extensions ['ros']
[0.662s] Level 1:colcon.colcon_core.package_identification:_identify(src/fishbot_navigation2) by extension 'ros'
[0.662s] DEBUG:colcon.colcon_core.package_identification:Package 'src/fishbot_navigation2' with type 'ros.ament_cmake' and name 'fishbot_navigation2'
[0.662s] Level 1:colcon.colcon_core.package_identification:_identify(src/robot_description2) by extensions ['ignore', 'ignore_ament_install']
[0.662s] Level 1:colcon.colcon_core.package_identification:_identify(src/robot_description2) by extension 'ignore'
[0.662s] Level 1:colcon.colcon_core.package_identification:_identify(src/robot_description2) by extension 'ignore_ament_install'
[0.662s] Level 1:colcon.colcon_core.package_identification:_identify(src/robot_description2) by extensions ['colcon_pkg']
[0.662s] Level 1:colcon.colcon_core.package_identification:_identify(src/robot_description2) by extension 'colcon_pkg'
[0.662s] Level 1:colcon.colcon_core.package_identification:_identify(src/robot_description2) by extensions ['colcon_meta']
[0.663s] Level 1:colcon.colcon_core.package_identification:_identify(src/robot_description2) by extension 'colcon_meta'
[0.663s] Level 1:colcon.colcon_core.package_identification:_identify(src/robot_description2) by extensions ['ros']
[0.663s] Level 1:colcon.colcon_core.package_identification:_identify(src/robot_description2) by extension 'ros'
[0.663s] DEBUG:colcon.colcon_core.package_identification:Package 'src/robot_description2' with type 'ros.ament_cmake' and name 'robot_description2'
[0.663s] Level 1:colcon.colcon_core.package_discovery:discover_packages(recursive) using defaults
[0.663s] Level 1:colcon.colcon_core.package_discovery:discover_packages(ignore) discover
[0.663s] Level 1:colcon.colcon_core.package_discovery:discover_packages(ignore) using defaults
[0.663s] Level 1:colcon.colcon_core.package_discovery:discover_packages(path) discover
[0.663s] Level 1:colcon.colcon_core.package_discovery:discover_packages(path) using defaults
[0.691s] Level 1:colcon.colcon_core.package_discovery:discover_packages(prefix_path) check parameters
[0.691s] Level 1:colcon.colcon_core.package_discovery:discover_packages(prefix_path) discover
[0.695s] DEBUG:colcon.colcon_installed_package_information.package_discovery:Found 3 installed packages in /home/zylyehuo/ROS2_learning/chapter7/chapt7_ws/install
[0.697s] DEBUG:colcon.colcon_installed_package_information.package_discovery:Found 387 installed packages in /opt/ros/humble
[0.717s] Level 1:colcon.colcon_core.package_discovery:discover_packages(prefix_path) using defaults
[0.762s] Level 5:colcon.colcon_core.verb:set package 'fishbot_application' build argument 'cmake_args' from command line to 'None'
[0.762s] Level 5:colcon.colcon_core.verb:set package 'fishbot_application' build argument 'cmake_target' from command line to 'None'
[0.762s] Level 5:colcon.colcon_core.verb:set package 'fishbot_application' build argument 'cmake_target_skip_unavailable' from command line to 'False'
[0.762s] Level 5:colcon.colcon_core.verb:set package 'fishbot_application' build argument 'cmake_clean_cache' from command line to 'False'
[0.762s] Level 5:colcon.colcon_core.verb:set package 'fishbot_application' build argument 'cmake_clean_first' from command line to 'False'
[0.762s] Level 5:colcon.colcon_core.verb:set package 'fishbot_application' build argument 'cmake_force_configure' from command line to 'False'
[0.762s] Level 5:colcon.colcon_core.verb:set package 'fishbot_application' build argument 'ament_cmake_args' from command line to 'None'
[0.762s] Level 5:colcon.colcon_core.verb:set package 'fishbot_application' build argument 'catkin_cmake_args' from command line to 'None'
[0.762s] Level 5:colcon.colcon_core.verb:set package 'fishbot_application' build argument 'catkin_skip_building_tests' from command line to 'False'
[0.762s] DEBUG:colcon.colcon_core.verb:Building package 'fishbot_application' with the following arguments: {'ament_cmake_args': None, 'build_base': '/home/zylyehuo/ROS2_learning/chapter7/chapt7_ws/build/fishbot_application', 'catkin_cmake_args': None, 'catkin_skip_building_tests': False, 'cmake_args': None, 'cmake_clean_cache': False, 'cmake_clean_first': False, 'cmake_force_configure': False, 'cmake_target': None, 'cmake_target_skip_unavailable': False, 'install_base': '/home/zylyehuo/ROS2_learning/chapter7/chapt7_ws/install/fishbot_application', 'merge_install': False, 'path': '/home/zylyehuo/ROS2_learning/chapter7/chapt7_ws/src/fishbot_application', 'symlink_install': False, 'test_result_base': None}
[0.763s] Level 5:colcon.colcon_core.verb:set package 'fishbot_navigation2' build argument 'cmake_args' from command line to 'None'
[0.763s] Level 5:colcon.colcon_core.verb:set package 'fishbot_navigation2' build argument 'cmake_target' from command line to 'None'
[0.763s] Level 5:colcon.colcon_core.verb:set package 'fishbot_navigation2' build argument 'cmake_target_skip_unavailable' from command line to 'False'
[0.763s] Level 5:colcon.colcon_core.verb:set package 'fishbot_navigation2' build argument 'cmake_clean_cache' from command line to 'False'
[0.763s] Level 5:colcon.colcon_core.verb:set package 'fishbot_navigation2' build argument 'cmake_clean_first' from command line to 'False'
[0.763s] Level 5:colcon.colcon_core.verb:set package 'fishbot_navigation2' build argument 'cmake_force_configure' from command line to 'False'
[0.763s] Level 5:colcon.colcon_core.verb:set package 'fishbot_navigation2' build argument 'ament_cmake_args' from command line to 'None'
[0.763s] Level 5:colcon.colcon_core.verb:set package 'fishbot_navigation2' build argument 'catkin_cmake_args' from command line to 'None'
[0.763s] Level 5:colcon.colcon_core.verb:set package 'fishbot_navigation2' build argument 'catkin_skip_building_tests' from command line to 'False'
[0.763s] DEBUG:colcon.colcon_core.verb:Building package 'fishbot_navigation2' with the following arguments: {'ament_cmake_args': None, 'build_base': '/home/zylyehuo/ROS2_learning/chapter7/chapt7_ws/build/fishbot_navigation2', 'catkin_cmake_args': None, 'catkin_skip_building_tests': False, 'cmake_args': None, 'cmake_clean_cache': False, 'cmake_clean_first': False, 'cmake_force_configure': False, 'cmake_target': None, 'cmake_target_skip_unavailable': False, 'install_base': '/home/zylyehuo/ROS2_learning/chapter7/chapt7_ws/install/fishbot_navigation2', 'merge_install': False, 'path': '/home/zylyehuo/ROS2_learning/chapter7/chapt7_ws/src/fishbot_navigation2', 'symlink_install': False, 'test_result_base': None}
[0.764s] Level 5:colcon.colcon_core.verb:set package 'robot_description2' build argument 'cmake_args' from command line to 'None'
[0.764s] Level 5:colcon.colcon_core.verb:set package 'robot_description2' build argument 'cmake_target' from command line to 'None'
[0.764s] Level 5:colcon.colcon_core.verb:set package 'robot_description2' build argument 'cmake_target_skip_unavailable' from command line to 'False'
[0.764s] Level 5:colcon.colcon_core.verb:set package 'robot_description2' build argument 'cmake_clean_cache' from command line to 'False'
[0.764s] Level 5:colcon.colcon_core.verb:set package 'robot_description2' build argument 'cmake_clean_first' from command line to 'False'
[0.764s] Level 5:colcon.colcon_core.verb:set package 'robot_description2' build argument 'cmake_force_configure' from command line to 'False'
[0.764s] Level 5:colcon.colcon_core.verb:set package 'robot_description2' build argument 'ament_cmake_args' from command line to 'None'
[0.764s] Level 5:colcon.colcon_core.verb:set package 'robot_description2' build argument 'catkin_cmake_args' from command line to 'None'
[0.764s] Level 5:colcon.colcon_core.verb:set package 'robot_description2' build argument 'catkin_skip_building_tests' from command line to 'False'
[0.764s] DEBUG:colcon.colcon_core.verb:Building package 'robot_description2' with the following arguments: {'ament_cmake_args': None, 'build_base': '/home/zylyehuo/ROS2_learning/chapter7/chapt7_ws/build/robot_description2', 'catkin_cmake_args': None, 'catkin_skip_building_tests': False, 'cmake_args': None, 'cmake_clean_cache': False, 'cmake_clean_first': False, 'cmake_force_configure': False, 'cmake_target': None, 'cmake_target_skip_unavailable': False, 'install_base': '/home/zylyehuo/ROS2_learning/chapter7/chapt7_ws/install/robot_description2', 'merge_install': False, 'path': '/home/zylyehuo/ROS2_learning/chapter7/chapt7_ws/src/robot_description2', 'symlink_install': False, 'test_result_base': None}
[0.764s] INFO:colcon.colcon_core.executor:Executing jobs using 'parallel' executor
[0.766s] DEBUG:colcon.colcon_parallel_executor.executor.parallel:run_until_complete
[0.767s] INFO:colcon.colcon_ros.task.ament_python.build:Building ROS package in '/home/zylyehuo/ROS2_learning/chapter7/chapt7_ws/src/fishbot_application' with build type 'ament_python'
[0.767s] Level 1:colcon.colcon_core.shell:create_environment_hook('fishbot_application', 'ament_prefix_path')
[0.770s] INFO:colcon.colcon_core.plugin_system:Skipping extension 'colcon_core.shell.bat': Not used on non-Windows systems
[0.771s] INFO:colcon.colcon_core.shell:Creating environment hook '/home/zylyehuo/ROS2_learning/chapter7/chapt7_ws/install/fishbot_application/share/fishbot_application/hook/ament_prefix_path.ps1'
[0.772s] INFO:colcon.colcon_core.shell:Creating environment descriptor '/home/zylyehuo/ROS2_learning/chapter7/chapt7_ws/install/fishbot_application/share/fishbot_application/hook/ament_prefix_path.dsv'
[0.773s] INFO:colcon.colcon_core.shell:Creating environment hook '/home/zylyehuo/ROS2_learning/chapter7/chapt7_ws/install/fishbot_application/share/fishbot_application/hook/ament_prefix_path.sh'
[0.774s] INFO:colcon.colcon_core.shell:Skip shell extension 'powershell' for command environment: Not usable outside of PowerShell
[0.774s] DEBUG:colcon.colcon_core.shell:Skip shell extension 'dsv' for command environment
[0.778s] INFO:colcon.colcon_ros.task.ament_cmake.build:Building ROS package in '/home/zylyehuo/ROS2_learning/chapter7/chapt7_ws/src/fishbot_navigation2' with build type 'ament_cmake'
[0.778s] INFO:colcon.colcon_cmake.task.cmake.build:Building CMake package in '/home/zylyehuo/ROS2_learning/chapter7/chapt7_ws/src/fishbot_navigation2'
[0.778s] INFO:colcon.colcon_core.shell:Skip shell extension 'powershell' for command environment: Not usable outside of PowerShell
[0.779s] DEBUG:colcon.colcon_core.shell:Skip shell extension 'dsv' for command environment
[0.784s] INFO:colcon.colcon_ros.task.ament_cmake.build:Building ROS package in '/home/zylyehuo/ROS2_learning/chapter7/chapt7_ws/src/robot_description2' with build type 'ament_cmake'
[0.784s] INFO:colcon.colcon_cmake.task.cmake.build:Building CMake package in '/home/zylyehuo/ROS2_learning/chapter7/chapt7_ws/src/robot_description2'
[0.785s] INFO:colcon.colcon_core.shell:Skip shell extension 'powershell' for command environment: Not usable outside of PowerShell
[0.785s] DEBUG:colcon.colcon_core.shell:Skip shell extension 'dsv' for command environment
[1.064s] INFO:colcon.colcon_core.task.python.build:Building Python package in '/home/zylyehuo/ROS2_learning/chapter7/chapt7_ws/src/fishbot_application'
[1.064s] INFO:colcon.colcon_core.shell:Skip shell extension 'powershell' for command environment: Not usable outside of PowerShell
[1.064s] DEBUG:colcon.colcon_core.shell:Skip shell extension 'dsv' for command environment
[1.077s] DEBUG:colcon.colcon_core.event_handler.log_command:Invoking command in '/home/zylyehuo/ROS2_learning/chapter7/chapt7_ws/build/fishbot_navigation2': CMAKE_PREFIX_PATH=${CMAKE_PREFIX_PATH}:/home/zylyehuo/ROS2_learning/chapter7/chapt7_ws/install/fishbot_application:/opt/ros/humble /usr/bin/cmake --build /home/zylyehuo/ROS2_learning/chapter7/chapt7_ws/build/fishbot_navigation2 -- -j16 -l16
[1.086s] DEBUG:colcon.colcon_core.event_handler.log_command:Invoking command in '/home/zylyehuo/ROS2_learning/chapter7/chapt7_ws/build/robot_description2': CMAKE_PREFIX_PATH=${CMAKE_PREFIX_PATH}:/home/zylyehuo/ROS2_learning/chapter7/chapt7_ws/install/fishbot_application:/opt/ros/humble /usr/bin/cmake --build /home/zylyehuo/ROS2_learning/chapter7/chapt7_ws/build/robot_description2 -- -j16 -l16
[1.127s] DEBUG:colcon.colcon_core.event_handler.log_command:Invoked command in '/home/zylyehuo/ROS2_learning/chapter7/chapt7_ws/build/fishbot_navigation2' returned '0': CMAKE_PREFIX_PATH=${CMAKE_PREFIX_PATH}:/home/zylyehuo/ROS2_learning/chapter7/chapt7_ws/install/fishbot_application:/opt/ros/humble /usr/bin/cmake --build /home/zylyehuo/ROS2_learning/chapter7/chapt7_ws/build/fishbot_navigation2 -- -j16 -l16
[1.143s] DEBUG:colcon.colcon_core.event_handler.log_command:Invoking command in '/home/zylyehuo/ROS2_learning/chapter7/chapt7_ws/build/fishbot_navigation2': CMAKE_PREFIX_PATH=${CMAKE_PREFIX_PATH}:/home/zylyehuo/ROS2_learning/chapter7/chapt7_ws/install/fishbot_application:/opt/ros/humble /usr/bin/cmake --install /home/zylyehuo/ROS2_learning/chapter7/chapt7_ws/build/fishbot_navigation2
[1.147s] DEBUG:colcon.colcon_core.event_handler.log_command:Invoked command in '/home/zylyehuo/ROS2_learning/chapter7/chapt7_ws/build/robot_description2' returned '0': CMAKE_PREFIX_PATH=${CMAKE_PREFIX_PATH}:/home/zylyehuo/ROS2_learning/chapter7/chapt7_ws/install/fishbot_application:/opt/ros/humble /usr/bin/cmake --build /home/zylyehuo/ROS2_learning/chapter7/chapt7_ws/build/robot_description2 -- -j16 -l16
[1.150s] DEBUG:colcon.colcon_core.event_handler.log_command:Invoking command in '/home/zylyehuo/ROS2_learning/chapter7/chapt7_ws/build/robot_description2': CMAKE_PREFIX_PATH=${CMAKE_PREFIX_PATH}:/home/zylyehuo/ROS2_learning/chapter7/chapt7_ws/install/fishbot_application:/opt/ros/humble /usr/bin/cmake --install /home/zylyehuo/ROS2_learning/chapter7/chapt7_ws/build/robot_description2
[1.162s] Level 1:colcon.colcon_core.environment:create_environment_scripts_only(fishbot_navigation2)
[1.176s] DEBUG:colcon.colcon_core.event_handler.log_command:Invoked command in '/home/zylyehuo/ROS2_learning/chapter7/chapt7_ws/build/fishbot_navigation2' returned '0': CMAKE_PREFIX_PATH=${CMAKE_PREFIX_PATH}:/home/zylyehuo/ROS2_learning/chapter7/chapt7_ws/install/fishbot_application:/opt/ros/humble /usr/bin/cmake --install /home/zylyehuo/ROS2_learning/chapter7/chapt7_ws/build/fishbot_navigation2
[1.187s] Level 1:colcon.colcon_core.environment:checking '/home/zylyehuo/ROS2_learning/chapter7/chapt7_ws/install/fishbot_navigation2' for CMake module files
[1.188s] Level 1:colcon.colcon_core.environment:checking '/home/zylyehuo/ROS2_learning/chapter7/chapt7_ws/install/fishbot_navigation2' for CMake config files
[1.188s] Level 1:colcon.colcon_core.shell:create_environment_hook('fishbot_navigation2', 'cmake_prefix_path')
[1.188s] INFO:colcon.colcon_core.shell:Creating environment hook '/home/zylyehuo/ROS2_learning/chapter7/chapt7_ws/install/fishbot_navigation2/share/fishbot_navigation2/hook/cmake_prefix_path.ps1'
[1.189s] INFO:colcon.colcon_core.shell:Creating environment descriptor '/home/zylyehuo/ROS2_learning/chapter7/chapt7_ws/install/fishbot_navigation2/share/fishbot_navigation2/hook/cmake_prefix_path.dsv'
[1.190s] INFO:colcon.colcon_core.shell:Creating environment hook '/home/zylyehuo/ROS2_learning/chapter7/chapt7_ws/install/fishbot_navigation2/share/fishbot_navigation2/hook/cmake_prefix_path.sh'
[1.191s] Level 1:colcon.colcon_core.environment:checking '/home/zylyehuo/ROS2_learning/chapter7/chapt7_ws/install/fishbot_navigation2/bin'
[1.191s] Level 1:colcon.colcon_core.environment:checking '/home/zylyehuo/ROS2_learning/chapter7/chapt7_ws/install/fishbot_navigation2/lib/pkgconfig/fishbot_navigation2.pc'
[1.191s] Level 1:colcon.colcon_core.environment:checking '/home/zylyehuo/ROS2_learning/chapter7/chapt7_ws/install/fishbot_navigation2/lib/python3.10/site-packages'
[1.192s] Level 1:colcon.colcon_core.environment:checking '/home/zylyehuo/ROS2_learning/chapter7/chapt7_ws/install/fishbot_navigation2/bin'
[1.192s] INFO:colcon.colcon_core.shell:Creating package script '/home/zylyehuo/ROS2_learning/chapter7/chapt7_ws/install/fishbot_navigation2/share/fishbot_navigation2/package.ps1'
[1.194s] INFO:colcon.colcon_core.shell:Creating package descriptor '/home/zylyehuo/ROS2_learning/chapter7/chapt7_ws/install/fishbot_navigation2/share/fishbot_navigation2/package.dsv'
[1.196s] INFO:colcon.colcon_core.shell:Creating package script '/home/zylyehuo/ROS2_learning/chapter7/chapt7_ws/install/fishbot_navigation2/share/fishbot_navigation2/package.sh'
[1.197s] INFO:colcon.colcon_core.shell:Creating package script '/home/zylyehuo/ROS2_learning/chapter7/chapt7_ws/install/fishbot_navigation2/share/fishbot_navigation2/package.bash'
[1.198s] INFO:colcon.colcon_core.shell:Creating package script '/home/zylyehuo/ROS2_learning/chapter7/chapt7_ws/install/fishbot_navigation2/share/fishbot_navigation2/package.zsh'
[1.199s] Level 1:colcon.colcon_core.environment:create_file_with_runtime_dependencies(/home/zylyehuo/ROS2_learning/chapter7/chapt7_ws/install/fishbot_navigation2/share/colcon-core/packages/fishbot_navigation2)
[1.200s] Level 1:colcon.colcon_core.environment:create_environment_scripts_only(fishbot_navigation2)
[1.201s] Level 1:colcon.colcon_core.environment:checking '/home/zylyehuo/ROS2_learning/chapter7/chapt7_ws/install/fishbot_navigation2' for CMake module files
[1.201s] Level 1:colcon.colcon_core.environment:checking '/home/zylyehuo/ROS2_learning/chapter7/chapt7_ws/install/fishbot_navigation2' for CMake config files
[1.202s] Level 1:colcon.colcon_core.shell:create_environment_hook('fishbot_navigation2', 'cmake_prefix_path')
[1.202s] INFO:colcon.colcon_core.shell:Creating environment hook '/home/zylyehuo/ROS2_learning/chapter7/chapt7_ws/install/fishbot_navigation2/share/fishbot_navigation2/hook/cmake_prefix_path.ps1'
[1.203s] INFO:colcon.colcon_core.shell:Creating environment descriptor '/home/zylyehuo/ROS2_learning/chapter7/chapt7_ws/install/fishbot_navigation2/share/fishbot_navigation2/hook/cmake_prefix_path.dsv'
[1.203s] INFO:colcon.colcon_core.shell:Creating environment hook '/home/zylyehuo/ROS2_learning/chapter7/chapt7_ws/install/fishbot_navigation2/share/fishbot_navigation2/hook/cmake_prefix_path.sh'
[1.204s] Level 1:colcon.colcon_core.environment:checking '/home/zylyehuo/ROS2_learning/chapter7/chapt7_ws/install/fishbot_navigation2/bin'
[1.204s] Level 1:colcon.colcon_core.environment:checking '/home/zylyehuo/ROS2_learning/chapter7/chapt7_ws/install/fishbot_navigation2/lib/pkgconfig/fishbot_navigation2.pc'
[1.205s] Level 1:colcon.colcon_core.environment:checking '/home/zylyehuo/ROS2_learning/chapter7/chapt7_ws/install/fishbot_navigation2/lib/python3.10/site-packages'
[1.205s] Level 1:colcon.colcon_core.environment:checking '/home/zylyehuo/ROS2_learning/chapter7/chapt7_ws/install/fishbot_navigation2/bin'
[1.206s] INFO:colcon.colcon_core.shell:Creating package script '/home/zylyehuo/ROS2_learning/chapter7/chapt7_ws/install/fishbot_navigation2/share/fishbot_navigation2/package.ps1'
[1.207s] INFO:colcon.colcon_core.shell:Creating package descriptor '/home/zylyehuo/ROS2_learning/chapter7/chapt7_ws/install/fishbot_navigation2/share/fishbot_navigation2/package.dsv'
[1.208s] INFO:colcon.colcon_core.shell:Creating package script '/home/zylyehuo/ROS2_learning/chapter7/chapt7_ws/install/fishbot_navigation2/share/fishbot_navigation2/package.sh'
[1.209s] INFO:colcon.colcon_core.shell:Creating package script '/home/zylyehuo/ROS2_learning/chapter7/chapt7_ws/install/fishbot_navigation2/share/fishbot_navigation2/package.bash'
[1.209s] INFO:colcon.colcon_core.shell:Creating package script '/home/zylyehuo/ROS2_learning/chapter7/chapt7_ws/install/fishbot_navigation2/share/fishbot_navigation2/package.zsh'
[1.210s] Level 1:colcon.colcon_core.environment:create_file_with_runtime_dependencies(/home/zylyehuo/ROS2_learning/chapter7/chapt7_ws/install/fishbot_navigation2/share/colcon-core/packages/fishbot_navigation2)
[1.213s] Level 1:colcon.colcon_core.environment:create_environment_scripts_only(robot_description2)
[1.214s] Level 1:colcon.colcon_core.environment:checking '/home/zylyehuo/ROS2_learning/chapter7/chapt7_ws/install/robot_description2' for CMake module files
[1.214s] DEBUG:colcon.colcon_core.event_handler.log_command:Invoked command in '/home/zylyehuo/ROS2_learning/chapter7/chapt7_ws/build/robot_description2' returned '0': CMAKE_PREFIX_PATH=${CMAKE_PREFIX_PATH}:/home/zylyehuo/ROS2_learning/chapter7/chapt7_ws/install/fishbot_application:/opt/ros/humble /usr/bin/cmake --install /home/zylyehuo/ROS2_learning/chapter7/chapt7_ws/build/robot_description2
[1.215s] Level 1:colcon.colcon_core.environment:checking '/home/zylyehuo/ROS2_learning/chapter7/chapt7_ws/install/robot_description2' for CMake config files
[1.215s] Level 1:colcon.colcon_core.shell:create_environment_hook('robot_description2', 'cmake_prefix_path')
[1.216s] INFO:colcon.colcon_core.shell:Creating environment hook '/home/zylyehuo/ROS2_learning/chapter7/chapt7_ws/install/robot_description2/share/robot_description2/hook/cmake_prefix_path.ps1'
[1.216s] INFO:colcon.colcon_core.shell:Creating environment descriptor '/home/zylyehuo/ROS2_learning/chapter7/chapt7_ws/install/robot_description2/share/robot_description2/hook/cmake_prefix_path.dsv'
[1.217s] INFO:colcon.colcon_core.shell:Creating environment hook '/home/zylyehuo/ROS2_learning/chapter7/chapt7_ws/install/robot_description2/share/robot_description2/hook/cmake_prefix_path.sh'
[1.218s] Level 1:colcon.colcon_core.environment:checking '/home/zylyehuo/ROS2_learning/chapter7/chapt7_ws/install/robot_description2/bin'
[1.218s] Level 1:colcon.colcon_core.environment:checking '/home/zylyehuo/ROS2_learning/chapter7/chapt7_ws/install/robot_description2/lib/pkgconfig/robot_description2.pc'
[1.218s] Level 1:colcon.colcon_core.environment:checking '/home/zylyehuo/ROS2_learning/chapter7/chapt7_ws/install/robot_description2/lib/python3.10/site-packages'
[1.219s] Level 1:colcon.colcon_core.environment:checking '/home/zylyehuo/ROS2_learning/chapter7/chapt7_ws/install/robot_description2/bin'
[1.219s] INFO:colcon.colcon_core.shell:Creating package script '/home/zylyehuo/ROS2_learning/chapter7/chapt7_ws/install/robot_description2/share/robot_description2/package.ps1'
[1.220s] INFO:colcon.colcon_core.shell:Creating package descriptor '/home/zylyehuo/ROS2_learning/chapter7/chapt7_ws/install/robot_description2/share/robot_description2/package.dsv'
[1.221s] INFO:colcon.colcon_core.shell:Creating package script '/home/zylyehuo/ROS2_learning/chapter7/chapt7_ws/install/robot_description2/share/robot_description2/package.sh'
[1.221s] INFO:colcon.colcon_core.shell:Creating package script '/home/zylyehuo/ROS2_learning/chapter7/chapt7_ws/install/robot_description2/share/robot_description2/package.bash'
[1.221s] INFO:colcon.colcon_core.shell:Creating package script '/home/zylyehuo/ROS2_learning/chapter7/chapt7_ws/install/robot_description2/share/robot_description2/package.zsh'
[1.222s] Level 1:colcon.colcon_core.environment:create_file_with_runtime_dependencies(/home/zylyehuo/ROS2_learning/chapter7/chapt7_ws/install/robot_description2/share/colcon-core/packages/robot_description2)
[1.223s] Level 1:colcon.colcon_core.environment:create_environment_scripts_only(robot_description2)
[1.223s] Level 1:colcon.colcon_core.environment:checking '/home/zylyehuo/ROS2_learning/chapter7/chapt7_ws/install/robot_description2' for CMake module files
[1.223s] Level 1:colcon.colcon_core.environment:checking '/home/zylyehuo/ROS2_learning/chapter7/chapt7_ws/install/robot_description2' for CMake config files
[1.224s] Level 1:colcon.colcon_core.shell:create_environment_hook('robot_description2', 'cmake_prefix_path')
[1.224s] INFO:colcon.colcon_core.shell:Creating environment hook '/home/zylyehuo/ROS2_learning/chapter7/chapt7_ws/install/robot_description2/share/robot_description2/hook/cmake_prefix_path.ps1'
[1.224s] INFO:colcon.colcon_core.shell:Creating environment descriptor '/home/zylyehuo/ROS2_learning/chapter7/chapt7_ws/install/robot_description2/share/robot_description2/hook/cmake_prefix_path.dsv'
[1.225s] INFO:colcon.colcon_core.shell:Creating environment hook '/home/zylyehuo/ROS2_learning/chapter7/chapt7_ws/install/robot_description2/share/robot_description2/hook/cmake_prefix_path.sh'
[1.225s] Level 1:colcon.colcon_core.environment:checking '/home/zylyehuo/ROS2_learning/chapter7/chapt7_ws/install/robot_description2/bin'
[1.225s] Level 1:colcon.colcon_core.environment:checking '/home/zylyehuo/ROS2_learning/chapter7/chapt7_ws/install/robot_description2/lib/pkgconfig/robot_description2.pc'
[1.226s] Level 1:colcon.colcon_core.environment:checking '/home/zylyehuo/ROS2_learning/chapter7/chapt7_ws/install/robot_description2/lib/python3.10/site-packages'
[1.226s] Level 1:colcon.colcon_core.environment:checking '/home/zylyehuo/ROS2_learning/chapter7/chapt7_ws/install/robot_description2/bin'
[1.226s] INFO:colcon.colcon_core.shell:Creating package script '/home/zylyehuo/ROS2_learning/chapter7/chapt7_ws/install/robot_description2/share/robot_description2/package.ps1'
[1.227s] INFO:colcon.colcon_core.shell:Creating package descriptor '/home/zylyehuo/ROS2_learning/chapter7/chapt7_ws/install/robot_description2/share/robot_description2/package.dsv'
[1.227s] INFO:colcon.colcon_core.shell:Creating package script '/home/zylyehuo/ROS2_learning/chapter7/chapt7_ws/install/robot_description2/share/robot_description2/package.sh'
[1.228s] INFO:colcon.colcon_core.shell:Creating package script '/home/zylyehuo/ROS2_learning/chapter7/chapt7_ws/install/robot_description2/share/robot_description2/package.bash'
[1.228s] INFO:colcon.colcon_core.shell:Creating package script '/home/zylyehuo/ROS2_learning/chapter7/chapt7_ws/install/robot_description2/share/robot_description2/package.zsh'
[1.229s] Level 1:colcon.colcon_core.environment:create_file_with_runtime_dependencies(/home/zylyehuo/ROS2_learning/chapter7/chapt7_ws/install/robot_description2/share/colcon-core/packages/robot_description2)
[1.516s] DEBUG:colcon.colcon_core.event_handler.log_command:Invoking command in '/home/zylyehuo/ROS2_learning/chapter7/chapt7_ws/src/fishbot_application': PYTHONPATH=/home/zylyehuo/ROS2_learning/chapter7/chapt7_ws/build/fishbot_application/prefix_override:/usr/lib/python3/dist-packages/colcon_core/task/python/colcon_distutils_commands:/home/zylyehuo/ROS2_learning/chapter7/chapt7_ws/install/fishbot_application/lib/python3.10/site-packages:${PYTHONPATH} /usr/bin/python3 -W ignore:setup.py install is deprecated -W ignore:easy_install command is deprecated setup.py egg_info --egg-base ../../build/fishbot_application build --build-base /home/zylyehuo/ROS2_learning/chapter7/chapt7_ws/build/fishbot_application/build install --record /home/zylyehuo/ROS2_learning/chapter7/chapt7_ws/build/fishbot_application/install.log --single-version-externally-managed install_data
[1.838s] Level 1:colcon.colcon_core.environment:checking '/home/zylyehuo/ROS2_learning/chapter7/chapt7_ws/install/fishbot_application' for CMake module files
[1.839s] DEBUG:colcon.colcon_core.event_handler.log_command:Invoked command in '/home/zylyehuo/ROS2_learning/chapter7/chapt7_ws/src/fishbot_application' returned '0': PYTHONPATH=/home/zylyehuo/ROS2_learning/chapter7/chapt7_ws/build/fishbot_application/prefix_override:/usr/lib/python3/dist-packages/colcon_core/task/python/colcon_distutils_commands:/home/zylyehuo/ROS2_learning/chapter7/chapt7_ws/install/fishbot_application/lib/python3.10/site-packages:${PYTHONPATH} /usr/bin/python3 -W ignore:setup.py install is deprecated -W ignore:easy_install command is deprecated setup.py egg_info --egg-base ../../build/fishbot_application build --build-base /home/zylyehuo/ROS2_learning/chapter7/chapt7_ws/build/fishbot_application/build install --record /home/zylyehuo/ROS2_learning/chapter7/chapt7_ws/build/fishbot_application/install.log --single-version-externally-managed install_data
[1.840s] Level 1:colcon.colcon_core.environment:checking '/home/zylyehuo/ROS2_learning/chapter7/chapt7_ws/install/fishbot_application' for CMake config files
[1.841s] Level 1:colcon.colcon_core.environment:checking '/home/zylyehuo/ROS2_learning/chapter7/chapt7_ws/install/fishbot_application/lib'
[1.841s] Level 1:colcon.colcon_core.environment:checking '/home/zylyehuo/ROS2_learning/chapter7/chapt7_ws/install/fishbot_application/bin'
[1.841s] Level 1:colcon.colcon_core.environment:checking '/home/zylyehuo/ROS2_learning/chapter7/chapt7_ws/install/fishbot_application/lib/pkgconfig/fishbot_application.pc'
[1.842s] Level 1:colcon.colcon_core.environment:checking '/home/zylyehuo/ROS2_learning/chapter7/chapt7_ws/install/fishbot_application/lib/python3.10/site-packages'
[1.842s] Level 1:colcon.colcon_core.shell:create_environment_hook('fishbot_application', 'pythonpath')
[1.842s] INFO:colcon.colcon_core.shell:Creating environment hook '/home/zylyehuo/ROS2_learning/chapter7/chapt7_ws/install/fishbot_application/share/fishbot_application/hook/pythonpath.ps1'
[1.843s] INFO:colcon.colcon_core.shell:Creating environment descriptor '/home/zylyehuo/ROS2_learning/chapter7/chapt7_ws/install/fishbot_application/share/fishbot_application/hook/pythonpath.dsv'
[1.843s] INFO:colcon.colcon_core.shell:Creating environment hook '/home/zylyehuo/ROS2_learning/chapter7/chapt7_ws/install/fishbot_application/share/fishbot_application/hook/pythonpath.sh'
[1.844s] Level 1:colcon.colcon_core.environment:checking '/home/zylyehuo/ROS2_learning/chapter7/chapt7_ws/install/fishbot_application/bin'
[1.844s] Level 1:colcon.colcon_core.environment:create_environment_scripts_only(fishbot_application)
[1.844s] INFO:colcon.colcon_core.shell:Creating package script '/home/zylyehuo/ROS2_learning/chapter7/chapt7_ws/install/fishbot_application/share/fishbot_application/package.ps1'
[1.845s] INFO:colcon.colcon_core.shell:Creating package descriptor '/home/zylyehuo/ROS2_learning/chapter7/chapt7_ws/install/fishbot_application/share/fishbot_application/package.dsv'
[1.846s] INFO:colcon.colcon_core.shell:Creating package script '/home/zylyehuo/ROS2_learning/chapter7/chapt7_ws/install/fishbot_application/share/fishbot_application/package.sh'
[1.846s] INFO:colcon.colcon_core.shell:Creating package script '/home/zylyehuo/ROS2_learning/chapter7/chapt7_ws/install/fishbot_application/share/fishbot_application/package.bash'
[1.846s] INFO:colcon.colcon_core.shell:Creating package script '/home/zylyehuo/ROS2_learning/chapter7/chapt7_ws/install/fishbot_application/share/fishbot_application/package.zsh'
[1.847s] Level 1:colcon.colcon_core.environment:create_file_with_runtime_dependencies(/home/zylyehuo/ROS2_learning/chapter7/chapt7_ws/install/fishbot_application/share/colcon-core/packages/fishbot_application)
[1.847s] DEBUG:colcon.colcon_parallel_executor.executor.parallel:closing loop
[1.848s] DEBUG:colcon.colcon_parallel_executor.executor.parallel:loop closed
[1.848s] DEBUG:colcon.colcon_parallel_executor.executor.parallel:run_until_complete finished with '0'
[1.849s] DEBUG:colcon.colcon_core.event_reactor:joining thread
[2.046s] INFO:colcon.colcon_core.plugin_system:Skipping extension 'colcon_notification.desktop_notification.notify_send': Could not find 'notify-send'
[2.046s] INFO:colcon.colcon_core.plugin_system:Skipping extension 'colcon_notification.desktop_notification.terminal_notifier': Not used on non-Darwin systems
[2.047s] INFO:colcon.colcon_core.plugin_system:Skipping extension 'colcon_notification.desktop_notification.win32': Not used on non-Windows systems
[2.047s] INFO:colcon.colcon_notification.desktop_notification:Sending desktop notification using 'notify2'
[2.047s] DEBUG:colcon.colcon_notification.desktop_notification.notify2:Failed to initialize notify2: org.freedesktop.DBus.Error.FileNotFound: Failed to connect to socket /run/user/1000/bus: No such file or directory
[2.047s] DEBUG:colcon.colcon_core.event_reactor:joined thread
[2.048s] INFO:colcon.colcon_core.shell:Creating prefix script '/home/zylyehuo/ROS2_learning/chapter7/chapt7_ws/install/local_setup.ps1'
[2.049s] INFO:colcon.colcon_core.shell:Creating prefix util module '/home/zylyehuo/ROS2_learning/chapter7/chapt7_ws/install/_local_setup_util_ps1.py'
[2.050s] INFO:colcon.colcon_core.shell:Creating prefix chain script '/home/zylyehuo/ROS2_learning/chapter7/chapt7_ws/install/setup.ps1'
[2.052s] INFO:colcon.colcon_core.shell:Creating prefix script '/home/zylyehuo/ROS2_learning/chapter7/chapt7_ws/install/local_setup.sh'
[2.052s] INFO:colcon.colcon_core.shell:Creating prefix util module '/home/zylyehuo/ROS2_learning/chapter7/chapt7_ws/install/_local_setup_util_sh.py'
[2.053s] INFO:colcon.colcon_core.shell:Creating prefix chain script '/home/zylyehuo/ROS2_learning/chapter7/chapt7_ws/install/setup.sh'
[2.054s] INFO:colcon.colcon_core.shell:Creating prefix script '/home/zylyehuo/ROS2_learning/chapter7/chapt7_ws/install/local_setup.bash'
[2.054s] INFO:colcon.colcon_core.shell:Creating prefix chain script '/home/zylyehuo/ROS2_learning/chapter7/chapt7_ws/install/setup.bash'
[2.056s] INFO:colcon.colcon_core.shell:Creating prefix script '/home/zylyehuo/ROS2_learning/chapter7/chapt7_ws/install/local_setup.zsh'
[2.056s] INFO:colcon.colcon_core.shell:Creating prefix chain script '/home/zylyehuo/ROS2_learning/chapter7/chapt7_ws/install/setup.zsh'
