[0.828s] Invoking command in '/home/zylyehuo/ROS2_learning/chapter8/chapt8_ws2/src/fishbot_application': PYTHONPATH=/home/zylyehuo/ROS2_learning/chapter8/chapt8_ws2/build/fishbot_application/prefix_override:/usr/lib/python3/dist-packages/colcon_core/task/python/colcon_distutils_commands:/home/zylyehuo/ROS2_learning/chapter8/chapt8_ws2/install/fishbot_application/lib/python3.10/site-packages:${PYTHONPATH} /usr/bin/python3 -W ignore:setup.py install is deprecated -W ignore:easy_install command is deprecated setup.py egg_info --egg-base ../../build/fishbot_application build --build-base /home/zylyehuo/ROS2_learning/chapter8/chapt8_ws2/build/fishbot_application/build install --record /home/zylyehuo/ROS2_learning/chapter8/chapt8_ws2/build/fishbot_application/install.log --single-version-externally-managed install_data
[0.983s] running egg_info
[0.983s] writing ../../build/fishbot_application/fishbot_application.egg-info/PKG-INFO
[0.984s] writing dependency_links to ../../build/fishbot_application/fishbot_application.egg-info/dependency_links.txt
[0.984s] writing entry points to ../../build/fishbot_application/fishbot_application.egg-info/entry_points.txt
[0.984s] writing requirements to ../../build/fishbot_application/fishbot_application.egg-info/requires.txt
[0.984s] writing top-level names to ../../build/fishbot_application/fishbot_application.egg-info/top_level.txt
[0.986s] reading manifest file '../../build/fishbot_application/fishbot_application.egg-info/SOURCES.txt'
[0.986s] adding license file 'LICENSE'
[0.986s] writing manifest file '../../build/fishbot_application/fishbot_application.egg-info/SOURCES.txt'
[0.987s] running build
[0.987s] running build_py
[0.987s] running install
[0.987s] running install_lib
[0.988s] running install_data
[0.988s] running install_egg_info
[0.990s] removing '/home/zylyehuo/ROS2_learning/chapter8/chapt8_ws2/install/fishbot_application/lib/python3.10/site-packages/fishbot_application-0.0.0-py3.10.egg-info' (and everything under it)
[0.990s] Copying ../../build/fishbot_application/fishbot_application.egg-info to /home/zylyehuo/ROS2_learning/chapter8/chapt8_ws2/install/fishbot_application/lib/python3.10/site-packages/fishbot_application-0.0.0-py3.10.egg-info
[0.991s] running install_scripts
[1.004s] Installing get_robot_pose script to /home/zylyehuo/ROS2_learning/chapter8/chapt8_ws2/install/fishbot_application/lib/fishbot_application
[1.004s] Installing init_robot_pose script to /home/zylyehuo/ROS2_learning/chapter8/chapt8_ws2/install/fishbot_application/lib/fishbot_application
[1.004s] Installing nav_to_pose script to /home/zylyehuo/ROS2_learning/chapter8/chapt8_ws2/install/fishbot_application/lib/fishbot_application
[1.004s] Installing waypoints_follower script to /home/zylyehuo/ROS2_learning/chapter8/chapt8_ws2/install/fishbot_application/lib/fishbot_application
[1.005s] writing list of installed files to '/home/zylyehuo/ROS2_learning/chapter8/chapt8_ws2/build/fishbot_application/install.log'
[1.029s] Invoked command in '/home/zylyehuo/ROS2_learning/chapter8/chapt8_ws2/src/fishbot_application' returned '0': PYTHONPATH=/home/zylyehuo/ROS2_learning/chapter8/chapt8_ws2/build/fishbot_application/prefix_override:/usr/lib/python3/dist-packages/colcon_core/task/python/colcon_distutils_commands:/home/zylyehuo/ROS2_learning/chapter8/chapt8_ws2/install/fishbot_application/lib/python3.10/site-packages:${PYTHONPATH} /usr/bin/python3 -W ignore:setup.py install is deprecated -W ignore:easy_install command is deprecated setup.py egg_info --egg-base ../../build/fishbot_application build --build-base /home/zylyehuo/ROS2_learning/chapter8/chapt8_ws2/build/fishbot_application/build install --record /home/zylyehuo/ROS2_learning/chapter8/chapt8_ws2/build/fishbot_application/install.log --single-version-externally-managed install_data
