[2.387s] Invoking command in '/home/zylyehuo/ROS2_learning/chapter2/chapter2.4/chapt2_ws/src/demo_python_pkg': PYTHONPATH=/home/zylyehuo/ROS2_learning/chapter2/chapter2.4/chapt2_ws/build/demo_python_pkg/prefix_override:/usr/lib/python3/dist-packages/colcon_core/task/python/colcon_distutils_commands:/home/zylyehuo/ROS2_learning/chapter2/chapter2.4/chapt2_ws/install/demo_python_pkg/lib/python3.10/site-packages:${PYTHONPATH} /usr/bin/python3 -W ignore:setup.py install is deprecated -W ignore:easy_install command is deprecated setup.py egg_info --egg-base ../../build/demo_python_pkg build --build-base /home/zylyehuo/ROS2_learning/chapter2/chapter2.4/chapt2_ws/build/demo_python_pkg/build install --record /home/zylyehuo/ROS2_learning/chapter2/chapter2.4/chapt2_ws/build/demo_python_pkg/install.log --single-version-externally-managed install_data
[2.549s] running egg_info
[2.550s] creating ../../build/demo_python_pkg/demo_python_pkg.egg-info
[2.550s] writing ../../build/demo_python_pkg/demo_python_pkg.egg-info/PKG-INFO
[2.550s] writing dependency_links to ../../build/demo_python_pkg/demo_python_pkg.egg-info/dependency_links.txt
[2.550s] writing entry points to ../../build/demo_python_pkg/demo_python_pkg.egg-info/entry_points.txt
[2.551s] writing requirements to ../../build/demo_python_pkg/demo_python_pkg.egg-info/requires.txt
[2.551s] writing top-level names to ../../build/demo_python_pkg/demo_python_pkg.egg-info/top_level.txt
[2.551s] writing manifest file '../../build/demo_python_pkg/demo_python_pkg.egg-info/SOURCES.txt'
[2.552s] reading manifest file '../../build/demo_python_pkg/demo_python_pkg.egg-info/SOURCES.txt'
[2.552s] adding license file 'LICENSE'
[2.552s] writing manifest file '../../build/demo_python_pkg/demo_python_pkg.egg-info/SOURCES.txt'
[2.552s] running build
[2.552s] running build_py
[2.553s] creating /home/zylyehuo/ROS2_learning/chapter2/chapter2.4/chapt2_ws/build/demo_python_pkg/build
[2.553s] creating /home/zylyehuo/ROS2_learning/chapter2/chapter2.4/chapt2_ws/build/demo_python_pkg/build/lib
[2.553s] creating /home/zylyehuo/ROS2_learning/chapter2/chapter2.4/chapt2_ws/build/demo_python_pkg/build/lib/demo_python_pkg
[2.553s] copying demo_python_pkg/__init__.py -> /home/zylyehuo/ROS2_learning/chapter2/chapter2.4/chapt2_ws/build/demo_python_pkg/build/lib/demo_python_pkg
[2.553s] copying demo_python_pkg/python_node.py -> /home/zylyehuo/ROS2_learning/chapter2/chapter2.4/chapt2_ws/build/demo_python_pkg/build/lib/demo_python_pkg
[2.553s] running install
[2.554s] running install_lib
[2.554s] creating /home/zylyehuo/ROS2_learning/chapter2/chapter2.4/chapt2_ws/install/demo_python_pkg/lib/python3.10/site-packages/demo_python_pkg
[2.554s] copying /home/zylyehuo/ROS2_learning/chapter2/chapter2.4/chapt2_ws/build/demo_python_pkg/build/lib/demo_python_pkg/__init__.py -> /home/zylyehuo/ROS2_learning/chapter2/chapter2.4/chapt2_ws/install/demo_python_pkg/lib/python3.10/site-packages/demo_python_pkg
[2.554s] copying /home/zylyehuo/ROS2_learning/chapter2/chapter2.4/chapt2_ws/build/demo_python_pkg/build/lib/demo_python_pkg/python_node.py -> /home/zylyehuo/ROS2_learning/chapter2/chapter2.4/chapt2_ws/install/demo_python_pkg/lib/python3.10/site-packages/demo_python_pkg
[2.555s] byte-compiling /home/zylyehuo/ROS2_learning/chapter2/chapter2.4/chapt2_ws/install/demo_python_pkg/lib/python3.10/site-packages/demo_python_pkg/__init__.py to __init__.cpython-310.pyc
[2.555s] byte-compiling /home/zylyehuo/ROS2_learning/chapter2/chapter2.4/chapt2_ws/install/demo_python_pkg/lib/python3.10/site-packages/demo_python_pkg/python_node.py to python_node.cpython-310.pyc
[2.555s] running install_data
[2.555s] creating /home/zylyehuo/ROS2_learning/chapter2/chapter2.4/chapt2_ws/install/demo_python_pkg/share/ament_index
[2.555s] creating /home/zylyehuo/ROS2_learning/chapter2/chapter2.4/chapt2_ws/install/demo_python_pkg/share/ament_index/resource_index
[2.556s] creating /home/zylyehuo/ROS2_learning/chapter2/chapter2.4/chapt2_ws/install/demo_python_pkg/share/ament_index/resource_index/packages
[2.556s] copying resource/demo_python_pkg -> /home/zylyehuo/ROS2_learning/chapter2/chapter2.4/chapt2_ws/install/demo_python_pkg/share/ament_index/resource_index/packages
[2.556s] copying package.xml -> /home/zylyehuo/ROS2_learning/chapter2/chapter2.4/chapt2_ws/install/demo_python_pkg/share/demo_python_pkg
[2.556s] running install_egg_info
[2.557s] Copying ../../build/demo_python_pkg/demo_python_pkg.egg-info to /home/zylyehuo/ROS2_learning/chapter2/chapter2.4/chapt2_ws/install/demo_python_pkg/lib/python3.10/site-packages/demo_python_pkg-0.0.0-py3.10.egg-info
[2.558s] running install_scripts
[2.574s] Installing python_node script to /home/zylyehuo/ROS2_learning/chapter2/chapter2.4/chapt2_ws/install/demo_python_pkg/lib/demo_python_pkg
[2.574s] writing list of installed files to '/home/zylyehuo/ROS2_learning/chapter2/chapter2.4/chapt2_ws/build/demo_python_pkg/install.log'
[2.595s] Invoked command in '/home/zylyehuo/ROS2_learning/chapter2/chapter2.4/chapt2_ws/src/demo_python_pkg' returned '0': PYTHONPATH=/home/zylyehuo/ROS2_learning/chapter2/chapter2.4/chapt2_ws/build/demo_python_pkg/prefix_override:/usr/lib/python3/dist-packages/colcon_core/task/python/colcon_distutils_commands:/home/zylyehuo/ROS2_learning/chapter2/chapter2.4/chapt2_ws/install/demo_python_pkg/lib/python3.10/site-packages:${PYTHONPATH} /usr/bin/python3 -W ignore:setup.py install is deprecated -W ignore:easy_install command is deprecated setup.py egg_info --egg-base ../../build/demo_python_pkg build --build-base /home/zylyehuo/ROS2_learning/chapter2/chapter2.4/chapt2_ws/build/demo_python_pkg/build install --record /home/zylyehuo/ROS2_learning/chapter2/chapter2.4/chapt2_ws/build/demo_python_pkg/install.log --single-version-externally-managed install_data
