[0.222s] Invoking command in '/home/zylyehuo/ROS2_learning/chapter3/topic_practice_ws/build/status_display': AMENT_PREFIX_PATH=/home/zylyehuo/ROS2_learning/chapter3/topic_practice_ws/install/status_interfaces:${AMENT_PREFIX_PATH} CMAKE_PREFIX_PATH=/home/zylyehuo/ROS2_learning/chapter3/topic_practice_ws/install/status_interfaces:/opt/ros/humble LD_LIBRARY_PATH=/home/zylyehuo/ROS2_learning/chapter3/topic_practice_ws/install/status_interfaces/lib:${LD_LIBRARY_PATH} PYTHONPATH=/home/zylyehuo/ROS2_learning/chapter3/topic_practice_ws/install/status_interfaces/local/lib/python3.10/dist-packages:${PYTHONPATH} /usr/bin/cmake --build /home/zylyehuo/ROS2_learning/chapter3/topic_practice_ws/build/status_display -- -j16 -l16
[0.432s] -- Found ament_cmake: 1.3.12 (/opt/ros/humble/share/ament_cmake/cmake)
[0.432s] -- Found rclcpp: 16.0.16 (/opt/ros/humble/share/rclcpp/cmake)
[0.823s] -- Found rosidl_generator_c: 3.1.7 (/opt/ros/humble/share/rosidl_generator_c/cmake)
[0.827s] -- Found rosidl_adapter: 3.1.7 (/opt/ros/humble/share/rosidl_adapter/cmake)
[0.837s] -- Found rosidl_generator_cpp: 3.1.7 (/opt/ros/humble/share/rosidl_generator_cpp/cmake)
[0.855s] -- Using all available rosidl_typesupport_c: rosidl_typesupport_fastrtps_c;rosidl_typesupport_introspection_c
[0.875s] -- Using all available rosidl_typesupport_cpp: rosidl_typesupport_fastrtps_cpp;rosidl_typesupport_introspection_cpp
[0.925s] -- Found rmw_implementation_cmake: 6.1.2 (/opt/ros/humble/share/rmw_implementation_cmake/cmake)
[0.928s] -- Found rmw_fastrtps_cpp: 6.2.9 (/opt/ros/humble/share/rmw_fastrtps_cpp/cmake)
[15.042s] -- Using RMW implementation 'rmw_fastrtps_cpp' as default
[15.112s] -- Found status_interfaces: 0.0.0 (/home/zylyehuo/ROS2_learning/chapter3/topic_practice_ws/install/status_interfaces/share/status_interfaces/cmake)
[15.360s] -- Found ament_lint_auto: 0.12.14 (/opt/ros/humble/share/ament_lint_auto/cmake)
[15.432s] -- Added test 'cppcheck' to perform static code analysis on C / C++ code
[15.432s] -- Configured cppcheck include dirs: 
[15.432s] -- Configured cppcheck exclude dirs and/or files: 
[15.433s] -- Added test 'lint_cmake' to check CMake code style
[15.434s] -- Added test 'uncrustify' to check C / C++ code style
[15.434s] -- Configured uncrustify additional arguments: 
[15.434s] -- Added test 'xmllint' to check XML markup files
[15.436s] -- Configuring done
[15.454s] -- Generating done
[15.457s] -- Build files have been written to: /home/zylyehuo/ROS2_learning/chapter3/topic_practice_ws/build/status_display
[15.486s] [35m[1mConsolidate compiler generated dependencies of target hello_qt[0m
[15.494s] [ 25%] [32mBuilding CXX object CMakeFiles/sys_status_display.dir/src/sys_status_display.cpp.o[0m
[15.497s] [ 50%] [32mBuilding CXX object CMakeFiles/hello_qt.dir/src/hello_qt.cpp.o[0m
[16.693s] [ 75%] [32m[1mLinking CXX executable hello_qt[0m
[17.288s] [ 75%] Built target hello_qt
[23.568s] [100%] [32m[1mLinking CXX executable sys_status_display[0m
[24.666s] [100%] Built target sys_status_display
[24.676s] Invoked command in '/home/zylyehuo/ROS2_learning/chapter3/topic_practice_ws/build/status_display' returned '0': AMENT_PREFIX_PATH=/home/zylyehuo/ROS2_learning/chapter3/topic_practice_ws/install/status_interfaces:${AMENT_PREFIX_PATH} CMAKE_PREFIX_PATH=/home/zylyehuo/ROS2_learning/chapter3/topic_practice_ws/install/status_interfaces:/opt/ros/humble LD_LIBRARY_PATH=/home/zylyehuo/ROS2_learning/chapter3/topic_practice_ws/install/status_interfaces/lib:${LD_LIBRARY_PATH} PYTHONPATH=/home/zylyehuo/ROS2_learning/chapter3/topic_practice_ws/install/status_interfaces/local/lib/python3.10/dist-packages:${PYTHONPATH} /usr/bin/cmake --build /home/zylyehuo/ROS2_learning/chapter3/topic_practice_ws/build/status_display -- -j16 -l16
[24.678s] Invoking command in '/home/zylyehuo/ROS2_learning/chapter3/topic_practice_ws/build/status_display': AMENT_PREFIX_PATH=/home/zylyehuo/ROS2_learning/chapter3/topic_practice_ws/install/status_interfaces:${AMENT_PREFIX_PATH} CMAKE_PREFIX_PATH=/home/zylyehuo/ROS2_learning/chapter3/topic_practice_ws/install/status_interfaces:/opt/ros/humble LD_LIBRARY_PATH=/home/zylyehuo/ROS2_learning/chapter3/topic_practice_ws/install/status_interfaces/lib:${LD_LIBRARY_PATH} PYTHONPATH=/home/zylyehuo/ROS2_learning/chapter3/topic_practice_ws/install/status_interfaces/local/lib/python3.10/dist-packages:${PYTHONPATH} /usr/bin/cmake --install /home/zylyehuo/ROS2_learning/chapter3/topic_practice_ws/build/status_display
[24.684s] -- Install configuration: ""
[24.686s] -- Installing: /home/zylyehuo/ROS2_learning/chapter3/topic_practice_ws/install/status_display/lib/status_display/hello_qt
[24.686s] -- Installing: /home/zylyehuo/ROS2_learning/chapter3/topic_practice_ws/install/status_display/lib/status_display/sys_status_display
[24.689s] -- Set runtime path of "/home/zylyehuo/ROS2_learning/chapter3/topic_practice_ws/install/status_display/lib/status_display/sys_status_display" to ""
[24.689s] -- Up-to-date: /home/zylyehuo/ROS2_learning/chapter3/topic_practice_ws/install/status_display/share/ament_index/resource_index/package_run_dependencies/status_display
[24.689s] -- Up-to-date: /home/zylyehuo/ROS2_learning/chapter3/topic_practice_ws/install/status_display/share/ament_index/resource_index/parent_prefix_path/status_display
[24.689s] -- Up-to-date: /home/zylyehuo/ROS2_learning/chapter3/topic_practice_ws/install/status_display/share/status_display/environment/ament_prefix_path.sh
[24.690s] -- Installing: /home/zylyehuo/ROS2_learning/chapter3/topic_practice_ws/install/status_display/share/status_display/environment/ament_prefix_path.dsv
[24.690s] -- Up-to-date: /home/zylyehuo/ROS2_learning/chapter3/topic_practice_ws/install/status_display/share/status_display/environment/path.sh
[24.690s] -- Installing: /home/zylyehuo/ROS2_learning/chapter3/topic_practice_ws/install/status_display/share/status_display/environment/path.dsv
[24.690s] -- Up-to-date: /home/zylyehuo/ROS2_learning/chapter3/topic_practice_ws/install/status_display/share/status_display/local_setup.bash
[24.690s] -- Up-to-date: /home/zylyehuo/ROS2_learning/chapter3/topic_practice_ws/install/status_display/share/status_display/local_setup.sh
[24.690s] -- Up-to-date: /home/zylyehuo/ROS2_learning/chapter3/topic_practice_ws/install/status_display/share/status_display/local_setup.zsh
[24.690s] -- Installing: /home/zylyehuo/ROS2_learning/chapter3/topic_practice_ws/install/status_display/share/status_display/local_setup.dsv
[24.690s] -- Installing: /home/zylyehuo/ROS2_learning/chapter3/topic_practice_ws/install/status_display/share/status_display/package.dsv
[24.690s] -- Up-to-date: /home/zylyehuo/ROS2_learning/chapter3/topic_practice_ws/install/status_display/share/ament_index/resource_index/packages/status_display
[24.690s] -- Up-to-date: /home/zylyehuo/ROS2_learning/chapter3/topic_practice_ws/install/status_display/share/status_display/cmake/status_displayConfig.cmake
[24.690s] -- Up-to-date: /home/zylyehuo/ROS2_learning/chapter3/topic_practice_ws/install/status_display/share/status_display/cmake/status_displayConfig-version.cmake
[24.690s] -- Up-to-date: /home/zylyehuo/ROS2_learning/chapter3/topic_practice_ws/install/status_display/share/status_display/package.xml
[24.692s] Invoked command in '/home/zylyehuo/ROS2_learning/chapter3/topic_practice_ws/build/status_display' returned '0': AMENT_PREFIX_PATH=/home/zylyehuo/ROS2_learning/chapter3/topic_practice_ws/install/status_interfaces:${AMENT_PREFIX_PATH} CMAKE_PREFIX_PATH=/home/zylyehuo/ROS2_learning/chapter3/topic_practice_ws/install/status_interfaces:/opt/ros/humble LD_LIBRARY_PATH=/home/zylyehuo/ROS2_learning/chapter3/topic_practice_ws/install/status_interfaces/lib:${LD_LIBRARY_PATH} PYTHONPATH=/home/zylyehuo/ROS2_learning/chapter3/topic_practice_ws/install/status_interfaces/local/lib/python3.10/dist-packages:${PYTHONPATH} /usr/bin/cmake --install /home/zylyehuo/ROS2_learning/chapter3/topic_practice_ws/build/status_display
