[0.016s] Invoking command in '/home/zylyehuo/ROS2_learning/chapter3/topic_ws/build/demo_cpp_topic': CMAKE_PREFIX_PATH=/opt/ros/humble /usr/bin/cmake /home/zylyehuo/ROS2_learning/chapter3/topic_ws/src/demo_cpp_topic -DCMAKE_INSTALL_PREFIX=/home/zylyehuo/ROS2_learning/chapter3/topic_ws/install/demo_cpp_topic
[0.493s] -- The C compiler identification is GNU 11.4.0
[1.761s] -- The CXX compiler identification is GNU 11.4.0
[2.661s] -- Detecting C compiler ABI info
[2.942s] -- Detecting C compiler ABI info - done
[2.947s] -- Check for working C compiler: /usr/bin/cc - skipped
[2.948s] -- Detecting C compile features
[2.949s] -- Detecting C compile features - done
[2.953s] -- Detecting CXX compiler ABI info
[3.224s] -- Detecting CXX compiler ABI info - done
[3.229s] -- Check for working CXX compiler: /usr/bin/c++ - skipped
[3.229s] -- Detecting CXX compile features
[3.230s] -- Detecting CXX compile features - done
[3.249s] -- Found ament_cmake: 1.3.12 (/opt/ros/humble/share/ament_cmake/cmake)
[3.359s] -- Found Python3: /usr/bin/python3 (found version "3.10.12") found components: Interpreter 
[3.460s] -- Found rclcpp: 16.0.16 (/opt/ros/humble/share/rclcpp/cmake)
[3.803s] -- Found rosidl_generator_c: 3.1.7 (/opt/ros/humble/share/rosidl_generator_c/cmake)
[3.809s] -- Found rosidl_adapter: 3.1.7 (/opt/ros/humble/share/rosidl_adapter/cmake)
[3.819s] -- Found rosidl_generator_cpp: 3.1.7 (/opt/ros/humble/share/rosidl_generator_cpp/cmake)
[3.838s] -- Using all available rosidl_typesupport_c: rosidl_typesupport_fastrtps_c;rosidl_typesupport_introspection_c
[3.861s] -- Using all available rosidl_typesupport_cpp: rosidl_typesupport_fastrtps_cpp;rosidl_typesupport_introspection_cpp
[3.914s] -- Found rmw_implementation_cmake: 6.1.2 (/opt/ros/humble/share/rmw_implementation_cmake/cmake)
[3.918s] -- Found rmw_fastrtps_cpp: 6.2.9 (/opt/ros/humble/share/rmw_fastrtps_cpp/cmake)
[6.928s] -- Found OpenSSL: /usr/lib/x86_64-linux-gnu/libcrypto.so (found version "3.0.2")  
[10.230s] -- Found FastRTPS: /opt/ros/humble/include  
[16.301s] -- Using RMW implementation 'rmw_fastrtps_cpp' as default
[16.314s] -- Looking for pthread.h
[16.575s] -- Looking for pthread.h - found
[16.575s] -- Performing Test CMAKE_HAVE_LIBC_PTHREAD
[16.852s] -- Performing Test CMAKE_HAVE_LIBC_PTHREAD - Success
[16.853s] -- Found Threads: TRUE  
[16.922s] -- Found geometry_msgs: 4.9.0 (/opt/ros/humble/share/geometry_msgs/cmake)
[16.939s] -- Found turtlesim: 1.4.3 (/opt/ros/humble/share/turtlesim/cmake)
[16.992s] -- Found ament_lint_auto: 0.12.14 (/opt/ros/humble/share/ament_lint_auto/cmake)
[17.060s] -- Added test 'cppcheck' to perform static code analysis on C / C++ code
[17.060s] -- Configured cppcheck include dirs: 
[17.060s] -- Configured cppcheck exclude dirs and/or files: 
[17.061s] -- Added test 'lint_cmake' to check CMake code style
[17.062s] -- Added test 'uncrustify' to check C / C++ code style
[17.062s] -- Configured uncrustify additional arguments: 
[17.063s] -- Added test 'xmllint' to check XML markup files
[17.065s] -- Configuring done
[17.067s] [31mCMake Error at CMakeLists.txt:14 (add_executable):
[17.067s]   Cannot find source file:
[17.067s] 
[17.067s]     src/turtle_circle.cpp
[17.067s] 
[17.067s]   Tried extensions .c .C .c++ .cc .cpp .cxx .cu .mpp .m .M .mm .ixx .cppm .h
[17.067s]   .hh .h++ .hm .hpp .hxx .in .txx .f .F .for .f77 .f90 .f95 .f03 .hip .ispc
[17.067s] 
[17.067s] [0m
[17.067s] [31mCMake Error at CMakeLists.txt:14 (add_executable):
[17.067s]   No SOURCES given to target: turtle_circle
[17.067s] 
[17.067s] [0m
[17.067s] [0mCMake Generate step failed.  Build files cannot be regenerated correctly.[0m
[17.078s] Invoked command in '/home/zylyehuo/ROS2_learning/chapter3/topic_ws/build/demo_cpp_topic' returned '1': CMAKE_PREFIX_PATH=/opt/ros/humble /usr/bin/cmake /home/zylyehuo/ROS2_learning/chapter3/topic_ws/src/demo_cpp_topic -DCMAKE_INSTALL_PREFIX=/home/zylyehuo/ROS2_learning/chapter3/topic_ws/install/demo_cpp_topic
