[ 50%] Built target spin_motion_controller
[100%] Built target test_plugin
-- Install configuration: ""
-- Up-to-date: /home/zylyehuo/ROS2_learning/chapter8/chapt8_ws/install/motion_control_system/lib/libspin_motion_controller.so
-- Up-to-date: /home/zylyehuo/ROS2_learning/chapter8/chapt8_ws/install/motion_control_system/include/
-- Up-to-date: /home/zylyehuo/ROS2_learning/chapter8/chapt8_ws/install/motion_control_system/include//motion_control_system
-- Up-to-date: /home/zylyehuo/ROS2_learning/chapter8/chapt8_ws/install/motion_control_system/include//motion_control_system/motion_control_interface.hpp
-- Up-to-date: /home/zylyehuo/ROS2_learning/chapter8/chapt8_ws/install/motion_control_system/include//motion_control_system/spin_motion_controller.hpp
-- Up-to-date: /home/zylyehuo/ROS2_learning/chapter8/chapt8_ws/install/motion_control_system/share/motion_control_system/spin_motion_plugins.xml
-- Up-to-date: /home/zylyehuo/ROS2_learning/chapter8/chapt8_ws/install/motion_control_system/lib/motion_control_system/test_plugin
-- Up-to-date: /home/zylyehuo/ROS2_learning/chapter8/chapt8_ws/install/motion_control_system/share/ament_index/resource_index/package_run_dependencies/motion_control_system
-- Up-to-date: /home/zylyehuo/ROS2_learning/chapter8/chapt8_ws/install/motion_control_system/share/ament_index/resource_index/parent_prefix_path/motion_control_system
-- Up-to-date: /home/zylyehuo/ROS2_learning/chapter8/chapt8_ws/install/motion_control_system/share/motion_control_system/environment/ament_prefix_path.sh
-- Up-to-date: /home/zylyehuo/ROS2_learning/chapter8/chapt8_ws/install/motion_control_system/share/motion_control_system/environment/ament_prefix_path.dsv
-- Up-to-date: /home/zylyehuo/ROS2_learning/chapter8/chapt8_ws/install/motion_control_system/share/motion_control_system/environment/path.sh
-- Up-to-date: /home/zylyehuo/ROS2_learning/chapter8/chapt8_ws/install/motion_control_system/share/motion_control_system/environment/path.dsv
-- Up-to-date: /home/zylyehuo/ROS2_learning/chapter8/chapt8_ws/install/motion_control_system/share/motion_control_system/local_setup.bash
-- Up-to-date: /home/zylyehuo/ROS2_learning/chapter8/chapt8_ws/install/motion_control_system/share/motion_control_system/local_setup.sh
-- Up-to-date: /home/zylyehuo/ROS2_learning/chapter8/chapt8_ws/install/motion_control_system/share/motion_control_system/local_setup.zsh
-- Up-to-date: /home/zylyehuo/ROS2_learning/chapter8/chapt8_ws/install/motion_control_system/share/motion_control_system/local_setup.dsv
-- Installing: /home/zylyehuo/ROS2_learning/chapter8/chapt8_ws/install/motion_control_system/share/motion_control_system/package.dsv
-- Up-to-date: /home/zylyehuo/ROS2_learning/chapter8/chapt8_ws/install/motion_control_system/share/ament_index/resource_index/packages/motion_control_system
-- Up-to-date: /home/zylyehuo/ROS2_learning/chapter8/chapt8_ws/install/motion_control_system/share/ament_index/resource_index/motion_control_system__pluginlib__plugin/motion_control_system
-- Up-to-date: /home/zylyehuo/ROS2_learning/chapter8/chapt8_ws/install/motion_control_system/share/motion_control_system/cmake/motion_control_systemConfig.cmake
-- Up-to-date: /home/zylyehuo/ROS2_learning/chapter8/chapt8_ws/install/motion_control_system/share/motion_control_system/cmake/motion_control_systemConfig-version.cmake
-- Up-to-date: /home/zylyehuo/ROS2_learning/chapter8/chapt8_ws/install/motion_control_system/share/motion_control_system/package.xml
