-- Found ament_cmake: 1.3.12 (/opt/ros/humble/share/ament_cmake/cmake)
-- Found pluginlib: 5.1.3 (/opt/ros/humble/share/pluginlib/cmake)
-- Found ament_lint_auto: 0.12.14 (/opt/ros/humble/share/ament_lint_auto/cmake)
-- Added test 'cppcheck' to perform static code analysis on C / C++ code
-- Configured cppcheck include dirs: /home/zylyehuo/ROS2_learning/chapter8/chapt8_ws/src/motion_control_system/include
-- Configured cppcheck exclude dirs and/or files: 
-- Added test 'lint_cmake' to check CMake code style
-- Added test 'uncrustify' to check C / C++ code style
-- Configured uncrustify additional arguments: 
-- Added test 'xmllint' to check XML markup files
-- Configuring done
-- Generating done
-- Build files have been written to: /home/zylyehuo/ROS2_learning/chapter8/chapt8_ws/build/motion_control_system
[35m[1mConsolidate compiler generated dependencies of target spin_motion_controller[0m
[35m[1mConsolidate compiler generated dependencies of target test_plugin[0m
[ 50%] Built target spin_motion_controller
[100%] Built target test_plugin
-- Install configuration: ""
-- Up-to-date: /home/zylyehuo/ROS2_learning/chapter8/chapt8_ws/install/motion_control_system/lib/libspin_motion_controller.so
-- Up-to-date: /home/zylyehuo/ROS2_learning/chapter8/chapt8_ws/install/motion_control_system/include/
-- Up-to-date: /home/zylyehuo/ROS2_learning/chapter8/chapt8_ws/install/motion_control_system/include//motion_control_system
-- Up-to-date: /home/zylyehuo/ROS2_learning/chapter8/chapt8_ws/install/motion_control_system/include//motion_control_system/motion_control_interface.hpp
-- Up-to-date: /home/zylyehuo/ROS2_learning/chapter8/chapt8_ws/install/motion_control_system/include//motion_control_system/spin_motion_controller.hpp
-- Up-to-date: /home/zylyehuo/ROS2_learning/chapter8/chapt8_ws/install/motion_control_system/share/motion_control_system/spin_motion_plugins.xml
-- Up-to-date: /home/zylyehuo/ROS2_learning/chapter8/chapt8_ws/install/motion_control_system/lib/motion_control_system/test_plugin
-- Up-to-date: /home/zylyehuo/ROS2_learning/chapter8/chapt8_ws/install/motion_control_system/share/ament_index/resource_index/package_run_dependencies/motion_control_system
-- Installing: /home/zylyehuo/ROS2_learning/chapter8/chapt8_ws/install/motion_control_system/share/ament_index/resource_index/parent_prefix_path/motion_control_system
-- Up-to-date: /home/zylyehuo/ROS2_learning/chapter8/chapt8_ws/install/motion_control_system/share/motion_control_system/environment/ament_prefix_path.sh
-- Installing: /home/zylyehuo/ROS2_learning/chapter8/chapt8_ws/install/motion_control_system/share/motion_control_system/environment/ament_prefix_path.dsv
-- Up-to-date: /home/zylyehuo/ROS2_learning/chapter8/chapt8_ws/install/motion_control_system/share/motion_control_system/environment/path.sh
-- Installing: /home/zylyehuo/ROS2_learning/chapter8/chapt8_ws/install/motion_control_system/share/motion_control_system/environment/path.dsv
-- Up-to-date: /home/zylyehuo/ROS2_learning/chapter8/chapt8_ws/install/motion_control_system/share/motion_control_system/local_setup.bash
-- Up-to-date: /home/zylyehuo/ROS2_learning/chapter8/chapt8_ws/install/motion_control_system/share/motion_control_system/local_setup.sh
-- Up-to-date: /home/zylyehuo/ROS2_learning/chapter8/chapt8_ws/install/motion_control_system/share/motion_control_system/local_setup.zsh
-- Installing: /home/zylyehuo/ROS2_learning/chapter8/chapt8_ws/install/motion_control_system/share/motion_control_system/local_setup.dsv
-- Installing: /home/zylyehuo/ROS2_learning/chapter8/chapt8_ws/install/motion_control_system/share/motion_control_system/package.dsv
-- Up-to-date: /home/zylyehuo/ROS2_learning/chapter8/chapt8_ws/install/motion_control_system/share/ament_index/resource_index/packages/motion_control_system
-- Up-to-date: /home/zylyehuo/ROS2_learning/chapter8/chapt8_ws/install/motion_control_system/share/ament_index/resource_index/motion_control_system__pluginlib__plugin/motion_control_system
-- Up-to-date: /home/zylyehuo/ROS2_learning/chapter8/chapt8_ws/install/motion_control_system/share/motion_control_system/cmake/motion_control_systemConfig.cmake
-- Up-to-date: /home/zylyehuo/ROS2_learning/chapter8/chapt8_ws/install/motion_control_system/share/motion_control_system/cmake/motion_control_systemConfig-version.cmake
-- Up-to-date: /home/zylyehuo/ROS2_learning/chapter8/chapt8_ws/install/motion_control_system/share/motion_control_system/package.xml
