[0.014s] Invoking command in '/home/zylyehuo/ROS2_learning/chapter8/chapt8_ws/build/motion_control_system': CMAKE_PREFIX_PATH=${CMAKE_PREFIX_PATH}:/home/zylyehuo/ROS2_learning/chapter7/chapt7_ws/install/autopatrol_robot:/home/zylyehuo/ROS2_learning/chapter7/chapt7_ws/install/fishbot_application:/opt/ros/humble /usr/bin/cmake --build /home/zylyehuo/ROS2_learning/chapter8/chapt8_ws/build/motion_control_system -- -j16 -l16
[0.099s] -- Found ament_cmake: 1.3.12 (/opt/ros/humble/share/ament_cmake/cmake)
[0.217s] -- Found pluginlib: 5.1.3 (/opt/ros/humble/share/pluginlib/cmake)
[3.360s] -- Found ament_lint_auto: 0.12.14 (/opt/ros/humble/share/ament_lint_auto/cmake)
[3.420s] -- Added test 'cppcheck' to perform static code analysis on C / C++ code
[3.420s] -- Configured cppcheck include dirs: /home/zylyehuo/ROS2_learning/chapter8/chapt8_ws/src/motion_control_system/include
[3.420s] -- Configured cppcheck exclude dirs and/or files: 
[3.421s] -- Added test 'lint_cmake' to check CMake code style
[3.422s] -- Added test 'uncrustify' to check C / C++ code style
[3.422s] -- Configured uncrustify additional arguments: 
[3.422s] -- Added test 'xmllint' to check XML markup files
[3.424s] -- Configuring done
[3.439s] -- Generating done
[3.442s] -- Build files have been written to: /home/zylyehuo/ROS2_learning/chapter8/chapt8_ws/build/motion_control_system
[3.468s] [35m[1mConsolidate compiler generated dependencies of target spin_motion_controller[0m
[3.468s] [35m[1mConsolidate compiler generated dependencies of target test_plugin[0m
[3.477s] [ 50%] Built target spin_motion_controller
[3.477s] [100%] Built target test_plugin
[3.485s] Invoked command in '/home/zylyehuo/ROS2_learning/chapter8/chapt8_ws/build/motion_control_system' returned '0': CMAKE_PREFIX_PATH=${CMAKE_PREFIX_PATH}:/home/zylyehuo/ROS2_learning/chapter7/chapt7_ws/install/autopatrol_robot:/home/zylyehuo/ROS2_learning/chapter7/chapt7_ws/install/fishbot_application:/opt/ros/humble /usr/bin/cmake --build /home/zylyehuo/ROS2_learning/chapter8/chapt8_ws/build/motion_control_system -- -j16 -l16
[3.492s] Invoking command in '/home/zylyehuo/ROS2_learning/chapter8/chapt8_ws/build/motion_control_system': CMAKE_PREFIX_PATH=${CMAKE_PREFIX_PATH}:/home/zylyehuo/ROS2_learning/chapter7/chapt7_ws/install/autopatrol_robot:/home/zylyehuo/ROS2_learning/chapter7/chapt7_ws/install/fishbot_application:/opt/ros/humble /usr/bin/cmake --install /home/zylyehuo/ROS2_learning/chapter8/chapt8_ws/build/motion_control_system
[3.496s] -- Install configuration: ""
[3.497s] -- Up-to-date: /home/zylyehuo/ROS2_learning/chapter8/chapt8_ws/install/motion_control_system/lib/libspin_motion_controller.so
[3.497s] -- Up-to-date: /home/zylyehuo/ROS2_learning/chapter8/chapt8_ws/install/motion_control_system/include/
[3.497s] -- Up-to-date: /home/zylyehuo/ROS2_learning/chapter8/chapt8_ws/install/motion_control_system/include//motion_control_system
[3.497s] -- Up-to-date: /home/zylyehuo/ROS2_learning/chapter8/chapt8_ws/install/motion_control_system/include//motion_control_system/motion_control_interface.hpp
[3.497s] -- Up-to-date: /home/zylyehuo/ROS2_learning/chapter8/chapt8_ws/install/motion_control_system/include//motion_control_system/spin_motion_controller.hpp
[3.497s] -- Up-to-date: /home/zylyehuo/ROS2_learning/chapter8/chapt8_ws/install/motion_control_system/share/motion_control_system/spin_motion_plugins.xml
[3.498s] -- Up-to-date: /home/zylyehuo/ROS2_learning/chapter8/chapt8_ws/install/motion_control_system/lib/motion_control_system/test_plugin
[3.498s] -- Up-to-date: /home/zylyehuo/ROS2_learning/chapter8/chapt8_ws/install/motion_control_system/share/ament_index/resource_index/package_run_dependencies/motion_control_system
[3.498s] -- Installing: /home/zylyehuo/ROS2_learning/chapter8/chapt8_ws/install/motion_control_system/share/ament_index/resource_index/parent_prefix_path/motion_control_system
[3.499s] -- Up-to-date: /home/zylyehuo/ROS2_learning/chapter8/chapt8_ws/install/motion_control_system/share/motion_control_system/environment/ament_prefix_path.sh
[3.499s] -- Installing: /home/zylyehuo/ROS2_learning/chapter8/chapt8_ws/install/motion_control_system/share/motion_control_system/environment/ament_prefix_path.dsv
[3.499s] -- Up-to-date: /home/zylyehuo/ROS2_learning/chapter8/chapt8_ws/install/motion_control_system/share/motion_control_system/environment/path.sh
[3.499s] -- Installing: /home/zylyehuo/ROS2_learning/chapter8/chapt8_ws/install/motion_control_system/share/motion_control_system/environment/path.dsv
[3.499s] -- Up-to-date: /home/zylyehuo/ROS2_learning/chapter8/chapt8_ws/install/motion_control_system/share/motion_control_system/local_setup.bash
[3.499s] -- Up-to-date: /home/zylyehuo/ROS2_learning/chapter8/chapt8_ws/install/motion_control_system/share/motion_control_system/local_setup.sh
[3.500s] -- Up-to-date: /home/zylyehuo/ROS2_learning/chapter8/chapt8_ws/install/motion_control_system/share/motion_control_system/local_setup.zsh
[3.500s] -- Installing: /home/zylyehuo/ROS2_learning/chapter8/chapt8_ws/install/motion_control_system/share/motion_control_system/local_setup.dsv
[3.500s] -- Installing: /home/zylyehuo/ROS2_learning/chapter8/chapt8_ws/install/motion_control_system/share/motion_control_system/package.dsv
[3.500s] -- Up-to-date: /home/zylyehuo/ROS2_learning/chapter8/chapt8_ws/install/motion_control_system/share/ament_index/resource_index/packages/motion_control_system
[3.500s] -- Up-to-date: /home/zylyehuo/ROS2_learning/chapter8/chapt8_ws/install/motion_control_system/share/ament_index/resource_index/motion_control_system__pluginlib__plugin/motion_control_system
[3.500s] -- Up-to-date: /home/zylyehuo/ROS2_learning/chapter8/chapt8_ws/install/motion_control_system/share/motion_control_system/cmake/motion_control_systemConfig.cmake
[3.500s] -- Up-to-date: /home/zylyehuo/ROS2_learning/chapter8/chapt8_ws/install/motion_control_system/share/motion_control_system/cmake/motion_control_systemConfig-version.cmake
[3.500s] -- Up-to-date: /home/zylyehuo/ROS2_learning/chapter8/chapt8_ws/install/motion_control_system/share/motion_control_system/package.xml
[3.502s] Invoked command in '/home/zylyehuo/ROS2_learning/chapter8/chapt8_ws/build/motion_control_system' returned '0': CMAKE_PREFIX_PATH=${CMAKE_PREFIX_PATH}:/home/zylyehuo/ROS2_learning/chapter7/chapt7_ws/install/autopatrol_robot:/home/zylyehuo/ROS2_learning/chapter7/chapt7_ws/install/fishbot_application:/opt/ros/humble /usr/bin/cmake --install /home/zylyehuo/ROS2_learning/chapter8/chapt8_ws/build/motion_control_system
