running egg_info
writing ../../build/autopatrol_robot/autopatrol_robot.egg-info/PKG-INFO
writing dependency_links to ../../build/autopatrol_robot/autopatrol_robot.egg-info/dependency_links.txt
writing entry points to ../../build/autopatrol_robot/autopatrol_robot.egg-info/entry_points.txt
writing requirements to ../../build/autopatrol_robot/autopatrol_robot.egg-info/requires.txt
writing top-level names to ../../build/autopatrol_robot/autopatrol_robot.egg-info/top_level.txt
reading manifest file '../../build/autopatrol_robot/autopatrol_robot.egg-info/SOURCES.txt'
adding license file 'LICENSE'
writing manifest file '../../build/autopatrol_robot/autopatrol_robot.egg-info/SOURCES.txt'
running build
running build_py
running install
running install_lib
running install_data
running install_egg_info
removing '/home/zylyehuo/ROS2_learning/chapter7/chapt7_ws/install/autopatrol_robot/lib/python3.10/site-packages/autopatrol_robot-0.0.0-py3.10.egg-info' (and everything under it)
Copying ../../build/autopatrol_robot/autopatrol_robot.egg-info to /home/zylyehuo/ROS2_learning/chapter7/chapt7_ws/install/autopatrol_robot/lib/python3.10/site-packages/autopatrol_robot-0.0.0-py3.10.egg-info
running install_scripts
Installing patrol_node script to /home/zylyehuo/ROS2_learning/chapter7/chapt7_ws/install/autopatrol_robot/lib/autopatrol_robot
Installing patrol_speak_node script to /home/zylyehuo/ROS2_learning/chapter7/chapt7_ws/install/autopatrol_robot/lib/autopatrol_robot
Installing speaker script to /home/zylyehuo/ROS2_learning/chapter7/chapt7_ws/install/autopatrol_robot/lib/autopatrol_robot
writing list of installed files to '/home/zylyehuo/ROS2_learning/chapter7/chapt7_ws/build/autopatrol_robot/install.log'
