[01m[K/home/zylyehuo/ROS2_learning/chapter4/chapt4_ws/src/demo_cpp_service/src/patrol_client_set_other.cpp:[m[K In member function ‘[01m[Krcl_interfaces::srv::SetParameters_Response_<std::allocator<void> >::SharedPtr PatrolClient::call_set_parameter(const Parameter&)[m[K’:
[01m[K/home/zylyehuo/ROS2_learning/chapter4/chapt4_ws/src/demo_cpp_service/src/patrol_client_set_other.cpp:69:17:[m[K [01;31m[Kerror: [m[Kreturn-statement with no value, in function returning ‘[01m[Krcl_interfaces::srv::SetParameters_Response_<std::allocator<void> >::SharedPtr[m[K’ {aka ‘[01m[Kstd::shared_ptr<rcl_interfaces::srv::SetParameters_Response_<std::allocator<void> > >[m[K’} [[01;31m[K]8;;https://gcc.gnu.org/onlinedocs/gcc/Warning-Options.html#index-fpermissive-fpermissive]8;;[m[K]
   69 |                 [01;31m[Kreturn[m[K;
      |                 [01;31m[K^~~~~~[m[K
In file included from [01m[K/opt/ros/humble/include/rclcpp/rclcpp/logging.hpp:24[m[K,
                 from [01m[K/opt/ros/humble/include/rclcpp/rclcpp/client.hpp:40[m[K,
                 from [01m[K/opt/ros/humble/include/rclcpp/rclcpp/callback_group.hpp:24[m[K,
                 from [01m[K/opt/ros/humble/include/rclcpp/rclcpp/any_executable.hpp:20[m[K,
                 from [01m[K/opt/ros/humble/include/rclcpp/rclcpp/memory_strategy.hpp:25[m[K,
                 from [01m[K/opt/ros/humble/include/rclcpp/rclcpp/memory_strategies.hpp:18[m[K,
                 from [01m[K/opt/ros/humble/include/rclcpp/rclcpp/executor_options.hpp:20[m[K,
                 from [01m[K/opt/ros/humble/include/rclcpp/rclcpp/executor.hpp:37[m[K,
                 from [01m[K/opt/ros/humble/include/rclcpp/rclcpp/executors/multi_threaded_executor.hpp:25[m[K,
                 from [01m[K/opt/ros/humble/include/rclcpp/rclcpp/executors.hpp:21[m[K,
                 from [01m[K/opt/ros/humble/include/rclcpp/rclcpp/rclcpp.hpp:155[m[K,
                 from [01m[K/home/zylyehuo/ROS2_learning/chapter4/chapt4_ws/src/demo_cpp_service/src/patrol_client_set_other.cpp:1[m[K:
[01m[K/home/zylyehuo/ROS2_learning/chapter4/chapt4_ws/src/demo_cpp_service/src/patrol_client_set_other.cpp:[m[K In member function ‘[01m[Kvoid PatrolClient::update_server_param_k(double)[m[K’:
[01m[K/home/zylyehuo/ROS2_learning/chapter4/chapt4_ws/src/demo_cpp_service/src/patrol_client_set_other.cpp:107:71:[m[K [01;31m[Kerror: [m[K‘[01m[Kresult[m[K’ was not declared in this scope
  107 |             RCLCPP_INFO(this->get_logger(), "参数更新失败，原因：%s", [01;31m[Kresult[m[K.reason.c_str());
      |                                                                       [01;31m[K^~~~~~[m[K
gmake[2]: *** [CMakeFiles/patrol_client_set_other.dir/build.make:76: CMakeFiles/patrol_client_set_other.dir/src/patrol_client_set_other.cpp.o] Error 1
gmake[1]: *** [CMakeFiles/Makefile2:249: CMakeFiles/patrol_client_set_other.dir/all] Error 2
gmake: *** [Makefile:146: all] Error 2
