[0.785s] Invoking command in '/home/zylyehuo/ROS2_learning/chapter2/chapter2.5/chapt2_ws/src/demo_python_pkg': PYTHONPATH=/home/zylyehuo/ROS2_learning/chapter2/chapter2.5/chapt2_ws/build/demo_python_pkg/prefix_override:/usr/lib/python3/dist-packages/colcon_core/task/python/colcon_distutils_commands:/home/zylyehuo/ROS2_learning/chapter2/chapter2.5/chapt2_ws/install/demo_python_pkg/lib/python3.10/site-packages:${PYTHONPATH} /usr/bin/python3 -W ignore:setup.py install is deprecated -W ignore:easy_install command is deprecated setup.py egg_info --egg-base ../../build/demo_python_pkg build --build-base /home/zylyehuo/ROS2_learning/chapter2/chapter2.5/chapt2_ws/build/demo_python_pkg/build install --record /home/zylyehuo/ROS2_learning/chapter2/chapter2.5/chapt2_ws/build/demo_python_pkg/install.log --single-version-externally-managed install_data
[0.968s] running egg_info
[0.968s] writing ../../build/demo_python_pkg/demo_python_pkg.egg-info/PKG-INFO
[0.968s] writing dependency_links to ../../build/demo_python_pkg/demo_python_pkg.egg-info/dependency_links.txt
[0.969s] writing entry points to ../../build/demo_python_pkg/demo_python_pkg.egg-info/entry_points.txt
[0.969s] writing requirements to ../../build/demo_python_pkg/demo_python_pkg.egg-info/requires.txt
[0.969s] writing top-level names to ../../build/demo_python_pkg/demo_python_pkg.egg-info/top_level.txt
[0.971s] reading manifest file '../../build/demo_python_pkg/demo_python_pkg.egg-info/SOURCES.txt'
[0.971s] adding license file 'LICENSE'
[0.972s] writing manifest file '../../build/demo_python_pkg/demo_python_pkg.egg-info/SOURCES.txt'
[0.972s] running build
[0.972s] running build_py
[0.972s] running install
[0.972s] running install_lib
[0.975s] running install_data
[0.975s] running install_egg_info
[0.976s] removing '/home/zylyehuo/ROS2_learning/chapter2/chapter2.5/chapt2_ws/install/demo_python_pkg/lib/python3.10/site-packages/demo_python_pkg-0.0.0-py3.10.egg-info' (and everything under it)
[0.977s] Copying ../../build/demo_python_pkg/demo_python_pkg.egg-info to /home/zylyehuo/ROS2_learning/chapter2/chapter2.5/chapt2_ws/install/demo_python_pkg/lib/python3.10/site-packages/demo_python_pkg-0.0.0-py3.10.egg-info
[0.978s] running install_scripts
[0.994s] Installing person_node script to /home/zylyehuo/ROS2_learning/chapter2/chapter2.5/chapt2_ws/install/demo_python_pkg/lib/demo_python_pkg
[0.995s] Installing python_node script to /home/zylyehuo/ROS2_learning/chapter2/chapter2.5/chapt2_ws/install/demo_python_pkg/lib/demo_python_pkg
[0.995s] Installing writer_node script to /home/zylyehuo/ROS2_learning/chapter2/chapter2.5/chapt2_ws/install/demo_python_pkg/lib/demo_python_pkg
[0.995s] writing list of installed files to '/home/zylyehuo/ROS2_learning/chapter2/chapter2.5/chapt2_ws/build/demo_python_pkg/install.log'
[1.016s] Invoked command in '/home/zylyehuo/ROS2_learning/chapter2/chapter2.5/chapt2_ws/src/demo_python_pkg' returned '0': PYTHONPATH=/home/zylyehuo/ROS2_learning/chapter2/chapter2.5/chapt2_ws/build/demo_python_pkg/prefix_override:/usr/lib/python3/dist-packages/colcon_core/task/python/colcon_distutils_commands:/home/zylyehuo/ROS2_learning/chapter2/chapter2.5/chapt2_ws/install/demo_python_pkg/lib/python3.10/site-packages:${PYTHONPATH} /usr/bin/python3 -W ignore:setup.py install is deprecated -W ignore:easy_install command is deprecated setup.py egg_info --egg-base ../../build/demo_python_pkg build --build-base /home/zylyehuo/ROS2_learning/chapter2/chapter2.5/chapt2_ws/build/demo_python_pkg/build install --record /home/zylyehuo/ROS2_learning/chapter2/chapter2.5/chapt2_ws/build/demo_python_pkg/install.log --single-version-externally-managed install_data
