[0.014s] Invoking command in '/home/zylyehuo/ROS2_learning/chapter6/chapt6_ws/build/robot_description': CMAKE_PREFIX_PATH=${CMAKE_PREFIX_PATH}:/opt/ros/humble /usr/bin/cmake --build /home/zylyehuo/ROS2_learning/chapter6/chapt6_ws/build/robot_description -- -j16 -l16
[0.107s] Invoked command in '/home/zylyehuo/ROS2_learning/chapter6/chapt6_ws/build/robot_description' returned '0': CMAKE_PREFIX_PATH=${CMAKE_PREFIX_PATH}:/opt/ros/humble /usr/bin/cmake --build /home/zylyehuo/ROS2_learning/chapter6/chapt6_ws/build/robot_description -- -j16 -l16
[0.117s] Invoking command in '/home/zylyehuo/ROS2_learning/chapter6/chapt6_ws/build/robot_description': CMAKE_PREFIX_PATH=${CMAKE_PREFIX_PATH}:/opt/ros/humble /usr/bin/cmake --install /home/zylyehuo/ROS2_learning/chapter6/chapt6_ws/build/robot_description
[0.122s] -- Install configuration: ""
[0.123s] -- Up-to-date: /home/zylyehuo/ROS2_learning/chapter6/chapt6_ws/install/robot_description/share/robot_description/launch
[0.123s] -- Up-to-date: /home/zylyehuo/ROS2_learning/chapter6/chapt6_ws/install/robot_description/share/robot_description/launch/display_robot.launch.py
[0.123s] -- Up-to-date: /home/zylyehuo/ROS2_learning/chapter6/chapt6_ws/install/robot_description/share/robot_description/launch/xacro_display_robot.launch.py
[0.123s] -- Up-to-date: /home/zylyehuo/ROS2_learning/chapter6/chapt6_ws/install/robot_description/share/robot_description/urdf
[0.124s] -- Up-to-date: /home/zylyehuo/ROS2_learning/chapter6/chapt6_ws/install/robot_description/share/robot_description/urdf/xacro.md
[0.124s] -- Up-to-date: /home/zylyehuo/ROS2_learning/chapter6/chapt6_ws/install/robot_description/share/robot_description/urdf/robot.xacro
[0.124s] -- Up-to-date: /home/zylyehuo/ROS2_learning/chapter6/chapt6_ws/install/robot_description/share/robot_description/urdf/first_robot.pdf
[0.124s] -- Up-to-date: /home/zylyehuo/ROS2_learning/chapter6/chapt6_ws/install/robot_description/share/robot_description/urdf/robot.urdf
[0.124s] -- Up-to-date: /home/zylyehuo/ROS2_learning/chapter6/chapt6_ws/install/robot_description/share/robot_description/urdf/first_robot.gv
[0.124s] -- Up-to-date: /home/zylyehuo/ROS2_learning/chapter6/chapt6_ws/install/robot_description/share/robot_description/urdf/urdf.md
[0.124s] -- Up-to-date: /home/zylyehuo/ROS2_learning/chapter6/chapt6_ws/install/robot_description/share/robot_description/config
[0.124s] -- Up-to-date: /home/zylyehuo/ROS2_learning/chapter6/chapt6_ws/install/robot_description/share/robot_description/config/display_robot_model.rviz
[0.124s] -- Up-to-date: /home/zylyehuo/ROS2_learning/chapter6/chapt6_ws/install/robot_description/share/ament_index/resource_index/package_run_dependencies/robot_description
[0.124s] -- Up-to-date: /home/zylyehuo/ROS2_learning/chapter6/chapt6_ws/install/robot_description/share/ament_index/resource_index/parent_prefix_path/robot_description
[0.124s] -- Up-to-date: /home/zylyehuo/ROS2_learning/chapter6/chapt6_ws/install/robot_description/share/robot_description/environment/ament_prefix_path.sh
[0.124s] -- Up-to-date: /home/zylyehuo/ROS2_learning/chapter6/chapt6_ws/install/robot_description/share/robot_description/environment/ament_prefix_path.dsv
[0.124s] -- Up-to-date: /home/zylyehuo/ROS2_learning/chapter6/chapt6_ws/install/robot_description/share/robot_description/environment/path.sh
[0.125s] -- Up-to-date: /home/zylyehuo/ROS2_learning/chapter6/chapt6_ws/install/robot_description/share/robot_description/environment/path.dsv
[0.125s] -- Up-to-date: /home/zylyehuo/ROS2_learning/chapter6/chapt6_ws/install/robot_description/share/robot_description/local_setup.bash
[0.125s] -- Up-to-date: /home/zylyehuo/ROS2_learning/chapter6/chapt6_ws/install/robot_description/share/robot_description/local_setup.sh
[0.125s] -- Up-to-date: /home/zylyehuo/ROS2_learning/chapter6/chapt6_ws/install/robot_description/share/robot_description/local_setup.zsh
[0.125s] -- Up-to-date: /home/zylyehuo/ROS2_learning/chapter6/chapt6_ws/install/robot_description/share/robot_description/local_setup.dsv
[0.125s] -- Installing: /home/zylyehuo/ROS2_learning/chapter6/chapt6_ws/install/robot_description/share/robot_description/package.dsv
[0.125s] -- Up-to-date: /home/zylyehuo/ROS2_learning/chapter6/chapt6_ws/install/robot_description/share/ament_index/resource_index/packages/robot_description
[0.125s] -- Up-to-date: /home/zylyehuo/ROS2_learning/chapter6/chapt6_ws/install/robot_description/share/robot_description/cmake/robot_descriptionConfig.cmake
[0.125s] -- Up-to-date: /home/zylyehuo/ROS2_learning/chapter6/chapt6_ws/install/robot_description/share/robot_description/cmake/robot_descriptionConfig-version.cmake
[0.126s] -- Up-to-date: /home/zylyehuo/ROS2_learning/chapter6/chapt6_ws/install/robot_description/share/robot_description/package.xml
[0.127s] Invoked command in '/home/zylyehuo/ROS2_learning/chapter6/chapt6_ws/build/robot_description' returned '0': CMAKE_PREFIX_PATH=${CMAKE_PREFIX_PATH}:/opt/ros/humble /usr/bin/cmake --install /home/zylyehuo/ROS2_learning/chapter6/chapt6_ws/build/robot_description
