-- The C compiler identification is GNU 11.4.0
-- The CXX compiler identification is GNU 11.4.0
-- Detecting C compiler ABI info
-- Detecting C compiler ABI info - done
-- Check for working C compiler: /usr/bin/cc - skipped
-- Detecting C compile features
-- Detecting C compile features - done
-- Detecting CXX compiler ABI info
-- Detecting CXX compiler ABI info - done
-- Check for working CXX compiler: /usr/bin/c++ - skipped
-- Detecting CXX compile features
-- Detecting CXX compile features - done
-- Found ament_cmake: 1.3.12 (/opt/ros/humble/share/ament_cmake/cmake)
-- Found Python3: /usr/bin/python3 (found version "3.10.12") found components: Interpreter 
-- Found rclcpp: 16.0.16 (/opt/ros/humble/share/rclcpp/cmake)
-- Found rosidl_generator_c: 3.1.7 (/opt/ros/humble/share/rosidl_generator_c/cmake)
-- Found rosidl_adapter: 3.1.7 (/opt/ros/humble/share/rosidl_adapter/cmake)
-- Found rosidl_generator_cpp: 3.1.7 (/opt/ros/humble/share/rosidl_generator_cpp/cmake)
-- Using all available rosidl_typesupport_c: rosidl_typesupport_fastrtps_c;rosidl_typesupport_introspection_c
-- Using all available rosidl_typesupport_cpp: rosidl_typesupport_fastrtps_cpp;rosidl_typesupport_introspection_cpp
-- Found rmw_implementation_cmake: 6.1.2 (/opt/ros/humble/share/rmw_implementation_cmake/cmake)
-- Found rmw_fastrtps_cpp: 6.2.9 (/opt/ros/humble/share/rmw_fastrtps_cpp/cmake)
-- Found OpenSSL: /usr/lib/x86_64-linux-gnu/libcrypto.so (found version "3.0.2")  
-- Found FastRTPS: /opt/ros/humble/include  
-- Using RMW implementation 'rmw_fastrtps_cpp' as default
-- Looking for pthread.h
-- Looking for pthread.h - found
-- Performing Test CMAKE_HAVE_LIBC_PTHREAD
-- Performing Test CMAKE_HAVE_LIBC_PTHREAD - Success
-- Found Threads: TRUE  
-- Found ament_lint_auto: 0.12.14 (/opt/ros/humble/share/ament_lint_auto/cmake)
-- Added test 'cppcheck' to perform static code analysis on C / C++ code
-- Configured cppcheck include dirs: 
-- Configured cppcheck exclude dirs and/or files: 
-- Added test 'lint_cmake' to check CMake code style
-- Added test 'uncrustify' to check C / C++ code style
-- Configured uncrustify additional arguments: 
-- Added test 'xmllint' to check XML markup files
-- Configuring done
-- Generating done
-- Build files have been written to: /home/zylyehuo/ROS2_learning/chapter2/chapter2.5/chapt2_ws/build/demo_cpp_pkg
[ 50%] [32mBuilding CXX object CMakeFiles/cpp_node.dir/src/cpp_node.cpp.o[0m
[100%] [32m[1mLinking CXX executable cpp_node[0m
[100%] Built target cpp_node
-- Install configuration: ""
-- Installing: /home/zylyehuo/ROS2_learning/chapter2/chapter2.5/chapt2_ws/install/demo_cpp_pkg/lib/demo_cpp_pkg/cpp_node
-- Set runtime path of "/home/zylyehuo/ROS2_learning/chapter2/chapter2.5/chapt2_ws/install/demo_cpp_pkg/lib/demo_cpp_pkg/cpp_node" to ""
-- Installing: /home/zylyehuo/ROS2_learning/chapter2/chapter2.5/chapt2_ws/install/demo_cpp_pkg/share/ament_index/resource_index/package_run_dependencies/demo_cpp_pkg
-- Installing: /home/zylyehuo/ROS2_learning/chapter2/chapter2.5/chapt2_ws/install/demo_cpp_pkg/share/ament_index/resource_index/parent_prefix_path/demo_cpp_pkg
-- Installing: /home/zylyehuo/ROS2_learning/chapter2/chapter2.5/chapt2_ws/install/demo_cpp_pkg/share/demo_cpp_pkg/environment/ament_prefix_path.sh
-- Installing: /home/zylyehuo/ROS2_learning/chapter2/chapter2.5/chapt2_ws/install/demo_cpp_pkg/share/demo_cpp_pkg/environment/ament_prefix_path.dsv
-- Installing: /home/zylyehuo/ROS2_learning/chapter2/chapter2.5/chapt2_ws/install/demo_cpp_pkg/share/demo_cpp_pkg/environment/path.sh
-- Installing: /home/zylyehuo/ROS2_learning/chapter2/chapter2.5/chapt2_ws/install/demo_cpp_pkg/share/demo_cpp_pkg/environment/path.dsv
-- Installing: /home/zylyehuo/ROS2_learning/chapter2/chapter2.5/chapt2_ws/install/demo_cpp_pkg/share/demo_cpp_pkg/local_setup.bash
-- Installing: /home/zylyehuo/ROS2_learning/chapter2/chapter2.5/chapt2_ws/install/demo_cpp_pkg/share/demo_cpp_pkg/local_setup.sh
-- Installing: /home/zylyehuo/ROS2_learning/chapter2/chapter2.5/chapt2_ws/install/demo_cpp_pkg/share/demo_cpp_pkg/local_setup.zsh
-- Installing: /home/zylyehuo/ROS2_learning/chapter2/chapter2.5/chapt2_ws/install/demo_cpp_pkg/share/demo_cpp_pkg/local_setup.dsv
-- Installing: /home/zylyehuo/ROS2_learning/chapter2/chapter2.5/chapt2_ws/install/demo_cpp_pkg/share/demo_cpp_pkg/package.dsv
-- Installing: /home/zylyehuo/ROS2_learning/chapter2/chapter2.5/chapt2_ws/install/demo_cpp_pkg/share/ament_index/resource_index/packages/demo_cpp_pkg
-- Installing: /home/zylyehuo/ROS2_learning/chapter2/chapter2.5/chapt2_ws/install/demo_cpp_pkg/share/demo_cpp_pkg/cmake/demo_cpp_pkgConfig.cmake
-- Installing: /home/zylyehuo/ROS2_learning/chapter2/chapter2.5/chapt2_ws/install/demo_cpp_pkg/share/demo_cpp_pkg/cmake/demo_cpp_pkgConfig-version.cmake
-- Installing: /home/zylyehuo/ROS2_learning/chapter2/chapter2.5/chapt2_ws/install/demo_cpp_pkg/share/demo_cpp_pkg/package.xml
